[2025-04-09T16:38:42.538+0000][54][info][gc,init] CardTable entry size: 512
[2025-04-09T16:38:42.539+0000][54][info][gc     ] Using G1
[2025-04-09T16:38:42.545+0000][54][info][gc,init] Version: 23+37-2369 (release)
[2025-04-09T16:38:42.546+0000][54][info][gc,init] CPUs: 4 total, 4 available
[2025-04-09T16:38:42.546+0000][54][info][gc,init] Memory: 2048M
[2025-04-09T16:38:42.546+0000][54][info][gc,init] Large Page Support: Disabled
[2025-04-09T16:38:42.546+0000][54][info][gc,init] NUMA Support: Disabled
[2025-04-09T16:38:42.547+0000][54][info][gc,init] Compressed Oops: Enabled (32-bit)
[2025-04-09T16:38:42.547+0000][54][info][gc,init] Heap Region Size: 1M
[2025-04-09T16:38:42.552+0000][54][info][gc,init] Heap Min Capacity: 1G
[2025-04-09T16:38:42.552+0000][54][info][gc,init] Heap Initial Capacity: 1G
[2025-04-09T16:38:42.553+0000][54][info][gc,init] Heap Max Capacity: 1G
[2025-04-09T16:38:42.553+0000][54][info][gc,init] Pre-touch: Disabled
[2025-04-09T16:38:42.554+0000][54][info][gc,init] Parallel Workers: 4
[2025-04-09T16:38:42.554+0000][54][info][gc,init] Concurrent Workers: 1
[2025-04-09T16:38:42.554+0000][54][info][gc,init] Concurrent Refinement Workers: 4
[2025-04-09T16:38:42.554+0000][54][info][gc,init] Periodic GC: Disabled
[2025-04-09T16:38:42.559+0000][54][info][gc,metaspace] CDS archive(s) mapped at: [0x00007fa47a000000-0x00007fa47ad8e000-0x00007fa47ad8e000), size 14213120, SharedBaseAddress: 0x00007fa47a000000, ArchiveRelocationMode: 1.
[2025-04-09T16:38:42.559+0000][54][info][gc,metaspace] Compressed class space mapped at: 0x00007fa47b000000-0x00007fa4bb000000, reserved size: 1073741824
[2025-04-09T16:38:42.560+0000][54][info][gc,metaspace] Narrow klass base: 0x00007fa47a000000, Narrow klass shift: 0, Narrow klass range: 0x100000000
[2025-04-09T16:38:42.605+0000][54][info][gc,heap,exit] Heap
[2025-04-09T16:38:42.606+0000][54][info][gc,heap,exit]  garbage-first heap   total reserved 1048576K, committed 1048576K, used 4217K [0x00000000c0000000, 0x0000000100000000)
[2025-04-09T16:38:42.606+0000][54][info][gc,heap,exit]   region size 1024K, 3 young (3072K), 0 survivors (0K)
[2025-04-09T16:38:42.607+0000][54][info][gc,heap,exit]  Metaspace       used 241K, committed 448K, reserved 1114112K
[2025-04-09T16:38:42.608+0000][54][info][gc,heap,exit]   class space    used 9K, committed 128K, reserved 1048576K
