[2025-04-09T16:48:28.356+0000][106][info][gc,init] CardTable entry size: 512
[2025-04-09T16:48:28.359+0000][106][info][gc     ] Using G1
[2025-04-09T16:48:28.470+0000][106][info][gc,init] Version: 23+37-2369 (release)
[2025-04-09T16:48:28.471+0000][106][info][gc,init] CPUs: 4 total, 4 available
[2025-04-09T16:48:28.471+0000][106][info][gc,init] Memory: 2048M
[2025-04-09T16:48:28.472+0000][106][info][gc,init] Large Page Support: Disabled
[2025-04-09T16:48:28.472+0000][106][info][gc,init] NUMA Support: Disabled
[2025-04-09T16:48:28.473+0000][106][info][gc,init] Compressed Oops: Enabled (32-bit)
[2025-04-09T16:48:28.473+0000][106][info][gc,init] Heap Region Size: 4M
[2025-04-09T16:48:28.474+0000][106][info][gc,init] Heap Min Capacity: 1G
[2025-04-09T16:48:28.475+0000][106][info][gc,init] Heap Initial Capacity: 1G
[2025-04-09T16:48:28.475+0000][106][info][gc,init] Heap Max Capacity: 1G
[2025-04-09T16:48:28.475+0000][106][info][gc,init] Pre-touch: Enabled
[2025-04-09T16:48:28.476+0000][106][info][gc,init] Parallel Workers: 4
[2025-04-09T16:48:28.476+0000][106][info][gc,init] Concurrent Workers: 1
[2025-04-09T16:48:28.476+0000][106][info][gc,init] Concurrent Refinement Workers: 4
[2025-04-09T16:48:28.476+0000][106][info][gc,init] Periodic GC: Disabled
[2025-04-09T16:48:28.482+0000][106][info][gc,metaspace] CDS archive(s) mapped at: [0x00007f0d46000000-0x00007f0d46d8e000-0x00007f0d46d8e000), size 14213120, SharedBaseAddress: 0x00007f0d46000000, ArchiveRelocationMode: 1.
[2025-04-09T16:48:28.483+0000][106][info][gc,metaspace] Compressed class space mapped at: 0x00007f0d47000000-0x00007f0d87000000, reserved size: 1073741824
[2025-04-09T16:48:28.483+0000][106][info][gc,metaspace] Narrow klass base: 0x00007f0d46000000, Narrow klass shift: 0, Narrow klass range: 0x100000000
[2025-04-09T16:48:28.829+0000][106][info][gc,start    ] GC(0) Pause Young (Normal) (G1 Evacuation Pause)
[2025-04-09T16:48:28.830+0000][106][info][gc,task     ] GC(0) Using 4 workers of 4 for evacuation
[2025-04-09T16:48:28.830+0000][106][debug][gc,age      ] GC(0) Desired survivor size 4194304 bytes, new threshold 15 (max threshold 15)
[2025-04-09T16:48:28.834+0000][106][info ][gc,phases   ] GC(0)   Pre Evacuate Collection Set: 0.12ms
[2025-04-09T16:48:28.834+0000][106][info ][gc,phases   ] GC(0)   Merge Heap Roots: 0.10ms
[2025-04-09T16:48:28.835+0000][106][info ][gc,phases   ] GC(0)   Evacuate Collection Set: 2.04ms
[2025-04-09T16:48:28.835+0000][106][info ][gc,phases   ] GC(0)   Post Evacuate Collection Set: 0.31ms
[2025-04-09T16:48:28.836+0000][106][info ][gc,phases   ] GC(0)   Other: 1.08ms
[2025-04-09T16:48:28.836+0000][106][trace][gc,age      ] GC(0) Age table:
[2025-04-09T16:48:28.837+0000][106][trace][gc,age      ] GC(0) - age   1:    4547616 bytes,    4547616 total
[2025-04-09T16:48:28.837+0000][106][info ][gc,heap     ] GC(0) Eden regions: 12->0(10)
[2025-04-09T16:48:28.838+0000][106][info ][gc,heap     ] GC(0) Survivor regions: 0->2(2)
[2025-04-09T16:48:28.838+0000][106][info ][gc,heap     ] GC(0) Old regions: 1->1
[2025-04-09T16:48:28.838+0000][106][info ][gc,heap     ] GC(0) Humongous regions: 0->0
[2025-04-09T16:48:28.838+0000][106][info ][gc,metaspace] GC(0) Metaspace: 7129K(7424K)->7129K(7424K) NonClass: 6272K(6464K)->6272K(6464K) Class: 856K(960K)->856K(960K)
[2025-04-09T16:48:28.838+0000][106][info ][gc          ] GC(0) Pause Young (Normal) (G1 Evacuation Pause) 49M->5M(1024M) 8.909ms
[2025-04-09T16:48:28.838+0000][106][info ][gc,cpu      ] GC(0) User=0.00s Sys=0.01s Real=0.01s
[2025-04-09T16:48:28.839+0000][106][info ][safepoint   ] Safepoint "G1CollectForAllocation", Time since last: 343182410 ns, Reaching safepoint: 2353 ns, At safepoint: 9481195 ns, Total: 9483548 ns
[2025-04-09T16:48:29.136+0000][106][info ][gc,start    ] GC(1) Pause Young (Normal) (G1 Evacuation Pause)
[2025-04-09T16:48:29.136+0000][106][info ][gc,task     ] GC(1) Using 4 workers of 4 for evacuation
[2025-04-09T16:48:29.136+0000][106][debug][gc,age      ] GC(1) Desired survivor size 4194304 bytes, new threshold 1 (max threshold 15)
[2025-04-09T16:48:29.143+0000][106][info ][gc,phases   ] GC(1)   Pre Evacuate Collection Set: 0.14ms
[2025-04-09T16:48:29.144+0000][106][info ][gc,phases   ] GC(1)   Merge Heap Roots: 0.06ms
[2025-04-09T16:48:29.144+0000][106][info ][gc,phases   ] GC(1)   Evacuate Collection Set: 5.81ms
[2025-04-09T16:48:29.144+0000][106][info ][gc,phases   ] GC(1)   Post Evacuate Collection Set: 0.68ms
[2025-04-09T16:48:29.144+0000][106][info ][gc,phases   ] GC(1)   Other: 0.58ms
[2025-04-09T16:48:29.144+0000][106][trace][gc,age      ] GC(1) Age table:
[2025-04-09T16:48:29.144+0000][106][trace][gc,age      ] GC(1) - age   1:    6175464 bytes,    6175464 total
[2025-04-09T16:48:29.144+0000][106][info ][gc,heap     ] GC(1) Eden regions: 10->0(10)
[2025-04-09T16:48:29.144+0000][106][info ][gc,heap     ] GC(1) Survivor regions: 2->2(2)
[2025-04-09T16:48:29.144+0000][106][info ][gc,heap     ] GC(1) Old regions: 1->3
[2025-04-09T16:48:29.145+0000][106][info ][gc,heap     ] GC(1) Humongous regions: 0->0
[2025-04-09T16:48:29.145+0000][106][info ][gc,metaspace] GC(1) Metaspace: 10752K(11072K)->10752K(11072K) NonClass: 9470K(9664K)->9470K(9664K) Class: 1281K(1408K)->1281K(1408K)
[2025-04-09T16:48:29.145+0000][106][info ][gc          ] GC(1) Pause Young (Normal) (G1 Evacuation Pause) 45M->11M(1024M) 9.095ms
[2025-04-09T16:48:29.145+0000][106][info ][gc,cpu      ] GC(1) User=0.03s Sys=0.00s Real=0.01s
[2025-04-09T16:48:29.145+0000][106][info ][safepoint   ] Safepoint "G1CollectForAllocation", Time since last: 296719534 ns, Reaching safepoint: 100452 ns, At safepoint: 9324538 ns, Total: 9424990 ns
[2025-04-09T16:48:29.529+0000][106][info ][gc,start    ] GC(2) Pause Young (Normal) (G1 Evacuation Pause)
[2025-04-09T16:48:29.529+0000][106][info ][gc,task     ] GC(2) Using 4 workers of 4 for evacuation
[2025-04-09T16:48:29.529+0000][106][debug][gc,age      ] GC(2) Desired survivor size 4194304 bytes, new threshold 1 (max threshold 15)
[2025-04-09T16:48:29.534+0000][106][info ][gc,phases   ] GC(2)   Pre Evacuate Collection Set: 0.10ms
[2025-04-09T16:48:29.534+0000][106][info ][gc,phases   ] GC(2)   Merge Heap Roots: 0.03ms
[2025-04-09T16:48:29.535+0000][106][info ][gc,phases   ] GC(2)   Evacuate Collection Set: 3.84ms
[2025-04-09T16:48:29.535+0000][106][info ][gc,phases   ] GC(2)   Post Evacuate Collection Set: 0.36ms
[2025-04-09T16:48:29.535+0000][106][info ][gc,phases   ] GC(2)   Other: 0.67ms
[2025-04-09T16:48:29.535+0000][106][trace][gc,age      ] GC(2) Age table:
[2025-04-09T16:48:29.536+0000][106][trace][gc,age      ] GC(2) - age   1:    2153256 bytes,    2153256 total
[2025-04-09T16:48:29.536+0000][106][info ][gc,heap     ] GC(2) Eden regions: 10->0(16)
[2025-04-09T16:48:29.536+0000][106][info ][gc,heap     ] GC(2) Survivor regions: 2->1(2)
[2025-04-09T16:48:29.536+0000][106][info ][gc,heap     ] GC(2) Old regions: 3->4
[2025-04-09T16:48:29.537+0000][106][info ][gc,heap     ] GC(2) Humongous regions: 0->0
[2025-04-09T16:48:29.537+0000][106][info ][gc,metaspace] GC(2) Metaspace: 18255K(19008K)->18255K(19008K) NonClass: 16179K(16640K)->16179K(16640K) Class: 2075K(2368K)->2075K(2368K)
[2025-04-09T16:48:29.537+0000][106][info ][gc          ] GC(2) Pause Young (Normal) (G1 Evacuation Pause) 51M->14M(1024M) 8.419ms
[2025-04-09T16:48:29.537+0000][106][info ][gc,cpu      ] GC(2) User=0.03s Sys=0.00s Real=0.01s
[2025-04-09T16:48:29.538+0000][106][info ][safepoint   ] Safepoint "G1CollectForAllocation", Time since last: 383693530 ns, Reaching safepoint: 2919 ns, At safepoint: 8862690 ns, Total: 8865609 ns
[2025-04-09T16:48:29.763+0000][106][info ][gc,start    ] GC(3) Pause Young (Normal) (G1 Evacuation Pause)
[2025-04-09T16:48:29.763+0000][106][info ][gc,task     ] GC(3) Using 4 workers of 4 for evacuation
[2025-04-09T16:48:29.764+0000][106][debug][gc,age      ] GC(3) Desired survivor size 6291456 bytes, new threshold 15 (max threshold 15)
[2025-04-09T16:48:29.767+0000][106][info ][gc,phases   ] GC(3)   Pre Evacuate Collection Set: 0.08ms
[2025-04-09T16:48:29.767+0000][106][info ][gc,phases   ] GC(3)   Merge Heap Roots: 0.02ms
[2025-04-09T16:48:29.767+0000][106][info ][gc,phases   ] GC(3)   Evacuate Collection Set: 2.31ms
[2025-04-09T16:48:29.768+0000][106][info ][gc,phases   ] GC(3)   Post Evacuate Collection Set: 0.27ms
[2025-04-09T16:48:29.768+0000][106][info ][gc,phases   ] GC(3)   Other: 0.78ms
[2025-04-09T16:48:29.768+0000][106][trace][gc,age      ] GC(3) Age table:
[2025-04-09T16:48:29.768+0000][106][trace][gc,age      ] GC(3) - age   1:     588552 bytes,     588552 total
[2025-04-09T16:48:29.768+0000][106][trace][gc,age      ] GC(3) - age   2:    2079824 bytes,    2668376 total
[2025-04-09T16:48:29.768+0000][106][info ][gc,heap     ] GC(3) Eden regions: 16->0(18)
[2025-04-09T16:48:29.769+0000][106][info ][gc,heap     ] GC(3) Survivor regions: 1->1(3)
[2025-04-09T16:48:29.769+0000][106][info ][gc,heap     ] GC(3) Old regions: 4->4
[2025-04-09T16:48:29.769+0000][106][info ][gc,heap     ] GC(3) Humongous regions: 0->0
[2025-04-09T16:48:29.769+0000][106][info ][gc,metaspace] GC(3) Metaspace: 18879K(19712K)->18879K(19712K) NonClass: 16731K(17216K)->16731K(17216K) Class: 2148K(2496K)->2148K(2496K)
[2025-04-09T16:48:29.769+0000][106][info ][gc          ] GC(3) Pause Young (Normal) (G1 Evacuation Pause) 78M->14M(1024M) 6.625ms
[2025-04-09T16:48:29.770+0000][106][info ][gc,cpu      ] GC(3) User=0.01s Sys=0.00s Real=0.00s
[2025-04-09T16:48:29.770+0000][106][info ][safepoint   ] Safepoint "G1CollectForAllocation", Time since last: 225183608 ns, Reaching safepoint: 2211 ns, At safepoint: 7080770 ns, Total: 7082981 ns
[2025-04-09T16:48:29.923+0000][106][info ][gc,start    ] GC(4) Pause Young (Concurrent Start) (Metadata GC Threshold)
[2025-04-09T16:48:29.924+0000][106][info ][gc,task     ] GC(4) Using 4 workers of 4 for evacuation
[2025-04-09T16:48:29.924+0000][106][debug][gc,age      ] GC(4) Desired survivor size 6291456 bytes, new threshold 15 (max threshold 15)
[2025-04-09T16:48:29.928+0000][106][info ][gc,phases   ] GC(4)   Pre Evacuate Collection Set: 0.13ms
[2025-04-09T16:48:29.928+0000][106][info ][gc,phases   ] GC(4)   Merge Heap Roots: 0.03ms
[2025-04-09T16:48:29.929+0000][106][info ][gc,phases   ] GC(4)   Evacuate Collection Set: 1.93ms
[2025-04-09T16:48:29.929+0000][106][info ][gc,phases   ] GC(4)   Post Evacuate Collection Set: 0.89ms
[2025-04-09T16:48:29.929+0000][106][info ][gc,phases   ] GC(4)   Other: 0.94ms
[2025-04-09T16:48:29.930+0000][106][trace][gc,age      ] GC(4) Age table:
[2025-04-09T16:48:29.930+0000][106][trace][gc,age      ] GC(4) - age   1:    1183456 bytes,    1183456 total
[2025-04-09T16:48:29.930+0000][106][trace][gc,age      ] GC(4) - age   2:     549264 bytes,    1732720 total
[2025-04-09T16:48:29.930+0000][106][trace][gc,age      ] GC(4) - age   3:    2065840 bytes,    3798560 total
[2025-04-09T16:48:29.931+0000][106][info ][gc,heap     ] GC(4) Eden regions: 9->0(29)
[2025-04-09T16:48:29.931+0000][106][info ][gc,heap     ] GC(4) Survivor regions: 1->1(3)
[2025-04-09T16:48:29.932+0000][106][info ][gc,heap     ] GC(4) Old regions: 4->4
[2025-04-09T16:48:29.932+0000][106][info ][gc,heap     ] GC(4) Humongous regions: 0->0
[2025-04-09T16:48:29.932+0000][106][info ][gc,metaspace] GC(4) Metaspace: 20674K(21504K)->20674K(21504K) NonClass: 18329K(18816K)->18329K(18816K) Class: 2344K(2688K)->2344K(2688K)
[2025-04-09T16:48:29.932+0000][106][info ][gc          ] GC(4) Pause Young (Concurrent Start) (Metadata GC Threshold) 50M->15M(1024M) 9.019ms
[2025-04-09T16:48:29.933+0000][106][info ][gc,cpu      ] GC(4) User=0.01s Sys=0.00s Real=0.01s
[2025-04-09T16:48:29.933+0000][106][info ][gc          ] GC(5) Concurrent Mark Cycle
[2025-04-09T16:48:29.933+0000][106][info ][gc,marking  ] GC(5) Concurrent Scan Root Regions
[2025-04-09T16:48:29.935+0000][106][info ][gc,marking  ] GC(5) Concurrent Scan Root Regions 1.668ms
[2025-04-09T16:48:29.935+0000][106][info ][gc,marking  ] GC(5) Concurrent Mark
[2025-04-09T16:48:29.936+0000][106][info ][gc,marking  ] GC(5) Concurrent Mark From Roots
[2025-04-09T16:48:29.936+0000][106][info ][gc,task     ] GC(5) Using 1 workers of 1 for marking
[2025-04-09T16:48:29.933+0000][106][info ][safepoint   ] Safepoint "CollectForMetadataAllocation", Time since last: 153576569 ns, Reaching safepoint: 2245 ns, At safepoint: 9762900 ns, Total: 9765145 ns
[2025-04-09T16:48:29.945+0000][106][info ][gc,marking  ] GC(5) Concurrent Mark From Roots 8.824ms
[2025-04-09T16:48:29.945+0000][106][info ][gc,marking  ] GC(5) Concurrent Preclean
[2025-04-09T16:48:29.945+0000][106][info ][gc,marking  ] GC(5) Concurrent Preclean 0.368ms
[2025-04-09T16:48:29.946+0000][106][info ][gc,start    ] GC(5) Pause Remark
[2025-04-09T16:48:29.950+0000][106][info ][gc          ] GC(5) Pause Remark 17M->17M(1024M) 4.253ms
[2025-04-09T16:48:29.951+0000][106][info ][gc,cpu      ] GC(5) User=0.01s Sys=0.00s Real=0.01s
[2025-04-09T16:48:29.951+0000][106][info ][safepoint   ] Safepoint "G1PauseRemark", Time since last: 12598886 ns, Reaching safepoint: 83955 ns, At safepoint: 5248679 ns, Total: 5332634 ns
[2025-04-09T16:48:29.951+0000][106][info ][gc,marking  ] GC(5) Concurrent Mark 16.078ms
[2025-04-09T16:48:29.952+0000][106][info ][gc,marking  ] GC(5) Concurrent Rebuild Remembered Sets and Scrub Regions
[2025-04-09T16:48:29.958+0000][106][info ][gc,marking  ] GC(5) Concurrent Rebuild Remembered Sets and Scrub Regions 5.715ms
[2025-04-09T16:48:29.958+0000][106][info ][gc,start    ] GC(5) Pause Cleanup
[2025-04-09T16:48:29.959+0000][106][info ][gc          ] GC(5) Pause Cleanup 17M->17M(1024M) 0.512ms
[2025-04-09T16:48:29.959+0000][106][info ][gc,cpu      ] GC(5) User=0.00s Sys=0.00s Real=0.00s
[2025-04-09T16:48:29.960+0000][106][info ][safepoint   ] Safepoint "G1PauseCleanup", Time since last: 7037142 ns, Reaching safepoint: 90390 ns, At safepoint: 1447429 ns, Total: 1537819 ns
[2025-04-09T16:48:29.960+0000][106][info ][gc,marking  ] GC(5) Concurrent Clear Claimed Marks
[2025-04-09T16:48:29.961+0000][106][info ][gc,marking  ] GC(5) Concurrent Clear Claimed Marks 0.508ms
[2025-04-09T16:48:29.961+0000][106][info ][gc,marking  ] GC(5) Concurrent Cleanup for Next Mark
[2025-04-09T16:48:29.964+0000][106][info ][gc,marking  ] GC(5) Concurrent Cleanup for Next Mark 2.990ms
[2025-04-09T16:48:29.964+0000][106][info ][gc          ] GC(5) Concurrent Mark Cycle 31.739ms
[2025-04-09T16:48:30.167+0000][106][info ][gc,start    ] GC(6) Pause Young (Prepare Mixed) (G1 Evacuation Pause)
[2025-04-09T16:48:30.167+0000][106][info ][gc,task     ] GC(6) Using 4 workers of 4 for evacuation
[2025-04-09T16:48:30.167+0000][106][debug][gc,age      ] GC(6) Desired survivor size 8388608 bytes, new threshold 15 (max threshold 15)
[2025-04-09T16:48:30.171+0000][106][info ][gc,phases   ] GC(6)   Pre Evacuate Collection Set: 0.07ms
[2025-04-09T16:48:30.171+0000][106][info ][gc,phases   ] GC(6)   Merge Heap Roots: 0.05ms
[2025-04-09T16:48:30.171+0000][106][info ][gc,phases   ] GC(6)   Evacuate Collection Set: 3.01ms
[2025-04-09T16:48:30.172+0000][106][info ][gc,phases   ] GC(6)   Post Evacuate Collection Set: 0.33ms
[2025-04-09T16:48:30.172+0000][106][info ][gc,phases   ] GC(6)   Other: 0.44ms
[2025-04-09T16:48:30.172+0000][106][trace][gc,age      ] GC(6) Age table:
[2025-04-09T16:48:30.172+0000][106][trace][gc,age      ] GC(6) - age   1:    2678904 bytes,    2678904 total
[2025-04-09T16:48:30.172+0000][106][trace][gc,age      ] GC(6) - age   2:     361992 bytes,    3040896 total
[2025-04-09T16:48:30.172+0000][106][trace][gc,age      ] GC(6) - age   3:     549136 bytes,    3590032 total
[2025-04-09T16:48:30.173+0000][106][trace][gc,age      ] GC(6) - age   4:    2063504 bytes,    5653536 total
[2025-04-09T16:48:30.173+0000][106][info ][gc,heap     ] GC(6) Eden regions: 24->0(25)
[2025-04-09T16:48:30.173+0000][106][info ][gc,heap     ] GC(6) Survivor regions: 1->2(4)
[2025-04-09T16:48:30.173+0000][106][info ][gc,heap     ] GC(6) Old regions: 4->4
[2025-04-09T16:48:30.173+0000][106][info ][gc,heap     ] GC(6) Humongous regions: 0->0
[2025-04-09T16:48:30.173+0000][106][info ][gc,metaspace] GC(6) Metaspace: 23429K(24256K)->23429K(24256K) NonClass: 20774K(21248K)->20774K(21248K) Class: 2654K(3008K)->2654K(3008K)
[2025-04-09T16:48:30.174+0000][106][info ][gc          ] GC(6) Pause Young (Prepare Mixed) (G1 Evacuation Pause) 111M->17M(1024M) 7.016ms
[2025-04-09T16:48:30.174+0000][106][info ][gc,cpu      ] GC(6) User=0.03s Sys=0.00s Real=0.01s
[2025-04-09T16:48:30.174+0000][106][info ][safepoint   ] Safepoint "G1CollectForAllocation", Time since last: 206931003 ns, Reaching safepoint: 88710 ns, At safepoint: 7483545 ns, Total: 7572255 ns
[2025-04-09T16:48:30.401+0000][106][info ][gc,start    ] GC(7) Pause Young (Mixed) (G1 Evacuation Pause)
[2025-04-09T16:48:30.402+0000][106][info ][gc,task     ] GC(7) Using 4 workers of 4 for evacuation
[2025-04-09T16:48:30.403+0000][106][debug][gc,age      ] GC(7) Desired survivor size 8388608 bytes, new threshold 15 (max threshold 15)
[2025-04-09T16:48:30.410+0000][106][info ][gc,phases   ] GC(7)   Pre Evacuate Collection Set: 0.11ms
[2025-04-09T16:48:30.410+0000][106][info ][gc,phases   ] GC(7)   Merge Heap Roots: 0.09ms
[2025-04-09T16:48:30.411+0000][106][info ][gc,phases   ] GC(7)   Evacuate Collection Set: 5.37ms
[2025-04-09T16:48:30.411+0000][106][info ][gc,phases   ] GC(7)   Post Evacuate Collection Set: 0.78ms
[2025-04-09T16:48:30.412+0000][106][info ][gc,phases   ] GC(7)   Other: 1.57ms
[2025-04-09T16:48:30.412+0000][106][trace][gc,age      ] GC(7) Age table:
[2025-04-09T16:48:30.412+0000][106][trace][gc,age      ] GC(7) - age   1:    4734096 bytes,    4734096 total
[2025-04-09T16:48:30.413+0000][106][trace][gc,age      ] GC(7) - age   2:    2113176 bytes,    6847272 total
[2025-04-09T16:48:30.413+0000][106][trace][gc,age      ] GC(7) - age   3:     358224 bytes,    7205496 total
[2025-04-09T16:48:30.414+0000][106][trace][gc,age      ] GC(7) - age   4:     549136 bytes,    7754632 total
[2025-04-09T16:48:30.414+0000][106][trace][gc,age      ] GC(7) - age   5:    2063360 bytes,    9817992 total
[2025-04-09T16:48:30.415+0000][106][info ][gc,heap     ] GC(7) Eden regions: 24->0(33)
[2025-04-09T16:48:30.415+0000][106][info ][gc,heap     ] GC(7) Survivor regions: 2->3(4)
[2025-04-09T16:48:30.415+0000][106][info ][gc,heap     ] GC(7) Old regions: 4->3
[2025-04-09T16:48:30.416+0000][106][info ][gc,heap     ] GC(7) Humongous regions: 0->0
[2025-04-09T16:48:30.416+0000][106][info ][gc,metaspace] GC(7) Metaspace: 28725K(29632K)->28725K(29632K) NonClass: 25490K(25984K)->25490K(25984K) Class: 3234K(3648K)->3234K(3648K)
[2025-04-09T16:48:30.416+0000][106][info ][gc          ] GC(7) Pause Young (Mixed) (G1 Evacuation Pause) 113M->22M(1024M) 14.914ms
[2025-04-09T16:48:30.417+0000][106][info ][gc,cpu      ] GC(7) User=0.02s Sys=0.00s Real=0.01s
[2025-04-09T16:48:30.417+0000][106][info ][safepoint   ] Safepoint "G1CollectForAllocation", Time since last: 227187583 ns, Reaching safepoint: 2453 ns, At safepoint: 15617875 ns, Total: 15620328 ns
[2025-04-09T16:48:30.642+0000][106][info ][gc,start    ] GC(8) Pause Young (Normal) (G1 Evacuation Pause)
[2025-04-09T16:48:30.643+0000][106][info ][gc,task     ] GC(8) Using 4 workers of 4 for evacuation
[2025-04-09T16:48:30.643+0000][106][debug][gc,age      ] GC(8) Desired survivor size 10485760 bytes, new threshold 15 (max threshold 15)
[2025-04-09T16:48:30.650+0000][106][info ][gc,phases   ] GC(8)   Pre Evacuate Collection Set: 0.14ms
[2025-04-09T16:48:30.650+0000][106][info ][gc,phases   ] GC(8)   Merge Heap Roots: 0.07ms
[2025-04-09T16:48:30.650+0000][106][info ][gc,phases   ] GC(8)   Evacuate Collection Set: 6.03ms
[2025-04-09T16:48:30.651+0000][106][info ][gc,phases   ] GC(8)   Post Evacuate Collection Set: 0.52ms
[2025-04-09T16:48:30.651+0000][106][info ][gc,phases   ] GC(8)   Other: 0.44ms
[2025-04-09T16:48:30.651+0000][106][trace][gc,age      ] GC(8) Age table:
[2025-04-09T16:48:30.652+0000][106][trace][gc,age      ] GC(8) - age   1:    3090784 bytes,    3090784 total
[2025-04-09T16:48:30.652+0000][106][trace][gc,age      ] GC(8) - age   2:    2668984 bytes,    5759768 total
[2025-04-09T16:48:30.653+0000][106][trace][gc,age      ] GC(8) - age   3:    2110192 bytes,    7869960 total
[2025-04-09T16:48:30.653+0000][106][trace][gc,age      ] GC(8) - age   4:     358224 bytes,    8228184 total
[2025-04-09T16:48:30.654+0000][106][trace][gc,age      ] GC(8) - age   5:     547456 bytes,    8775640 total
[2025-04-09T16:48:30.654+0000][106][trace][gc,age      ] GC(8) - age   6:    2062640 bytes,   10838280 total
[2025-04-09T16:48:30.655+0000][106][info ][gc,heap     ] GC(8) Eden regions: 33->0(36)
[2025-04-09T16:48:30.655+0000][106][info ][gc,heap     ] GC(8) Survivor regions: 3->3(5)
[2025-04-09T16:48:30.655+0000][106][info ][gc,heap     ] GC(8) Old regions: 3->3
[2025-04-09T16:48:30.655+0000][106][info ][gc,heap     ] GC(8) Humongous regions: 0->0
[2025-04-09T16:48:30.656+0000][106][info ][gc,metaspace] GC(8) Metaspace: 29792K(30720K)->29792K(30720K) NonClass: 26381K(26880K)->26381K(26880K) Class: 3410K(3840K)->3410K(3840K)
[2025-04-09T16:48:30.656+0000][106][info ][gc          ] GC(8) Pause Young (Normal) (G1 Evacuation Pause) 154M->23M(1024M) 13.685ms
[2025-04-09T16:48:30.656+0000][106][info ][gc,cpu      ] GC(8) User=0.03s Sys=0.00s Real=0.01s
[2025-04-09T16:48:30.657+0000][106][info ][safepoint   ] Safepoint "G1CollectForAllocation", Time since last: 225244348 ns, Reaching safepoint: 2702 ns, At safepoint: 14437447 ns, Total: 14440149 ns
[2025-04-09T16:48:30.794+0000][106][info ][gc,start    ] GC(9) Pause Young (Normal) (G1 Evacuation Pause)
[2025-04-09T16:48:30.794+0000][106][info ][gc,task     ] GC(9) Using 4 workers of 4 for evacuation
[2025-04-09T16:48:30.795+0000][106][debug][gc,age      ] GC(9) Desired survivor size 10485760 bytes, new threshold 6 (max threshold 15)
[2025-04-09T16:48:30.800+0000][106][info ][gc,phases   ] GC(9)   Pre Evacuate Collection Set: 0.22ms
[2025-04-09T16:48:30.800+0000][106][info ][gc,phases   ] GC(9)   Merge Heap Roots: 0.03ms
[2025-04-09T16:48:30.800+0000][106][info ][gc,phases   ] GC(9)   Evacuate Collection Set: 4.13ms
[2025-04-09T16:48:30.800+0000][106][info ][gc,phases   ] GC(9)   Post Evacuate Collection Set: 0.39ms
[2025-04-09T16:48:30.800+0000][106][info ][gc,phases   ] GC(9)   Other: 0.42ms
[2025-04-09T16:48:30.800+0000][106][trace][gc,age      ] GC(9) Age table:
[2025-04-09T16:48:30.800+0000][106][trace][gc,age      ] GC(9) - age   1:    1386648 bytes,    1386648 total
[2025-04-09T16:48:30.800+0000][106][trace][gc,age      ] GC(9) - age   2:    2661304 bytes,    4047952 total
[2025-04-09T16:48:30.801+0000][106][trace][gc,age      ] GC(9) - age   3:    2668920 bytes,    6716872 total
[2025-04-09T16:48:30.801+0000][106][trace][gc,age      ] GC(9) - age   4:    2109824 bytes,    8826696 total
[2025-04-09T16:48:30.801+0000][106][trace][gc,age      ] GC(9) - age   5:     358224 bytes,    9184920 total
[2025-04-09T16:48:30.801+0000][106][trace][gc,age      ] GC(9) - age   6:     547456 bytes,    9732376 total
[2025-04-09T16:48:30.801+0000][106][info ][gc,heap     ] GC(9) Eden regions: 36->0(47)
[2025-04-09T16:48:30.801+0000][106][info ][gc,heap     ] GC(9) Survivor regions: 3->3(5)
[2025-04-09T16:48:30.801+0000][106][info ][gc,heap     ] GC(9) Old regions: 3->4
[2025-04-09T16:48:30.801+0000][106][info ][gc,heap     ] GC(9) Humongous regions: 0->0
[2025-04-09T16:48:30.801+0000][106][info ][gc,metaspace] GC(9) Metaspace: 30104K(31168K)->30104K(31168K) NonClass: 26659K(27264K)->26659K(27264K) Class: 3445K(3904K)->3445K(3904K)
[2025-04-09T16:48:30.801+0000][106][info ][gc          ] GC(9) Pause Young (Normal) (G1 Evacuation Pause) 167M->23M(1024M) 7.471ms
[2025-04-09T16:48:30.801+0000][106][info ][gc,cpu      ] GC(9) User=0.02s Sys=0.00s Real=0.01s
[2025-04-09T16:48:30.802+0000][106][info ][safepoint   ] Safepoint "G1CollectForAllocation", Time since last: 137252894 ns, Reaching safepoint: 2881 ns, At safepoint: 7703291 ns, Total: 7706172 ns
[2025-04-09T16:48:30.941+0000][106][info ][gc,start    ] GC(10) Pause Young (Normal) (G1 Evacuation Pause)
[2025-04-09T16:48:30.941+0000][106][info ][gc,task     ] GC(10) Using 4 workers of 4 for evacuation
[2025-04-09T16:48:30.942+0000][106][debug][gc,age      ] GC(10) Desired survivor size 14680064 bytes, new threshold 15 (max threshold 15)
[2025-04-09T16:48:30.945+0000][106][info ][gc,phases   ] GC(10)   Pre Evacuate Collection Set: 0.11ms
[2025-04-09T16:48:30.945+0000][106][info ][gc,phases   ] GC(10)   Merge Heap Roots: 0.03ms
[2025-04-09T16:48:30.946+0000][106][info ][gc,phases   ] GC(10)   Evacuate Collection Set: 2.56ms
[2025-04-09T16:48:30.946+0000][106][info ][gc,phases   ] GC(10)   Post Evacuate Collection Set: 0.54ms
[2025-04-09T16:48:30.946+0000][106][info ][gc,phases   ] GC(10)   Other: 0.41ms
[2025-04-09T16:48:30.946+0000][106][trace][gc,age      ] GC(10) Age table:
[2025-04-09T16:48:30.946+0000][106][trace][gc,age      ] GC(10) - age   1:    3424360 bytes,    3424360 total
[2025-04-09T16:48:30.946+0000][106][trace][gc,age      ] GC(10) - age   2:    1377472 bytes,    4801832 total
[2025-04-09T16:48:30.947+0000][106][trace][gc,age      ] GC(10) - age   3:    2660888 bytes,    7462720 total
[2025-04-09T16:48:30.947+0000][106][trace][gc,age      ] GC(10) - age   4:    2668600 bytes,   10131320 total
[2025-04-09T16:48:30.947+0000][106][trace][gc,age      ] GC(10) - age   5:    2109672 bytes,   12240992 total
[2025-04-09T16:48:30.947+0000][106][trace][gc,age      ] GC(10) - age   6:     358224 bytes,   12599216 total
[2025-04-09T16:48:30.947+0000][106][trace][gc,age      ] GC(10) - age   7:     547456 bytes,   13146672 total
[2025-04-09T16:48:30.947+0000][106][info ][gc,heap     ] GC(10) Eden regions: 47->0(57)
[2025-04-09T16:48:30.947+0000][106][info ][gc,heap     ] GC(10) Survivor regions: 3->4(7)
[2025-04-09T16:48:30.947+0000][106][info ][gc,heap     ] GC(10) Old regions: 4->4
[2025-04-09T16:48:30.948+0000][106][info ][gc,heap     ] GC(10) Humongous regions: 0->0
[2025-04-09T16:48:30.948+0000][106][info ][gc,metaspace] GC(10) Metaspace: 30515K(31488K)->30515K(31488K) NonClass: 27024K(27584K)->27024K(27584K) Class: 3491K(3904K)->3491K(3904K)
[2025-04-09T16:48:30.948+0000][106][info ][gc          ] GC(10) Pause Young (Normal) (G1 Evacuation Pause) 211M->27M(1024M) 6.573ms
[2025-04-09T16:48:30.948+0000][106][info ][gc,cpu      ] GC(10) User=0.02s Sys=0.00s Real=0.00s
[2025-04-09T16:48:30.948+0000][106][info ][safepoint   ] Safepoint "G1CollectForAllocation", Time since last: 139544843 ns, Reaching safepoint: 2983 ns, At safepoint: 6874762 ns, Total: 6877745 ns
[2025-04-09T16:48:31.267+0000][106][info ][gc,start    ] GC(11) Pause Young (Concurrent Start) (Metadata GC Threshold)
[2025-04-09T16:48:31.268+0000][106][info ][gc,task     ] GC(11) Using 4 workers of 4 for evacuation
[2025-04-09T16:48:31.268+0000][106][debug][gc,age      ] GC(11) Desired survivor size 16777216 bytes, new threshold 15 (max threshold 15)
[2025-04-09T16:48:31.272+0000][106][info ][gc,phases   ] GC(11)   Pre Evacuate Collection Set: 0.24ms
[2025-04-09T16:48:31.273+0000][106][info ][gc,phases   ] GC(11)   Merge Heap Roots: 0.03ms
[2025-04-09T16:48:31.275+0000][106][info ][gc,phases   ] GC(11)   Evacuate Collection Set: 3.01ms
[2025-04-09T16:48:31.276+0000][106][info ][gc,phases   ] GC(11)   Post Evacuate Collection Set: 0.46ms
[2025-04-09T16:48:31.277+0000][106][info ][gc,phases   ] GC(11)   Other: 0.96ms
[2025-04-09T16:48:31.278+0000][106][trace][gc,age      ] GC(11) Age table:
[2025-04-09T16:48:31.278+0000][106][trace][gc,age      ] GC(11) - age   1:    4300280 bytes,    4300280 total
[2025-04-09T16:48:31.279+0000][106][trace][gc,age      ] GC(11) - age   2:    1794256 bytes,    6094536 total
[2025-04-09T16:48:31.279+0000][106][trace][gc,age      ] GC(11) - age   3:    1377440 bytes,    7471976 total
[2025-04-09T16:48:31.280+0000][106][trace][gc,age      ] GC(11) - age   4:    2654792 bytes,   10126768 total
[2025-04-09T16:48:31.280+0000][106][trace][gc,age      ] GC(11) - age   5:    2668296 bytes,   12795064 total
[2025-04-09T16:48:31.281+0000][106][trace][gc,age      ] GC(11) - age   6:    2108472 bytes,   14903536 total
[2025-04-09T16:48:31.281+0000][106][trace][gc,age      ] GC(11) - age   7:     358224 bytes,   15261760 total
[2025-04-09T16:48:31.282+0000][106][trace][gc,age      ] GC(11) - age   8:     547456 bytes,   15809216 total
[2025-04-09T16:48:31.283+0000][106][info ][gc,heap     ] GC(11) Eden regions: 56->0(71)
[2025-04-09T16:48:31.283+0000][106][info ][gc,heap     ] GC(11) Survivor regions: 4->5(8)
[2025-04-09T16:48:31.284+0000][106][info ][gc,heap     ] GC(11) Old regions: 4->4
[2025-04-09T16:48:31.284+0000][106][info ][gc,heap     ] GC(11) Humongous regions: 0->0
[2025-04-09T16:48:31.285+0000][106][info ][gc,metaspace] GC(11) Metaspace: 34828K(35840K)->34828K(35840K) NonClass: 30879K(31488K)->30879K(31488K) Class: 3949K(4352K)->3949K(4352K)
[2025-04-09T16:48:31.288+0000][106][info ][gc          ] GC(11) Pause Young (Concurrent Start) (Metadata GC Threshold) 251M->30M(1024M) 20.819ms
[2025-04-09T16:48:31.288+0000][106][info ][gc,cpu      ] GC(11) User=0.01s Sys=0.00s Real=0.02s
[2025-04-09T16:48:31.288+0000][106][info ][gc          ] GC(12) Concurrent Mark Cycle
[2025-04-09T16:48:31.289+0000][106][info ][safepoint   ] Safepoint "CollectForMetadataAllocation", Time since last: 319123632 ns, Reaching safepoint: 2178 ns, At safepoint: 21517990 ns, Total: 21520168 ns
[2025-04-09T16:48:31.289+0000][106][info ][gc,marking  ] GC(12) Concurrent Scan Root Regions
[2025-04-09T16:48:31.294+0000][106][info ][gc,marking  ] GC(12) Concurrent Scan Root Regions 4.746ms
[2025-04-09T16:48:31.294+0000][106][info ][gc,marking  ] GC(12) Concurrent Mark
[2025-04-09T16:48:31.295+0000][106][info ][gc,marking  ] GC(12) Concurrent Mark From Roots
[2025-04-09T16:48:31.295+0000][106][info ][gc,task     ] GC(12) Using 1 workers of 1 for marking
[2025-04-09T16:48:31.296+0000][106][info ][safepoint   ] Safepoint "CollectForMetadataAllocation", Time since last: 7041631 ns, Reaching safepoint: 2678 ns, At safepoint: 27790 ns, Total: 30468 ns
[2025-04-09T16:48:31.303+0000][106][info ][safepoint   ] Safepoint "CollectForMetadataAllocation", Time since last: 7019277 ns, Reaching safepoint: 60901 ns, At safepoint: 61078 ns, Total: 121979 ns
[2025-04-09T16:48:31.312+0000][106][info ][gc,marking  ] GC(12) Concurrent Mark From Roots 17.330ms
[2025-04-09T16:48:31.313+0000][106][info ][gc,marking  ] GC(12) Concurrent Preclean
[2025-04-09T16:48:31.313+0000][106][info ][gc,marking  ] GC(12) Concurrent Preclean 0.570ms
[2025-04-09T16:48:31.314+0000][106][info ][gc,start    ] GC(12) Pause Remark
[2025-04-09T16:48:31.319+0000][106][info ][gc          ] GC(12) Pause Remark 36M->36M(1024M) 4.875ms
[2025-04-09T16:48:31.320+0000][106][info ][gc,cpu      ] GC(12) User=0.01s Sys=0.00s Real=0.00s
[2025-04-09T16:48:31.321+0000][106][info ][safepoint   ] Safepoint "G1PauseRemark", Time since last: 11513130 ns, Reaching safepoint: 87419 ns, At safepoint: 6044714 ns, Total: 6132133 ns
[2025-04-09T16:48:31.321+0000][106][info ][gc,marking  ] GC(12) Concurrent Mark 26.919ms
[2025-04-09T16:48:31.322+0000][106][info ][gc,marking  ] GC(12) Concurrent Rebuild Remembered Sets and Scrub Regions
[2025-04-09T16:48:31.330+0000][106][info ][gc,marking  ] GC(12) Concurrent Rebuild Remembered Sets and Scrub Regions 8.415ms
[2025-04-09T16:48:31.331+0000][106][info ][gc,start    ] GC(12) Pause Cleanup
[2025-04-09T16:48:31.332+0000][106][info ][gc          ] GC(12) Pause Cleanup 38M->38M(1024M) 0.579ms
[2025-04-09T16:48:31.333+0000][106][info ][gc,cpu      ] GC(12) User=0.00s Sys=0.00s Real=0.00s
[2025-04-09T16:48:31.334+0000][106][info ][safepoint   ] Safepoint "G1PauseCleanup", Time since last: 10665108 ns, Reaching safepoint: 120417 ns, At safepoint: 2471775 ns, Total: 2592192 ns
[2025-04-09T16:48:31.335+0000][106][info ][gc,marking  ] GC(12) Concurrent Clear Claimed Marks
[2025-04-09T16:48:31.336+0000][106][info ][gc,marking  ] GC(12) Concurrent Clear Claimed Marks 0.953ms
[2025-04-09T16:48:31.337+0000][106][info ][gc,marking  ] GC(12) Concurrent Cleanup for Next Mark
[2025-04-09T16:48:31.339+0000][106][info ][gc,marking  ] GC(12) Concurrent Cleanup for Next Mark 2.663ms
[2025-04-09T16:48:31.340+0000][106][info ][gc          ] GC(12) Concurrent Mark Cycle 51.474ms
[2025-04-09T16:48:31.564+0000][106][info ][gc,start    ] GC(13) Pause Young (Normal) (G1 Evacuation Pause)
[2025-04-09T16:48:31.565+0000][106][info ][gc,task     ] GC(13) Using 4 workers of 4 for evacuation
[2025-04-09T16:48:31.565+0000][106][debug][gc,age      ] GC(13) Desired survivor size 20971520 bytes, new threshold 15 (max threshold 15)
[2025-04-09T16:48:31.570+0000][106][info ][gc,phases   ] GC(13)   Pre Evacuate Collection Set: 0.23ms
[2025-04-09T16:48:31.571+0000][106][info ][gc,phases   ] GC(13)   Merge Heap Roots: 0.03ms
[2025-04-09T16:48:31.571+0000][106][info ][gc,phases   ] GC(13)   Evacuate Collection Set: 4.14ms
[2025-04-09T16:48:31.571+0000][106][info ][gc,phases   ] GC(13)   Post Evacuate Collection Set: 0.57ms
[2025-04-09T16:48:31.571+0000][106][info ][gc,phases   ] GC(13)   Other: 0.61ms
[2025-04-09T16:48:31.571+0000][106][trace][gc,age      ] GC(13) Age table:
[2025-04-09T16:48:31.571+0000][106][trace][gc,age      ] GC(13) - age   1:    3773944 bytes,    3773944 total
[2025-04-09T16:48:31.572+0000][106][trace][gc,age      ] GC(13) - age   2:    4279760 bytes,    8053704 total
[2025-04-09T16:48:31.572+0000][106][trace][gc,age      ] GC(13) - age   3:    1793616 bytes,    9847320 total
[2025-04-09T16:48:31.572+0000][106][trace][gc,age      ] GC(13) - age   4:    1377008 bytes,   11224328 total
[2025-04-09T16:48:31.572+0000][106][trace][gc,age      ] GC(13) - age   5:    2654504 bytes,   13878832 total
[2025-04-09T16:48:31.572+0000][106][trace][gc,age      ] GC(13) - age   6:    2668200 bytes,   16547032 total
[2025-04-09T16:48:31.572+0000][106][trace][gc,age      ] GC(13) - age   7:    2108344 bytes,   18655376 total
[2025-04-09T16:48:31.572+0000][106][trace][gc,age      ] GC(13) - age   8:     357664 bytes,   19013040 total
[2025-04-09T16:48:31.572+0000][106][trace][gc,age      ] GC(13) - age   9:     547392 bytes,   19560432 total
[2025-04-09T16:48:31.572+0000][106][info ][gc,heap     ] GC(13) Eden regions: 70->0(87)
[2025-04-09T16:48:31.572+0000][106][info ][gc,heap     ] GC(13) Survivor regions: 5->5(10)
[2025-04-09T16:48:31.572+0000][106][info ][gc,heap     ] GC(13) Old regions: 4->4
[2025-04-09T16:48:31.572+0000][106][info ][gc,heap     ] GC(13) Humongous regions: 0->0
[2025-04-09T16:48:31.573+0000][106][info ][gc,metaspace] GC(13) Metaspace: 36909K(38080K)->36909K(38080K) NonClass: 32661K(33344K)->32661K(33344K) Class: 4248K(4736K)->4248K(4736K)
[2025-04-09T16:48:31.573+0000][106][info ][gc          ] GC(13) Pause Young (Normal) (G1 Evacuation Pause) 310M->33M(1024M) 8.393ms
[2025-04-09T16:48:31.573+0000][106][info ][gc,cpu      ] GC(13) User=0.02s Sys=0.00s Real=0.01s
[2025-04-09T16:48:31.573+0000][106][info ][safepoint   ] Safepoint "G1CollectForAllocation", Time since last: 230502612 ns, Reaching safepoint: 2272 ns, At safepoint: 8619127 ns, Total: 8621399 ns
[2025-04-09T16:48:31.905+0000][106][info ][gc,start    ] GC(14) Pause Young (Normal) (G1 Evacuation Pause)
[2025-04-09T16:48:31.905+0000][106][info ][gc,task     ] GC(14) Using 4 workers of 4 for evacuation
[2025-04-09T16:48:31.906+0000][106][debug][gc,age      ] GC(14) Desired survivor size 25165824 bytes, new threshold 15 (max threshold 15)
[2025-04-09T16:48:31.913+0000][106][info ][gc,phases   ] GC(14)   Pre Evacuate Collection Set: 0.22ms
[2025-04-09T16:48:31.914+0000][106][info ][gc,phases   ] GC(14)   Merge Heap Roots: 0.03ms
[2025-04-09T16:48:31.915+0000][106][info ][gc,phases   ] GC(14)   Evacuate Collection Set: 5.97ms
[2025-04-09T16:48:31.915+0000][106][info ][gc,phases   ] GC(14)   Post Evacuate Collection Set: 0.58ms
[2025-04-09T16:48:31.916+0000][106][info ][gc,phases   ] GC(14)   Other: 1.12ms
[2025-04-09T16:48:31.916+0000][106][trace][gc,age      ] GC(14) Age table:
[2025-04-09T16:48:31.917+0000][106][trace][gc,age      ] GC(14) - age   1:    7119208 bytes,    7119208 total
[2025-04-09T16:48:31.917+0000][106][trace][gc,age      ] GC(14) - age   2:    3229408 bytes,   10348616 total
[2025-04-09T16:48:31.918+0000][106][trace][gc,age      ] GC(14) - age   3:    4277472 bytes,   14626088 total
[2025-04-09T16:48:31.918+0000][106][trace][gc,age      ] GC(14) - age   4:    1792456 bytes,   16418544 total
[2025-04-09T16:48:31.918+0000][106][trace][gc,age      ] GC(14) - age   5:    1376256 bytes,   17794800 total
[2025-04-09T16:48:31.919+0000][106][trace][gc,age      ] GC(14) - age   6:    2650752 bytes,   20445552 total
[2025-04-09T16:48:31.919+0000][106][trace][gc,age      ] GC(14) - age   7:    2668104 bytes,   23113656 total
[2025-04-09T16:48:31.919+0000][106][trace][gc,age      ] GC(14) - age   8:    2107048 bytes,   25220704 total
[2025-04-09T16:48:31.919+0000][106][trace][gc,age      ] GC(14) - age   9:     352736 bytes,   25573440 total
[2025-04-09T16:48:31.920+0000][106][trace][gc,age      ] GC(14) - age  10:     546400 bytes,   26119840 total
[2025-04-09T16:48:31.920+0000][106][info ][gc,heap     ] GC(14) Eden regions: 87->0(104)
[2025-04-09T16:48:31.920+0000][106][info ][gc,heap     ] GC(14) Survivor regions: 5->7(12)
[2025-04-09T16:48:31.920+0000][106][info ][gc,heap     ] GC(14) Old regions: 4->4
[2025-04-09T16:48:31.920+0000][106][info ][gc,heap     ] GC(14) Humongous regions: 0->0
[2025-04-09T16:48:31.921+0000][106][info ][gc,metaspace] GC(14) Metaspace: 39291K(40448K)->39291K(40448K) NonClass: 34727K(35392K)->34727K(35392K) Class: 4564K(5056K)->4564K(5056K)
[2025-04-09T16:48:31.921+0000][106][info ][gc          ] GC(14) Pause Young (Normal) (G1 Evacuation Pause) 381M->41M(1024M) 16.173ms
[2025-04-09T16:48:31.921+0000][106][info ][gc,cpu      ] GC(14) User=0.04s Sys=0.00s Real=0.02s
[2025-04-09T16:48:31.922+0000][106][info ][safepoint   ] Safepoint "G1CollectForAllocation", Time since last: 331800555 ns, Reaching safepoint: 2622 ns, At safepoint: 16907826 ns, Total: 16910448 ns
[2025-04-09T16:48:32.730+0000][106][info ][gc,start    ] GC(15) Pause Young (Normal) (G1 Evacuation Pause)
[2025-04-09T16:48:32.730+0000][106][info ][gc,task     ] GC(15) Using 4 workers of 4 for evacuation
[2025-04-09T16:48:32.731+0000][106][debug][gc,age      ] GC(15) Desired survivor size 29360128 bytes, new threshold 15 (max threshold 15)
[2025-04-09T16:48:32.745+0000][106][info ][gc,phases   ] GC(15)   Pre Evacuate Collection Set: 0.11ms
[2025-04-09T16:48:32.746+0000][106][info ][gc,phases   ] GC(15)   Merge Heap Roots: 0.04ms
[2025-04-09T16:48:32.746+0000][106][info ][gc,phases   ] GC(15)   Evacuate Collection Set: 12.93ms
[2025-04-09T16:48:32.746+0000][106][info ][gc,phases   ] GC(15)   Post Evacuate Collection Set: 0.75ms
[2025-04-09T16:48:32.746+0000][106][info ][gc,phases   ] GC(15)   Other: 1.08ms
[2025-04-09T16:48:32.747+0000][106][trace][gc,age      ] GC(15) Age table:
[2025-04-09T16:48:32.747+0000][106][trace][gc,age      ] GC(15) - age   1:    7081960 bytes,    7081960 total
[2025-04-09T16:48:32.747+0000][106][trace][gc,age      ] GC(15) - age   2:    7040008 bytes,   14121968 total
[2025-04-09T16:48:32.747+0000][106][trace][gc,age      ] GC(15) - age   3:    3210992 bytes,   17332960 total
[2025-04-09T16:48:32.747+0000][106][trace][gc,age      ] GC(15) - age   4:    4257520 bytes,   21590480 total
[2025-04-09T16:48:32.748+0000][106][trace][gc,age      ] GC(15) - age   5:    1783432 bytes,   23373912 total
[2025-04-09T16:48:32.748+0000][106][trace][gc,age      ] GC(15) - age   6:    1369904 bytes,   24743816 total
[2025-04-09T16:48:32.748+0000][106][trace][gc,age      ] GC(15) - age   7:    2638120 bytes,   27381936 total
[2025-04-09T16:48:32.748+0000][106][trace][gc,age      ] GC(15) - age   8:    2661272 bytes,   30043208 total
[2025-04-09T16:48:32.748+0000][106][trace][gc,age      ] GC(15) - age   9:    1911600 bytes,   31954808 total
[2025-04-09T16:48:32.749+0000][106][trace][gc,age      ] GC(15) - age  10:     352032 bytes,   32306840 total
[2025-04-09T16:48:32.749+0000][106][trace][gc,age      ] GC(15) - age  11:     542672 bytes,   32849512 total
[2025-04-09T16:48:32.749+0000][106][info ][gc,heap     ] GC(15) Eden regions: 104->0(128)
[2025-04-09T16:48:32.749+0000][106][info ][gc,heap     ] GC(15) Survivor regions: 7->9(14)
[2025-04-09T16:48:32.749+0000][106][info ][gc,heap     ] GC(15) Old regions: 4->4
[2025-04-09T16:48:32.749+0000][106][info ][gc,heap     ] GC(15) Humongous regions: 0->0
[2025-04-09T16:48:32.749+0000][106][info ][gc,metaspace] GC(15) Metaspace: 45773K(47232K)->45773K(47232K) NonClass: 40259K(41152K)->40259K(41152K) Class: 5514K(6080K)->5514K(6080K)
[2025-04-09T16:48:32.749+0000][106][info ][gc          ] GC(15) Pause Young (Normal) (G1 Evacuation Pause) 457M->47M(1024M) 19.771ms
[2025-04-09T16:48:32.750+0000][106][info ][gc,cpu      ] GC(15) User=0.05s Sys=0.00s Real=0.02s
[2025-04-09T16:48:32.750+0000][106][info ][safepoint   ] Safepoint "G1CollectForAllocation", Time since last: 808033947 ns, Reaching safepoint: 2921 ns, At safepoint: 20025616 ns, Total: 20028537 ns
[2025-04-09T16:48:33.306+0000][106][info ][gc,start    ] GC(16) Pause Young (Concurrent Start) (Metadata GC Threshold)
[2025-04-09T16:48:33.306+0000][106][info ][gc,task     ] GC(16) Using 4 workers of 4 for evacuation
[2025-04-09T16:48:33.307+0000][106][debug][gc,age      ] GC(16) Desired survivor size 35651584 bytes, new threshold 15 (max threshold 15)
[2025-04-09T16:48:33.328+0000][106][info ][gc,phases   ] GC(16)   Pre Evacuate Collection Set: 0.14ms
[2025-04-09T16:48:33.328+0000][106][info ][gc,phases   ] GC(16)   Merge Heap Roots: 0.13ms
[2025-04-09T16:48:33.329+0000][106][info ][gc,phases   ] GC(16)   Evacuate Collection Set: 13.01ms
[2025-04-09T16:48:33.330+0000][106][info ][gc,phases   ] GC(16)   Post Evacuate Collection Set: 7.28ms
[2025-04-09T16:48:33.330+0000][106][info ][gc,phases   ] GC(16)   Other: 0.97ms
[2025-04-09T16:48:33.330+0000][106][trace][gc,age      ] GC(16) Age table:
[2025-04-09T16:48:33.331+0000][106][trace][gc,age      ] GC(16) - age   1:    3350112 bytes,    3350112 total
[2025-04-09T16:48:33.331+0000][106][trace][gc,age      ] GC(16) - age   2:    6920728 bytes,   10270840 total
[2025-04-09T16:48:33.332+0000][106][trace][gc,age      ] GC(16) - age   3:    7034208 bytes,   17305048 total
[2025-04-09T16:48:33.332+0000][106][trace][gc,age      ] GC(16) - age   4:    3208968 bytes,   20514016 total
[2025-04-09T16:48:33.332+0000][106][trace][gc,age      ] GC(16) - age   5:    4256112 bytes,   24770128 total
[2025-04-09T16:48:33.333+0000][106][trace][gc,age      ] GC(16) - age   6:    1783432 bytes,   26553560 total
[2025-04-09T16:48:33.333+0000][106][trace][gc,age      ] GC(16) - age   7:    1368752 bytes,   27922312 total
[2025-04-09T16:48:33.334+0000][106][trace][gc,age      ] GC(16) - age   8:    2635728 bytes,   30558040 total
[2025-04-09T16:48:33.334+0000][106][trace][gc,age      ] GC(16) - age   9:    2661176 bytes,   33219216 total
[2025-04-09T16:48:33.335+0000][106][trace][gc,age      ] GC(16) - age  10:    1911552 bytes,   35130768 total
[2025-04-09T16:48:33.335+0000][106][trace][gc,age      ] GC(16) - age  11:     351816 bytes,   35482584 total
[2025-04-09T16:48:33.335+0000][106][trace][gc,age      ] GC(16) - age  12:     542672 bytes,   36025256 total
[2025-04-09T16:48:33.336+0000][106][info ][gc,heap     ] GC(16) Eden regions: 48->0(143)
[2025-04-09T16:48:33.336+0000][106][info ][gc,heap     ] GC(16) Survivor regions: 9->10(17)
[2025-04-09T16:48:33.337+0000][106][info ][gc,heap     ] GC(16) Old regions: 4->4
[2025-04-09T16:48:33.337+0000][106][info ][gc,heap     ] GC(16) Humongous regions: 0->0
[2025-04-09T16:48:33.337+0000][106][info ][gc,metaspace] GC(16) Metaspace: 59611K(61376K)->59611K(61376K) NonClass: 52158K(53184K)->52158K(53184K) Class: 7452K(8192K)->7452K(8192K)
[2025-04-09T16:48:33.338+0000][106][info ][gc          ] GC(16) Pause Young (Concurrent Start) (Metadata GC Threshold) 237M->51M(1024M) 31.866ms
[2025-04-09T16:48:33.338+0000][106][info ][gc,cpu      ] GC(16) User=0.08s Sys=0.01s Real=0.03s
[2025-04-09T16:48:33.338+0000][106][info ][gc          ] GC(17) Concurrent Mark Cycle
[2025-04-09T16:48:33.339+0000][106][info ][gc,marking  ] GC(17) Concurrent Scan Root Regions
[2025-04-09T16:48:33.339+0000][106][info ][safepoint   ] Safepoint "CollectForMetadataAllocation", Time since last: 556080525 ns, Reaching safepoint: 3350 ns, At safepoint: 32758475 ns, Total: 32761825 ns
[2025-04-09T16:48:33.346+0000][106][info ][gc,marking  ] GC(17) Concurrent Scan Root Regions 7.341ms
[2025-04-09T16:48:33.347+0000][106][info ][gc,marking  ] GC(17) Concurrent Mark
[2025-04-09T16:48:33.347+0000][106][info ][gc,marking  ] GC(17) Concurrent Mark From Roots
[2025-04-09T16:48:33.348+0000][106][info ][gc,task     ] GC(17) Using 1 workers of 1 for marking
[2025-04-09T16:48:33.359+0000][106][info ][gc,marking  ] GC(17) Concurrent Mark From Roots 11.285ms
[2025-04-09T16:48:33.360+0000][106][info ][gc,marking  ] GC(17) Concurrent Preclean
[2025-04-09T16:48:33.362+0000][106][info ][gc,marking  ] GC(17) Concurrent Preclean 1.936ms
[2025-04-09T16:48:33.362+0000][106][info ][gc,start    ] GC(17) Pause Remark
[2025-04-09T16:48:33.366+0000][106][info ][gc          ] GC(17) Pause Remark 53M->53M(1024M) 3.553ms
[2025-04-09T16:48:33.367+0000][106][info ][gc,cpu      ] GC(17) User=0.01s Sys=0.00s Real=0.00s
[2025-04-09T16:48:33.368+0000][106][info ][safepoint   ] Safepoint "G1PauseRemark", Time since last: 23729931 ns, Reaching safepoint: 187775 ns, At safepoint: 5083543 ns, Total: 5271318 ns
[2025-04-09T16:48:33.368+0000][106][info ][gc,marking  ] GC(17) Concurrent Mark 21.127ms
[2025-04-09T16:48:33.368+0000][106][info ][gc,marking  ] GC(17) Concurrent Rebuild Remembered Sets and Scrub Regions
[2025-04-09T16:48:33.372+0000][106][info ][gc,marking  ] GC(17) Concurrent Rebuild Remembered Sets and Scrub Regions 3.945ms
[2025-04-09T16:48:33.373+0000][106][info ][gc,start    ] GC(17) Pause Cleanup
[2025-04-09T16:48:33.374+0000][106][info ][gc          ] GC(17) Pause Cleanup 55M->55M(1024M) 0.687ms
[2025-04-09T16:48:33.374+0000][106][info ][gc,cpu      ] GC(17) User=0.00s Sys=0.00s Real=0.00s
[2025-04-09T16:48:33.375+0000][106][info ][safepoint   ] Safepoint "G1PauseCleanup", Time since last: 5503181 ns, Reaching safepoint: 78900 ns, At safepoint: 1823360 ns, Total: 1902260 ns
[2025-04-09T16:48:33.376+0000][106][info ][gc,marking  ] GC(17) Concurrent Clear Claimed Marks
[2025-04-09T16:48:33.377+0000][106][info ][gc,marking  ] GC(17) Concurrent Clear Claimed Marks 0.882ms
[2025-04-09T16:48:33.378+0000][106][info ][gc,marking  ] GC(17) Concurrent Cleanup for Next Mark
[2025-04-09T16:48:33.380+0000][106][info ][gc,marking  ] GC(17) Concurrent Cleanup for Next Mark 1.679ms
[2025-04-09T16:48:33.381+0000][106][info ][gc          ] GC(17) Concurrent Mark Cycle 42.990ms
[2025-04-09T16:48:37.911+0000][106][info ][gc,start    ] GC(18) Pause Young (Normal) (G1 Evacuation Pause)
[2025-04-09T16:48:37.912+0000][106][info ][gc,task     ] GC(18) Using 4 workers of 4 for evacuation
[2025-04-09T16:48:37.912+0000][106][debug][gc,age      ] GC(18) Desired survivor size 41943040 bytes, new threshold 15 (max threshold 15)
[2025-04-09T16:48:37.937+0000][106][info ][gc,phases   ] GC(18)   Pre Evacuate Collection Set: 0.10ms
[2025-04-09T16:48:37.938+0000][106][info ][gc,phases   ] GC(18)   Merge Heap Roots: 0.04ms
[2025-04-09T16:48:37.938+0000][106][info ][gc,phases   ] GC(18)   Evacuate Collection Set: 23.46ms
[2025-04-09T16:48:37.939+0000][106][info ][gc,phases   ] GC(18)   Post Evacuate Collection Set: 1.50ms
[2025-04-09T16:48:37.939+0000][106][info ][gc,phases   ] GC(18)   Other: 0.68ms
[2025-04-09T16:48:37.940+0000][106][trace][gc,age      ] GC(18) Age table:
[2025-04-09T16:48:37.940+0000][106][trace][gc,age      ] GC(18) - age   1:   11360864 bytes,   11360864 total
[2025-04-09T16:48:37.940+0000][106][trace][gc,age      ] GC(18) - age   2:    3101944 bytes,   14462808 total
[2025-04-09T16:48:37.941+0000][106][trace][gc,age      ] GC(18) - age   3:    6698424 bytes,   21161232 total
[2025-04-09T16:48:37.941+0000][106][trace][gc,age      ] GC(18) - age   4:    7024216 bytes,   28185448 total
[2025-04-09T16:48:37.941+0000][106][trace][gc,age      ] GC(18) - age   5:    3205880 bytes,   31391328 total
[2025-04-09T16:48:37.942+0000][106][trace][gc,age      ] GC(18) - age   6:    4246600 bytes,   35637928 total
[2025-04-09T16:48:37.942+0000][106][trace][gc,age      ] GC(18) - age   7:    1780432 bytes,   37418360 total
[2025-04-09T16:48:37.942+0000][106][trace][gc,age      ] GC(18) - age   8:    1364520 bytes,   38782880 total
[2025-04-09T16:48:37.942+0000][106][trace][gc,age      ] GC(18) - age   9:    2626792 bytes,   41409672 total
[2025-04-09T16:48:37.942+0000][106][trace][gc,age      ] GC(18) - age  10:    2642848 bytes,   44052520 total
[2025-04-09T16:48:37.942+0000][106][trace][gc,age      ] GC(18) - age  11:    1904736 bytes,   45957256 total
[2025-04-09T16:48:37.942+0000][106][trace][gc,age      ] GC(18) - age  12:     349288 bytes,   46306544 total
[2025-04-09T16:48:37.942+0000][106][trace][gc,age      ] GC(18) - age  13:     541392 bytes,   46847936 total
[2025-04-09T16:48:37.942+0000][106][info ][gc,heap     ] GC(18) Eden regions: 143->0(141)
[2025-04-09T16:48:37.943+0000][106][info ][gc,heap     ] GC(18) Survivor regions: 10->12(20)
[2025-04-09T16:48:37.943+0000][106][info ][gc,heap     ] GC(18) Old regions: 4->4
[2025-04-09T16:48:37.943+0000][106][info ][gc,heap     ] GC(18) Humongous regions: 0->0
[2025-04-09T16:48:37.943+0000][106][info ][gc,metaspace] GC(18) Metaspace: 77242K(79296K)->77242K(79296K) NonClass: 66826K(68096K)->66826K(68096K) Class: 10415K(11200K)->10415K(11200K)
[2025-04-09T16:48:37.943+0000][106][info ][gc          ] GC(18) Pause Young (Normal) (G1 Evacuation Pause) 623M->61M(1024M) 31.831ms
[2025-04-09T16:48:37.943+0000][106][info ][gc,cpu      ] GC(18) User=0.10s Sys=0.00s Real=0.03s
[2025-04-09T16:48:37.943+0000][106][info ][safepoint   ] Safepoint "G1CollectForAllocation", Time since last: 1752208810 ns, Reaching safepoint: 4009 ns, At safepoint: 32115933 ns, Total: 32119942 ns
[2025-04-09T16:48:39.633+0000][106][info ][gc,start    ] GC(19) Pause Young (Concurrent Start) (Metadata GC Threshold)
[2025-04-09T16:48:39.634+0000][106][info ][gc,task     ] GC(19) Using 4 workers of 4 for evacuation
[2025-04-09T16:48:39.635+0000][106][debug][gc,age      ] GC(19) Desired survivor size 41943040 bytes, new threshold 10 (max threshold 15)
[2025-04-09T16:48:39.650+0000][106][info ][gc,phases   ] GC(19)   Pre Evacuate Collection Set: 0.08ms
[2025-04-09T16:48:39.651+0000][106][info ][gc,phases   ] GC(19)   Merge Heap Roots: 0.04ms
[2025-04-09T16:48:39.653+0000][106][info ][gc,phases   ] GC(19)   Evacuate Collection Set: 13.47ms
[2025-04-09T16:48:39.653+0000][106][info ][gc,phases   ] GC(19)   Post Evacuate Collection Set: 1.47ms
[2025-04-09T16:48:39.654+0000][106][info ][gc,phases   ] GC(19)   Other: 1.15ms
[2025-04-09T16:48:39.654+0000][106][trace][gc,age      ] GC(19) Age table:
[2025-04-09T16:48:39.654+0000][106][trace][gc,age      ] GC(19) - age   1:    9774296 bytes,    9774296 total
[2025-04-09T16:48:39.655+0000][106][trace][gc,age      ] GC(19) - age   2:   10871200 bytes,   20645496 total
[2025-04-09T16:48:39.655+0000][106][trace][gc,age      ] GC(19) - age   3:    3075496 bytes,   23720992 total
[2025-04-09T16:48:39.655+0000][106][trace][gc,age      ] GC(19) - age   4:    6576232 bytes,   30297224 total
[2025-04-09T16:48:39.656+0000][106][trace][gc,age      ] GC(19) - age   5:    7005792 bytes,   37303016 total
[2025-04-09T16:48:39.656+0000][106][trace][gc,age      ] GC(19) - age   6:    3197200 bytes,   40500216 total
[2025-04-09T16:48:39.656+0000][106][trace][gc,age      ] GC(19) - age   7:    4234768 bytes,   44734984 total
[2025-04-09T16:48:39.656+0000][106][trace][gc,age      ] GC(19) - age   8:    1777704 bytes,   46512688 total
[2025-04-09T16:48:39.656+0000][106][trace][gc,age      ] GC(19) - age   9:    1362512 bytes,   47875200 total
[2025-04-09T16:48:39.657+0000][106][trace][gc,age      ] GC(19) - age  10:    2625272 bytes,   50500472 total
[2025-04-09T16:48:39.657+0000][106][info ][gc,heap     ] GC(19) Eden regions: 97->0(140)
[2025-04-09T16:48:39.657+0000][106][info ][gc,heap     ] GC(19) Survivor regions: 12->13(20)
[2025-04-09T16:48:39.657+0000][106][info ][gc,heap     ] GC(19) Old regions: 4->5
[2025-04-09T16:48:39.658+0000][106][info ][gc,heap     ] GC(19) Humongous regions: 0->0
[2025-04-09T16:48:39.658+0000][106][info ][gc,metaspace] GC(19) Metaspace: 100441K(102656K)->100441K(102656K) NonClass: 86756K(88064K)->86756K(88064K) Class: 13685K(14592K)->13685K(14592K)
[2025-04-09T16:48:39.658+0000][106][info ][gc          ] GC(19) Pause Young (Concurrent Start) (Metadata GC Threshold) 449M->71M(1024M) 24.691ms
[2025-04-09T16:48:39.658+0000][106][info ][gc,cpu      ] GC(19) User=0.07s Sys=0.00s Real=0.03s
[2025-04-09T16:48:39.658+0000][106][info ][gc          ] GC(20) Concurrent Mark Cycle
[2025-04-09T16:48:39.659+0000][106][info ][gc,marking  ] GC(20) Concurrent Scan Root Regions
[2025-04-09T16:48:39.659+0000][106][info ][safepoint   ] Safepoint "CollectForMetadataAllocation", Time since last: 1690092665 ns, Reaching safepoint: 2320 ns, At safepoint: 25162443 ns, Total: 25164763 ns
[2025-04-09T16:48:39.674+0000][106][info ][gc,marking  ] GC(20) Concurrent Scan Root Regions 14.732ms
[2025-04-09T16:48:39.674+0000][106][info ][gc,marking  ] GC(20) Concurrent Mark
[2025-04-09T16:48:39.674+0000][106][info ][gc,marking  ] GC(20) Concurrent Mark From Roots
[2025-04-09T16:48:39.674+0000][106][info ][gc,task     ] GC(20) Using 1 workers of 1 for marking
[2025-04-09T16:48:39.683+0000][106][info ][safepoint   ] Safepoint "CollectForMetadataAllocation", Time since last: 24375876 ns, Reaching safepoint: 8504 ns, At safepoint: 75975 ns, Total: 84479 ns
[2025-04-09T16:48:39.688+0000][106][info ][gc,marking  ] GC(20) Concurrent Mark From Roots 13.406ms
[2025-04-09T16:48:39.688+0000][106][info ][gc,marking  ] GC(20) Concurrent Preclean
[2025-04-09T16:48:39.689+0000][106][info ][gc,marking  ] GC(20) Concurrent Preclean 0.545ms
[2025-04-09T16:48:39.689+0000][106][info ][gc,start    ] GC(20) Pause Remark
[2025-04-09T16:48:39.696+0000][106][info ][gc          ] GC(20) Pause Remark 79M->79M(1024M) 6.299ms
[2025-04-09T16:48:39.696+0000][106][info ][gc,cpu      ] GC(20) User=0.03s Sys=0.00s Real=0.01s
[2025-04-09T16:48:39.696+0000][106][info ][safepoint   ] Safepoint "G1PauseRemark", Time since last: 6249447 ns, Reaching safepoint: 2606 ns, At safepoint: 7196143 ns, Total: 7198749 ns
[2025-04-09T16:48:39.697+0000][106][info ][gc,marking  ] GC(20) Concurrent Mark 22.775ms
[2025-04-09T16:48:39.697+0000][106][info ][gc,marking  ] GC(20) Concurrent Rebuild Remembered Sets and Scrub Regions
[2025-04-09T16:48:39.703+0000][106][info ][gc,marking  ] GC(20) Concurrent Rebuild Remembered Sets and Scrub Regions 5.587ms
[2025-04-09T16:48:39.703+0000][106][info ][gc,start    ] GC(20) Pause Cleanup
[2025-04-09T16:48:39.704+0000][106][info ][gc          ] GC(20) Pause Cleanup 79M->79M(1024M) 0.515ms
[2025-04-09T16:48:39.704+0000][106][info ][gc,cpu      ] GC(20) User=0.00s Sys=0.00s Real=0.00s
[2025-04-09T16:48:39.704+0000][106][info ][safepoint   ] Safepoint "G1PauseCleanup", Time since last: 6858964 ns, Reaching safepoint: 78427 ns, At safepoint: 1028098 ns, Total: 1106525 ns
[2025-04-09T16:48:39.705+0000][106][info ][gc,marking  ] GC(20) Concurrent Clear Claimed Marks
[2025-04-09T16:48:39.705+0000][106][info ][gc,marking  ] GC(20) Concurrent Clear Claimed Marks 0.534ms
[2025-04-09T16:48:39.706+0000][106][info ][gc,marking  ] GC(20) Concurrent Cleanup for Next Mark
[2025-04-09T16:48:39.707+0000][106][info ][gc,marking  ] GC(20) Concurrent Cleanup for Next Mark 1.530ms
[2025-04-09T16:48:39.708+0000][106][info ][gc          ] GC(20) Concurrent Mark Cycle 49.640ms
[2025-04-09T16:48:43.340+0000][106][info ][gc,start    ] GC(21) Pause Young (Normal) (G1 Evacuation Pause)
[2025-04-09T16:48:43.340+0000][106][info ][gc,task     ] GC(21) Using 4 workers of 4 for evacuation
[2025-04-09T16:48:43.340+0000][106][debug][gc,age      ] GC(21) Desired survivor size 41943040 bytes, new threshold 7 (max threshold 15)
[2025-04-09T16:48:43.362+0000][106][info ][gc,phases   ] GC(21)   Pre Evacuate Collection Set: 0.15ms
[2025-04-09T16:48:43.362+0000][106][info ][gc,phases   ] GC(21)   Merge Heap Roots: 0.08ms
[2025-04-09T16:48:43.362+0000][106][info ][gc,phases   ] GC(21)   Evacuate Collection Set: 18.44ms
[2025-04-09T16:48:43.362+0000][106][info ][gc,phases   ] GC(21)   Post Evacuate Collection Set: 2.18ms
[2025-04-09T16:48:43.363+0000][106][info ][gc,phases   ] GC(21)   Other: 0.40ms
[2025-04-09T16:48:43.363+0000][106][trace][gc,age      ] GC(21) Age table:
[2025-04-09T16:48:43.363+0000][106][trace][gc,age      ] GC(21) - age   1:   20516672 bytes,   20516672 total
[2025-04-09T16:48:43.363+0000][106][trace][gc,age      ] GC(21) - age   2:    9333224 bytes,   29849896 total
[2025-04-09T16:48:43.363+0000][106][trace][gc,age      ] GC(21) - age   3:   10773576 bytes,   40623472 total
[2025-04-09T16:48:43.363+0000][106][trace][gc,age      ] GC(21) - age   4:    3062600 bytes,   43686072 total
[2025-04-09T16:48:43.364+0000][106][trace][gc,age      ] GC(21) - age   5:    6564072 bytes,   50250144 total
[2025-04-09T16:48:43.364+0000][106][trace][gc,age      ] GC(21) - age   6:    6997752 bytes,   57247896 total
[2025-04-09T16:48:43.364+0000][106][trace][gc,age      ] GC(21) - age   7:    3194136 bytes,   60442032 total
[2025-04-09T16:48:43.364+0000][106][info ][gc,heap     ] GC(21) Eden regions: 140->0(137)
[2025-04-09T16:48:43.364+0000][106][info ][gc,heap     ] GC(21) Survivor regions: 13->16(20)
[2025-04-09T16:48:43.364+0000][106][info ][gc,heap     ] GC(21) Old regions: 5->8
[2025-04-09T16:48:43.364+0000][106][info ][gc,heap     ] GC(21) Humongous regions: 0->0
[2025-04-09T16:48:43.364+0000][106][info ][gc,metaspace] GC(21) Metaspace: 142943K(147072K)->142943K(147072K) NonClass: 122561K(124800K)->122561K(124800K) Class: 20381K(22272K)->20381K(22272K)
[2025-04-09T16:48:43.365+0000][106][info ][gc          ] GC(21) Pause Young (Normal) (G1 Evacuation Pause) 631M->91M(1024M) 24.604ms
[2025-04-09T16:48:43.365+0000][106][info ][gc,cpu      ] GC(21) User=0.08s Sys=0.00s Real=0.03s
[2025-04-09T16:48:43.365+0000][106][info ][safepoint   ] Safepoint "G1CollectForAllocation", Time since last: 3635586885 ns, Reaching safepoint: 4999 ns, At safepoint: 24946299 ns, Total: 24951298 ns
[2025-04-09T17:07:33.139+0000][106][info ][gc,start    ] GC(22) Pause Young (Normal) (G1 Evacuation Pause)
[2025-04-09T17:07:33.139+0000][106][info ][gc,task     ] GC(22) Using 4 workers of 4 for evacuation
[2025-04-09T17:07:33.140+0000][106][debug][gc,age      ] GC(22) Desired survivor size 41943040 bytes, new threshold 4 (max threshold 15)
[2025-04-09T17:07:33.176+0000][106][info ][gc,phases   ] GC(22)   Pre Evacuate Collection Set: 0.19ms
[2025-04-09T17:07:33.176+0000][106][info ][gc,phases   ] GC(22)   Merge Heap Roots: 0.07ms
[2025-04-09T17:07:33.176+0000][106][info ][gc,phases   ] GC(22)   Evacuate Collection Set: 33.05ms
[2025-04-09T17:07:33.177+0000][106][info ][gc,phases   ] GC(22)   Post Evacuate Collection Set: 2.29ms
[2025-04-09T17:07:33.177+0000][106][info ][gc,phases   ] GC(22)   Other: 0.97ms
[2025-04-09T17:07:33.177+0000][106][trace][gc,age      ] GC(22) Age table:
[2025-04-09T17:07:33.177+0000][106][trace][gc,age      ] GC(22) - age   1:    3190520 bytes,    3190520 total
[2025-04-09T17:07:33.178+0000][106][trace][gc,age      ] GC(22) - age   2:   19561384 bytes,   22751904 total
[2025-04-09T17:07:33.178+0000][106][trace][gc,age      ] GC(22) - age   3:    9330040 bytes,   32081944 total
[2025-04-09T17:07:33.178+0000][106][trace][gc,age      ] GC(22) - age   4:   10773240 bytes,   42855184 total
[2025-04-09T17:07:33.179+0000][106][info ][gc,heap     ] GC(22) Eden regions: 137->0(142)
[2025-04-09T17:07:33.179+0000][106][info ][gc,heap     ] GC(22) Survivor regions: 16->11(20)
[2025-04-09T17:07:33.179+0000][106][info ][gc,heap     ] GC(22) Old regions: 8->13
[2025-04-09T17:07:33.179+0000][106][info ][gc,heap     ] GC(22) Humongous regions: 0->0
[2025-04-09T17:07:33.179+0000][106][info ][gc,metaspace] GC(22) Metaspace: 148555K(152768K)->148555K(152768K) NonClass: 127467K(129792K)->127467K(129792K) Class: 21088K(22976K)->21088K(22976K)
[2025-04-09T17:07:33.180+0000][106][info ][gc          ] GC(22) Pause Young (Normal) (G1 Evacuation Pause) 639M->94M(1024M) 41.054ms
[2025-04-09T17:07:33.180+0000][106][info ][gc,cpu      ] GC(22) User=0.10s Sys=0.00s Real=0.04s
[2025-04-09T17:07:33.180+0000][106][info ][safepoint   ] Safepoint "G1CollectForAllocation", Time since last: 1033971923820 ns, Reaching safepoint: 16966 ns, At safepoint: 41559065 ns, Total: 41576031 ns
[2025-04-09T17:07:39.400+0000][106][info ][gc,start    ] GC(23) Pause Young (Normal) (G1 Evacuation Pause)
[2025-04-09T17:07:39.400+0000][106][info ][gc,task     ] GC(23) Using 4 workers of 4 for evacuation
[2025-04-09T17:07:39.400+0000][106][debug][gc,age      ] GC(23) Desired survivor size 41943040 bytes, new threshold 4 (max threshold 15)
[2025-04-09T17:07:39.425+0000][106][info ][gc,phases   ] GC(23)   Pre Evacuate Collection Set: 0.12ms
[2025-04-09T17:07:39.426+0000][106][info ][gc,phases   ] GC(23)   Merge Heap Roots: 0.08ms
[2025-04-09T17:07:39.426+0000][106][info ][gc,phases   ] GC(23)   Evacuate Collection Set: 22.89ms
[2025-04-09T17:07:39.426+0000][106][info ][gc,phases   ] GC(23)   Post Evacuate Collection Set: 1.69ms
[2025-04-09T17:07:39.426+0000][106][info ][gc,phases   ] GC(23)   Other: 0.58ms
[2025-04-09T17:07:39.427+0000][106][trace][gc,age      ] GC(23) Age table:
[2025-04-09T17:07:39.427+0000][106][trace][gc,age      ] GC(23) - age   1:   22651128 bytes,   22651128 total
[2025-04-09T17:07:39.427+0000][106][trace][gc,age      ] GC(23) - age   2:    2465336 bytes,   25116464 total
[2025-04-09T17:07:39.427+0000][106][trace][gc,age      ] GC(23) - age   3:   18331792 bytes,   43448256 total
[2025-04-09T17:07:39.428+0000][106][trace][gc,age      ] GC(23) - age   4:    8905288 bytes,   52353544 total
[2025-04-09T17:07:39.428+0000][106][info ][gc,heap     ] GC(23) Eden regions: 142->0(139)
[2025-04-09T17:07:39.428+0000][106][info ][gc,heap     ] GC(23) Survivor regions: 11->14(20)
[2025-04-09T17:07:39.428+0000][106][info ][gc,heap     ] GC(23) Old regions: 13->16
[2025-04-09T17:07:39.428+0000][106][info ][gc,heap     ] GC(23) Humongous regions: 2->2
[2025-04-09T17:07:39.428+0000][106][info ][gc,metaspace] GC(23) Metaspace: 155583K(159936K)->155583K(159936K) NonClass: 133452K(135872K)->133452K(135872K) Class: 22130K(24064K)->22130K(24064K)
[2025-04-09T17:07:39.429+0000][106][info ][gc          ] GC(23) Pause Young (Normal) (G1 Evacuation Pause) 670M->124M(1024M) 28.902ms
[2025-04-09T17:07:39.429+0000][106][info ][gc,cpu      ] GC(23) User=0.10s Sys=0.00s Real=0.03s
[2025-04-09T17:07:39.429+0000][106][info ][safepoint   ] Safepoint "G1CollectForAllocation", Time since last: 6219420269 ns, Reaching safepoint: 8522 ns, At safepoint: 29217942 ns, Total: 29226464 ns
[2025-04-09T17:07:48.244+0000][106][info ][gc,start    ] GC(24) Pause Young (Normal) (G1 Evacuation Pause)
[2025-04-09T17:07:48.244+0000][106][info ][gc,task     ] GC(24) Using 4 workers of 4 for evacuation
[2025-04-09T17:07:48.245+0000][106][debug][gc,age      ] GC(24) Desired survivor size 41943040 bytes, new threshold 3 (max threshold 15)
[2025-04-09T17:07:48.260+0000][106][info ][gc,phases   ] GC(24)   Pre Evacuate Collection Set: 0.13ms
[2025-04-09T17:07:48.261+0000][106][info ][gc,phases   ] GC(24)   Merge Heap Roots: 0.07ms
[2025-04-09T17:07:48.261+0000][106][info ][gc,phases   ] GC(24)   Evacuate Collection Set: 13.69ms
[2025-04-09T17:07:48.261+0000][106][info ][gc,phases   ] GC(24)   Post Evacuate Collection Set: 1.24ms
[2025-04-09T17:07:48.262+0000][106][info ][gc,phases   ] GC(24)   Other: 0.66ms
[2025-04-09T17:07:48.262+0000][106][trace][gc,age      ] GC(24) Age table:
[2025-04-09T17:07:48.262+0000][106][trace][gc,age      ] GC(24) - age   1:    5632784 bytes,    5632784 total
[2025-04-09T17:07:48.262+0000][106][trace][gc,age      ] GC(24) - age   2:   12824528 bytes,   18457312 total
[2025-04-09T17:07:48.262+0000][106][trace][gc,age      ] GC(24) - age   3:    2458456 bytes,   20915768 total
[2025-04-09T17:07:48.263+0000][106][info ][gc,heap     ] GC(24) Eden regions: 139->0(147)
[2025-04-09T17:07:48.263+0000][106][info ][gc,heap     ] GC(24) Survivor regions: 14->6(20)
[2025-04-09T17:07:48.263+0000][106][info ][gc,heap     ] GC(24) Old regions: 16->23
[2025-04-09T17:07:48.263+0000][106][info ][gc,heap     ] GC(24) Humongous regions: 2->2
[2025-04-09T17:07:48.264+0000][106][info ][gc,metaspace] GC(24) Metaspace: 158510K(162880K)->158510K(162880K) NonClass: 136197K(138624K)->136197K(138624K) Class: 22312K(24256K)->22312K(24256K)
[2025-04-09T17:07:48.264+0000][106][info ][gc          ] GC(24) Pause Young (Normal) (G1 Evacuation Pause) 680M->121M(1024M) 19.869ms
[2025-04-09T17:07:48.264+0000][106][info ][gc,cpu      ] GC(24) User=0.07s Sys=0.00s Real=0.02s
[2025-04-09T17:07:48.264+0000][106][info ][safepoint   ] Safepoint "G1CollectForAllocation", Time since last: 5981351428 ns, Reaching safepoint: 271275 ns, At safepoint: 20357025 ns, Total: 20628300 ns
[2025-04-09T17:07:48.389+0000][106][info ][gc,start    ] GC(25) Pause Young (Concurrent Start) (CodeCache GC Threshold)
[2025-04-09T17:07:48.389+0000][106][info ][gc,task     ] GC(25) Using 4 workers of 4 for evacuation
[2025-04-09T17:07:48.390+0000][106][debug][gc,age      ] GC(25) Desired survivor size 41943040 bytes, new threshold 15 (max threshold 15)
[2025-04-09T17:07:48.398+0000][106][info ][gc,phases   ] GC(25)   Pre Evacuate Collection Set: 0.11ms
[2025-04-09T17:07:48.398+0000][106][info ][gc,phases   ] GC(25)   Merge Heap Roots: 0.04ms
[2025-04-09T17:07:48.399+0000][106][info ][gc,phases   ] GC(25)   Evacuate Collection Set: 6.47ms
[2025-04-09T17:07:48.399+0000][106][info ][gc,phases   ] GC(25)   Post Evacuate Collection Set: 1.03ms
[2025-04-09T17:07:48.399+0000][106][info ][gc,phases   ] GC(25)   Other: 0.50ms
[2025-04-09T17:07:48.399+0000][106][trace][gc,age      ] GC(25) Age table:
[2025-04-09T17:07:48.399+0000][106][trace][gc,age      ] GC(25) - age   1:    1243736 bytes,    1243736 total
[2025-04-09T17:07:48.400+0000][106][trace][gc,age      ] GC(25) - age   2:    4564600 bytes,    5808336 total
[2025-04-09T17:07:48.400+0000][106][trace][gc,age      ] GC(25) - age   3:   12358096 bytes,   18166432 total
[2025-04-09T17:07:48.400+0000][106][trace][gc,age      ] GC(25) - age   4:    2359456 bytes,   20525888 total
[2025-04-09T17:07:48.400+0000][106][info ][gc,heap     ] GC(25) Eden regions: 28->0(147)
[2025-04-09T17:07:48.401+0000][106][info ][gc,heap     ] GC(25) Survivor regions: 6->6(20)
[2025-04-09T17:07:48.401+0000][106][info ][gc,heap     ] GC(25) Old regions: 23->25
[2025-04-09T17:07:48.401+0000][106][info ][gc,heap     ] GC(25) Humongous regions: 2->2
[2025-04-09T17:07:48.401+0000][106][info ][gc,metaspace] GC(25) Metaspace: 158741K(163200K)->158741K(163200K) NonClass: 136393K(138880K)->136393K(138880K) Class: 22347K(24320K)->22347K(24320K)
[2025-04-09T17:07:48.401+0000][106][info ][gc          ] GC(25) Pause Young (Concurrent Start) (CodeCache GC Threshold) (Evacuation Failure: Pinned) 233M->129M(1024M) 12.104ms
[2025-04-09T17:07:48.401+0000][106][info ][gc          ] GC(26) Concurrent Mark Cycle
[2025-04-09T17:07:48.401+0000][106][info ][gc,cpu      ] GC(25) User=0.03s Sys=0.00s Real=0.02s
[2025-04-09T17:07:48.402+0000][106][info ][gc,marking  ] GC(26) Concurrent Scan Root Regions
[2025-04-09T17:07:48.402+0000][106][info ][safepoint   ] Safepoint "G1TryInitiateConcMark", Time since last: 124909282 ns, Reaching safepoint: 7608 ns, At safepoint: 12637907 ns, Total: 12645515 ns
[2025-04-09T17:07:48.410+0000][106][info ][gc,marking  ] GC(26) Concurrent Scan Root Regions 7.964ms
[2025-04-09T17:07:48.411+0000][106][info ][gc,marking  ] GC(26) Concurrent Mark
[2025-04-09T17:07:48.411+0000][106][info ][gc,marking  ] GC(26) Concurrent Mark From Roots
[2025-04-09T17:07:48.413+0000][106][info ][gc,task     ] GC(26) Using 1 workers of 1 for marking
[2025-04-09T17:07:48.512+0000][106][info ][gc,marking  ] GC(26) Concurrent Mark From Roots 100.107ms
[2025-04-09T17:07:48.512+0000][106][info ][gc,marking  ] GC(26) Concurrent Preclean
[2025-04-09T17:07:48.513+0000][106][info ][gc,marking  ] GC(26) Concurrent Preclean 0.587ms
[2025-04-09T17:07:48.513+0000][106][info ][gc,start    ] GC(26) Pause Remark
[2025-04-09T17:07:48.771+0000][106][info ][gc,mmu      ] GC(26) MMU target violated: 201.0ms (200.0ms/201.0ms)
[2025-04-09T17:07:48.771+0000][106][info ][gc          ] GC(26) Pause Remark 149M->149M(1024M) 257.963ms
[2025-04-09T17:07:48.771+0000][106][info ][gc,cpu      ] GC(26) User=0.09s Sys=0.03s Real=0.26s
[2025-04-09T17:07:48.772+0000][106][info ][safepoint   ] Safepoint "G1PauseRemark", Time since last: 111055215 ns, Reaching safepoint: 8706 ns, At safepoint: 258669183 ns, Total: 258677889 ns
[2025-04-09T17:07:48.773+0000][106][info ][gc,marking  ] GC(26) Concurrent Mark 361.777ms
[2025-04-09T17:07:48.773+0000][106][info ][gc,marking  ] GC(26) Concurrent Rebuild Remembered Sets and Scrub Regions
[2025-04-09T17:07:48.830+0000][106][info ][gc,marking  ] GC(26) Concurrent Rebuild Remembered Sets and Scrub Regions 56.636ms
[2025-04-09T17:07:48.831+0000][106][info ][gc,start    ] GC(26) Pause Cleanup
[2025-04-09T17:07:48.831+0000][106][info ][gc          ] GC(26) Pause Cleanup 152M->152M(1024M) 0.712ms
[2025-04-09T17:07:48.832+0000][106][info ][gc,cpu      ] GC(26) User=0.00s Sys=0.00s Real=0.00s
[2025-04-09T17:07:48.832+0000][106][info ][safepoint   ] Safepoint "G1PauseCleanup", Time since last: 58938768 ns, Reaching safepoint: 81407 ns, At safepoint: 1894281 ns, Total: 1975688 ns
[2025-04-09T17:07:48.833+0000][106][info ][gc,marking  ] GC(26) Concurrent Clear Claimed Marks
[2025-04-09T17:07:48.833+0000][106][info ][gc,marking  ] GC(26) Concurrent Clear Claimed Marks 0.548ms
[2025-04-09T17:07:48.834+0000][106][info ][gc,marking  ] GC(26) Concurrent Cleanup for Next Mark
[2025-04-09T17:07:48.848+0000][106][info ][gc,marking  ] GC(26) Concurrent Cleanup for Next Mark 14.271ms
[2025-04-09T17:07:48.848+0000][106][info ][gc          ] GC(26) Concurrent Mark Cycle 446.947ms
[2025-04-09T17:08:01.930+0000][106][info ][gc,start    ] GC(27) Pause Young (Prepare Mixed) (G1 Evacuation Pause)
[2025-04-09T17:08:01.930+0000][106][info ][gc,task     ] GC(27) Using 4 workers of 4 for evacuation
[2025-04-09T17:08:01.931+0000][106][debug][gc,age      ] GC(27) Desired survivor size 41943040 bytes, new threshold 15 (max threshold 15)
[2025-04-09T17:08:01.957+0000][106][info ][gc,phases   ] GC(27)   Pre Evacuate Collection Set: 0.57ms
[2025-04-09T17:08:01.958+0000][106][info ][gc,phases   ] GC(27)   Merge Heap Roots: 0.40ms
[2025-04-09T17:08:01.958+0000][106][info ][gc,phases   ] GC(27)   Evacuate Collection Set: 23.70ms
[2025-04-09T17:08:01.959+0000][106][info ][gc,phases   ] GC(27)   Post Evacuate Collection Set: 1.37ms
[2025-04-09T17:08:01.959+0000][106][info ][gc,phases   ] GC(27)   Other: 0.81ms
[2025-04-09T17:08:01.959+0000][106][trace][gc,age      ] GC(27) Age table:
[2025-04-09T17:08:01.960+0000][106][trace][gc,age      ] GC(27) - age   1:   11023216 bytes,   11023216 total
[2025-04-09T17:08:01.960+0000][106][trace][gc,age      ] GC(27) - age   2:     107136 bytes,   11130352 total
[2025-04-09T17:08:01.960+0000][106][trace][gc,age      ] GC(27) - age   3:    3472280 bytes,   14602632 total
[2025-04-09T17:08:01.961+0000][106][trace][gc,age      ] GC(27) - age   4:   11431112 bytes,   26033744 total
[2025-04-09T17:08:01.961+0000][106][trace][gc,age      ] GC(27) - age   5:    2229488 bytes,   28263232 total
[2025-04-09T17:08:01.961+0000][106][info ][gc,heap     ] GC(27) Eden regions: 147->0(146)
[2025-04-09T17:08:01.961+0000][106][info ][gc,heap     ] GC(27) Survivor regions: 6->7(20)
[2025-04-09T17:08:01.961+0000][106][info ][gc,heap     ] GC(27) Old regions: 25->24
[2025-04-09T17:08:01.961+0000][106][info ][gc,heap     ] GC(27) Humongous regions: 2->2
[2025-04-09T17:08:01.962+0000][106][info ][gc,metaspace] GC(27) Metaspace: 158321K(163520K)->158321K(163520K) NonClass: 136441K(139200K)->136441K(139200K) Class: 21880K(24320K)->21880K(24320K)
[2025-04-09T17:08:01.962+0000][106][info ][gc          ] GC(27) Pause Young (Prepare Mixed) (G1 Evacuation Pause) 717M->128M(1024M) 31.895ms
[2025-04-09T17:08:01.962+0000][106][info ][gc,cpu      ] GC(27) User=0.10s Sys=0.01s Real=0.03s
[2025-04-09T17:08:01.962+0000][106][info ][safepoint   ] Safepoint "G1CollectForAllocation", Time since last: 13097616980 ns, Reaching safepoint: 7806 ns, At safepoint: 32391557 ns, Total: 32399363 ns
[2025-04-09T17:10:42.592+0000][106][info ][gc,start    ] GC(28) Pause Young (Mixed) (G1 Evacuation Pause)
[2025-04-09T17:10:42.594+0000][106][info ][gc,task     ] GC(28) Using 4 workers of 4 for evacuation
[2025-04-09T17:10:42.595+0000][106][debug][gc,age      ] GC(28) Desired survivor size 41943040 bytes, new threshold 15 (max threshold 15)
[2025-04-09T17:10:42.669+0000][106][info ][gc,phases   ] GC(28)   Pre Evacuate Collection Set: 0.84ms
[2025-04-09T17:10:42.669+0000][106][info ][gc,phases   ] GC(28)   Merge Heap Roots: 0.82ms
[2025-04-09T17:10:42.670+0000][106][info ][gc,phases   ] GC(28)   Evacuate Collection Set: 69.67ms
[2025-04-09T17:10:42.670+0000][106][info ][gc,phases   ] GC(28)   Post Evacuate Collection Set: 1.81ms
[2025-04-09T17:10:42.670+0000][106][info ][gc,phases   ] GC(28)   Other: 1.79ms
[2025-04-09T17:10:42.671+0000][106][trace][gc,age      ] GC(28) Age table:
[2025-04-09T17:10:42.671+0000][106][trace][gc,age      ] GC(28) - age   1:    2158608 bytes,    2158608 total
[2025-04-09T17:10:42.671+0000][106][trace][gc,age      ] GC(28) - age   2:    9766592 bytes,   11925200 total
[2025-04-09T17:10:42.671+0000][106][trace][gc,age      ] GC(28) - age   3:     105192 bytes,   12030392 total
[2025-04-09T17:10:42.672+0000][106][trace][gc,age      ] GC(28) - age   4:    3453800 bytes,   15484192 total
[2025-04-09T17:10:42.672+0000][106][trace][gc,age      ] GC(28) - age   5:   10455544 bytes,   25939736 total
[2025-04-09T17:10:42.672+0000][106][trace][gc,age      ] GC(28) - age   6:    2197264 bytes,   28137000 total
[2025-04-09T17:10:42.673+0000][106][info ][gc,heap     ] GC(28) Eden regions: 146->0(145)
[2025-04-09T17:10:42.673+0000][106][info ][gc,heap     ] GC(28) Survivor regions: 7->8(20)
[2025-04-09T17:10:42.673+0000][106][info ][gc,heap     ] GC(28) Old regions: 24->23
[2025-04-09T17:10:42.673+0000][106][info ][gc,heap     ] GC(28) Humongous regions: 2->2
[2025-04-09T17:10:42.674+0000][106][info ][gc,metaspace] GC(28) Metaspace: 160208K(164416K)->160208K(164416K) NonClass: 138298K(140096K)->138298K(140096K) Class: 21910K(24320K)->21910K(24320K)
[2025-04-09T17:10:42.674+0000][106][info ][gc          ] GC(28) Pause Young (Mixed) (G1 Evacuation Pause) 712M->129M(1024M) 81.344ms
[2025-04-09T17:10:42.674+0000][106][info ][gc,cpu      ] GC(28) User=0.24s Sys=0.01s Real=0.08s
[2025-04-09T17:10:42.674+0000][106][info ][safepoint   ] Safepoint "G1CollectForAllocation", Time since last: 146474328000 ns, Reaching safepoint: 38290 ns, At safepoint: 81726503 ns, Total: 81764793 ns
[2025-04-09T17:13:16.779+0000][106][info ][gc,start    ] GC(29) Pause Young (Normal) (G1 Evacuation Pause)
[2025-04-09T17:13:16.780+0000][106][info ][gc,task     ] GC(29) Using 4 workers of 4 for evacuation
[2025-04-09T17:13:16.781+0000][106][debug][gc,age      ] GC(29) Desired survivor size 41943040 bytes, new threshold 15 (max threshold 15)
[2025-04-09T17:13:16.804+0000][106][info ][gc,phases   ] GC(29)   Pre Evacuate Collection Set: 1.21ms
[2025-04-09T17:13:16.806+0000][106][info ][gc,phases   ] GC(29)   Merge Heap Roots: 0.42ms
[2025-04-09T17:13:16.807+0000][106][info ][gc,phases   ] GC(29)   Evacuate Collection Set: 18.52ms
[2025-04-09T17:13:16.808+0000][106][info ][gc,phases   ] GC(29)   Post Evacuate Collection Set: 2.04ms
[2025-04-09T17:13:16.809+0000][106][info ][gc,phases   ] GC(29)   Other: 1.92ms
[2025-04-09T17:13:16.810+0000][106][trace][gc,age      ] GC(29) Age table:
[2025-04-09T17:13:16.811+0000][106][trace][gc,age      ] GC(29) - age   1:    4208976 bytes,    4208976 total
[2025-04-09T17:13:16.812+0000][106][trace][gc,age      ] GC(29) - age   2:     907864 bytes,    5116840 total
[2025-04-09T17:13:16.814+0000][106][trace][gc,age      ] GC(29) - age   3:    9735520 bytes,   14852360 total
[2025-04-09T17:13:16.814+0000][106][trace][gc,age      ] GC(29) - age   4:     104144 bytes,   14956504 total
[2025-04-09T17:13:16.816+0000][106][trace][gc,age      ] GC(29) - age   5:    3358848 bytes,   18315352 total
[2025-04-09T17:13:16.820+0000][106][trace][gc,age      ] GC(29) - age   6:   10401512 bytes,   28716864 total
[2025-04-09T17:13:16.821+0000][106][trace][gc,age      ] GC(29) - age   7:    2197080 bytes,   30913944 total
[2025-04-09T17:13:16.825+0000][106][info ][gc,heap     ] GC(29) Eden regions: 145->0(145)
[2025-04-09T17:13:16.826+0000][106][info ][gc,heap     ] GC(29) Survivor regions: 8->8(20)
[2025-04-09T17:13:16.829+0000][106][info ][gc,heap     ] GC(29) Old regions: 23->23
[2025-04-09T17:13:16.831+0000][106][info ][gc,heap     ] GC(29) Humongous regions: 2->2
[2025-04-09T17:13:16.834+0000][106][info ][gc,metaspace] GC(29) Metaspace: 162705K(166400K)->162705K(166400K) NonClass: 140388K(142080K)->140388K(142080K) Class: 22317K(24320K)->22317K(24320K)
[2025-04-09T17:13:16.836+0000][106][info ][gc          ] GC(29) Pause Young (Normal) (G1 Evacuation Pause) 709M->130M(1024M) 57.045ms
[2025-04-09T17:13:16.837+0000][106][info ][gc,cpu      ] GC(29) User=0.10s Sys=0.00s Real=0.06s
[2025-04-09T17:13:16.840+0000][106][info ][safepoint   ] Safepoint "G1CollectForAllocation", Time since last: 139899632419 ns, Reaching safepoint: 34998 ns, At safepoint: 61315140 ns, Total: 61350138 ns
[2025-04-09T17:16:43.522+0000][106][info ][gc,start    ] GC(30) Pause Young (Normal) (G1 Evacuation Pause)
[2025-04-09T17:16:43.523+0000][106][info ][gc,task     ] GC(30) Using 4 workers of 4 for evacuation
[2025-04-09T17:16:43.523+0000][106][debug][gc,age      ] GC(30) Desired survivor size 41943040 bytes, new threshold 15 (max threshold 15)
[2025-04-09T17:16:43.565+0000][106][info ][gc,phases   ] GC(30)   Pre Evacuate Collection Set: 1.38ms
[2025-04-09T17:16:43.566+0000][106][info ][gc,phases   ] GC(30)   Merge Heap Roots: 0.77ms
[2025-04-09T17:16:43.567+0000][106][info ][gc,phases   ] GC(30)   Evacuate Collection Set: 35.17ms
[2025-04-09T17:16:43.567+0000][106][info ][gc,phases   ] GC(30)   Post Evacuate Collection Set: 3.40ms
[2025-04-09T17:16:43.568+0000][106][info ][gc,phases   ] GC(30)   Other: 1.78ms
[2025-04-09T17:16:43.568+0000][106][trace][gc,age      ] GC(30) Age table:
[2025-04-09T17:16:43.569+0000][106][trace][gc,age      ] GC(30) - age   1:    1024576 bytes,    1024576 total
[2025-04-09T17:16:43.569+0000][106][trace][gc,age      ] GC(30) - age   2:    1896456 bytes,    2921032 total
[2025-04-09T17:16:43.570+0000][106][trace][gc,age      ] GC(30) - age   3:     782472 bytes,    3703504 total
[2025-04-09T17:16:43.570+0000][106][trace][gc,age      ] GC(30) - age   4:    9496208 bytes,   13199712 total
[2025-04-09T17:16:43.570+0000][106][trace][gc,age      ] GC(30) - age   5:     104144 bytes,   13303856 total
[2025-04-09T17:16:43.571+0000][106][trace][gc,age      ] GC(30) - age   6:    3178104 bytes,   16481960 total
[2025-04-09T17:16:43.571+0000][106][trace][gc,age      ] GC(30) - age   7:   10317384 bytes,   26799344 total
[2025-04-09T17:16:43.572+0000][106][trace][gc,age      ] GC(30) - age   8:    2194120 bytes,   28993464 total
[2025-04-09T17:16:43.572+0000][106][info ][gc,heap     ] GC(30) Eden regions: 145->0(145)
[2025-04-09T17:16:43.572+0000][106][info ][gc,heap     ] GC(30) Survivor regions: 8->8(20)
[2025-04-09T17:16:43.572+0000][106][info ][gc,heap     ] GC(30) Old regions: 23->23
[2025-04-09T17:16:43.573+0000][106][info ][gc,heap     ] GC(30) Humongous regions: 2->2
[2025-04-09T17:16:43.573+0000][106][info ][gc,metaspace] GC(30) Metaspace: 163269K(166912K)->163269K(166912K) NonClass: 140916K(142592K)->140916K(142592K) Class: 22353K(24320K)->22353K(24320K)
[2025-04-09T17:16:43.573+0000][106][info ][gc          ] GC(30) Pause Young (Normal) (G1 Evacuation Pause) 710M->128M(1024M) 50.755ms
[2025-04-09T17:16:43.573+0000][106][info ][gc,cpu      ] GC(30) User=0.16s Sys=0.00s Real=0.05s
[2025-04-09T17:16:43.573+0000][106][info ][safepoint   ] Safepoint "G1CollectForAllocation", Time since last: 189885837033 ns, Reaching safepoint: 12198 ns, At safepoint: 51267060 ns, Total: 51279258 ns
[2025-04-09T17:20:03.402+0000][106][info ][gc,start    ] GC(31) Pause Young (Normal) (G1 Evacuation Pause)
[2025-04-09T17:20:03.402+0000][106][info ][gc,task     ] GC(31) Using 4 workers of 4 for evacuation
[2025-04-09T17:20:03.403+0000][106][debug][gc,age      ] GC(31) Desired survivor size 41943040 bytes, new threshold 15 (max threshold 15)
[2025-04-09T17:20:03.425+0000][106][info ][gc,phases   ] GC(31)   Pre Evacuate Collection Set: 0.14ms
[2025-04-09T17:20:03.425+0000][106][info ][gc,phases   ] GC(31)   Merge Heap Roots: 0.07ms
[2025-04-09T17:20:03.425+0000][106][info ][gc,phases   ] GC(31)   Evacuate Collection Set: 20.01ms
[2025-04-09T17:20:03.425+0000][106][info ][gc,phases   ] GC(31)   Post Evacuate Collection Set: 1.34ms
[2025-04-09T17:20:03.426+0000][106][info ][gc,phases   ] GC(31)   Other: 1.01ms
[2025-04-09T17:20:03.426+0000][106][trace][gc,age      ] GC(31) Age table:
[2025-04-09T17:20:03.426+0000][106][trace][gc,age      ] GC(31) - age   1:     871952 bytes,     871952 total
[2025-04-09T17:20:03.426+0000][106][trace][gc,age      ] GC(31) - age   2:     218040 bytes,    1089992 total
[2025-04-09T17:20:03.426+0000][106][trace][gc,age      ] GC(31) - age   3:    1818136 bytes,    2908128 total
[2025-04-09T17:20:03.427+0000][106][trace][gc,age      ] GC(31) - age   4:     780040 bytes,    3688168 total
[2025-04-09T17:20:03.427+0000][106][trace][gc,age      ] GC(31) - age   5:    9470424 bytes,   13158592 total
[2025-04-09T17:20:03.427+0000][106][trace][gc,age      ] GC(31) - age   6:     104144 bytes,   13262736 total
[2025-04-09T17:20:03.427+0000][106][trace][gc,age      ] GC(31) - age   7:    3176960 bytes,   16439696 total
[2025-04-09T17:20:03.427+0000][106][trace][gc,age      ] GC(31) - age   8:   10315360 bytes,   26755056 total
[2025-04-09T17:20:03.427+0000][106][trace][gc,age      ] GC(31) - age   9:    2194080 bytes,   28949136 total
[2025-04-09T17:20:03.427+0000][106][info ][gc,heap     ] GC(31) Eden regions: 145->0(145)
[2025-04-09T17:20:03.428+0000][106][info ][gc,heap     ] GC(31) Survivor regions: 8->8(20)
[2025-04-09T17:20:03.428+0000][106][info ][gc,heap     ] GC(31) Old regions: 23->23
[2025-04-09T17:20:03.428+0000][106][info ][gc,heap     ] GC(31) Humongous regions: 2->2
[2025-04-09T17:20:03.428+0000][106][info ][gc,metaspace] GC(31) Metaspace: 163549K(167168K)->163549K(167168K) NonClass: 141194K(142848K)->141194K(142848K) Class: 22354K(24320K)->22354K(24320K)
[2025-04-09T17:20:03.428+0000][106][info ][gc          ] GC(31) Pause Young (Normal) (G1 Evacuation Pause) 708M->131M(1024M) 26.106ms
[2025-04-09T17:20:03.428+0000][106][info ][gc,cpu      ] GC(31) User=0.09s Sys=0.00s Real=0.02s
[2025-04-09T17:20:03.428+0000][106][info ][safepoint   ] Safepoint "G1CollectForAllocation", Time since last: 182792655793 ns, Reaching safepoint: 281102 ns, At safepoint: 26408439 ns, Total: 26689541 ns
[2025-04-09T17:23:46.780+0000][106][info ][gc,start    ] GC(32) Pause Young (Normal) (G1 Evacuation Pause)
[2025-04-09T17:23:46.782+0000][106][info ][gc,task     ] GC(32) Using 4 workers of 4 for evacuation
[2025-04-09T17:23:46.783+0000][106][debug][gc,age      ] GC(32) Desired survivor size 41943040 bytes, new threshold 15 (max threshold 15)
[2025-04-09T17:23:46.811+0000][106][info ][gc,phases   ] GC(32)   Pre Evacuate Collection Set: 1.50ms
[2025-04-09T17:23:46.812+0000][106][info ][gc,phases   ] GC(32)   Merge Heap Roots: 0.82ms
[2025-04-09T17:23:46.813+0000][106][info ][gc,phases   ] GC(32)   Evacuate Collection Set: 22.45ms
[2025-04-09T17:23:46.813+0000][106][info ][gc,phases   ] GC(32)   Post Evacuate Collection Set: 1.68ms
[2025-04-09T17:23:46.814+0000][106][info ][gc,phases   ] GC(32)   Other: 2.82ms
[2025-04-09T17:23:46.814+0000][106][trace][gc,age      ] GC(32) Age table:
[2025-04-09T17:23:46.815+0000][106][trace][gc,age      ] GC(32) - age   1:     909560 bytes,     909560 total
[2025-04-09T17:23:46.815+0000][106][trace][gc,age      ] GC(32) - age   2:     183592 bytes,    1093152 total
[2025-04-09T17:23:46.816+0000][106][trace][gc,age      ] GC(32) - age   3:     217168 bytes,    1310320 total
[2025-04-09T17:23:46.816+0000][106][trace][gc,age      ] GC(32) - age   4:    1817824 bytes,    3128144 total
[2025-04-09T17:23:46.816+0000][106][trace][gc,age      ] GC(32) - age   5:     779784 bytes,    3907928 total
[2025-04-09T17:23:46.817+0000][106][trace][gc,age      ] GC(32) - age   6:    9470424 bytes,   13378352 total
[2025-04-09T17:23:46.817+0000][106][trace][gc,age      ] GC(32) - age   7:     104144 bytes,   13482496 total
[2025-04-09T17:23:46.817+0000][106][trace][gc,age      ] GC(32) - age   8:    3175440 bytes,   16657936 total
[2025-04-09T17:23:46.817+0000][106][trace][gc,age      ] GC(32) - age   9:   10315360 bytes,   26973296 total
[2025-04-09T17:23:46.818+0000][106][trace][gc,age      ] GC(32) - age  10:    2193528 bytes,   29166824 total
[2025-04-09T17:23:46.818+0000][106][info ][gc,heap     ] GC(32) Eden regions: 145->0(145)
[2025-04-09T17:23:46.818+0000][106][info ][gc,heap     ] GC(32) Survivor regions: 8->8(20)
[2025-04-09T17:23:46.819+0000][106][info ][gc,heap     ] GC(32) Old regions: 23->23
[2025-04-09T17:23:46.819+0000][106][info ][gc,heap     ] GC(32) Humongous regions: 2->2
[2025-04-09T17:23:46.820+0000][106][info ][gc,metaspace] GC(32) Metaspace: 163741K(167360K)->163741K(167360K) NonClass: 141387K(143040K)->141387K(143040K) Class: 22354K(24320K)->22354K(24320K)
[2025-04-09T17:23:46.820+0000][106][info ][gc          ] GC(32) Pause Young (Normal) (G1 Evacuation Pause) 711M->130M(1024M) 40.152ms
[2025-04-09T17:23:46.821+0000][106][info ][gc,cpu      ] GC(32) User=0.11s Sys=0.01s Real=0.04s
[2025-04-09T17:23:46.821+0000][106][info ][safepoint   ] Safepoint "G1CollectForAllocation", Time since last: 203369124056 ns, Reaching safepoint: 107921 ns, At safepoint: 41208714 ns, Total: 41316635 ns
[2025-04-09T17:27:24.692+0000][106][info ][gc,start    ] GC(33) Pause Young (Normal) (G1 Evacuation Pause)
[2025-04-09T17:27:24.693+0000][106][info ][gc,task     ] GC(33) Using 4 workers of 4 for evacuation
[2025-04-09T17:27:24.693+0000][106][debug][gc,age      ] GC(33) Desired survivor size 41943040 bytes, new threshold 15 (max threshold 15)
[2025-04-09T17:27:24.716+0000][106][info ][gc,phases   ] GC(33)   Pre Evacuate Collection Set: 0.25ms
[2025-04-09T17:27:24.717+0000][106][info ][gc,phases   ] GC(33)   Merge Heap Roots: 0.11ms
[2025-04-09T17:27:24.717+0000][106][info ][gc,phases   ] GC(33)   Evacuate Collection Set: 20.45ms
[2025-04-09T17:27:24.717+0000][106][info ][gc,phases   ] GC(33)   Post Evacuate Collection Set: 1.79ms
[2025-04-09T17:27:24.718+0000][106][info ][gc,phases   ] GC(33)   Other: 0.67ms
[2025-04-09T17:27:24.718+0000][106][trace][gc,age      ] GC(33) Age table:
[2025-04-09T17:27:24.718+0000][106][trace][gc,age      ] GC(33) - age   1:     542168 bytes,     542168 total
[2025-04-09T17:27:24.718+0000][106][trace][gc,age      ] GC(33) - age   2:     239768 bytes,     781936 total
[2025-04-09T17:27:24.718+0000][106][trace][gc,age      ] GC(33) - age   3:     171704 bytes,     953640 total
[2025-04-09T17:27:24.719+0000][106][trace][gc,age      ] GC(33) - age   4:     217168 bytes,    1170808 total
[2025-04-09T17:27:24.719+0000][106][trace][gc,age      ] GC(33) - age   5:    1771328 bytes,    2942136 total
[2025-04-09T17:27:24.719+0000][106][trace][gc,age      ] GC(33) - age   6:     779784 bytes,    3721920 total
[2025-04-09T17:27:24.719+0000][106][trace][gc,age      ] GC(33) - age   7:    9470424 bytes,   13192344 total
[2025-04-09T17:27:24.719+0000][106][trace][gc,age      ] GC(33) - age   8:     104144 bytes,   13296488 total
[2025-04-09T17:27:24.720+0000][106][trace][gc,age      ] GC(33) - age   9:    3175440 bytes,   16471928 total
[2025-04-09T17:27:24.720+0000][106][trace][gc,age      ] GC(33) - age  10:   10315360 bytes,   26787288 total
[2025-04-09T17:27:24.720+0000][106][trace][gc,age      ] GC(33) - age  11:    2193528 bytes,   28980816 total
[2025-04-09T17:27:24.720+0000][106][info ][gc,heap     ] GC(33) Eden regions: 145->0(145)
[2025-04-09T17:27:24.720+0000][106][info ][gc,heap     ] GC(33) Survivor regions: 8->8(20)
[2025-04-09T17:27:24.720+0000][106][info ][gc,heap     ] GC(33) Old regions: 23->23
[2025-04-09T17:27:24.721+0000][106][info ][gc,heap     ] GC(33) Humongous regions: 2->2
[2025-04-09T17:27:24.721+0000][106][info ][gc,metaspace] GC(33) Metaspace: 163931K(167616K)->163931K(167616K) NonClass: 141577K(143296K)->141577K(143296K) Class: 22354K(24320K)->22354K(24320K)
[2025-04-09T17:27:24.721+0000][106][info ][gc          ] GC(33) Pause Young (Normal) (G1 Evacuation Pause) 710M->131M(1024M) 28.433ms
[2025-04-09T17:27:24.721+0000][106][info ][gc,cpu      ] GC(33) User=0.09s Sys=0.00s Real=0.03s
[2025-04-09T17:27:24.721+0000][106][info ][safepoint   ] Safepoint "G1CollectForAllocation", Time since last: 200801061401 ns, Reaching safepoint: 31500 ns, At safepoint: 28953820 ns, Total: 28985320 ns
[2025-04-09T17:29:57.644+0000][106][info ][gc,start    ] GC(34) Pause Young (Concurrent Start) (CodeCache GC Threshold)
[2025-04-09T17:29:57.644+0000][106][info ][gc,task     ] GC(34) Using 4 workers of 4 for evacuation
[2025-04-09T17:29:57.645+0000][106][debug][gc,age      ] GC(34) Desired survivor size 41943040 bytes, new threshold 15 (max threshold 15)
[2025-04-09T17:29:57.674+0000][106][info ][gc,phases   ] GC(34)   Pre Evacuate Collection Set: 0.33ms
[2025-04-09T17:29:57.675+0000][106][info ][gc,phases   ] GC(34)   Merge Heap Roots: 0.08ms
[2025-04-09T17:29:57.675+0000][106][info ][gc,phases   ] GC(34)   Evacuate Collection Set: 26.21ms
[2025-04-09T17:29:57.676+0000][106][info ][gc,phases   ] GC(34)   Post Evacuate Collection Set: 2.13ms
[2025-04-09T17:29:57.676+0000][106][info ][gc,phases   ] GC(34)   Other: 1.08ms
[2025-04-09T17:29:57.677+0000][106][trace][gc,age      ] GC(34) Age table:
[2025-04-09T17:29:57.677+0000][106][trace][gc,age      ] GC(34) - age   1:     973872 bytes,     973872 total
[2025-04-09T17:29:57.677+0000][106][trace][gc,age      ] GC(34) - age   2:      25416 bytes,     999288 total
[2025-04-09T17:29:57.677+0000][106][trace][gc,age      ] GC(34) - age   3:      62888 bytes,    1062176 total
[2025-04-09T17:29:57.677+0000][106][trace][gc,age      ] GC(34) - age   4:     165960 bytes,    1228136 total
[2025-04-09T17:29:57.678+0000][106][trace][gc,age      ] GC(34) - age   5:     214800 bytes,    1442936 total
[2025-04-09T17:29:57.678+0000][106][trace][gc,age      ] GC(34) - age   6:    1589720 bytes,    3032656 total
[2025-04-09T17:29:57.678+0000][106][trace][gc,age      ] GC(34) - age   7:     778952 bytes,    3811608 total
[2025-04-09T17:29:57.678+0000][106][trace][gc,age      ] GC(34) - age   8:    9303712 bytes,   13115320 total
[2025-04-09T17:29:57.679+0000][106][trace][gc,age      ] GC(34) - age   9:     100592 bytes,   13215912 total
[2025-04-09T17:29:57.679+0000][106][trace][gc,age      ] GC(34) - age  10:    3061536 bytes,   16277448 total
[2025-04-09T17:29:57.679+0000][106][trace][gc,age      ] GC(34) - age  11:   10217168 bytes,   26494616 total
[2025-04-09T17:29:57.679+0000][106][trace][gc,age      ] GC(34) - age  12:    2183328 bytes,   28677944 total
[2025-04-09T17:29:57.680+0000][106][info ][gc,heap     ] GC(34) Eden regions: 114->0(145)
[2025-04-09T17:29:57.680+0000][106][info ][gc,heap     ] GC(34) Survivor regions: 8->8(20)
[2025-04-09T17:29:57.680+0000][106][info ][gc,heap     ] GC(34) Old regions: 23->23
[2025-04-09T17:29:57.680+0000][106][info ][gc,heap     ] GC(34) Humongous regions: 2->2
[2025-04-09T17:29:57.681+0000][106][info ][gc,metaspace] GC(34) Metaspace: 164188K(167808K)->164188K(167808K) NonClass: 141827K(143488K)->141827K(143488K) Class: 22360K(24320K)->22360K(24320K)
[2025-04-09T17:29:57.681+0000][106][info ][gc          ] GC(34) Pause Young (Concurrent Start) (CodeCache GC Threshold) 583M->128M(1024M) 37.137ms
[2025-04-09T17:29:57.681+0000][106][info ][gc,cpu      ] GC(34) User=0.12s Sys=0.00s Real=0.03s
[2025-04-09T17:29:57.681+0000][106][info ][gc          ] GC(35) Concurrent Mark Cycle
[2025-04-09T17:29:57.682+0000][106][info ][safepoint   ] Safepoint "G1TryInitiateConcMark", Time since last: 138623631298 ns, Reaching safepoint: 49758 ns, At safepoint: 37649601 ns, Total: 37699359 ns
[2025-04-09T17:29:57.682+0000][106][info ][gc,marking  ] GC(35) Concurrent Scan Root Regions
[2025-04-09T17:29:57.701+0000][106][info ][gc,marking  ] GC(35) Concurrent Scan Root Regions 19.350ms
[2025-04-09T17:29:57.701+0000][106][info ][gc,marking  ] GC(35) Concurrent Mark
[2025-04-09T17:29:57.702+0000][106][info ][gc,marking  ] GC(35) Concurrent Mark From Roots
[2025-04-09T17:29:57.702+0000][106][info ][gc,task     ] GC(35) Using 1 workers of 1 for marking
[2025-04-09T17:29:57.761+0000][106][info ][gc,marking  ] GC(35) Concurrent Mark From Roots 59.721ms
[2025-04-09T17:29:57.762+0000][106][info ][gc,marking  ] GC(35) Concurrent Preclean
[2025-04-09T17:29:57.763+0000][106][info ][gc,marking  ] GC(35) Concurrent Preclean 0.606ms
[2025-04-09T17:29:57.763+0000][106][info ][gc,start    ] GC(35) Pause Remark
[2025-04-09T17:29:57.799+0000][106][info ][gc          ] GC(35) Pause Remark 134M->134M(1024M) 36.023ms
[2025-04-09T17:29:57.799+0000][106][info ][gc,cpu      ] GC(35) User=0.08s Sys=0.01s Real=0.04s
[2025-04-09T17:29:57.800+0000][106][info ][safepoint   ] Safepoint "G1PauseRemark", Time since last: 81529752 ns, Reaching safepoint: 15715 ns, At safepoint: 36655905 ns, Total: 36671620 ns
[2025-04-09T17:29:57.800+0000][106][info ][gc,marking  ] GC(35) Concurrent Mark 98.743ms
[2025-04-09T17:29:57.801+0000][106][info ][gc,marking  ] GC(35) Concurrent Rebuild Remembered Sets and Scrub Regions
[2025-04-09T17:29:57.824+0000][106][info ][gc,marking  ] GC(35) Concurrent Rebuild Remembered Sets and Scrub Regions 23.734ms
[2025-04-09T17:29:57.825+0000][106][info ][gc,start    ] GC(35) Pause Cleanup
[2025-04-09T17:29:57.826+0000][106][info ][gc          ] GC(35) Pause Cleanup 134M->134M(1024M) 0.599ms
[2025-04-09T17:29:57.826+0000][106][info ][gc,cpu      ] GC(35) User=0.00s Sys=0.00s Real=0.00s
[2025-04-09T17:29:57.827+0000][106][info ][safepoint   ] Safepoint "G1PauseCleanup", Time since last: 25306631 ns, Reaching safepoint: 8019 ns, At safepoint: 1944709 ns, Total: 1952728 ns
[2025-04-09T17:29:57.828+0000][106][info ][gc,marking  ] GC(35) Concurrent Clear Claimed Marks
[2025-04-09T17:29:57.829+0000][106][info ][gc,marking  ] GC(35) Concurrent Clear Claimed Marks 0.795ms
[2025-04-09T17:29:57.829+0000][106][info ][gc,marking  ] GC(35) Concurrent Cleanup for Next Mark
[2025-04-09T17:29:57.832+0000][106][info ][gc,marking  ] GC(35) Concurrent Cleanup for Next Mark 3.086ms
[2025-04-09T17:29:57.833+0000][106][info ][gc          ] GC(35) Concurrent Mark Cycle 151.974ms
[2025-04-09T17:33:29.406+0000][106][info ][gc,start    ] GC(36) Pause Young (Prepare Mixed) (G1 Evacuation Pause)
[2025-04-09T17:33:29.406+0000][106][info ][gc,task     ] GC(36) Using 4 workers of 4 for evacuation
[2025-04-09T17:33:29.407+0000][106][debug][gc,age      ] GC(36) Desired survivor size 41943040 bytes, new threshold 15 (max threshold 15)
[2025-04-09T17:33:29.420+0000][106][info ][gc,phases   ] GC(36)   Pre Evacuate Collection Set: 0.20ms
[2025-04-09T17:33:29.421+0000][106][info ][gc,phases   ] GC(36)   Merge Heap Roots: 0.09ms
[2025-04-09T17:33:29.421+0000][106][info ][gc,phases   ] GC(36)   Evacuate Collection Set: 11.60ms
[2025-04-09T17:33:29.421+0000][106][info ][gc,phases   ] GC(36)   Post Evacuate Collection Set: 1.71ms
[2025-04-09T17:33:29.421+0000][106][info ][gc,phases   ] GC(36)   Other: 0.50ms
[2025-04-09T17:33:29.421+0000][106][trace][gc,age      ] GC(36) Age table:
[2025-04-09T17:33:29.421+0000][106][trace][gc,age      ] GC(36) - age   1:    1111400 bytes,    1111400 total
[2025-04-09T17:33:29.422+0000][106][trace][gc,age      ] GC(36) - age   2:      33976 bytes,    1145376 total
[2025-04-09T17:33:29.422+0000][106][trace][gc,age      ] GC(36) - age   3:      24464 bytes,    1169840 total
[2025-04-09T17:33:29.422+0000][106][trace][gc,age      ] GC(36) - age   4:      61928 bytes,    1231768 total
[2025-04-09T17:33:29.422+0000][106][trace][gc,age      ] GC(36) - age   5:     165960 bytes,    1397728 total
[2025-04-09T17:33:29.422+0000][106][trace][gc,age      ] GC(36) - age   6:     214224 bytes,    1611952 total
[2025-04-09T17:33:29.422+0000][106][trace][gc,age      ] GC(36) - age   7:    1589088 bytes,    3201040 total
[2025-04-09T17:33:29.422+0000][106][trace][gc,age      ] GC(36) - age   8:     776408 bytes,    3977448 total
[2025-04-09T17:33:29.423+0000][106][trace][gc,age      ] GC(36) - age   9:    9276840 bytes,   13254288 total
[2025-04-09T17:33:29.423+0000][106][trace][gc,age      ] GC(36) - age  10:      99328 bytes,   13353616 total
[2025-04-09T17:33:29.423+0000][106][trace][gc,age      ] GC(36) - age  11:    3061448 bytes,   16415064 total
[2025-04-09T17:33:29.423+0000][106][trace][gc,age      ] GC(36) - age  12:   10168304 bytes,   26583368 total
[2025-04-09T17:33:29.423+0000][106][trace][gc,age      ] GC(36) - age  13:    2165968 bytes,   28749336 total
[2025-04-09T17:33:29.423+0000][106][info ][gc,heap     ] GC(36) Eden regions: 145->0(145)
[2025-04-09T17:33:29.423+0000][106][info ][gc,heap     ] GC(36) Survivor regions: 8->8(20)
[2025-04-09T17:33:29.423+0000][106][info ][gc,heap     ] GC(36) Old regions: 23->23
[2025-04-09T17:33:29.424+0000][106][info ][gc,heap     ] GC(36) Humongous regions: 2->2
[2025-04-09T17:33:29.424+0000][106][info ][gc,metaspace] GC(36) Metaspace: 164234K(167936K)->164234K(167936K) NonClass: 141904K(143616K)->141904K(143616K) Class: 22329K(24320K)->22329K(24320K)
[2025-04-09T17:33:29.424+0000][106][info ][gc          ] GC(36) Pause Young (Prepare Mixed) (G1 Evacuation Pause) 708M->130M(1024M) 17.793ms
[2025-04-09T17:33:29.424+0000][106][info ][gc,cpu      ] GC(36) User=0.05s Sys=0.00s Real=0.02s
[2025-04-09T17:33:29.424+0000][106][info ][safepoint   ] Safepoint "G1CollectForAllocation", Time since last: 191620510410 ns, Reaching safepoint: 8737 ns, At safepoint: 18182700 ns, Total: 18191437 ns
[2025-04-09T17:36:38.905+0000][106][info ][gc,start    ] GC(37) Pause Young (Mixed) (G1 Evacuation Pause)
[2025-04-09T17:36:38.906+0000][106][info ][gc,task     ] GC(37) Using 4 workers of 4 for evacuation
[2025-04-09T17:36:38.906+0000][106][debug][gc,age      ] GC(37) Desired survivor size 41943040 bytes, new threshold 15 (max threshold 15)
[2025-04-09T17:36:38.920+0000][106][info ][gc,phases   ] GC(37)   Pre Evacuate Collection Set: 0.26ms
[2025-04-09T17:36:38.922+0000][106][info ][gc,phases   ] GC(37)   Merge Heap Roots: 0.11ms
[2025-04-09T17:36:38.923+0000][106][info ][gc,phases   ] GC(37)   Evacuate Collection Set: 11.12ms
[2025-04-09T17:36:38.924+0000][106][info ][gc,phases   ] GC(37)   Post Evacuate Collection Set: 2.02ms
[2025-04-09T17:36:38.925+0000][106][info ][gc,phases   ] GC(37)   Other: 0.98ms
[2025-04-09T17:36:38.926+0000][106][trace][gc,age      ] GC(37) Age table:
[2025-04-09T17:36:38.927+0000][106][trace][gc,age      ] GC(37) - age   1:    7322632 bytes,    7322632 total
[2025-04-09T17:36:38.928+0000][106][trace][gc,age      ] GC(37) - age   2:     252832 bytes,    7575464 total
[2025-04-09T17:36:38.929+0000][106][trace][gc,age      ] GC(37) - age   3:      32992 bytes,    7608456 total
[2025-04-09T17:36:38.930+0000][106][trace][gc,age      ] GC(37) - age   4:      13440 bytes,    7621896 total
[2025-04-09T17:36:38.931+0000][106][trace][gc,age      ] GC(37) - age   5:      61928 bytes,    7683824 total
[2025-04-09T17:36:38.932+0000][106][trace][gc,age      ] GC(37) - age   6:     149808 bytes,    7833632 total
[2025-04-09T17:36:38.933+0000][106][trace][gc,age      ] GC(37) - age   7:     214160 bytes,    8047792 total
[2025-04-09T17:36:38.934+0000][106][trace][gc,age      ] GC(37) - age   8:    1588328 bytes,    9636120 total
[2025-04-09T17:36:38.934+0000][106][trace][gc,age      ] GC(37) - age   9:     776408 bytes,   10412528 total
[2025-04-09T17:36:38.935+0000][106][trace][gc,age      ] GC(37) - age  10:    9276712 bytes,   19689240 total
[2025-04-09T17:36:38.936+0000][106][trace][gc,age      ] GC(37) - age  11:      99328 bytes,   19788568 total
[2025-04-09T17:36:38.937+0000][106][trace][gc,age      ] GC(37) - age  12:    3045232 bytes,   22833800 total
[2025-04-09T17:36:38.938+0000][106][trace][gc,age      ] GC(37) - age  13:   10166064 bytes,   32999864 total
[2025-04-09T17:36:38.939+0000][106][trace][gc,age      ] GC(37) - age  14:    2165808 bytes,   35165672 total
[2025-04-09T17:36:38.940+0000][106][info ][gc,heap     ] GC(37) Eden regions: 145->0(143)
[2025-04-09T17:36:38.940+0000][106][info ][gc,heap     ] GC(37) Survivor regions: 8->10(20)
[2025-04-09T17:36:38.941+0000][106][info ][gc,heap     ] GC(37) Old regions: 23->23
[2025-04-09T17:36:38.942+0000][106][info ][gc,heap     ] GC(37) Humongous regions: 2->2
[2025-04-09T17:36:38.943+0000][106][info ][gc,metaspace] GC(37) Metaspace: 164464K(168064K)->164464K(168064K) NonClass: 142099K(143744K)->142099K(143744K) Class: 22364K(24320K)->22364K(24320K)
[2025-04-09T17:36:38.943+0000][106][info ][gc          ] GC(37) Pause Young (Mixed) (G1 Evacuation Pause) 710M->134M(1024M) 38.505ms
[2025-04-09T17:36:38.944+0000][106][info ][gc,cpu      ] GC(37) User=0.05s Sys=0.00s Real=0.04s
[2025-04-09T17:36:38.945+0000][106][info ][safepoint   ] Safepoint "G1CollectForAllocation", Time since last: 175223712787 ns, Reaching safepoint: 8569 ns, At safepoint: 40357842 ns, Total: 40366411 ns
[2025-04-09T17:36:38.953+0000][106][info ][gc,start    ] GC(38) Pause Young (Concurrent Start) (G1 Humongous Allocation)
[2025-04-09T17:36:38.954+0000][106][info ][gc,task     ] GC(38) Using 4 workers of 4 for evacuation
[2025-04-09T17:36:38.955+0000][106][debug][gc,age      ] GC(38) Desired survivor size 41943040 bytes, new threshold 15 (max threshold 15)
[2025-04-09T17:36:38.982+0000][106][info ][gc,phases   ] GC(38)   Pre Evacuate Collection Set: 0.46ms
[2025-04-09T17:36:38.982+0000][106][info ][gc,phases   ] GC(38)   Merge Heap Roots: 0.22ms
[2025-04-09T17:36:38.983+0000][106][info ][gc,phases   ] GC(38)   Evacuate Collection Set: 23.17ms
[2025-04-09T17:36:38.984+0000][106][info ][gc,phases   ] GC(38)   Post Evacuate Collection Set: 1.83ms
[2025-04-09T17:36:38.985+0000][106][info ][gc,phases   ] GC(38)   Other: 1.64ms
[2025-04-09T17:36:38.987+0000][106][trace][gc,age      ] GC(38) Age table:
[2025-04-09T17:36:38.988+0000][106][trace][gc,age      ] GC(38) - age   1:    3544280 bytes,    3544280 total
[2025-04-09T17:36:38.989+0000][106][trace][gc,age      ] GC(38) - age   2:    7309096 bytes,   10853376 total
[2025-04-09T17:36:38.990+0000][106][trace][gc,age      ] GC(38) - age   3:     252832 bytes,   11106208 total
[2025-04-09T17:36:38.991+0000][106][trace][gc,age      ] GC(38) - age   4:      32960 bytes,   11139168 total
[2025-04-09T17:36:38.992+0000][106][trace][gc,age      ] GC(38) - age   5:      13440 bytes,   11152608 total
[2025-04-09T17:36:38.993+0000][106][trace][gc,age      ] GC(38) - age   6:      37760 bytes,   11190368 total
[2025-04-09T17:36:38.994+0000][106][trace][gc,age      ] GC(38) - age   7:     149808 bytes,   11340176 total
[2025-04-09T17:36:38.994+0000][106][trace][gc,age      ] GC(38) - age   8:     214160 bytes,   11554336 total
[2025-04-09T17:36:38.995+0000][106][trace][gc,age      ] GC(38) - age   9:    1588328 bytes,   13142664 total
[2025-04-09T17:36:38.995+0000][106][trace][gc,age      ] GC(38) - age  10:     776408 bytes,   13919072 total
[2025-04-09T17:36:38.997+0000][106][trace][gc,age      ] GC(38) - age  11:    9260560 bytes,   23179632 total
[2025-04-09T17:36:38.998+0000][106][trace][gc,age      ] GC(38) - age  12:      99328 bytes,   23278960 total
[2025-04-09T17:36:38.998+0000][106][trace][gc,age      ] GC(38) - age  13:    3045232 bytes,   26324192 total
[2025-04-09T17:36:38.999+0000][106][trace][gc,age      ] GC(38) - age  14:   10165904 bytes,   36490096 total
[2025-04-09T17:36:38.999+0000][106][trace][gc,age      ] GC(38) - age  15:    2165808 bytes,   38655904 total
[2025-04-09T17:36:39.000+0000][106][info ][gc,heap     ] GC(38) Eden regions: 9->0(143)
[2025-04-09T17:36:39.001+0000][106][info ][gc,heap     ] GC(38) Survivor regions: 10->10(20)
[2025-04-09T17:36:39.001+0000][106][info ][gc,heap     ] GC(38) Old regions: 23->23
[2025-04-09T17:36:39.002+0000][106][info ][gc,heap     ] GC(38) Humongous regions: 2->2
[2025-04-09T17:36:39.002+0000][106][info ][gc,metaspace] GC(38) Metaspace: 164464K(168064K)->164464K(168064K) NonClass: 142099K(143744K)->142099K(143744K) Class: 22364K(24320K)->22364K(24320K)
[2025-04-09T17:36:39.003+0000][106][info ][gc          ] GC(38) Pause Young (Concurrent Start) (G1 Humongous Allocation) 167M->136M(1024M) 49.723ms
[2025-04-09T17:36:39.004+0000][106][info ][gc          ] GC(39) Concurrent Mark Cycle
[2025-04-09T17:36:39.004+0000][106][info ][gc,cpu      ] GC(38) User=0.10s Sys=0.00s Real=0.05s
[2025-04-09T17:36:39.005+0000][106][info ][safepoint   ] Safepoint "G1TryInitiateConcMark", Time since last: 8020578 ns, Reaching safepoint: 14107 ns, At safepoint: 51943205 ns, Total: 51957312 ns
[2025-04-09T17:36:39.005+0000][106][info ][gc,marking  ] GC(39) Concurrent Scan Root Regions
[2025-04-09T17:36:39.028+0000][106][info ][gc,marking  ] GC(39) Concurrent Scan Root Regions 23.207ms
[2025-04-09T17:36:39.028+0000][106][info ][gc,marking  ] GC(39) Concurrent Mark
[2025-04-09T17:36:39.029+0000][106][info ][gc,marking  ] GC(39) Concurrent Mark From Roots
[2025-04-09T17:36:39.029+0000][106][info ][gc,task     ] GC(39) Using 1 workers of 1 for marking
[2025-04-09T17:36:39.088+0000][106][info ][gc,marking  ] GC(39) Concurrent Mark From Roots 58.901ms
[2025-04-09T17:36:39.089+0000][106][info ][gc,marking  ] GC(39) Concurrent Preclean
[2025-04-09T17:36:39.090+0000][106][info ][gc,marking  ] GC(39) Concurrent Preclean 1.226ms
[2025-04-09T17:36:39.091+0000][106][info ][gc,start    ] GC(39) Pause Remark
[2025-04-09T17:36:39.107+0000][106][info ][gc          ] GC(39) Pause Remark 263M->263M(1024M) 16.258ms
[2025-04-09T17:36:39.108+0000][106][info ][gc,cpu      ] GC(39) User=0.04s Sys=0.00s Real=0.01s
[2025-04-09T17:36:39.108+0000][106][info ][safepoint   ] Safepoint "G1PauseRemark", Time since last: 85740991 ns, Reaching safepoint: 75085 ns, At safepoint: 16875342 ns, Total: 16950427 ns
[2025-04-09T17:36:39.108+0000][106][info ][gc,marking  ] GC(39) Concurrent Mark 79.823ms
[2025-04-09T17:36:39.109+0000][106][info ][gc,marking  ] GC(39) Concurrent Rebuild Remembered Sets and Scrub Regions
[2025-04-09T17:36:39.133+0000][106][info ][gc,marking  ] GC(39) Concurrent Rebuild Remembered Sets and Scrub Regions 24.643ms
[2025-04-09T17:36:39.135+0000][106][info ][gc,start    ] GC(39) Pause Cleanup
[2025-04-09T17:36:39.136+0000][106][info ][gc          ] GC(39) Pause Cleanup 273M->273M(1024M) 0.736ms
[2025-04-09T17:36:39.136+0000][106][info ][gc,cpu      ] GC(39) User=0.00s Sys=0.00s Real=0.00s
[2025-04-09T17:36:39.137+0000][106][info ][safepoint   ] Safepoint "G1PauseCleanup", Time since last: 26776074 ns, Reaching safepoint: 88692 ns, At safepoint: 1931483 ns, Total: 2020175 ns
[2025-04-09T17:36:39.138+0000][106][info ][gc,marking  ] GC(39) Concurrent Clear Claimed Marks
[2025-04-09T17:36:39.138+0000][106][info ][gc,marking  ] GC(39) Concurrent Clear Claimed Marks 0.710ms
[2025-04-09T17:36:39.139+0000][106][info ][gc,marking  ] GC(39) Concurrent Cleanup for Next Mark
[2025-04-09T17:36:39.141+0000][106][info ][gc,marking  ] GC(39) Concurrent Cleanup for Next Mark 2.042ms
[2025-04-09T17:36:39.141+0000][106][info ][gc          ] GC(39) Concurrent Mark Cycle 137.499ms
[2025-04-09T17:36:47.082+0000][106][info ][gc,start    ] GC(40) Pause Young (Prepare Mixed) (G1 Evacuation Pause)
[2025-04-09T17:36:47.084+0000][106][info ][gc,task     ] GC(40) Using 4 workers of 4 for evacuation
[2025-04-09T17:36:47.084+0000][106][debug][gc,age      ] GC(40) Desired survivor size 41943040 bytes, new threshold 15 (max threshold 15)
[2025-04-09T17:36:47.095+0000][106][info ][gc,phases   ] GC(40)   Pre Evacuate Collection Set: 0.15ms
[2025-04-09T17:36:47.096+0000][106][info ][gc,phases   ] GC(40)   Merge Heap Roots: 0.10ms
[2025-04-09T17:36:47.096+0000][106][info ][gc,phases   ] GC(40)   Evacuate Collection Set: 9.05ms
[2025-04-09T17:36:47.096+0000][106][info ][gc,phases   ] GC(40)   Post Evacuate Collection Set: 1.12ms
[2025-04-09T17:36:47.097+0000][106][info ][gc,phases   ] GC(40)   Other: 1.06ms
[2025-04-09T17:36:47.097+0000][106][trace][gc,age      ] GC(40) Age table:
[2025-04-09T17:36:47.097+0000][106][trace][gc,age      ] GC(40) - age   1:    3065936 bytes,    3065936 total
[2025-04-09T17:36:47.097+0000][106][trace][gc,age      ] GC(40) - age   2:     230240 bytes,    3296176 total
[2025-04-09T17:36:47.098+0000][106][trace][gc,age      ] GC(40) - age   3:    6980776 bytes,   10276952 total
[2025-04-09T17:36:47.098+0000][106][trace][gc,age      ] GC(40) - age   4:     252384 bytes,   10529336 total
[2025-04-09T17:36:47.098+0000][106][trace][gc,age      ] GC(40) - age   5:      32528 bytes,   10561864 total
[2025-04-09T17:36:47.099+0000][106][trace][gc,age      ] GC(40) - age   6:      13376 bytes,   10575240 total
[2025-04-09T17:36:47.099+0000][106][trace][gc,age      ] GC(40) - age   7:      34576 bytes,   10609816 total
[2025-04-09T17:36:47.099+0000][106][trace][gc,age      ] GC(40) - age   8:      91016 bytes,   10700832 total
[2025-04-09T17:36:47.099+0000][106][trace][gc,age      ] GC(40) - age   9:     214128 bytes,   10914960 total
[2025-04-09T17:36:47.100+0000][106][trace][gc,age      ] GC(40) - age  10:    1362344 bytes,   12277304 total
[2025-04-09T17:36:47.100+0000][106][trace][gc,age      ] GC(40) - age  11:     719720 bytes,   12997024 total
[2025-04-09T17:36:47.100+0000][106][trace][gc,age      ] GC(40) - age  12:    9212112 bytes,   22209136 total
[2025-04-09T17:36:47.100+0000][106][trace][gc,age      ] GC(40) - age  13:      99328 bytes,   22308464 total
[2025-04-09T17:36:47.101+0000][106][trace][gc,age      ] GC(40) - age  14:    3043736 bytes,   25352200 total
[2025-04-09T17:36:47.101+0000][106][trace][gc,age      ] GC(40) - age  15:   10045064 bytes,   35397264 total
[2025-04-09T17:36:47.101+0000][106][info ][gc,heap     ] GC(40) Eden regions: 143->0(143)
[2025-04-09T17:36:47.101+0000][106][info ][gc,heap     ] GC(40) Survivor regions: 10->10(20)
[2025-04-09T17:36:47.101+0000][106][info ][gc,heap     ] GC(40) Old regions: 23->23
[2025-04-09T17:36:47.101+0000][106][info ][gc,heap     ] GC(40) Humongous regions: 19->2
[2025-04-09T17:36:47.102+0000][106][info ][gc,metaspace] GC(40) Metaspace: 164729K(168320K)->164729K(168320K) NonClass: 142303K(144000K)->142303K(144000K) Class: 22425K(24320K)->22425K(24320K)
[2025-04-09T17:36:47.102+0000][106][info ][gc          ] GC(40) Pause Young (Prepare Mixed) (G1 Evacuation Pause) 776M->137M(1024M) 19.489ms
[2025-04-09T17:36:47.102+0000][106][info ][gc,cpu      ] GC(40) User=0.04s Sys=0.00s Real=0.02s
[2025-04-09T17:36:47.102+0000][106][info ][safepoint   ] Safepoint "G1CollectForAllocation", Time since last: 5109621930 ns, Reaching safepoint: 9287 ns, At safepoint: 20077508 ns, Total: 20086795 ns
[2025-04-09T17:38:20.825+0000][106][info ][gc,start    ] GC(41) Pause Young (Mixed) (G1 Evacuation Pause)
[2025-04-09T17:38:20.826+0000][106][info ][gc,task     ] GC(41) Using 4 workers of 4 for evacuation
[2025-04-09T17:38:20.827+0000][106][debug][gc,age      ] GC(41) Desired survivor size 41943040 bytes, new threshold 15 (max threshold 15)
[2025-04-09T17:38:20.895+0000][106][info ][gc,phases   ] GC(41)   Pre Evacuate Collection Set: 1.84ms
[2025-04-09T17:38:20.895+0000][106][info ][gc,phases   ] GC(41)   Merge Heap Roots: 1.67ms
[2025-04-09T17:38:20.896+0000][106][info ][gc,phases   ] GC(41)   Evacuate Collection Set: 56.37ms
[2025-04-09T17:38:20.897+0000][106][info ][gc,phases   ] GC(41)   Post Evacuate Collection Set: 5.61ms
[2025-04-09T17:38:20.899+0000][106][info ][gc,phases   ] GC(41)   Other: 3.08ms
[2025-04-09T17:38:20.900+0000][106][trace][gc,age      ] GC(41) Age table:
[2025-04-09T17:38:20.900+0000][106][trace][gc,age      ] GC(41) - age   1:    2501928 bytes,    2501928 total
[2025-04-09T17:38:20.901+0000][106][trace][gc,age      ] GC(41) - age   2:    1885400 bytes,    4387328 total
[2025-04-09T17:38:20.902+0000][106][trace][gc,age      ] GC(41) - age   3:     230240 bytes,    4617568 total
[2025-04-09T17:38:20.902+0000][106][trace][gc,age      ] GC(41) - age   4:    6554488 bytes,   11172056 total
[2025-04-09T17:38:20.903+0000][106][trace][gc,age      ] GC(41) - age   5:      77288 bytes,   11249344 total
[2025-04-09T17:38:20.903+0000][106][trace][gc,age      ] GC(41) - age   6:      32040 bytes,   11281384 total
[2025-04-09T17:38:20.904+0000][106][trace][gc,age      ] GC(41) - age   7:      13376 bytes,   11294760 total
[2025-04-09T17:38:20.905+0000][106][trace][gc,age      ] GC(41) - age   8:      34024 bytes,   11328784 total
[2025-04-09T17:38:20.905+0000][106][trace][gc,age      ] GC(41) - age   9:      90376 bytes,   11419160 total
[2025-04-09T17:38:20.906+0000][106][trace][gc,age      ] GC(41) - age  10:     213712 bytes,   11632872 total
[2025-04-09T17:38:20.907+0000][106][trace][gc,age      ] GC(41) - age  11:    1302952 bytes,   12935824 total
[2025-04-09T17:38:20.908+0000][106][trace][gc,age      ] GC(41) - age  12:     719304 bytes,   13655128 total
[2025-04-09T17:38:20.909+0000][106][trace][gc,age      ] GC(41) - age  13:    9212056 bytes,   22867184 total
[2025-04-09T17:38:20.909+0000][106][trace][gc,age      ] GC(41) - age  14:      99328 bytes,   22966512 total
[2025-04-09T17:38:20.910+0000][106][trace][gc,age      ] GC(41) - age  15:    3043528 bytes,   26010040 total
[2025-04-09T17:38:20.911+0000][106][info ][gc,heap     ] GC(41) Eden regions: 143->0(146)
[2025-04-09T17:38:20.911+0000][106][info ][gc,heap     ] GC(41) Survivor regions: 10->7(20)
[2025-04-09T17:38:20.912+0000][106][info ][gc,heap     ] GC(41) Old regions: 23->25
[2025-04-09T17:38:20.913+0000][106][info ][gc,heap     ] GC(41) Humongous regions: 2->2
[2025-04-09T17:38:20.913+0000][106][info ][gc,metaspace] GC(41) Metaspace: 164824K(168384K)->164824K(168384K) NonClass: 142386K(144064K)->142386K(144064K) Class: 22437K(24320K)->22437K(24320K)
[2025-04-09T17:38:20.914+0000][106][info ][gc          ] GC(41) Pause Young (Mixed) (G1 Evacuation Pause) 709M->136M(1024M) 89.157ms
[2025-04-09T17:38:20.914+0000][106][info ][gc,cpu      ] GC(41) User=0.24s Sys=0.00s Real=0.09s
[2025-04-09T17:38:20.915+0000][106][info ][safepoint   ] Safepoint "G1CollectForAllocation", Time since last: 88088919458 ns, Reaching safepoint: 40683 ns, At safepoint: 90850338 ns, Total: 90891021 ns
[2025-04-09T17:41:51.799+0000][106][info ][gc,start    ] GC(42) Pause Young (Concurrent Start) (G1 Evacuation Pause)
[2025-04-09T17:41:51.800+0000][106][info ][gc,task     ] GC(42) Using 4 workers of 4 for evacuation
[2025-04-09T17:41:51.801+0000][106][debug][gc,age      ] GC(42) Desired survivor size 41943040 bytes, new threshold 15 (max threshold 15)
[2025-04-09T17:41:51.830+0000][106][info ][gc,phases   ] GC(42)   Pre Evacuate Collection Set: 2.02ms
[2025-04-09T17:41:51.830+0000][106][info ][gc,phases   ] GC(42)   Merge Heap Roots: 0.59ms
[2025-04-09T17:41:51.831+0000][106][info ][gc,phases   ] GC(42)   Evacuate Collection Set: 23.15ms
[2025-04-09T17:41:51.831+0000][106][info ][gc,phases   ] GC(42)   Post Evacuate Collection Set: 1.46ms
[2025-04-09T17:41:51.831+0000][106][info ][gc,phases   ] GC(42)   Other: 2.51ms
[2025-04-09T17:41:51.831+0000][106][trace][gc,age      ] GC(42) Age table:
[2025-04-09T17:41:51.831+0000][106][trace][gc,age      ] GC(42) - age   1:     798312 bytes,     798312 total
[2025-04-09T17:41:51.832+0000][106][trace][gc,age      ] GC(42) - age   2:    1110824 bytes,    1909136 total
[2025-04-09T17:41:51.832+0000][106][trace][gc,age      ] GC(42) - age   3:    1873096 bytes,    3782232 total
[2025-04-09T17:41:51.832+0000][106][trace][gc,age      ] GC(42) - age   4:     230208 bytes,    4012440 total
[2025-04-09T17:41:51.832+0000][106][trace][gc,age      ] GC(42) - age   5:    6553656 bytes,   10566096 total
[2025-04-09T17:41:51.832+0000][106][trace][gc,age      ] GC(42) - age   6:      76952 bytes,   10643048 total
[2025-04-09T17:41:51.832+0000][106][trace][gc,age      ] GC(42) - age   7:      26600 bytes,   10669648 total
[2025-04-09T17:41:51.833+0000][106][trace][gc,age      ] GC(42) - age   8:      13376 bytes,   10683024 total
[2025-04-09T17:41:51.833+0000][106][trace][gc,age      ] GC(42) - age   9:      34024 bytes,   10717048 total
[2025-04-09T17:41:51.833+0000][106][trace][gc,age      ] GC(42) - age  10:      90376 bytes,   10807424 total
[2025-04-09T17:41:51.833+0000][106][trace][gc,age      ] GC(42) - age  11:     213576 bytes,   11021000 total
[2025-04-09T17:41:51.833+0000][106][trace][gc,age      ] GC(42) - age  12:    1243728 bytes,   12264728 total
[2025-04-09T17:41:51.833+0000][106][trace][gc,age      ] GC(42) - age  13:     661112 bytes,   12925840 total
[2025-04-09T17:41:51.833+0000][106][trace][gc,age      ] GC(42) - age  14:    8962848 bytes,   21888688 total
[2025-04-09T17:41:51.833+0000][106][trace][gc,age      ] GC(42) - age  15:      98856 bytes,   21987544 total
[2025-04-09T17:41:51.834+0000][106][info ][gc,heap     ] GC(42) Eden regions: 146->0(147)
[2025-04-09T17:41:51.834+0000][106][info ][gc,heap     ] GC(42) Survivor regions: 7->6(20)
[2025-04-09T17:41:51.834+0000][106][info ][gc,heap     ] GC(42) Old regions: 25->26
[2025-04-09T17:41:51.834+0000][106][info ][gc,heap     ] GC(42) Humongous regions: 2->2
[2025-04-09T17:41:51.834+0000][106][info ][gc,metaspace] GC(42) Metaspace: 164997K(168512K)->164997K(168512K) NonClass: 142559K(144192K)->142559K(144192K) Class: 22438K(24320K)->22438K(24320K)
[2025-04-09T17:41:51.834+0000][106][info ][gc          ] GC(42) Pause Young (Concurrent Start) (G1 Evacuation Pause) 720M->134M(1024M) 35.425ms
[2025-04-09T17:41:51.834+0000][106][info ][gc,cpu      ] GC(42) User=0.11s Sys=0.00s Real=0.04s
[2025-04-09T17:41:51.834+0000][106][info ][gc          ] GC(43) Concurrent Mark Cycle
[2025-04-09T17:41:51.835+0000][106][info ][gc,marking  ] GC(43) Concurrent Scan Root Regions
[2025-04-09T17:41:51.834+0000][106][info ][safepoint   ] Safepoint "G1CollectForAllocation", Time since last: 190990771005 ns, Reaching safepoint: 278771 ns, At safepoint: 35823257 ns, Total: 36102028 ns
[2025-04-09T17:41:51.850+0000][106][info ][gc,marking  ] GC(43) Concurrent Scan Root Regions 15.603ms
[2025-04-09T17:41:51.851+0000][106][info ][gc,marking  ] GC(43) Concurrent Mark
[2025-04-09T17:41:51.852+0000][106][info ][gc,marking  ] GC(43) Concurrent Mark From Roots
[2025-04-09T17:41:51.853+0000][106][info ][gc,task     ] GC(43) Using 1 workers of 1 for marking
[2025-04-09T17:41:51.924+0000][106][info ][gc,marking  ] GC(43) Concurrent Mark From Roots 72.456ms
[2025-04-09T17:41:51.925+0000][106][info ][gc,marking  ] GC(43) Concurrent Preclean
[2025-04-09T17:41:51.925+0000][106][info ][gc,marking  ] GC(43) Concurrent Preclean 0.620ms
[2025-04-09T17:41:51.925+0000][106][info ][gc,start    ] GC(43) Pause Remark
[2025-04-09T17:41:51.945+0000][106][info ][gc          ] GC(43) Pause Remark 134M->134M(1024M) 19.419ms
[2025-04-09T17:41:51.945+0000][106][info ][gc,cpu      ] GC(43) User=0.08s Sys=0.00s Real=0.02s
[2025-04-09T17:41:51.946+0000][106][info ][safepoint   ] Safepoint "G1PauseRemark", Time since last: 90958213 ns, Reaching safepoint: 8936 ns, At safepoint: 20335224 ns, Total: 20344160 ns
[2025-04-09T17:41:51.946+0000][106][info ][gc,marking  ] GC(43) Concurrent Mark 94.796ms
[2025-04-09T17:41:51.946+0000][106][info ][gc,marking  ] GC(43) Concurrent Rebuild Remembered Sets and Scrub Regions
[2025-04-09T17:41:51.970+0000][106][info ][gc,marking  ] GC(43) Concurrent Rebuild Remembered Sets and Scrub Regions 23.190ms
[2025-04-09T17:41:51.970+0000][106][info ][gc,start    ] GC(43) Pause Cleanup
[2025-04-09T17:41:51.970+0000][106][info ][gc          ] GC(43) Pause Cleanup 134M->134M(1024M) 0.228ms
[2025-04-09T17:41:51.971+0000][106][info ][gc,cpu      ] GC(43) User=0.00s Sys=0.00s Real=0.00s
[2025-04-09T17:41:51.971+0000][106][info ][safepoint   ] Safepoint "G1PauseCleanup", Time since last: 24387048 ns, Reaching safepoint: 6442 ns, At safepoint: 893271 ns, Total: 899713 ns
[2025-04-09T17:41:51.971+0000][106][info ][gc,marking  ] GC(43) Concurrent Clear Claimed Marks
[2025-04-09T17:41:51.972+0000][106][info ][gc,marking  ] GC(43) Concurrent Clear Claimed Marks 0.405ms
[2025-04-09T17:41:51.972+0000][106][info ][gc,marking  ] GC(43) Concurrent Cleanup for Next Mark
[2025-04-09T17:41:51.975+0000][106][info ][gc,marking  ] GC(43) Concurrent Cleanup for Next Mark 2.892ms
[2025-04-09T17:41:51.975+0000][106][info ][gc          ] GC(43) Concurrent Mark Cycle 141.052ms
[2025-04-09T17:44:44.465+0000][106][info ][gc,start    ] GC(44) Pause Young (Prepare Mixed) (G1 Evacuation Pause)
[2025-04-09T17:44:44.466+0000][106][info ][gc,task     ] GC(44) Using 4 workers of 4 for evacuation
[2025-04-09T17:44:44.466+0000][106][debug][gc,age      ] GC(44) Desired survivor size 41943040 bytes, new threshold 15 (max threshold 15)
[2025-04-09T17:44:44.475+0000][106][info ][gc,phases   ] GC(44)   Pre Evacuate Collection Set: 0.26ms
[2025-04-09T17:44:44.475+0000][106][info ][gc,phases   ] GC(44)   Merge Heap Roots: 0.17ms
[2025-04-09T17:44:44.475+0000][106][info ][gc,phases   ] GC(44)   Evacuate Collection Set: 6.92ms
[2025-04-09T17:44:44.475+0000][106][info ][gc,phases   ] GC(44)   Post Evacuate Collection Set: 0.98ms
[2025-04-09T17:44:44.476+0000][106][info ][gc,phases   ] GC(44)   Other: 0.63ms
[2025-04-09T17:44:44.476+0000][106][trace][gc,age      ] GC(44) Age table:
[2025-04-09T17:44:44.476+0000][106][trace][gc,age      ] GC(44) - age   1:    1507840 bytes,    1507840 total
[2025-04-09T17:44:44.476+0000][106][trace][gc,age      ] GC(44) - age   2:     161048 bytes,    1668888 total
[2025-04-09T17:44:44.476+0000][106][trace][gc,age      ] GC(44) - age   3:    1068392 bytes,    2737280 total
[2025-04-09T17:44:44.476+0000][106][trace][gc,age      ] GC(44) - age   4:    1816824 bytes,    4554104 total
[2025-04-09T17:44:44.477+0000][106][trace][gc,age      ] GC(44) - age   5:     230208 bytes,    4784312 total
[2025-04-09T17:44:44.477+0000][106][trace][gc,age      ] GC(44) - age   6:    6553400 bytes,   11337712 total
[2025-04-09T17:44:44.477+0000][106][trace][gc,age      ] GC(44) - age   7:      76536 bytes,   11414248 total
[2025-04-09T17:44:44.477+0000][106][trace][gc,age      ] GC(44) - age   8:      26600 bytes,   11440848 total
[2025-04-09T17:44:44.477+0000][106][trace][gc,age      ] GC(44) - age   9:      13376 bytes,   11454224 total
[2025-04-09T17:44:44.477+0000][106][trace][gc,age      ] GC(44) - age  10:      28840 bytes,   11483064 total
[2025-04-09T17:44:44.477+0000][106][trace][gc,age      ] GC(44) - age  11:      62144 bytes,   11545208 total
[2025-04-09T17:44:44.477+0000][106][trace][gc,age      ] GC(44) - age  12:     213576 bytes,   11758784 total
[2025-04-09T17:44:44.477+0000][106][trace][gc,age      ] GC(44) - age  13:    1237592 bytes,   12996376 total
[2025-04-09T17:44:44.478+0000][106][trace][gc,age      ] GC(44) - age  14:     659280 bytes,   13655656 total
[2025-04-09T17:44:44.478+0000][106][trace][gc,age      ] GC(44) - age  15:    8957096 bytes,   22612752 total
[2025-04-09T17:44:44.478+0000][106][info ][gc,heap     ] GC(44) Eden regions: 147->0(147)
[2025-04-09T17:44:44.478+0000][106][info ][gc,heap     ] GC(44) Survivor regions: 6->6(20)
[2025-04-09T17:44:44.478+0000][106][info ][gc,heap     ] GC(44) Old regions: 26->27
[2025-04-09T17:44:44.478+0000][106][info ][gc,heap     ] GC(44) Humongous regions: 2->2
[2025-04-09T17:44:44.478+0000][106][info ][gc,metaspace] GC(44) Metaspace: 165059K(168576K)->165059K(168576K) NonClass: 142636K(144256K)->142636K(144256K) Class: 22423K(24320K)->22423K(24320K)
[2025-04-09T17:44:44.478+0000][106][info ][gc          ] GC(44) Pause Young (Prepare Mixed) (G1 Evacuation Pause) 722M->135M(1024M) 13.040ms
[2025-04-09T17:44:44.478+0000][106][info ][gc,cpu      ] GC(44) User=0.03s Sys=0.00s Real=0.01s
[2025-04-09T17:44:44.479+0000][106][info ][safepoint   ] Safepoint "G1CollectForAllocation", Time since last: 158219081633 ns, Reaching safepoint: 12302 ns, At safepoint: 13404653 ns, Total: 13416955 ns
[2025-04-09T17:46:09.501+0000][106][info ][gc,heap,exit] Heap
[2025-04-09T17:46:09.502+0000][106][info ][gc,heap,exit]  garbage-first heap   total reserved 1048576K, committed 1048576K, used 423445K [0x00000000c0000000, 0x0000000100000000)
[2025-04-09T17:46:09.503+0000][106][info ][gc,heap,exit]   region size 4096K, 76 young (311296K), 6 survivors (24576K)
[2025-04-09T17:46:09.504+0000][106][info ][gc,heap,exit]  Metaspace       used 165471K, committed 168960K, reserved 1245184K
[2025-04-09T17:46:09.505+0000][106][info ][gc,heap,exit]   class space    used 22516K, committed 24320K, reserved 1048576K
