[2025-04-27T17:17:38.602+0000][73][info][gc,init] CardTable entry size: 512
[2025-04-27T17:17:38.606+0000][73][info][gc     ] Using G1
[2025-04-27T17:17:38.733+0000][73][info][gc,init] Version: 23+37-2369 (release)
[2025-04-27T17:17:38.733+0000][73][info][gc,init] CPUs: 4 total, 4 available
[2025-04-27T17:17:38.734+0000][73][info][gc,init] Memory: 2048M
[2025-04-27T17:17:38.734+0000][73][info][gc,init] Large Page Support: Disabled
[2025-04-27T17:17:38.735+0000][73][info][gc,init] NUMA Support: Disabled
[2025-04-27T17:17:38.735+0000][73][info][gc,init] Compressed Oops: Enabled (32-bit)
[2025-04-27T17:17:38.735+0000][73][info][gc,init] Heap Region Size: 4M
[2025-04-27T17:17:38.736+0000][73][info][gc,init] Heap Min Capacity: 1G
[2025-04-27T17:17:38.736+0000][73][info][gc,init] Heap Initial Capacity: 1G
[2025-04-27T17:17:38.737+0000][73][info][gc,init] Heap Max Capacity: 1G
[2025-04-27T17:17:38.737+0000][73][info][gc,init] Pre-touch: Enabled
[2025-04-27T17:17:38.737+0000][73][info][gc,init] Parallel Workers: 4
[2025-04-27T17:17:38.737+0000][73][info][gc,init] Concurrent Workers: 1
[2025-04-27T17:17:38.738+0000][73][info][gc,init] Concurrent Refinement Workers: 4
[2025-04-27T17:17:38.738+0000][73][info][gc,init] Periodic GC: Disabled
[2025-04-27T17:17:38.750+0000][73][info][gc,metaspace] CDS archive(s) mapped at: [0x00007f3a12000000-0x00007f3a12d8e000-0x00007f3a12d8e000), size 14213120, SharedBaseAddress: 0x00007f3a12000000, ArchiveRelocationMode: 1.
[2025-04-27T17:17:38.751+0000][73][info][gc,metaspace] Compressed class space mapped at: 0x00007f3a13000000-0x00007f3a53000000, reserved size: 1073741824
[2025-04-27T17:17:38.751+0000][73][info][gc,metaspace] Narrow klass base: 0x00007f3a12000000, Narrow klass shift: 0, Narrow klass range: 0x100000000
[2025-04-27T17:17:39.059+0000][73][info][gc,start    ] GC(0) Pause Young (Normal) (G1 Evacuation Pause)
[2025-04-27T17:17:39.060+0000][73][info][gc,task     ] GC(0) Using 4 workers of 4 for evacuation
[2025-04-27T17:17:39.061+0000][73][debug][gc,age      ] GC(0) Desired survivor size 4194304 bytes, new threshold 15 (max threshold 15)
[2025-04-27T17:17:39.065+0000][73][info ][gc,phases   ] GC(0)   Pre Evacuate Collection Set: 0.22ms
[2025-04-27T17:17:39.066+0000][73][info ][gc,phases   ] GC(0)   Merge Heap Roots: 0.04ms
[2025-04-27T17:17:39.067+0000][73][info ][gc,phases   ] GC(0)   Evacuate Collection Set: 1.17ms
[2025-04-27T17:17:39.068+0000][73][info ][gc,phases   ] GC(0)   Post Evacuate Collection Set: 0.28ms
[2025-04-27T17:17:39.070+0000][73][info ][gc,phases   ] GC(0)   Other: 4.03ms
[2025-04-27T17:17:39.074+0000][73][trace][gc,age      ] GC(0) Age table:
[2025-04-27T17:17:39.074+0000][73][trace][gc,age      ] GC(0) - age   1:    4546968 bytes,    4546968 total
[2025-04-27T17:17:39.074+0000][73][info ][gc,heap     ] GC(0) Eden regions: 12->0(10)
[2025-04-27T17:17:39.074+0000][73][info ][gc,heap     ] GC(0) Survivor regions: 0->2(2)
[2025-04-27T17:17:39.075+0000][73][info ][gc,heap     ] GC(0) Old regions: 1->1
[2025-04-27T17:17:39.075+0000][73][info ][gc,heap     ] GC(0) Humongous regions: 0->0
[2025-04-27T17:17:39.075+0000][73][info ][gc,metaspace] GC(0) Metaspace: 7135K(7424K)->7135K(7424K) NonClass: 6279K(6464K)->6279K(6464K) Class: 855K(960K)->855K(960K)
[2025-04-27T17:17:39.075+0000][73][info ][gc          ] GC(0) Pause Young (Normal) (G1 Evacuation Pause) 49M->5M(1024M) 16.504ms
[2025-04-27T17:17:39.075+0000][73][info ][gc,cpu      ] GC(0) User=0.01s Sys=0.00s Real=0.02s
[2025-04-27T17:17:39.076+0000][73][info ][safepoint   ] Safepoint "G1CollectForAllocation", Time since last: 305397350 ns, Reaching safepoint: 71898 ns, At safepoint: 16966999 ns, Total: 17038897 ns
[2025-04-27T17:17:39.338+0000][73][info ][gc,start    ] GC(1) Pause Young (Normal) (G1 Evacuation Pause)
[2025-04-27T17:17:39.339+0000][73][info ][gc,task     ] GC(1) Using 4 workers of 4 for evacuation
[2025-04-27T17:17:39.339+0000][73][debug][gc,age      ] GC(1) Desired survivor size 4194304 bytes, new threshold 1 (max threshold 15)
[2025-04-27T17:17:39.346+0000][73][info ][gc,phases   ] GC(1)   Pre Evacuate Collection Set: 0.09ms
[2025-04-27T17:17:39.346+0000][73][info ][gc,phases   ] GC(1)   Merge Heap Roots: 0.02ms
[2025-04-27T17:17:39.346+0000][73][info ][gc,phases   ] GC(1)   Evacuate Collection Set: 5.89ms
[2025-04-27T17:17:39.347+0000][73][info ][gc,phases   ] GC(1)   Post Evacuate Collection Set: 0.35ms
[2025-04-27T17:17:39.347+0000][73][info ][gc,phases   ] GC(1)   Other: 0.62ms
[2025-04-27T17:17:39.347+0000][73][trace][gc,age      ] GC(1) Age table:
[2025-04-27T17:17:39.347+0000][73][trace][gc,age      ] GC(1) - age   1:    6125536 bytes,    6125536 total
[2025-04-27T17:17:39.347+0000][73][info ][gc,heap     ] GC(1) Eden regions: 10->0(10)
[2025-04-27T17:17:39.348+0000][73][info ][gc,heap     ] GC(1) Survivor regions: 2->2(2)
[2025-04-27T17:17:39.348+0000][73][info ][gc,heap     ] GC(1) Old regions: 1->3
[2025-04-27T17:17:39.348+0000][73][info ][gc,heap     ] GC(1) Humongous regions: 0->0
[2025-04-27T17:17:39.349+0000][73][info ][gc,metaspace] GC(1) Metaspace: 10674K(11008K)->10674K(11008K) NonClass: 9395K(9600K)->9395K(9600K) Class: 1278K(1408K)->1278K(1408K)
[2025-04-27T17:17:39.349+0000][73][info ][gc          ] GC(1) Pause Young (Normal) (G1 Evacuation Pause) 45M->11M(1024M) 10.413ms
[2025-04-27T17:17:39.349+0000][73][info ][gc,cpu      ] GC(1) User=0.03s Sys=0.00s Real=0.01s
[2025-04-27T17:17:39.349+0000][73][info ][safepoint   ] Safepoint "G1CollectForAllocation", Time since last: 262569214 ns, Reaching safepoint: 84881 ns, At safepoint: 10952033 ns, Total: 11036914 ns
[2025-04-27T17:17:39.877+0000][73][info ][gc,start    ] GC(2) Pause Young (Normal) (G1 Evacuation Pause)
[2025-04-27T17:17:39.878+0000][73][info ][gc,task     ] GC(2) Using 4 workers of 4 for evacuation
[2025-04-27T17:17:39.878+0000][73][debug][gc,age      ] GC(2) Desired survivor size 4194304 bytes, new threshold 1 (max threshold 15)
[2025-04-27T17:17:39.883+0000][73][info ][gc,phases   ] GC(2)   Pre Evacuate Collection Set: 0.09ms
[2025-04-27T17:17:39.883+0000][73][info ][gc,phases   ] GC(2)   Merge Heap Roots: 0.03ms
[2025-04-27T17:17:39.883+0000][73][info ][gc,phases   ] GC(2)   Evacuate Collection Set: 3.68ms
[2025-04-27T17:17:39.883+0000][73][info ][gc,phases   ] GC(2)   Post Evacuate Collection Set: 0.28ms
[2025-04-27T17:17:39.883+0000][73][info ][gc,phases   ] GC(2)   Other: 0.85ms
[2025-04-27T17:17:39.884+0000][73][trace][gc,age      ] GC(2) Age table:
[2025-04-27T17:17:39.884+0000][73][trace][gc,age      ] GC(2) - age   1:    2199312 bytes,    2199312 total
[2025-04-27T17:17:39.884+0000][73][info ][gc,heap     ] GC(2) Eden regions: 10->0(15)
[2025-04-27T17:17:39.884+0000][73][info ][gc,heap     ] GC(2) Survivor regions: 2->1(2)
[2025-04-27T17:17:39.885+0000][73][info ][gc,heap     ] GC(2) Old regions: 3->4
[2025-04-27T17:17:39.885+0000][73][info ][gc,heap     ] GC(2) Humongous regions: 0->0
[2025-04-27T17:17:39.885+0000][73][info ][gc,metaspace] GC(2) Metaspace: 18345K(19200K)->18345K(19200K) NonClass: 16258K(16768K)->16258K(16768K) Class: 2086K(2432K)->2086K(2432K)
[2025-04-27T17:17:39.886+0000][73][info ][gc          ] GC(2) Pause Young (Normal) (G1 Evacuation Pause) 51M->14M(1024M) 8.645ms
[2025-04-27T17:17:39.886+0000][73][info ][gc,cpu      ] GC(2) User=0.01s Sys=0.01s Real=0.01s
[2025-04-27T17:17:39.886+0000][73][info ][safepoint   ] Safepoint "G1CollectForAllocation", Time since last: 527561230 ns, Reaching safepoint: 2458 ns, At safepoint: 9023809 ns, Total: 9026267 ns
[2025-04-27T17:17:40.131+0000][73][info ][gc,start    ] GC(3) Pause Young (Normal) (G1 Evacuation Pause)
[2025-04-27T17:17:40.135+0000][73][info ][gc,task     ] GC(3) Using 4 workers of 4 for evacuation
[2025-04-27T17:17:40.136+0000][73][debug][gc,age      ] GC(3) Desired survivor size 6291456 bytes, new threshold 15 (max threshold 15)
[2025-04-27T17:17:40.138+0000][73][info ][gc,phases   ] GC(3)   Pre Evacuate Collection Set: 0.10ms
[2025-04-27T17:17:40.139+0000][73][info ][gc,phases   ] GC(3)   Merge Heap Roots: 0.03ms
[2025-04-27T17:17:40.139+0000][73][info ][gc,phases   ] GC(3)   Evacuate Collection Set: 1.43ms
[2025-04-27T17:17:40.139+0000][73][info ][gc,phases   ] GC(3)   Post Evacuate Collection Set: 0.33ms
[2025-04-27T17:17:40.145+0000][73][info ][gc,phases   ] GC(3)   Other: 0.95ms
[2025-04-27T17:17:40.145+0000][73][trace][gc,age      ] GC(3) Age table:
[2025-04-27T17:17:40.146+0000][73][trace][gc,age      ] GC(3) - age   1:     628600 bytes,     628600 total
[2025-04-27T17:17:40.147+0000][73][trace][gc,age      ] GC(3) - age   2:    2118056 bytes,    2746656 total
[2025-04-27T17:17:40.159+0000][73][info ][gc,heap     ] GC(3) Eden regions: 16->0(18)
[2025-04-27T17:17:40.159+0000][73][info ][gc,heap     ] GC(3) Survivor regions: 1->1(3)
[2025-04-27T17:17:40.160+0000][73][info ][gc,heap     ] GC(3) Old regions: 4->4
[2025-04-27T17:17:40.160+0000][73][info ][gc,heap     ] GC(3) Humongous regions: 0->0
[2025-04-27T17:17:40.161+0000][73][info ][gc,metaspace] GC(3) Metaspace: 19006K(19840K)->19006K(19840K) NonClass: 16846K(17344K)->16846K(17344K) Class: 2160K(2496K)->2160K(2496K)
[2025-04-27T17:17:40.161+0000][73][info ][gc          ] GC(3) Pause Young (Normal) (G1 Evacuation Pause) 78M->14M(1024M) 30.178ms
[2025-04-27T17:17:40.161+0000][73][info ][gc,cpu      ] GC(3) User=0.01s Sys=0.00s Real=0.03s
[2025-04-27T17:17:40.169+0000][73][info ][safepoint   ] Safepoint "G1CollectForAllocation", Time since last: 244934099 ns, Reaching safepoint: 2634 ns, At safepoint: 37727285 ns, Total: 37729919 ns
[2025-04-27T17:17:40.327+0000][73][info ][gc,start    ] GC(4) Pause Young (Concurrent Start) (Metadata GC Threshold)
[2025-04-27T17:17:40.328+0000][73][info ][gc,task     ] GC(4) Using 4 workers of 4 for evacuation
[2025-04-27T17:17:40.328+0000][73][debug][gc,age      ] GC(4) Desired survivor size 6291456 bytes, new threshold 15 (max threshold 15)
[2025-04-27T17:17:40.331+0000][73][info ][gc,phases   ] GC(4)   Pre Evacuate Collection Set: 0.10ms
[2025-04-27T17:17:40.331+0000][73][info ][gc,phases   ] GC(4)   Merge Heap Roots: 0.03ms
[2025-04-27T17:17:40.331+0000][73][info ][gc,phases   ] GC(4)   Evacuate Collection Set: 1.29ms
[2025-04-27T17:17:40.331+0000][73][info ][gc,phases   ] GC(4)   Post Evacuate Collection Set: 0.35ms
[2025-04-27T17:17:40.331+0000][73][info ][gc,phases   ] GC(4)   Other: 1.00ms
[2025-04-27T17:17:40.332+0000][73][trace][gc,age      ] GC(4) Age table:
[2025-04-27T17:17:40.332+0000][73][trace][gc,age      ] GC(4) - age   1:    1244408 bytes,    1244408 total
[2025-04-27T17:17:40.332+0000][73][trace][gc,age      ] GC(4) - age   2:     577768 bytes,    1822176 total
[2025-04-27T17:17:40.332+0000][73][trace][gc,age      ] GC(4) - age   3:    2103896 bytes,    3926072 total
[2025-04-27T17:17:40.332+0000][73][info ][gc,heap     ] GC(4) Eden regions: 10->0(29)
[2025-04-27T17:17:40.333+0000][73][info ][gc,heap     ] GC(4) Survivor regions: 1->1(3)
[2025-04-27T17:17:40.333+0000][73][info ][gc,heap     ] GC(4) Old regions: 4->4
[2025-04-27T17:17:40.333+0000][73][info ][gc,heap     ] GC(4) Humongous regions: 0->0
[2025-04-27T17:17:40.333+0000][73][info ][gc,metaspace] GC(4) Metaspace: 20679K(21504K)->20679K(21504K) NonClass: 18330K(18816K)->18330K(18816K) Class: 2348K(2688K)->2348K(2688K)
[2025-04-27T17:17:40.333+0000][73][info ][gc          ] GC(4) Pause Young (Concurrent Start) (Metadata GC Threshold) 51M->15M(1024M) 6.239ms
[2025-04-27T17:17:40.334+0000][73][info ][gc,cpu      ] GC(4) User=0.00s Sys=0.00s Real=0.01s
[2025-04-27T17:17:40.334+0000][73][info ][gc          ] GC(5) Concurrent Mark Cycle
[2025-04-27T17:17:40.334+0000][73][info ][gc,marking  ] GC(5) Concurrent Scan Root Regions
[2025-04-27T17:17:40.336+0000][73][info ][gc,marking  ] GC(5) Concurrent Scan Root Regions 1.888ms
[2025-04-27T17:17:40.336+0000][73][info ][gc,marking  ] GC(5) Concurrent Mark
[2025-04-27T17:17:40.337+0000][73][info ][gc,marking  ] GC(5) Concurrent Mark From Roots
[2025-04-27T17:17:40.338+0000][73][info ][gc,task     ] GC(5) Using 1 workers of 1 for marking
[2025-04-27T17:17:40.334+0000][73][info ][safepoint   ] Safepoint "CollectForMetadataAllocation", Time since last: 158496737 ns, Reaching safepoint: 89523 ns, At safepoint: 6707717 ns, Total: 6797240 ns
[2025-04-27T17:17:40.346+0000][73][info ][gc,marking  ] GC(5) Concurrent Mark From Roots 9.342ms
[2025-04-27T17:17:40.347+0000][73][info ][gc,marking  ] GC(5) Concurrent Preclean
[2025-04-27T17:17:40.347+0000][73][info ][gc,marking  ] GC(5) Concurrent Preclean 0.217ms
[2025-04-27T17:17:40.347+0000][73][info ][gc,start    ] GC(5) Pause Remark
[2025-04-27T17:17:40.352+0000][73][info ][gc          ] GC(5) Pause Remark 18M->18M(1024M) 4.446ms
[2025-04-27T17:17:40.352+0000][73][info ][gc,cpu      ] GC(5) User=0.01s Sys=0.00s Real=0.00s
[2025-04-27T17:17:40.352+0000][73][info ][safepoint   ] Safepoint "G1PauseRemark", Time since last: 13155903 ns, Reaching safepoint: 119777 ns, At safepoint: 4904718 ns, Total: 5024495 ns
[2025-04-27T17:17:40.352+0000][73][info ][gc,marking  ] GC(5) Concurrent Mark 15.800ms
[2025-04-27T17:17:40.353+0000][73][info ][gc,marking  ] GC(5) Concurrent Rebuild Remembered Sets and Scrub Regions
[2025-04-27T17:17:40.357+0000][73][info ][gc,marking  ] GC(5) Concurrent Rebuild Remembered Sets and Scrub Regions 4.162ms
[2025-04-27T17:17:40.357+0000][73][info ][gc,start    ] GC(5) Pause Cleanup
[2025-04-27T17:17:40.357+0000][73][info ][gc          ] GC(5) Pause Cleanup 18M->18M(1024M) 0.201ms
[2025-04-27T17:17:40.358+0000][73][info ][gc,cpu      ] GC(5) User=0.00s Sys=0.00s Real=0.00s
[2025-04-27T17:17:40.358+0000][73][info ][safepoint   ] Safepoint "G1PauseCleanup", Time since last: 5024436 ns, Reaching safepoint: 1735 ns, At safepoint: 654231 ns, Total: 655966 ns
[2025-04-27T17:17:40.358+0000][73][info ][gc,marking  ] GC(5) Concurrent Clear Claimed Marks
[2025-04-27T17:17:40.358+0000][73][info ][gc,marking  ] GC(5) Concurrent Clear Claimed Marks 0.123ms
[2025-04-27T17:17:40.358+0000][73][info ][gc,marking  ] GC(5) Concurrent Cleanup for Next Mark
[2025-04-27T17:17:40.359+0000][73][info ][gc,marking  ] GC(5) Concurrent Cleanup for Next Mark 1.062ms
[2025-04-27T17:17:40.359+0000][73][info ][gc          ] GC(5) Concurrent Mark Cycle 25.705ms
[2025-04-27T17:17:40.572+0000][73][info ][gc,start    ] GC(6) Pause Young (Prepare Mixed) (G1 Evacuation Pause)
[2025-04-27T17:17:40.572+0000][73][info ][gc,task     ] GC(6) Using 4 workers of 4 for evacuation
[2025-04-27T17:17:40.572+0000][73][debug][gc,age      ] GC(6) Desired survivor size 8388608 bytes, new threshold 15 (max threshold 15)
[2025-04-27T17:17:40.576+0000][73][info ][gc,phases   ] GC(6)   Pre Evacuate Collection Set: 0.15ms
[2025-04-27T17:17:40.577+0000][73][info ][gc,phases   ] GC(6)   Merge Heap Roots: 0.05ms
[2025-04-27T17:17:40.577+0000][73][info ][gc,phases   ] GC(6)   Evacuate Collection Set: 3.28ms
[2025-04-27T17:17:40.577+0000][73][info ][gc,phases   ] GC(6)   Post Evacuate Collection Set: 0.31ms
[2025-04-27T17:17:40.577+0000][73][info ][gc,phases   ] GC(6)   Other: 0.67ms
[2025-04-27T17:17:40.577+0000][73][trace][gc,age      ] GC(6) Age table:
[2025-04-27T17:17:40.577+0000][73][trace][gc,age      ] GC(6) - age   1:    2469296 bytes,    2469296 total
[2025-04-27T17:17:40.578+0000][73][trace][gc,age      ] GC(6) - age   2:     362840 bytes,    2832136 total
[2025-04-27T17:17:40.578+0000][73][trace][gc,age      ] GC(6) - age   3:     577672 bytes,    3409808 total
[2025-04-27T17:17:40.578+0000][73][trace][gc,age      ] GC(6) - age   4:    2101496 bytes,    5511304 total
[2025-04-27T17:17:40.578+0000][73][info ][gc,heap     ] GC(6) Eden regions: 24->0(25)
[2025-04-27T17:17:40.578+0000][73][info ][gc,heap     ] GC(6) Survivor regions: 1->2(4)
[2025-04-27T17:17:40.578+0000][73][info ][gc,heap     ] GC(6) Old regions: 4->4
[2025-04-27T17:17:40.578+0000][73][info ][gc,heap     ] GC(6) Humongous regions: 0->0
[2025-04-27T17:17:40.579+0000][73][info ][gc,metaspace] GC(6) Metaspace: 23539K(24448K)->23539K(24448K) NonClass: 20873K(21376K)->20873K(21376K) Class: 2665K(3072K)->2665K(3072K)
[2025-04-27T17:17:40.579+0000][73][info ][gc          ] GC(6) Pause Young (Prepare Mixed) (G1 Evacuation Pause) 111M->16M(1024M) 7.027ms
[2025-04-27T17:17:40.579+0000][73][info ][gc,cpu      ] GC(6) User=0.02s Sys=0.00s Real=0.01s
[2025-04-27T17:17:40.579+0000][73][info ][safepoint   ] Safepoint "G1CollectForAllocation", Time since last: 214001639 ns, Reaching safepoint: 2191 ns, At safepoint: 7341146 ns, Total: 7343337 ns
[2025-04-27T17:17:40.831+0000][73][info ][gc,start    ] GC(7) Pause Young (Mixed) (G1 Evacuation Pause)
[2025-04-27T17:17:40.832+0000][73][info ][gc,task     ] GC(7) Using 4 workers of 4 for evacuation
[2025-04-27T17:17:40.832+0000][73][debug][gc,age      ] GC(7) Desired survivor size 8388608 bytes, new threshold 15 (max threshold 15)
[2025-04-27T17:17:40.837+0000][73][info ][gc,phases   ] GC(7)   Pre Evacuate Collection Set: 0.07ms
[2025-04-27T17:17:40.838+0000][73][info ][gc,phases   ] GC(7)   Merge Heap Roots: 0.07ms
[2025-04-27T17:17:40.838+0000][73][info ][gc,phases   ] GC(7)   Evacuate Collection Set: 4.70ms
[2025-04-27T17:17:40.838+0000][73][info ][gc,phases   ] GC(7)   Post Evacuate Collection Set: 0.63ms
[2025-04-27T17:17:40.838+0000][73][info ][gc,phases   ] GC(7)   Other: 0.30ms
[2025-04-27T17:17:40.838+0000][73][trace][gc,age      ] GC(7) Age table:
[2025-04-27T17:17:40.838+0000][73][trace][gc,age      ] GC(7) - age   1:    4939704 bytes,    4939704 total
[2025-04-27T17:17:40.839+0000][73][trace][gc,age      ] GC(7) - age   2:    2113216 bytes,    7052920 total
[2025-04-27T17:17:40.839+0000][73][trace][gc,age      ] GC(7) - age   3:     359104 bytes,    7412024 total
[2025-04-27T17:17:40.839+0000][73][trace][gc,age      ] GC(7) - age   4:     577672 bytes,    7989696 total
[2025-04-27T17:17:40.839+0000][73][trace][gc,age      ] GC(7) - age   5:    2101352 bytes,   10091048 total
[2025-04-27T17:17:40.839+0000][73][info ][gc,heap     ] GC(7) Eden regions: 25->0(30)
[2025-04-27T17:17:40.839+0000][73][info ][gc,heap     ] GC(7) Survivor regions: 2->3(4)
[2025-04-27T17:17:40.839+0000][73][info ][gc,heap     ] GC(7) Old regions: 4->3
[2025-04-27T17:17:40.840+0000][73][info ][gc,heap     ] GC(7) Humongous regions: 0->0
[2025-04-27T17:17:40.840+0000][73][info ][gc,metaspace] GC(7) Metaspace: 28855K(29760K)->28855K(29760K) NonClass: 25610K(26112K)->25610K(26112K) Class: 3245K(3648K)->3245K(3648K)
[2025-04-27T17:17:40.840+0000][73][info ][gc          ] GC(7) Pause Young (Mixed) (G1 Evacuation Pause) 116M->21M(1024M) 8.383ms
[2025-04-27T17:17:40.840+0000][73][info ][gc,cpu      ] GC(7) User=0.03s Sys=0.00s Real=0.01s
[2025-04-27T17:17:40.840+0000][73][info ][safepoint   ] Safepoint "G1CollectForAllocation", Time since last: 252298863 ns, Reaching safepoint: 2984 ns, At safepoint: 8747142 ns, Total: 8750126 ns
[2025-04-27T17:17:40.968+0000][73][info ][gc,start    ] GC(8) Pause Young (Normal) (G1 Evacuation Pause)
[2025-04-27T17:17:40.968+0000][73][info ][gc,task     ] GC(8) Using 4 workers of 4 for evacuation
[2025-04-27T17:17:40.968+0000][73][debug][gc,age      ] GC(8) Desired survivor size 10485760 bytes, new threshold 15 (max threshold 15)
[2025-04-27T17:17:40.972+0000][73][info ][gc,phases   ] GC(8)   Pre Evacuate Collection Set: 0.11ms
[2025-04-27T17:17:40.972+0000][73][info ][gc,phases   ] GC(8)   Merge Heap Roots: 0.07ms
[2025-04-27T17:17:40.972+0000][73][info ][gc,phases   ] GC(8)   Evacuate Collection Set: 2.92ms
[2025-04-27T17:17:40.972+0000][73][info ][gc,phases   ] GC(8)   Post Evacuate Collection Set: 0.41ms
[2025-04-27T17:17:40.973+0000][73][info ][gc,phases   ] GC(8)   Other: 0.29ms
[2025-04-27T17:17:40.973+0000][73][trace][gc,age      ] GC(8) Age table:
[2025-04-27T17:17:40.973+0000][73][trace][gc,age      ] GC(8) - age   1:    1861536 bytes,    1861536 total
[2025-04-27T17:17:40.973+0000][73][trace][gc,age      ] GC(8) - age   2:    2667952 bytes,    4529488 total
[2025-04-27T17:17:40.973+0000][73][trace][gc,age      ] GC(8) - age   3:    2110248 bytes,    6639736 total
[2025-04-27T17:17:40.973+0000][73][trace][gc,age      ] GC(8) - age   4:     359104 bytes,    6998840 total
[2025-04-27T17:17:40.973+0000][73][trace][gc,age      ] GC(8) - age   5:     575992 bytes,    7574832 total
[2025-04-27T17:17:40.973+0000][73][trace][gc,age      ] GC(8) - age   6:    2100632 bytes,    9675464 total
[2025-04-27T17:17:40.974+0000][73][info ][gc,heap     ] GC(8) Eden regions: 30->0(37)
[2025-04-27T17:17:40.974+0000][73][info ][gc,heap     ] GC(8) Survivor regions: 3->3(5)
[2025-04-27T17:17:40.974+0000][73][info ][gc,heap     ] GC(8) Old regions: 3->3
[2025-04-27T17:17:40.974+0000][73][info ][gc,heap     ] GC(8) Humongous regions: 0->0
[2025-04-27T17:17:40.974+0000][73][info ][gc,metaspace] GC(8) Metaspace: 29233K(30208K)->29233K(30208K) NonClass: 25921K(26496K)->25921K(26496K) Class: 3311K(3712K)->3311K(3712K)
[2025-04-27T17:17:40.974+0000][73][info ][gc          ] GC(8) Pause Young (Normal) (G1 Evacuation Pause) 141M->21M(1024M) 6.522ms
[2025-04-27T17:17:40.976+0000][73][info ][gc,cpu      ] GC(8) User=0.02s Sys=0.00s Real=0.01s
[2025-04-27T17:17:40.976+0000][73][info ][safepoint   ] Safepoint "G1CollectForAllocation", Time since last: 127736632 ns, Reaching safepoint: 3364 ns, At safepoint: 8303531 ns, Total: 8306895 ns
[2025-04-27T17:17:41.218+0000][73][info ][gc,start    ] GC(9) Pause Young (Normal) (G1 Evacuation Pause)
[2025-04-27T17:17:41.247+0000][73][info ][gc,task     ] GC(9) Using 4 workers of 4 for evacuation
[2025-04-27T17:17:41.247+0000][73][debug][gc,age      ] GC(9) Desired survivor size 10485760 bytes, new threshold 15 (max threshold 15)
[2025-04-27T17:17:41.259+0000][73][info ][gc,phases   ] GC(9)   Pre Evacuate Collection Set: 0.26ms
[2025-04-27T17:17:41.262+0000][73][info ][gc,phases   ] GC(9)   Merge Heap Roots: 0.10ms
[2025-04-27T17:17:41.264+0000][73][info ][gc,phases   ] GC(9)   Evacuate Collection Set: 7.41ms
[2025-04-27T17:17:41.264+0000][73][info ][gc,phases   ] GC(9)   Post Evacuate Collection Set: 0.65ms
[2025-04-27T17:17:41.267+0000][73][info ][gc,phases   ] GC(9)   Other: 3.49ms
[2025-04-27T17:17:41.268+0000][73][trace][gc,age      ] GC(9) Age table:
[2025-04-27T17:17:41.271+0000][73][trace][gc,age      ] GC(9) - age   1:    3574704 bytes,    3574704 total
[2025-04-27T17:17:41.274+0000][73][trace][gc,age      ] GC(9) - age   2:    1242352 bytes,    4817056 total
[2025-04-27T17:17:41.275+0000][73][trace][gc,age      ] GC(9) - age   3:    2667920 bytes,    7484976 total
[2025-04-27T17:17:41.276+0000][73][trace][gc,age      ] GC(9) - age   4:    2109832 bytes,    9594808 total
[2025-04-27T17:17:41.278+0000][73][trace][gc,age      ] GC(9) - age   5:     359104 bytes,    9953912 total
[2025-04-27T17:17:41.279+0000][73][trace][gc,age      ] GC(9) - age   6:     575992 bytes,   10529904 total
[2025-04-27T17:17:41.284+0000][73][trace][gc,age      ] GC(9) - age   7:    2100600 bytes,   12630504 total
[2025-04-27T17:17:41.288+0000][73][info ][gc,heap     ] GC(9) Eden regions: 37->0(43)
[2025-04-27T17:17:41.289+0000][73][info ][gc,heap     ] GC(9) Survivor regions: 3->4(5)
[2025-04-27T17:17:41.292+0000][73][info ][gc,heap     ] GC(9) Old regions: 3->3
[2025-04-27T17:17:41.293+0000][73][info ][gc,heap     ] GC(9) Humongous regions: 0->0
[2025-04-27T17:17:41.295+0000][73][info ][gc,metaspace] GC(9) Metaspace: 30234K(31232K)->30234K(31232K) NonClass: 26777K(27328K)->26777K(27328K) Class: 3456K(3904K)->3456K(3904K)
[2025-04-27T17:17:41.300+0000][73][info ][gc          ] GC(9) Pause Young (Normal) (G1 Evacuation Pause) 169M->25M(1024M) 81.980ms
[2025-04-27T17:17:41.302+0000][73][info ][gc,cpu      ] GC(9) User=0.03s Sys=0.01s Real=0.08s
[2025-04-27T17:17:41.303+0000][73][info ][safepoint   ] Safepoint "G1CollectForAllocation", Time since last: 242026692 ns, Reaching safepoint: 3141 ns, At safepoint: 85178087 ns, Total: 85181228 ns
[2025-04-27T17:17:41.502+0000][73][info ][gc,start    ] GC(10) Pause Young (Normal) (G1 Evacuation Pause)
[2025-04-27T17:17:41.503+0000][73][info ][gc,task     ] GC(10) Using 4 workers of 4 for evacuation
[2025-04-27T17:17:41.503+0000][73][debug][gc,age      ] GC(10) Desired survivor size 12582912 bytes, new threshold 7 (max threshold 15)
[2025-04-27T17:17:41.507+0000][73][info ][gc,phases   ] GC(10)   Pre Evacuate Collection Set: 0.09ms
[2025-04-27T17:17:41.508+0000][73][info ][gc,phases   ] GC(10)   Merge Heap Roots: 0.02ms
[2025-04-27T17:17:41.508+0000][73][info ][gc,phases   ] GC(10)   Evacuate Collection Set: 3.93ms
[2025-04-27T17:17:41.508+0000][73][info ][gc,phases   ] GC(10)   Post Evacuate Collection Set: 0.37ms
[2025-04-27T17:17:41.509+0000][73][info ][gc,phases   ] GC(10)   Other: 0.40ms
[2025-04-27T17:17:41.509+0000][73][trace][gc,age      ] GC(10) Age table:
[2025-04-27T17:17:41.509+0000][73][trace][gc,age      ] GC(10) - age   1:    2696616 bytes,    2696616 total
[2025-04-27T17:17:41.509+0000][73][trace][gc,age      ] GC(10) - age   2:    2599616 bytes,    5296232 total
[2025-04-27T17:17:41.509+0000][73][trace][gc,age      ] GC(10) - age   3:    1242000 bytes,    6538232 total
[2025-04-27T17:17:41.510+0000][73][trace][gc,age      ] GC(10) - age   4:    2667632 bytes,    9205864 total
[2025-04-27T17:17:41.510+0000][73][trace][gc,age      ] GC(10) - age   5:    2109680 bytes,   11315544 total
[2025-04-27T17:17:41.510+0000][73][trace][gc,age      ] GC(10) - age   6:     359104 bytes,   11674648 total
[2025-04-27T17:17:41.510+0000][73][trace][gc,age      ] GC(10) - age   7:     575992 bytes,   12250640 total
[2025-04-27T17:17:41.511+0000][73][info ][gc,heap     ] GC(10) Eden regions: 43->0(56)
[2025-04-27T17:17:41.511+0000][73][info ][gc,heap     ] GC(10) Survivor regions: 4->4(6)
[2025-04-27T17:17:41.511+0000][73][info ][gc,heap     ] GC(10) Old regions: 3->4
[2025-04-27T17:17:41.511+0000][73][info ][gc,heap     ] GC(10) Humongous regions: 0->0
[2025-04-27T17:17:41.511+0000][73][info ][gc,metaspace] GC(10) Metaspace: 30635K(31616K)->30635K(31616K) NonClass: 27134K(27712K)->27134K(27712K) Class: 3500K(3904K)->3500K(3904K)
[2025-04-27T17:17:41.512+0000][73][info ][gc          ] GC(10) Pause Young (Normal) (G1 Evacuation Pause) 197M->26M(1024M) 9.310ms
[2025-04-27T17:17:41.512+0000][73][info ][gc,cpu      ] GC(10) User=0.01s Sys=0.00s Real=0.01s
[2025-04-27T17:17:41.512+0000][73][info ][safepoint   ] Safepoint "G1CollectForAllocation", Time since last: 198918525 ns, Reaching safepoint: 3325 ns, At safepoint: 9999891 ns, Total: 10003216 ns
[2025-04-27T17:17:41.791+0000][73][info ][gc,start    ] GC(11) Pause Young (Normal) (G1 Evacuation Pause)
[2025-04-27T17:17:41.791+0000][73][info ][gc,task     ] GC(11) Using 4 workers of 4 for evacuation
[2025-04-27T17:17:41.791+0000][73][debug][gc,age      ] GC(11) Desired survivor size 16777216 bytes, new threshold 15 (max threshold 15)
[2025-04-27T17:17:41.797+0000][73][info ][gc,phases   ] GC(11)   Pre Evacuate Collection Set: 0.09ms
[2025-04-27T17:17:41.797+0000][73][info ][gc,phases   ] GC(11)   Merge Heap Roots: 0.04ms
[2025-04-27T17:17:41.797+0000][73][info ][gc,phases   ] GC(11)   Evacuate Collection Set: 4.87ms
[2025-04-27T17:17:41.797+0000][73][info ][gc,phases   ] GC(11)   Post Evacuate Collection Set: 0.45ms
[2025-04-27T17:17:41.798+0000][73][info ][gc,phases   ] GC(11)   Other: 0.50ms
[2025-04-27T17:17:41.798+0000][73][trace][gc,age      ] GC(11) Age table:
[2025-04-27T17:17:41.798+0000][73][trace][gc,age      ] GC(11) - age   1:    1877992 bytes,    1877992 total
[2025-04-27T17:17:41.798+0000][73][trace][gc,age      ] GC(11) - age   2:    1969016 bytes,    3847008 total
[2025-04-27T17:17:41.798+0000][73][trace][gc,age      ] GC(11) - age   3:    2597040 bytes,    6444048 total
[2025-04-27T17:17:41.798+0000][73][trace][gc,age      ] GC(11) - age   4:    1238448 bytes,    7682496 total
[2025-04-27T17:17:41.798+0000][73][trace][gc,age      ] GC(11) - age   5:    2667472 bytes,   10349968 total
[2025-04-27T17:17:41.799+0000][73][trace][gc,age      ] GC(11) - age   6:    2108624 bytes,   12458592 total
[2025-04-27T17:17:41.799+0000][73][trace][gc,age      ] GC(11) - age   7:     359104 bytes,   12817696 total
[2025-04-27T17:17:41.799+0000][73][trace][gc,age      ] GC(11) - age   8:     575992 bytes,   13393688 total
[2025-04-27T17:17:41.799+0000][73][info ][gc,heap     ] GC(11) Eden regions: 56->0(70)
[2025-04-27T17:17:41.799+0000][73][info ][gc,heap     ] GC(11) Survivor regions: 4->4(8)
[2025-04-27T17:17:41.799+0000][73][info ][gc,heap     ] GC(11) Old regions: 4->4
[2025-04-27T17:17:41.800+0000][73][info ][gc,heap     ] GC(11) Humongous regions: 0->0
[2025-04-27T17:17:41.800+0000][73][info ][gc,metaspace] GC(11) Metaspace: 32343K(33344K)->32343K(33344K) NonClass: 28641K(29248K)->28641K(29248K) Class: 3701K(4096K)->3701K(4096K)
[2025-04-27T17:17:41.800+0000][73][info ][gc          ] GC(11) Pause Young (Normal) (G1 Evacuation Pause) 250M->27M(1024M) 9.088ms
[2025-04-27T17:17:41.800+0000][73][info ][gc,cpu      ] GC(11) User=0.02s Sys=0.00s Real=0.01s
[2025-04-27T17:17:41.800+0000][73][info ][safepoint   ] Safepoint "G1CollectForAllocation", Time since last: 278389344 ns, Reaching safepoint: 2490 ns, At safepoint: 9380888 ns, Total: 9383378 ns
[2025-04-27T17:17:41.945+0000][73][info ][gc,start    ] GC(12) Pause Young (Concurrent Start) (Metadata GC Threshold)
[2025-04-27T17:17:41.945+0000][73][info ][gc,task     ] GC(12) Using 4 workers of 4 for evacuation
[2025-04-27T17:17:41.945+0000][73][debug][gc,age      ] GC(12) Desired survivor size 20971520 bytes, new threshold 15 (max threshold 15)
[2025-04-27T17:17:41.948+0000][73][info ][gc,phases   ] GC(12)   Pre Evacuate Collection Set: 0.10ms
[2025-04-27T17:17:41.949+0000][73][info ][gc,phases   ] GC(12)   Merge Heap Roots: 0.04ms
[2025-04-27T17:17:41.949+0000][73][info ][gc,phases   ] GC(12)   Evacuate Collection Set: 2.84ms
[2025-04-27T17:17:41.949+0000][73][info ][gc,phases   ] GC(12)   Post Evacuate Collection Set: 0.29ms
[2025-04-27T17:17:41.949+0000][73][info ][gc,phases   ] GC(12)   Other: 0.33ms
[2025-04-27T17:17:41.950+0000][73][trace][gc,age      ] GC(12) Age table:
[2025-04-27T17:17:41.950+0000][73][trace][gc,age      ] GC(12) - age   1:    2646288 bytes,    2646288 total
[2025-04-27T17:17:41.950+0000][73][trace][gc,age      ] GC(12) - age   2:    1682520 bytes,    4328808 total
[2025-04-27T17:17:41.950+0000][73][trace][gc,age      ] GC(12) - age   3:    1968984 bytes,    6297792 total
[2025-04-27T17:17:41.950+0000][73][trace][gc,age      ] GC(12) - age   4:    2597040 bytes,    8894832 total
[2025-04-27T17:17:41.950+0000][73][trace][gc,age      ] GC(12) - age   5:    1238448 bytes,   10133280 total
[2025-04-27T17:17:41.950+0000][73][trace][gc,age      ] GC(12) - age   6:    2667328 bytes,   12800608 total
[2025-04-27T17:17:41.950+0000][73][trace][gc,age      ] GC(12) - age   7:    2108480 bytes,   14909088 total
[2025-04-27T17:17:41.951+0000][73][trace][gc,age      ] GC(12) - age   8:     359104 bytes,   15268192 total
[2025-04-27T17:17:41.951+0000][73][trace][gc,age      ] GC(12) - age   9:     575992 bytes,   15844184 total
[2025-04-27T17:17:41.951+0000][73][info ][gc,heap     ] GC(12) Eden regions: 7->0(103)
[2025-04-27T17:17:41.951+0000][73][info ][gc,heap     ] GC(12) Survivor regions: 4->5(10)
[2025-04-27T17:17:41.951+0000][73][info ][gc,heap     ] GC(12) Old regions: 4->4
[2025-04-27T17:17:41.951+0000][73][info ][gc,heap     ] GC(12) Humongous regions: 0->0
[2025-04-27T17:17:41.952+0000][73][info ][gc,metaspace] GC(12) Metaspace: 35294K(36288K)->35294K(36288K) NonClass: 31294K(31872K)->31294K(31872K) Class: 3999K(4416K)->3999K(4416K)
[2025-04-27T17:17:41.952+0000][73][info ][gc          ] GC(12) Pause Young (Concurrent Start) (Metadata GC Threshold) 55M->31M(1024M) 6.966ms
[2025-04-27T17:17:41.952+0000][73][info ][gc,cpu      ] GC(12) User=0.01s Sys=0.01s Real=0.00s
[2025-04-27T17:17:41.952+0000][73][info ][gc          ] GC(13) Concurrent Mark Cycle
[2025-04-27T17:17:41.952+0000][73][info ][gc,marking  ] GC(13) Concurrent Scan Root Regions
[2025-04-27T17:17:41.952+0000][73][info ][safepoint   ] Safepoint "CollectForMetadataAllocation", Time since last: 144587430 ns, Reaching safepoint: 2132 ns, At safepoint: 7340511 ns, Total: 7342643 ns
[2025-04-27T17:17:41.955+0000][73][info ][gc,marking  ] GC(13) Concurrent Scan Root Regions 3.237ms
[2025-04-27T17:17:41.956+0000][73][info ][gc,marking  ] GC(13) Concurrent Mark
[2025-04-27T17:17:41.956+0000][73][info ][gc,marking  ] GC(13) Concurrent Mark From Roots
[2025-04-27T17:17:41.956+0000][73][info ][gc,task     ] GC(13) Using 1 workers of 1 for marking
[2025-04-27T17:17:41.958+0000][73][info ][safepoint   ] Safepoint "CollectForMetadataAllocation", Time since last: 5457218 ns, Reaching safepoint: 28134 ns, At safepoint: 80877 ns, Total: 109011 ns
[2025-04-27T17:17:41.964+0000][73][info ][safepoint   ] Safepoint "CollectForMetadataAllocation", Time since last: 5927367 ns, Reaching safepoint: 22957 ns, At safepoint: 52743 ns, Total: 75700 ns
[2025-04-27T17:17:41.966+0000][73][info ][gc,marking  ] GC(13) Concurrent Mark From Roots 10.385ms
[2025-04-27T17:17:41.966+0000][73][info ][gc,marking  ] GC(13) Concurrent Preclean
[2025-04-27T17:17:41.966+0000][73][info ][gc,marking  ] GC(13) Concurrent Preclean 0.123ms
[2025-04-27T17:17:41.966+0000][73][info ][gc,start    ] GC(13) Pause Remark
[2025-04-27T17:17:41.969+0000][73][info ][gc          ] GC(13) Pause Remark 37M->37M(1024M) 2.781ms
[2025-04-27T17:17:41.969+0000][73][info ][gc,cpu      ] GC(13) User=0.01s Sys=0.00s Real=0.00s
[2025-04-27T17:17:41.970+0000][73][info ][safepoint   ] Safepoint "G1PauseRemark", Time since last: 2782012 ns, Reaching safepoint: 90521 ns, At safepoint: 3046729 ns, Total: 3137250 ns
[2025-04-27T17:17:41.970+0000][73][info ][gc,marking  ] GC(13) Concurrent Mark 14.153ms
[2025-04-27T17:17:41.970+0000][73][info ][gc,marking  ] GC(13) Concurrent Rebuild Remembered Sets and Scrub Regions
[2025-04-27T17:17:41.973+0000][73][info ][gc,marking  ] GC(13) Concurrent Rebuild Remembered Sets and Scrub Regions 3.626ms
[2025-04-27T17:17:41.974+0000][73][info ][gc,start    ] GC(13) Pause Cleanup
[2025-04-27T17:17:41.974+0000][73][info ][gc          ] GC(13) Pause Cleanup 37M->37M(1024M) 0.107ms
[2025-04-27T17:17:41.974+0000][73][info ][gc,cpu      ] GC(13) User=0.00s Sys=0.00s Real=0.00s
[2025-04-27T17:17:41.974+0000][73][info ][safepoint   ] Safepoint "G1PauseCleanup", Time since last: 3936217 ns, Reaching safepoint: 52043 ns, At safepoint: 510506 ns, Total: 562549 ns
[2025-04-27T17:17:41.974+0000][73][info ][gc,marking  ] GC(13) Concurrent Clear Claimed Marks
[2025-04-27T17:17:41.974+0000][73][info ][gc,marking  ] GC(13) Concurrent Clear Claimed Marks 0.109ms
[2025-04-27T17:17:41.974+0000][73][info ][gc,marking  ] GC(13) Concurrent Cleanup for Next Mark
[2025-04-27T17:17:41.976+0000][73][info ][gc,marking  ] GC(13) Concurrent Cleanup for Next Mark 1.423ms
[2025-04-27T17:17:41.976+0000][73][info ][gc          ] GC(13) Concurrent Mark Cycle 24.270ms
[2025-04-27T17:17:42.401+0000][73][info ][gc,start    ] GC(14) Pause Young (Normal) (G1 Evacuation Pause)
[2025-04-27T17:17:42.404+0000][73][info ][gc,task     ] GC(14) Using 4 workers of 4 for evacuation
[2025-04-27T17:17:42.404+0000][73][debug][gc,age      ] GC(14) Desired survivor size 29360128 bytes, new threshold 15 (max threshold 15)
[2025-04-27T17:17:42.410+0000][73][info ][gc,phases   ] GC(14)   Pre Evacuate Collection Set: 0.10ms
[2025-04-27T17:17:42.412+0000][73][info ][gc,phases   ] GC(14)   Merge Heap Roots: 0.05ms
[2025-04-27T17:17:42.412+0000][73][info ][gc,phases   ] GC(14)   Evacuate Collection Set: 4.78ms
[2025-04-27T17:17:42.412+0000][73][info ][gc,phases   ] GC(14)   Post Evacuate Collection Set: 0.53ms
[2025-04-27T17:17:42.413+0000][73][info ][gc,phases   ] GC(14)   Other: 1.35ms
[2025-04-27T17:17:42.413+0000][73][trace][gc,age      ] GC(14) Age table:
[2025-04-27T17:17:42.413+0000][73][trace][gc,age      ] GC(14) - age   1:    7483600 bytes,    7483600 total
[2025-04-27T17:17:42.413+0000][73][trace][gc,age      ] GC(14) - age   2:    2634008 bytes,   10117608 total
[2025-04-27T17:17:42.414+0000][73][trace][gc,age      ] GC(14) - age   3:    1682112 bytes,   11799720 total
[2025-04-27T17:17:42.414+0000][73][trace][gc,age      ] GC(14) - age   4:    1967552 bytes,   13767272 total
[2025-04-27T17:17:42.414+0000][73][trace][gc,age      ] GC(14) - age   5:    2594864 bytes,   16362136 total
[2025-04-27T17:17:42.414+0000][73][trace][gc,age      ] GC(14) - age   6:    1235528 bytes,   17597664 total
[2025-04-27T17:17:42.416+0000][73][trace][gc,age      ] GC(14) - age   7:    2667168 bytes,   20264832 total
[2025-04-27T17:17:42.417+0000][73][trace][gc,age      ] GC(14) - age   8:    2102976 bytes,   22367808 total
[2025-04-27T17:17:42.419+0000][73][trace][gc,age      ] GC(14) - age   9:     357440 bytes,   22725248 total
[2025-04-27T17:17:42.419+0000][73][trace][gc,age      ] GC(14) - age  10:     574936 bytes,   23300184 total
[2025-04-27T17:17:42.419+0000][73][info ][gc,heap     ] GC(14) Eden regions: 101->0(101)
[2025-04-27T17:17:42.420+0000][73][info ][gc,heap     ] GC(14) Survivor regions: 5->6(14)
[2025-04-27T17:17:42.422+0000][73][info ][gc,heap     ] GC(14) Old regions: 4->4
[2025-04-27T17:17:42.422+0000][73][info ][gc,heap     ] GC(14) Humongous regions: 0->0
[2025-04-27T17:17:42.422+0000][73][info ][gc,metaspace] GC(14) Metaspace: 38737K(39872K)->38737K(39872K) NonClass: 34249K(34944K)->34249K(34944K) Class: 4488K(4928K)->4488K(4928K)
[2025-04-27T17:17:42.423+0000][73][info ][gc          ] GC(14) Pause Young (Normal) (G1 Evacuation Pause) 435M->37M(1024M) 21.767ms
[2025-04-27T17:17:42.424+0000][73][info ][gc,cpu      ] GC(14) User=0.01s Sys=0.00s Real=0.03s
[2025-04-27T17:17:42.426+0000][73][info ][safepoint   ] Safepoint "G1CollectForAllocation", Time since last: 427412342 ns, Reaching safepoint: 2275 ns, At safepoint: 24230918 ns, Total: 24233193 ns
[2025-04-27T17:17:42.819+0000][73][info ][gc,start    ] GC(15) Pause Young (Normal) (G1 Evacuation Pause)
[2025-04-27T17:17:42.819+0000][73][info ][gc,task     ] GC(15) Using 4 workers of 4 for evacuation
[2025-04-27T17:17:42.819+0000][73][debug][gc,age      ] GC(15) Desired survivor size 29360128 bytes, new threshold 15 (max threshold 15)
[2025-04-27T17:17:42.827+0000][73][info ][gc,phases   ] GC(15)   Pre Evacuate Collection Set: 0.10ms
[2025-04-27T17:17:42.827+0000][73][info ][gc,phases   ] GC(15)   Merge Heap Roots: 0.05ms
[2025-04-27T17:17:42.827+0000][73][info ][gc,phases   ] GC(15)   Evacuate Collection Set: 6.50ms
[2025-04-27T17:17:42.827+0000][73][info ][gc,phases   ] GC(15)   Post Evacuate Collection Set: 0.53ms
[2025-04-27T17:17:42.827+0000][73][info ][gc,phases   ] GC(15)   Other: 0.51ms
[2025-04-27T17:17:42.828+0000][73][trace][gc,age      ] GC(15) Age table:
[2025-04-27T17:17:42.828+0000][73][trace][gc,age      ] GC(15) - age   1:    8954432 bytes,    8954432 total
[2025-04-27T17:17:42.828+0000][73][trace][gc,age      ] GC(15) - age   2:    6309080 bytes,   15263512 total
[2025-04-27T17:17:42.828+0000][73][trace][gc,age      ] GC(15) - age   3:    2633976 bytes,   17897488 total
[2025-04-27T17:17:42.828+0000][73][trace][gc,age      ] GC(15) - age   4:    1679984 bytes,   19577472 total
[2025-04-27T17:17:42.828+0000][73][trace][gc,age      ] GC(15) - age   5:    1967120 bytes,   21544592 total
[2025-04-27T17:17:42.829+0000][73][trace][gc,age      ] GC(15) - age   6:    2594672 bytes,   24139264 total
[2025-04-27T17:17:42.829+0000][73][trace][gc,age      ] GC(15) - age   7:    1235496 bytes,   25374760 total
[2025-04-27T17:17:42.829+0000][73][trace][gc,age      ] GC(15) - age   8:    2665408 bytes,   28040168 total
[2025-04-27T17:17:42.829+0000][73][trace][gc,age      ] GC(15) - age   9:    2101760 bytes,   30141928 total
[2025-04-27T17:17:42.829+0000][73][trace][gc,age      ] GC(15) - age  10:     338672 bytes,   30480600 total
[2025-04-27T17:17:42.829+0000][73][trace][gc,age      ] GC(15) - age  11:     574744 bytes,   31055344 total
[2025-04-27T17:17:42.829+0000][73][info ][gc,heap     ] GC(15) Eden regions: 101->0(145)
[2025-04-27T17:17:42.830+0000][73][info ][gc,heap     ] GC(15) Survivor regions: 6->8(14)
[2025-04-27T17:17:42.830+0000][73][info ][gc,heap     ] GC(15) Old regions: 4->4
[2025-04-27T17:17:42.830+0000][73][info ][gc,heap     ] GC(15) Humongous regions: 0->0
[2025-04-27T17:17:42.830+0000][73][info ][gc,metaspace] GC(15) Metaspace: 39476K(40768K)->39476K(40768K) NonClass: 34890K(35648K)->34890K(35648K) Class: 4586K(5120K)->4586K(5120K)
[2025-04-27T17:17:42.830+0000][73][info ][gc          ] GC(15) Pause Young (Normal) (G1 Evacuation Pause) 441M->45M(1024M) 11.176ms
[2025-04-27T17:17:42.830+0000][73][info ][gc,cpu      ] GC(15) User=0.03s Sys=0.00s Real=0.01s
[2025-04-27T17:17:42.830+0000][73][info ][safepoint   ] Safepoint "G1CollectForAllocation", Time since last: 393055748 ns, Reaching safepoint: 203693 ns, At safepoint: 11539737 ns, Total: 11743430 ns
[2025-04-27T17:17:44.230+0000][73][info ][gc,start    ] GC(16) Pause Young (Concurrent Start) (Metadata GC Threshold)
[2025-04-27T17:17:44.230+0000][73][info ][gc,task     ] GC(16) Using 4 workers of 4 for evacuation
[2025-04-27T17:17:44.230+0000][73][debug][gc,age      ] GC(16) Desired survivor size 41943040 bytes, new threshold 15 (max threshold 15)
[2025-04-27T17:17:44.240+0000][73][info ][gc,phases   ] GC(16)   Pre Evacuate Collection Set: 0.11ms
[2025-04-27T17:17:44.240+0000][73][info ][gc,phases   ] GC(16)   Merge Heap Roots: 0.03ms
[2025-04-27T17:17:44.240+0000][73][info ][gc,phases   ] GC(16)   Evacuate Collection Set: 8.10ms
[2025-04-27T17:17:44.240+0000][73][info ][gc,phases   ] GC(16)   Post Evacuate Collection Set: 1.01ms
[2025-04-27T17:17:44.241+0000][73][info ][gc,phases   ] GC(16)   Other: 0.33ms
[2025-04-27T17:17:44.241+0000][73][trace][gc,age      ] GC(16) Age table:
[2025-04-27T17:17:44.241+0000][73][trace][gc,age      ] GC(16) - age   1:    8029264 bytes,    8029264 total
[2025-04-27T17:17:44.241+0000][73][trace][gc,age      ] GC(16) - age   2:    6573792 bytes,   14603056 total
[2025-04-27T17:17:44.242+0000][73][trace][gc,age      ] GC(16) - age   3:    6255112 bytes,   20858168 total
[2025-04-27T17:17:44.242+0000][73][trace][gc,age      ] GC(16) - age   4:    2627608 bytes,   23485776 total
[2025-04-27T17:17:44.242+0000][73][trace][gc,age      ] GC(16) - age   5:    1664128 bytes,   25149904 total
[2025-04-27T17:17:44.242+0000][73][trace][gc,age      ] GC(16) - age   6:    1958752 bytes,   27108656 total
[2025-04-27T17:17:44.242+0000][73][trace][gc,age      ] GC(16) - age   7:    2584504 bytes,   29693160 total
[2025-04-27T17:17:44.243+0000][73][trace][gc,age      ] GC(16) - age   8:    1223120 bytes,   30916280 total
[2025-04-27T17:17:44.243+0000][73][trace][gc,age      ] GC(16) - age   9:    2659856 bytes,   33576136 total
[2025-04-27T17:17:44.243+0000][73][trace][gc,age      ] GC(16) - age  10:    1925576 bytes,   35501712 total
[2025-04-27T17:17:44.243+0000][73][trace][gc,age      ] GC(16) - age  11:     337608 bytes,   35839320 total
[2025-04-27T17:17:44.244+0000][73][trace][gc,age      ] GC(16) - age  12:     571144 bytes,   36410464 total
[2025-04-27T17:17:44.244+0000][73][info ][gc,heap     ] GC(16) Eden regions: 107->0(143)
[2025-04-27T17:17:44.244+0000][73][info ][gc,heap     ] GC(16) Survivor regions: 8->10(20)
[2025-04-27T17:17:44.244+0000][73][info ][gc,heap     ] GC(16) Old regions: 4->4
[2025-04-27T17:17:44.244+0000][73][info ][gc,heap     ] GC(16) Humongous regions: 0->0
[2025-04-27T17:17:44.244+0000][73][info ][gc,metaspace] GC(16) Metaspace: 60366K(62016K)->60366K(62016K) NonClass: 52760K(53824K)->52760K(53824K) Class: 7605K(8192K)->7605K(8192K)
[2025-04-27T17:17:44.245+0000][73][info ][gc          ] GC(16) Pause Young (Concurrent Start) (Metadata GC Threshold) 473M->50M(1024M) 14.728ms
[2025-04-27T17:17:44.245+0000][73][info ][gc,cpu      ] GC(16) User=0.04s Sys=0.00s Real=0.02s
[2025-04-27T17:17:44.245+0000][73][info ][gc          ] GC(17) Concurrent Mark Cycle
[2025-04-27T17:17:44.245+0000][73][info ][gc,marking  ] GC(17) Concurrent Scan Root Regions
[2025-04-27T17:17:44.245+0000][73][info ][safepoint   ] Safepoint "CollectForMetadataAllocation", Time since last: 1399424023 ns, Reaching safepoint: 2672 ns, At safepoint: 15230838 ns, Total: 15233510 ns
[2025-04-27T17:17:44.253+0000][73][info ][gc,marking  ] GC(17) Concurrent Scan Root Regions 7.543ms
[2025-04-27T17:17:44.253+0000][73][info ][gc,marking  ] GC(17) Concurrent Mark
[2025-04-27T17:17:44.253+0000][73][info ][gc,marking  ] GC(17) Concurrent Mark From Roots
[2025-04-27T17:17:44.253+0000][73][info ][gc,task     ] GC(17) Using 1 workers of 1 for marking
[2025-04-27T17:17:44.270+0000][73][info ][gc,marking  ] GC(17) Concurrent Mark From Roots 16.846ms
[2025-04-27T17:17:44.270+0000][73][info ][gc,marking  ] GC(17) Concurrent Preclean
[2025-04-27T17:17:44.270+0000][73][info ][gc,marking  ] GC(17) Concurrent Preclean 0.172ms
[2025-04-27T17:17:44.270+0000][73][info ][gc,start    ] GC(17) Pause Remark
[2025-04-27T17:17:44.275+0000][73][info ][gc          ] GC(17) Pause Remark 54M->54M(1024M) 4.568ms
[2025-04-27T17:17:44.275+0000][73][info ][gc,cpu      ] GC(17) User=0.02s Sys=0.00s Real=0.01s
[2025-04-27T17:17:44.275+0000][73][info ][safepoint   ] Safepoint "G1PauseRemark", Time since last: 25190366 ns, Reaching safepoint: 68849 ns, At safepoint: 5018658 ns, Total: 5087507 ns
[2025-04-27T17:17:44.276+0000][73][info ][gc,marking  ] GC(17) Concurrent Mark 22.717ms
[2025-04-27T17:17:44.276+0000][73][info ][gc,marking  ] GC(17) Concurrent Rebuild Remembered Sets and Scrub Regions
[2025-04-27T17:17:44.280+0000][73][info ][gc,marking  ] GC(17) Concurrent Rebuild Remembered Sets and Scrub Regions 4.046ms
[2025-04-27T17:17:44.280+0000][73][info ][gc,start    ] GC(17) Pause Cleanup
[2025-04-27T17:17:44.280+0000][73][info ][gc          ] GC(17) Pause Cleanup 54M->54M(1024M) 0.329ms
[2025-04-27T17:17:44.281+0000][73][info ][gc,cpu      ] GC(17) User=0.01s Sys=0.00s Real=0.00s
[2025-04-27T17:17:44.281+0000][73][info ][safepoint   ] Safepoint "G1PauseCleanup", Time since last: 4689071 ns, Reaching safepoint: 2109 ns, At safepoint: 700003 ns, Total: 702112 ns
[2025-04-27T17:17:44.281+0000][73][info ][gc,marking  ] GC(17) Concurrent Clear Claimed Marks
[2025-04-27T17:17:44.281+0000][73][info ][gc,marking  ] GC(17) Concurrent Clear Claimed Marks 0.299ms
[2025-04-27T17:17:44.281+0000][73][info ][gc,marking  ] GC(17) Concurrent Cleanup for Next Mark
[2025-04-27T17:17:44.283+0000][73][info ][gc,marking  ] GC(17) Concurrent Cleanup for Next Mark 1.277ms
[2025-04-27T17:17:44.283+0000][73][info ][gc          ] GC(17) Concurrent Mark Cycle 38.014ms
[2025-04-27T17:17:46.054+0000][73][info ][gc,start    ] GC(18) Pause Young (Normal) (G1 Evacuation Pause)
[2025-04-27T17:17:46.054+0000][73][info ][gc,task     ] GC(18) Using 4 workers of 4 for evacuation
[2025-04-27T17:17:46.055+0000][73][debug][gc,age      ] GC(18) Desired survivor size 41943040 bytes, new threshold 15 (max threshold 15)
[2025-04-27T17:17:46.072+0000][73][info ][gc,phases   ] GC(18)   Pre Evacuate Collection Set: 0.10ms
[2025-04-27T17:17:46.073+0000][73][info ][gc,phases   ] GC(18)   Merge Heap Roots: 0.08ms
[2025-04-27T17:17:46.073+0000][73][info ][gc,phases   ] GC(18)   Evacuate Collection Set: 16.30ms
[2025-04-27T17:17:46.073+0000][73][info ][gc,phases   ] GC(18)   Post Evacuate Collection Set: 1.25ms
[2025-04-27T17:17:46.073+0000][73][info ][gc,phases   ] GC(18)   Other: 0.26ms
[2025-04-27T17:17:46.074+0000][73][trace][gc,age      ] GC(18) Age table:
[2025-04-27T17:17:46.074+0000][73][trace][gc,age      ] GC(18) - age   1:   11036624 bytes,   11036624 total
[2025-04-27T17:17:46.074+0000][73][trace][gc,age      ] GC(18) - age   2:    7520760 bytes,   18557384 total
[2025-04-27T17:17:46.074+0000][73][trace][gc,age      ] GC(18) - age   3:    6532392 bytes,   25089776 total
[2025-04-27T17:17:46.074+0000][73][trace][gc,age      ] GC(18) - age   4:    6245536 bytes,   31335312 total
[2025-04-27T17:17:46.074+0000][73][trace][gc,age      ] GC(18) - age   5:    2627288 bytes,   33962600 total
[2025-04-27T17:17:46.074+0000][73][trace][gc,age      ] GC(18) - age   6:    1654568 bytes,   35617168 total
[2025-04-27T17:17:46.074+0000][73][trace][gc,age      ] GC(18) - age   7:    1956280 bytes,   37573448 total
[2025-04-27T17:17:46.075+0000][73][trace][gc,age      ] GC(18) - age   8:    2577408 bytes,   40150856 total
[2025-04-27T17:17:46.075+0000][73][trace][gc,age      ] GC(18) - age   9:    1217592 bytes,   41368448 total
[2025-04-27T17:17:46.075+0000][73][trace][gc,age      ] GC(18) - age  10:    2641464 bytes,   44009912 total
[2025-04-27T17:17:46.075+0000][73][trace][gc,age      ] GC(18) - age  11:    1920904 bytes,   45930816 total
[2025-04-27T17:17:46.075+0000][73][trace][gc,age      ] GC(18) - age  12:     333448 bytes,   46264264 total
[2025-04-27T17:17:46.075+0000][73][trace][gc,age      ] GC(18) - age  13:     570312 bytes,   46834576 total
[2025-04-27T17:17:46.075+0000][73][info ][gc,heap     ] GC(18) Eden regions: 143->0(141)
[2025-04-27T17:17:46.076+0000][73][info ][gc,heap     ] GC(18) Survivor regions: 10->12(20)
[2025-04-27T17:17:46.076+0000][73][info ][gc,heap     ] GC(18) Old regions: 4->4
[2025-04-27T17:17:46.076+0000][73][info ][gc,heap     ] GC(18) Humongous regions: 0->0
[2025-04-27T17:17:46.076+0000][73][info ][gc,metaspace] GC(18) Metaspace: 77306K(79296K)->77306K(79296K) NonClass: 66886K(68096K)->66886K(68096K) Class: 10419K(11200K)->10419K(11200K)
[2025-04-27T17:17:46.076+0000][73][info ][gc          ] GC(18) Pause Young (Normal) (G1 Evacuation Pause) 622M->61M(1024M) 21.784ms
[2025-04-27T17:17:46.076+0000][73][info ][gc,cpu      ] GC(18) User=0.05s Sys=0.01s Real=0.02s
[2025-04-27T17:17:46.076+0000][73][info ][safepoint   ] Safepoint "G1CollectForAllocation", Time since last: 1773477789 ns, Reaching safepoint: 3121 ns, At safepoint: 22209183 ns, Total: 22212304 ns
[2025-04-27T17:17:49.112+0000][73][info ][gc,start    ] GC(19) Pause Young (Concurrent Start) (Metadata GC Threshold)
[2025-04-27T17:17:49.112+0000][73][info ][gc,task     ] GC(19) Using 4 workers of 4 for evacuation
[2025-04-27T17:17:49.113+0000][73][debug][gc,age      ] GC(19) Desired survivor size 41943040 bytes, new threshold 10 (max threshold 15)
[2025-04-27T17:17:49.145+0000][73][info ][gc,phases   ] GC(19)   Pre Evacuate Collection Set: 0.14ms
[2025-04-27T17:17:49.145+0000][73][info ][gc,phases   ] GC(19)   Merge Heap Roots: 0.08ms
[2025-04-27T17:17:49.145+0000][73][info ][gc,phases   ] GC(19)   Evacuate Collection Set: 22.04ms
[2025-04-27T17:17:49.145+0000][73][info ][gc,phases   ] GC(19)   Post Evacuate Collection Set: 9.38ms
[2025-04-27T17:17:49.146+0000][73][info ][gc,phases   ] GC(19)   Other: 0.57ms
[2025-04-27T17:17:49.146+0000][73][trace][gc,age      ] GC(19) Age table:
[2025-04-27T17:17:49.147+0000][73][trace][gc,age      ] GC(19) - age   1:    9912088 bytes,    9912088 total
[2025-04-27T17:17:49.147+0000][73][trace][gc,age      ] GC(19) - age   2:   10646896 bytes,   20558984 total
[2025-04-27T17:17:49.148+0000][73][trace][gc,age      ] GC(19) - age   3:    7294184 bytes,   27853168 total
[2025-04-27T17:17:49.148+0000][73][trace][gc,age      ] GC(19) - age   4:    6525864 bytes,   34379032 total
[2025-04-27T17:17:49.148+0000][73][trace][gc,age      ] GC(19) - age   5:    6223736 bytes,   40602768 total
[2025-04-27T17:17:49.149+0000][73][trace][gc,age      ] GC(19) - age   6:    2619128 bytes,   43221896 total
[2025-04-27T17:17:49.149+0000][73][trace][gc,age      ] GC(19) - age   7:    1650448 bytes,   44872344 total
[2025-04-27T17:17:49.150+0000][73][trace][gc,age      ] GC(19) - age   8:    1953456 bytes,   46825800 total
[2025-04-27T17:17:49.150+0000][73][trace][gc,age      ] GC(19) - age   9:    2573720 bytes,   49399520 total
[2025-04-27T17:17:49.150+0000][73][trace][gc,age      ] GC(19) - age  10:    1216392 bytes,   50615912 total
[2025-04-27T17:17:49.151+0000][73][info ][gc,heap     ] GC(19) Eden regions: 105->0(139)
[2025-04-27T17:17:49.151+0000][73][info ][gc,heap     ] GC(19) Survivor regions: 12->14(20)
[2025-04-27T17:17:49.152+0000][73][info ][gc,heap     ] GC(19) Old regions: 4->5
[2025-04-27T17:17:49.152+0000][73][info ][gc,heap     ] GC(19) Humongous regions: 0->0
[2025-04-27T17:17:49.152+0000][73][info ][gc,metaspace] GC(19) Metaspace: 101498K(103680K)->101498K(103680K) NonClass: 87702K(89024K)->87702K(89024K) Class: 13796K(14656K)->13796K(14656K)
[2025-04-27T17:17:49.153+0000][73][info ][gc          ] GC(19) Pause Young (Concurrent Start) (Metadata GC Threshold) 481M->72M(1024M) 40.544ms
[2025-04-27T17:17:49.153+0000][73][info ][gc,cpu      ] GC(19) User=0.06s Sys=0.01s Real=0.05s
[2025-04-27T17:17:49.153+0000][73][info ][gc          ] GC(20) Concurrent Mark Cycle
[2025-04-27T17:17:49.153+0000][73][info ][safepoint   ] Safepoint "CollectForMetadataAllocation", Time since last: 1956236026 ns, Reaching safepoint: 2378 ns, At safepoint: 41315861 ns, Total: 41318239 ns
[2025-04-27T17:17:49.154+0000][73][info ][gc,marking  ] GC(20) Concurrent Scan Root Regions
[2025-04-27T17:17:49.162+0000][73][info ][safepoint   ] Safepoint "CollectForMetadataAllocation", Time since last: 8748476 ns, Reaching safepoint: 81453 ns, At safepoint: 52575 ns, Total: 134028 ns
[2025-04-27T17:17:49.169+0000][73][info ][gc,marking  ] GC(20) Concurrent Scan Root Regions 15.891ms
[2025-04-27T17:17:49.170+0000][73][info ][gc,marking  ] GC(20) Concurrent Mark
[2025-04-27T17:17:49.170+0000][73][info ][gc,marking  ] GC(20) Concurrent Mark From Roots
[2025-04-27T17:17:49.170+0000][73][info ][gc,task     ] GC(20) Using 1 workers of 1 for marking
[2025-04-27T17:17:49.181+0000][73][info ][gc,marking  ] GC(20) Concurrent Mark From Roots 10.874ms
[2025-04-27T17:17:49.181+0000][73][info ][gc,marking  ] GC(20) Concurrent Preclean
[2025-04-27T17:17:49.181+0000][73][info ][safepoint   ] Safepoint "CollectForMetadataAllocation", Time since last: 18687254 ns, Reaching safepoint: 2493 ns, At safepoint: 21828 ns, Total: 24321 ns
[2025-04-27T17:17:49.181+0000][73][info ][gc,marking  ] GC(20) Concurrent Preclean 0.283ms
[2025-04-27T17:17:49.182+0000][73][info ][gc,start    ] GC(20) Pause Remark
[2025-04-27T17:17:49.190+0000][73][info ][gc          ] GC(20) Pause Remark 78M->78M(1024M) 7.865ms
[2025-04-27T17:17:49.190+0000][73][info ][gc,cpu      ] GC(20) User=0.01s Sys=0.00s Real=0.01s
[2025-04-27T17:17:49.191+0000][73][info ][safepoint   ] Safepoint "G1PauseRemark", Time since last: 877221 ns, Reaching safepoint: 158629 ns, At safepoint: 8537329 ns, Total: 8695958 ns
[2025-04-27T17:17:49.191+0000][73][info ][gc,marking  ] GC(20) Concurrent Mark 21.152ms
[2025-04-27T17:17:49.191+0000][73][info ][gc,marking  ] GC(20) Concurrent Rebuild Remembered Sets and Scrub Regions
[2025-04-27T17:17:49.197+0000][73][info ][gc,marking  ] GC(20) Concurrent Rebuild Remembered Sets and Scrub Regions 6.128ms
[2025-04-27T17:17:49.198+0000][73][info ][gc,start    ] GC(20) Pause Cleanup
[2025-04-27T17:17:49.198+0000][73][info ][gc          ] GC(20) Pause Cleanup 80M->80M(1024M) 0.318ms
[2025-04-27T17:17:49.198+0000][73][info ][gc,cpu      ] GC(20) User=0.00s Sys=0.00s Real=0.00s
[2025-04-27T17:17:49.198+0000][73][info ][safepoint   ] Safepoint "G1PauseCleanup", Time since last: 6950383 ns, Reaching safepoint: 69991 ns, At safepoint: 833797 ns, Total: 903788 ns
[2025-04-27T17:17:49.199+0000][73][info ][gc,marking  ] GC(20) Concurrent Clear Claimed Marks
[2025-04-27T17:17:49.199+0000][73][info ][gc,marking  ] GC(20) Concurrent Clear Claimed Marks 0.478ms
[2025-04-27T17:17:49.200+0000][73][info ][gc,marking  ] GC(20) Concurrent Cleanup for Next Mark
[2025-04-27T17:17:49.201+0000][73][info ][gc,marking  ] GC(20) Concurrent Cleanup for Next Mark 1.190ms
[2025-04-27T17:17:49.201+0000][73][info ][gc          ] GC(20) Concurrent Mark Cycle 48.347ms
[2025-04-27T17:17:53.734+0000][73][info ][gc,start    ] GC(21) Pause Young (Normal) (G1 Evacuation Pause)
[2025-04-27T17:17:53.734+0000][73][info ][gc,task     ] GC(21) Using 4 workers of 4 for evacuation
[2025-04-27T17:17:53.734+0000][73][debug][gc,age      ] GC(21) Desired survivor size 41943040 bytes, new threshold 6 (max threshold 15)
[2025-04-27T17:17:53.765+0000][73][info ][gc,phases   ] GC(21)   Pre Evacuate Collection Set: 0.22ms
[2025-04-27T17:17:53.766+0000][73][info ][gc,phases   ] GC(21)   Merge Heap Roots: 0.10ms
[2025-04-27T17:17:53.766+0000][73][info ][gc,phases   ] GC(21)   Evacuate Collection Set: 28.49ms
[2025-04-27T17:17:53.766+0000][73][info ][gc,phases   ] GC(21)   Post Evacuate Collection Set: 2.15ms
[2025-04-27T17:17:53.766+0000][73][info ][gc,phases   ] GC(21)   Other: 0.52ms
[2025-04-27T17:17:53.766+0000][73][trace][gc,age      ] GC(21) Age table:
[2025-04-27T17:17:53.766+0000][73][trace][gc,age      ] GC(21) - age   1:   20471632 bytes,   20471632 total
[2025-04-27T17:17:53.766+0000][73][trace][gc,age      ] GC(21) - age   2:    9450800 bytes,   29922432 total
[2025-04-27T17:17:53.767+0000][73][trace][gc,age      ] GC(21) - age   3:   10562736 bytes,   40485168 total
[2025-04-27T17:17:53.767+0000][73][trace][gc,age      ] GC(21) - age   4:    7271616 bytes,   47756784 total
[2025-04-27T17:17:53.767+0000][73][trace][gc,age      ] GC(21) - age   5:    6522320 bytes,   54279104 total
[2025-04-27T17:17:53.767+0000][73][trace][gc,age      ] GC(21) - age   6:    6215736 bytes,   60494840 total
[2025-04-27T17:17:53.767+0000][73][info ][gc,heap     ] GC(21) Eden regions: 139->0(137)
[2025-04-27T17:17:53.767+0000][73][info ][gc,heap     ] GC(21) Survivor regions: 14->16(20)
[2025-04-27T17:17:53.767+0000][73][info ][gc,heap     ] GC(21) Old regions: 5->8
[2025-04-27T17:17:53.768+0000][73][info ][gc,heap     ] GC(21) Humongous regions: 0->0
[2025-04-27T17:17:53.768+0000][73][info ][gc,metaspace] GC(21) Metaspace: 143247K(147392K)->143247K(147392K) NonClass: 122856K(125120K)->122856K(125120K) Class: 20390K(22272K)->20390K(22272K)
[2025-04-27T17:17:53.768+0000][73][info ][gc          ] GC(21) Pause Young (Normal) (G1 Evacuation Pause) 628M->90M(1024M) 34.195ms
[2025-04-27T17:17:53.768+0000][73][info ][gc,cpu      ] GC(21) User=0.09s Sys=0.00s Real=0.03s
[2025-04-27T17:17:53.768+0000][73][info ][safepoint   ] Safepoint "G1CollectForAllocation", Time since last: 4535155691 ns, Reaching safepoint: 4599 ns, At safepoint: 34540574 ns, Total: 34545173 ns
[2025-04-27T17:42:28.151+0000][73][info ][gc,start    ] GC(22) Pause Young (Normal) (G1 Evacuation Pause)
[2025-04-27T17:42:28.151+0000][73][info ][gc,task     ] GC(22) Using 4 workers of 4 for evacuation
[2025-04-27T17:42:28.152+0000][73][debug][gc,age      ] GC(22) Desired survivor size 41943040 bytes, new threshold 4 (max threshold 15)
[2025-04-27T17:42:28.180+0000][73][info ][gc,phases   ] GC(22)   Pre Evacuate Collection Set: 0.30ms
[2025-04-27T17:42:28.180+0000][73][info ][gc,phases   ] GC(22)   Merge Heap Roots: 0.11ms
[2025-04-27T17:42:28.180+0000][73][info ][gc,phases   ] GC(22)   Evacuate Collection Set: 24.52ms
[2025-04-27T17:42:28.181+0000][73][info ][gc,phases   ] GC(22)   Post Evacuate Collection Set: 2.76ms
[2025-04-27T17:42:28.181+0000][73][info ][gc,phases   ] GC(22)   Other: 0.87ms
[2025-04-27T17:42:28.181+0000][73][trace][gc,age      ] GC(22) Age table:
[2025-04-27T17:42:28.181+0000][73][trace][gc,age      ] GC(22) - age   1:    2164872 bytes,    2164872 total
[2025-04-27T17:42:28.182+0000][73][trace][gc,age      ] GC(22) - age   2:   19399040 bytes,   21563912 total
[2025-04-27T17:42:28.182+0000][73][trace][gc,age      ] GC(22) - age   3:    9443704 bytes,   31007616 total
[2025-04-27T17:42:28.182+0000][73][trace][gc,age      ] GC(22) - age   4:   10557720 bytes,   41565336 total
[2025-04-27T17:42:28.182+0000][73][info ][gc,heap     ] GC(22) Eden regions: 137->0(142)
[2025-04-27T17:42:28.182+0000][73][info ][gc,heap     ] GC(22) Survivor regions: 16->11(20)
[2025-04-27T17:42:28.182+0000][73][info ][gc,heap     ] GC(22) Old regions: 8->13
[2025-04-27T17:42:28.183+0000][73][info ][gc,heap     ] GC(22) Humongous regions: 0->0
[2025-04-27T17:42:28.183+0000][73][info ][gc,metaspace] GC(22) Metaspace: 148719K(152960K)->148719K(152960K) NonClass: 127666K(129984K)->127666K(129984K) Class: 21052K(22976K)->21052K(22976K)
[2025-04-27T17:42:28.184+0000][73][info ][gc          ] GC(22) Pause Young (Normal) (G1 Evacuation Pause) 638M->94M(1024M) 32.791ms
[2025-04-27T17:42:28.184+0000][73][info ][gc,cpu      ] GC(22) User=0.09s Sys=0.01s Real=0.03s
[2025-04-27T17:42:28.185+0000][73][info ][safepoint   ] Safepoint "G1CollectForAllocation", Time since last: 1390755274798 ns, Reaching safepoint: 43996 ns, At safepoint: 33831879 ns, Total: 33875875 ns
[2025-04-27T18:13:48.079+0000][73][info ][gc,start    ] GC(23) Pause Young (Normal) (G1 Evacuation Pause)
[2025-04-27T18:13:48.080+0000][73][info ][gc,task     ] GC(23) Using 4 workers of 4 for evacuation
[2025-04-27T18:13:48.080+0000][73][debug][gc,age      ] GC(23) Desired survivor size 41943040 bytes, new threshold 15 (max threshold 15)
[2025-04-27T18:13:48.161+0000][73][info ][gc,phases   ] GC(23)   Pre Evacuate Collection Set: 0.47ms
[2025-04-27T18:13:48.161+0000][73][info ][gc,phases   ] GC(23)   Merge Heap Roots: 0.23ms
[2025-04-27T18:13:48.162+0000][73][info ][gc,phases   ] GC(23)   Evacuate Collection Set: 75.53ms
[2025-04-27T18:13:48.162+0000][73][info ][gc,phases   ] GC(23)   Post Evacuate Collection Set: 4.07ms
[2025-04-27T18:13:48.163+0000][73][info ][gc,phases   ] GC(23)   Other: 1.06ms
[2025-04-27T18:13:48.163+0000][73][trace][gc,age      ] GC(23) Age table:
[2025-04-27T18:13:48.163+0000][73][trace][gc,age      ] GC(23) - age   1:     128432 bytes,     128432 total
[2025-04-27T18:13:48.164+0000][73][trace][gc,age      ] GC(23) - age   2:    2008568 bytes,    2137000 total
[2025-04-27T18:13:48.164+0000][73][trace][gc,age      ] GC(23) - age   3:   18293608 bytes,   20430608 total
[2025-04-27T18:13:48.165+0000][73][trace][gc,age      ] GC(23) - age   4:    9028344 bytes,   29458952 total
[2025-04-27T18:13:48.166+0000][73][trace][gc,age      ] GC(23) - age   5:    9948704 bytes,   39407656 total
[2025-04-27T18:13:48.166+0000][73][info ][gc,heap     ] GC(23) Eden regions: 142->0(142)
[2025-04-27T18:13:48.167+0000][73][info ][gc,heap     ] GC(23) Survivor regions: 11->11(20)
[2025-04-27T18:13:48.167+0000][73][info ][gc,heap     ] GC(23) Old regions: 13->13
[2025-04-27T18:13:48.168+0000][73][info ][gc,heap     ] GC(23) Humongous regions: 0->0
[2025-04-27T18:13:48.168+0000][73][info ][gc,metaspace] GC(23) Metaspace: 149295K(153600K)->149295K(153600K) NonClass: 128242K(130624K)->128242K(130624K) Class: 21052K(22976K)->21052K(22976K)
[2025-04-27T18:13:48.169+0000][73][info ][gc          ] GC(23) Pause Young (Normal) (G1 Evacuation Pause) 662M->92M(1024M) 89.968ms
[2025-04-27T18:13:48.169+0000][73][info ][gc,cpu      ] GC(23) User=0.33s Sys=0.00s Real=0.09s
[2025-04-27T18:13:48.170+0000][73][info ][safepoint   ] Safepoint "G1CollectForAllocation", Time since last: 1762692198263 ns, Reaching safepoint: 81316 ns, At safepoint: 91082575 ns, Total: 91163891 ns
[2025-04-27T18:45:26.044+0000][73][info ][gc,start    ] GC(24) Pause Young (Normal) (G1 Evacuation Pause)
[2025-04-27T18:45:26.047+0000][73][info ][gc,task     ] GC(24) Using 4 workers of 4 for evacuation
[2025-04-27T18:45:26.048+0000][73][debug][gc,age      ] GC(24) Desired survivor size 41943040 bytes, new threshold 15 (max threshold 15)
[2025-04-27T18:45:26.088+0000][73][info ][gc,phases   ] GC(24)   Pre Evacuate Collection Set: 0.80ms
[2025-04-27T18:45:26.088+0000][73][info ][gc,phases   ] GC(24)   Merge Heap Roots: 0.21ms
[2025-04-27T18:45:26.089+0000][73][info ][gc,phases   ] GC(24)   Evacuate Collection Set: 32.12ms
[2025-04-27T18:45:26.089+0000][73][info ][gc,phases   ] GC(24)   Post Evacuate Collection Set: 5.88ms
[2025-04-27T18:45:26.089+0000][73][info ][gc,phases   ] GC(24)   Other: 1.76ms
[2025-04-27T18:45:26.089+0000][73][trace][gc,age      ] GC(24) Age table:
[2025-04-27T18:45:26.090+0000][73][trace][gc,age      ] GC(24) - age   1:     111624 bytes,     111624 total
[2025-04-27T18:45:26.090+0000][73][trace][gc,age      ] GC(24) - age   2:     114152 bytes,     225776 total
[2025-04-27T18:45:26.090+0000][73][trace][gc,age      ] GC(24) - age   3:    1967448 bytes,    2193224 total
[2025-04-27T18:45:26.090+0000][73][trace][gc,age      ] GC(24) - age   4:   18291816 bytes,   20485040 total
[2025-04-27T18:45:26.091+0000][73][trace][gc,age      ] GC(24) - age   5:    9026792 bytes,   29511832 total
[2025-04-27T18:45:26.091+0000][73][trace][gc,age      ] GC(24) - age   6:    9947264 bytes,   39459096 total
[2025-04-27T18:45:26.091+0000][73][info ][gc,heap     ] GC(24) Eden regions: 142->0(142)
[2025-04-27T18:45:26.091+0000][73][info ][gc,heap     ] GC(24) Survivor regions: 11->11(20)
[2025-04-27T18:45:26.091+0000][73][info ][gc,heap     ] GC(24) Old regions: 13->13
[2025-04-27T18:45:26.091+0000][73][info ][gc,heap     ] GC(24) Humongous regions: 0->0
[2025-04-27T18:45:26.092+0000][73][info ][gc,metaspace] GC(24) Metaspace: 149546K(153792K)->149546K(153792K) NonClass: 128492K(130816K)->128492K(130816K) Class: 21054K(22976K)->21054K(22976K)
[2025-04-27T18:45:26.092+0000][73][info ][gc          ] GC(24) Pause Young (Normal) (G1 Evacuation Pause) 660M->92M(1024M) 47.903ms
[2025-04-27T18:45:26.092+0000][73][info ][gc,cpu      ] GC(24) User=0.11s Sys=0.00s Real=0.05s
[2025-04-27T18:45:26.092+0000][73][info ][safepoint   ] Safepoint "G1CollectForAllocation", Time since last: 1763286952139 ns, Reaching safepoint: 60720 ns, At safepoint: 48957546 ns, Total: 49018266 ns
[2025-04-27T18:58:57.191+0000][73][info ][gc,heap,exit] Heap
[2025-04-27T18:58:57.191+0000][73][info ][gc,heap,exit]  garbage-first heap   total reserved 1048576K, committed 1048576K, used 392657K [0x00000000c0000000, 0x0000000100000000)
[2025-04-27T18:58:57.191+0000][73][info ][gc,heap,exit]   region size 4096K, 84 young (344064K), 11 survivors (45056K)
[2025-04-27T18:58:57.192+0000][73][info ][gc,heap,exit]  Metaspace       used 150831K, committed 155072K, reserved 1245184K
[2025-04-27T18:58:57.192+0000][73][info ][gc,heap,exit]   class space    used 21166K, committed 23104K, reserved 1048576K
