[2025-04-09T16:44:14.719+0000][55][info][gc,init] CardTable entry size: 512
[2025-04-09T16:44:14.720+0000][55][info][gc     ] Using G1
[2025-04-09T16:44:14.724+0000][55][info][gc,init] Version: 23+37-2369 (release)
[2025-04-09T16:44:14.724+0000][55][info][gc,init] CPUs: 4 total, 4 available
[2025-04-09T16:44:14.725+0000][55][info][gc,init] Memory: 2048M
[2025-04-09T16:44:14.725+0000][55][info][gc,init] Large Page Support: Disabled
[2025-04-09T16:44:14.725+0000][55][info][gc,init] NUMA Support: Disabled
[2025-04-09T16:44:14.725+0000][55][info][gc,init] Compressed Oops: Enabled (32-bit)
[2025-04-09T16:44:14.726+0000][55][info][gc,init] Heap Region Size: 1M
[2025-04-09T16:44:14.731+0000][55][info][gc,init] Heap Min Capacity: 1G
[2025-04-09T16:44:14.731+0000][55][info][gc,init] Heap Initial Capacity: 1G
[2025-04-09T16:44:14.731+0000][55][info][gc,init] Heap Max Capacity: 1G
[2025-04-09T16:44:14.731+0000][55][info][gc,init] Pre-touch: Disabled
[2025-04-09T16:44:14.731+0000][55][info][gc,init] Parallel Workers: 4
[2025-04-09T16:44:14.732+0000][55][info][gc,init] Concurrent Workers: 1
[2025-04-09T16:44:14.732+0000][55][info][gc,init] Concurrent Refinement Workers: 4
[2025-04-09T16:44:14.732+0000][55][info][gc,init] Periodic GC: Disabled
[2025-04-09T16:44:14.737+0000][55][info][gc,metaspace] CDS archive(s) mapped at: [0x00007f503e000000-0x00007f503ed8e000-0x00007f503ed8e000), size 14213120, SharedBaseAddress: 0x00007f503e000000, ArchiveRelocationMode: 1.
[2025-04-09T16:44:14.737+0000][55][info][gc,metaspace] Compressed class space mapped at: 0x00007f503f000000-0x00007f507f000000, reserved size: 1073741824
[2025-04-09T16:44:14.737+0000][55][info][gc,metaspace] Narrow klass base: 0x00007f503e000000, Narrow klass shift: 0, Narrow klass range: 0x100000000
[2025-04-09T16:44:14.775+0000][55][info][gc,heap,exit] Heap
[2025-04-09T16:44:14.775+0000][55][info][gc,heap,exit]  garbage-first heap   total reserved 1048576K, committed 1048576K, used 4217K [0x00000000c0000000, 0x0000000100000000)
[2025-04-09T16:44:14.775+0000][55][info][gc,heap,exit]   region size 1024K, 3 young (3072K), 0 survivors (0K)
[2025-04-09T16:44:14.775+0000][55][info][gc,heap,exit]  Metaspace       used 236K, committed 448K, reserved 1114112K
[2025-04-09T16:44:14.776+0000][55][info][gc,heap,exit]   class space    used 9K, committed 128K, reserved 1048576K
