[2025-04-09T16:38:42.953+0000][72][info][gc,init] CardTable entry size: 512
[2025-04-09T16:38:42.954+0000][72][info][gc     ] Using G1
[2025-04-09T16:38:43.025+0000][72][info][gc,init] Version: 23+37-2369 (release)
[2025-04-09T16:38:43.026+0000][72][info][gc,init] CPUs: 4 total, 4 available
[2025-04-09T16:38:43.027+0000][72][info][gc,init] Memory: 2048M
[2025-04-09T16:38:43.027+0000][72][info][gc,init] Large Page Support: Disabled
[2025-04-09T16:38:43.028+0000][72][info][gc,init] NUMA Support: Disabled
[2025-04-09T16:38:43.028+0000][72][info][gc,init] Compressed Oops: Enabled (32-bit)
[2025-04-09T16:38:43.029+0000][72][info][gc,init] Heap Region Size: 4M
[2025-04-09T16:38:43.029+0000][72][info][gc,init] Heap Min Capacity: 1G
[2025-04-09T16:38:43.030+0000][72][info][gc,init] Heap Initial Capacity: 1G
[2025-04-09T16:38:43.030+0000][72][info][gc,init] Heap Max Capacity: 1G
[2025-04-09T16:38:43.030+0000][72][info][gc,init] Pre-touch: Enabled
[2025-04-09T16:38:43.031+0000][72][info][gc,init] Parallel Workers: 4
[2025-04-09T16:38:43.031+0000][72][info][gc,init] Concurrent Workers: 1
[2025-04-09T16:38:43.031+0000][72][info][gc,init] Concurrent Refinement Workers: 4
[2025-04-09T16:38:43.031+0000][72][info][gc,init] Periodic GC: Disabled
[2025-04-09T16:38:43.037+0000][72][info][gc,metaspace] CDS archive(s) mapped at: [0x00007fcffe000000-0x00007fcffed8e000-0x00007fcffed8e000), size 14213120, SharedBaseAddress: 0x00007fcffe000000, ArchiveRelocationMode: 1.
[2025-04-09T16:38:43.038+0000][72][info][gc,metaspace] Compressed class space mapped at: 0x00007fcfff000000-0x00007fd03f000000, reserved size: 1073741824
[2025-04-09T16:38:43.038+0000][72][info][gc,metaspace] Narrow klass base: 0x00007fcffe000000, Narrow klass shift: 0, Narrow klass range: 0x100000000
[2025-04-09T16:38:43.348+0000][72][info][gc,start    ] GC(0) Pause Young (Normal) (G1 Evacuation Pause)
[2025-04-09T16:38:43.348+0000][72][info][gc,task     ] GC(0) Using 4 workers of 4 for evacuation
[2025-04-09T16:38:43.349+0000][72][debug][gc,age      ] GC(0) Desired survivor size 4194304 bytes, new threshold 15 (max threshold 15)
[2025-04-09T16:38:43.352+0000][72][info ][gc,phases   ] GC(0)   Pre Evacuate Collection Set: 0.12ms
[2025-04-09T16:38:43.352+0000][72][info ][gc,phases   ] GC(0)   Merge Heap Roots: 0.05ms
[2025-04-09T16:38:43.353+0000][72][info ][gc,phases   ] GC(0)   Evacuate Collection Set: 1.51ms
[2025-04-09T16:38:43.353+0000][72][info ][gc,phases   ] GC(0)   Post Evacuate Collection Set: 0.30ms
[2025-04-09T16:38:43.354+0000][72][info ][gc,phases   ] GC(0)   Other: 1.26ms
[2025-04-09T16:38:43.354+0000][72][trace][gc,age      ] GC(0) Age table:
[2025-04-09T16:38:43.355+0000][72][trace][gc,age      ] GC(0) - age   1:    4547528 bytes,    4547528 total
[2025-04-09T16:38:43.355+0000][72][info ][gc,heap     ] GC(0) Eden regions: 12->0(10)
[2025-04-09T16:38:43.356+0000][72][info ][gc,heap     ] GC(0) Survivor regions: 0->2(2)
[2025-04-09T16:38:43.356+0000][72][info ][gc,heap     ] GC(0) Old regions: 1->1
[2025-04-09T16:38:43.357+0000][72][info ][gc,heap     ] GC(0) Humongous regions: 0->0
[2025-04-09T16:38:43.357+0000][72][info ][gc,metaspace] GC(0) Metaspace: 7120K(7360K)->7120K(7360K) NonClass: 6263K(6400K)->6263K(6400K) Class: 856K(960K)->856K(960K)
[2025-04-09T16:38:43.358+0000][72][info ][gc          ] GC(0) Pause Young (Normal) (G1 Evacuation Pause) 49M->5M(1024M) 9.982ms
[2025-04-09T16:38:43.358+0000][72][info ][gc,cpu      ] GC(0) User=0.01s Sys=0.00s Real=0.01s
[2025-04-09T16:38:43.359+0000][72][info ][safepoint   ] Safepoint "G1CollectForAllocation", Time since last: 306664729 ns, Reaching safepoint: 2308 ns, At safepoint: 10914231 ns, Total: 10916539 ns
[2025-04-09T16:38:43.609+0000][72][info ][gc,start    ] GC(1) Pause Young (Normal) (G1 Evacuation Pause)
[2025-04-09T16:38:43.610+0000][72][info ][gc,task     ] GC(1) Using 4 workers of 4 for evacuation
[2025-04-09T16:38:43.610+0000][72][debug][gc,age      ] GC(1) Desired survivor size 4194304 bytes, new threshold 1 (max threshold 15)
[2025-04-09T16:38:43.615+0000][72][info ][gc,phases   ] GC(1)   Pre Evacuate Collection Set: 0.14ms
[2025-04-09T16:38:43.616+0000][72][info ][gc,phases   ] GC(1)   Merge Heap Roots: 0.03ms
[2025-04-09T16:38:43.616+0000][72][info ][gc,phases   ] GC(1)   Evacuate Collection Set: 4.14ms
[2025-04-09T16:38:43.616+0000][72][info ][gc,phases   ] GC(1)   Post Evacuate Collection Set: 0.54ms
[2025-04-09T16:38:43.616+0000][72][info ][gc,phases   ] GC(1)   Other: 0.60ms
[2025-04-09T16:38:43.616+0000][72][trace][gc,age      ] GC(1) Age table:
[2025-04-09T16:38:43.616+0000][72][trace][gc,age      ] GC(1) - age   1:    6136128 bytes,    6136128 total
[2025-04-09T16:38:43.617+0000][72][info ][gc,heap     ] GC(1) Eden regions: 10->0(10)
[2025-04-09T16:38:43.617+0000][72][info ][gc,heap     ] GC(1) Survivor regions: 2->2(2)
[2025-04-09T16:38:43.617+0000][72][info ][gc,heap     ] GC(1) Old regions: 1->3
[2025-04-09T16:38:43.617+0000][72][info ][gc,heap     ] GC(1) Humongous regions: 0->0
[2025-04-09T16:38:43.617+0000][72][info ][gc,metaspace] GC(1) Metaspace: 10712K(11072K)->10712K(11072K) NonClass: 9433K(9664K)->9433K(9664K) Class: 1278K(1408K)->1278K(1408K)
[2025-04-09T16:38:43.618+0000][72][info ][gc          ] GC(1) Pause Young (Normal) (G1 Evacuation Pause) 45M->11M(1024M) 8.115ms
[2025-04-09T16:38:43.618+0000][72][info ][gc,cpu      ] GC(1) User=0.02s Sys=0.00s Real=0.00s
[2025-04-09T16:38:43.618+0000][72][info ][safepoint   ] Safepoint "G1CollectForAllocation", Time since last: 250488777 ns, Reaching safepoint: 97282 ns, At safepoint: 8408092 ns, Total: 8505374 ns
[2025-04-09T16:38:43.988+0000][72][info ][gc,start    ] GC(2) Pause Young (Normal) (G1 Evacuation Pause)
[2025-04-09T16:38:43.989+0000][72][info ][gc,task     ] GC(2) Using 4 workers of 4 for evacuation
[2025-04-09T16:38:43.989+0000][72][debug][gc,age      ] GC(2) Desired survivor size 4194304 bytes, new threshold 1 (max threshold 15)
[2025-04-09T16:38:43.993+0000][72][info ][gc,phases   ] GC(2)   Pre Evacuate Collection Set: 0.07ms
[2025-04-09T16:38:43.993+0000][72][info ][gc,phases   ] GC(2)   Merge Heap Roots: 0.03ms
[2025-04-09T16:38:43.993+0000][72][info ][gc,phases   ] GC(2)   Evacuate Collection Set: 3.36ms
[2025-04-09T16:38:43.993+0000][72][info ][gc,phases   ] GC(2)   Post Evacuate Collection Set: 0.36ms
[2025-04-09T16:38:43.994+0000][72][info ][gc,phases   ] GC(2)   Other: 0.39ms
[2025-04-09T16:38:43.994+0000][72][trace][gc,age      ] GC(2) Age table:
[2025-04-09T16:38:43.994+0000][72][trace][gc,age      ] GC(2) - age   1:    2247168 bytes,    2247168 total
[2025-04-09T16:38:43.994+0000][72][info ][gc,heap     ] GC(2) Eden regions: 10->0(16)
[2025-04-09T16:38:43.995+0000][72][info ][gc,heap     ] GC(2) Survivor regions: 2->1(2)
[2025-04-09T16:38:43.995+0000][72][info ][gc,heap     ] GC(2) Old regions: 3->4
[2025-04-09T16:38:43.995+0000][72][info ][gc,heap     ] GC(2) Humongous regions: 0->0
[2025-04-09T16:38:43.995+0000][72][info ][gc,metaspace] GC(2) Metaspace: 18279K(19072K)->18279K(19072K) NonClass: 16203K(16704K)->16203K(16704K) Class: 2075K(2368K)->2075K(2368K)
[2025-04-09T16:38:43.995+0000][72][info ][gc          ] GC(2) Pause Young (Normal) (G1 Evacuation Pause) 51M->14M(1024M) 7.174ms
[2025-04-09T16:38:43.996+0000][72][info ][gc,cpu      ] GC(2) User=0.03s Sys=0.00s Real=0.01s
[2025-04-09T16:38:43.996+0000][72][info ][safepoint   ] Safepoint "G1CollectForAllocation", Time since last: 370478666 ns, Reaching safepoint: 2548 ns, At safepoint: 7606775 ns, Total: 7609323 ns
[2025-04-09T16:38:44.219+0000][72][info ][gc,start    ] GC(3) Pause Young (Normal) (G1 Evacuation Pause)
[2025-04-09T16:38:44.219+0000][72][info ][gc,task     ] GC(3) Using 4 workers of 4 for evacuation
[2025-04-09T16:38:44.220+0000][72][debug][gc,age      ] GC(3) Desired survivor size 6291456 bytes, new threshold 15 (max threshold 15)
[2025-04-09T16:38:44.222+0000][72][info ][gc,phases   ] GC(3)   Pre Evacuate Collection Set: 0.08ms
[2025-04-09T16:38:44.222+0000][72][info ][gc,phases   ] GC(3)   Merge Heap Roots: 0.05ms
[2025-04-09T16:38:44.223+0000][72][info ][gc,phases   ] GC(3)   Evacuate Collection Set: 1.25ms
[2025-04-09T16:38:44.223+0000][72][info ][gc,phases   ] GC(3)   Post Evacuate Collection Set: 0.24ms
[2025-04-09T16:38:44.224+0000][72][info ][gc,phases   ] GC(3)   Other: 0.87ms
[2025-04-09T16:38:44.224+0000][72][trace][gc,age      ] GC(3) Age table:
[2025-04-09T16:38:44.224+0000][72][trace][gc,age      ] GC(3) - age   1:     576504 bytes,     576504 total
[2025-04-09T16:38:45.285+0000][72][trace][gc,age      ] GC(3) - age   2:    2124336 bytes,    2700840 total
[2025-04-09T16:38:45.286+0000][72][info ][gc,heap     ] GC(3) Eden regions: 16->0(18)
[2025-04-09T16:38:45.286+0000][72][info ][gc,heap     ] GC(3) Survivor regions: 1->1(3)
[2025-04-09T16:38:45.286+0000][72][info ][gc,heap     ] GC(3) Old regions: 4->4
[2025-04-09T16:38:45.287+0000][72][info ][gc,heap     ] GC(3) Humongous regions: 0->0
[2025-04-09T16:38:45.287+0000][72][info ][gc,metaspace] GC(3) Metaspace: 18910K(19712K)->18910K(19712K) NonClass: 16762K(17216K)->16762K(17216K) Class: 2148K(2496K)->2148K(2496K)
[2025-04-09T16:38:45.287+0000][72][info ][gc          ] GC(3) Pause Young (Normal) (G1 Evacuation Pause) 78M->14M(1024M) 8.109ms
[2025-04-09T16:38:45.288+0000][72][info ][gc,cpu      ] GC(3) User=0.02s Sys=0.00s Real=0.01s
[2025-04-09T16:38:45.288+0000][72][info ][safepoint   ] Safepoint "G1CollectForAllocation", Time since last: 222937717 ns, Reaching safepoint: 2418 ns, At safepoint: 8906307 ns, Total: 8908725 ns
[2025-04-09T16:38:47.177+0000][72][info ][gc,start    ] GC(4) Pause Young (Concurrent Start) (Metadata GC Threshold)
[2025-04-09T16:38:47.178+0000][72][info ][gc,task     ] GC(4) Using 4 workers of 4 for evacuation
[2025-04-09T16:38:47.178+0000][72][debug][gc,age      ] GC(4) Desired survivor size 6291456 bytes, new threshold 15 (max threshold 15)
[2025-04-09T16:38:47.180+0000][72][info ][gc,phases   ] GC(4)   Pre Evacuate Collection Set: 0.09ms
[2025-04-09T16:38:47.180+0000][72][info ][gc,phases   ] GC(4)   Merge Heap Roots: 0.05ms
[2025-04-09T16:38:47.181+0000][72][info ][gc,phases   ] GC(4)   Evacuate Collection Set: 1.30ms
[2025-04-09T16:38:47.181+0000][72][info ][gc,phases   ] GC(4)   Post Evacuate Collection Set: 0.56ms
[2025-04-09T16:38:47.181+0000][72][info ][gc,phases   ] GC(4)   Other: 0.46ms
[2025-04-09T16:38:47.181+0000][72][trace][gc,age      ] GC(4) Age table:
[2025-04-09T16:38:47.181+0000][72][trace][gc,age      ] GC(4) - age   1:    1267408 bytes,    1267408 total
[2025-04-09T16:38:47.182+0000][72][trace][gc,age      ] GC(4) - age   2:     549128 bytes,    1816536 total
[2025-04-09T16:38:47.182+0000][72][trace][gc,age      ] GC(4) - age   3:    2110352 bytes,    3926888 total
[2025-04-09T16:38:47.182+0000][72][info ][gc,heap     ] GC(4) Eden regions: 9->0(29)
[2025-04-09T16:38:47.182+0000][72][info ][gc,heap     ] GC(4) Survivor regions: 1->1(3)
[2025-04-09T16:38:47.182+0000][72][info ][gc,heap     ] GC(4) Old regions: 4->4
[2025-04-09T16:38:47.182+0000][72][info ][gc,heap     ] GC(4) Humongous regions: 0->0
[2025-04-09T16:38:47.183+0000][72][info ][gc,metaspace] GC(4) Metaspace: 20740K(21504K)->20740K(21504K) NonClass: 18392K(18816K)->18392K(18816K) Class: 2347K(2688K)->2347K(2688K)
[2025-04-09T16:38:47.183+0000][72][info ][gc          ] GC(4) Pause Young (Concurrent Start) (Metadata GC Threshold) 50M->15M(1024M) 5.725ms
[2025-04-09T16:38:47.183+0000][72][info ][gc,cpu      ] GC(4) User=0.01s Sys=0.01s Real=0.01s
[2025-04-09T16:38:47.183+0000][72][info ][gc          ] GC(5) Concurrent Mark Cycle
[2025-04-09T16:38:47.183+0000][72][info ][gc,marking  ] GC(5) Concurrent Scan Root Regions
[2025-04-09T16:38:47.185+0000][72][info ][gc,marking  ] GC(5) Concurrent Scan Root Regions 1.605ms
[2025-04-09T16:38:47.185+0000][72][info ][gc,marking  ] GC(5) Concurrent Mark
[2025-04-09T16:38:47.186+0000][72][info ][gc,marking  ] GC(5) Concurrent Mark From Roots
[2025-04-09T16:38:47.186+0000][72][info ][gc,task     ] GC(5) Using 1 workers of 1 for marking
[2025-04-09T16:38:47.183+0000][72][info ][safepoint   ] Safepoint "CollectForMetadataAllocation", Time since last: 158943631 ns, Reaching safepoint: 2204 ns, At safepoint: 6146519 ns, Total: 6148723 ns
[2025-04-09T16:38:47.196+0000][72][info ][gc,marking  ] GC(5) Concurrent Mark From Roots 9.793ms
[2025-04-09T16:38:47.196+0000][72][info ][gc,marking  ] GC(5) Concurrent Preclean
[2025-04-09T16:38:47.196+0000][72][info ][gc,marking  ] GC(5) Concurrent Preclean 0.314ms
[2025-04-09T16:38:47.196+0000][72][info ][gc,start    ] GC(5) Pause Remark
[2025-04-09T16:38:47.200+0000][72][info ][gc          ] GC(5) Pause Remark 17M->17M(1024M) 3.906ms
[2025-04-09T16:38:47.201+0000][72][info ][gc,cpu      ] GC(5) User=0.02s Sys=0.00s Real=0.01s
[2025-04-09T16:38:47.201+0000][72][info ][safepoint   ] Safepoint "G1PauseRemark", Time since last: 13251461 ns, Reaching safepoint: 2547 ns, At safepoint: 4643609 ns, Total: 4646156 ns
[2025-04-09T16:38:47.202+0000][72][info ][gc,marking  ] GC(5) Concurrent Mark 16.503ms
[2025-04-09T16:38:47.203+0000][72][info ][gc,marking  ] GC(5) Concurrent Rebuild Remembered Sets and Scrub Regions
[2025-04-09T16:38:47.206+0000][72][info ][gc,marking  ] GC(5) Concurrent Rebuild Remembered Sets and Scrub Regions 3.816ms
[2025-04-09T16:38:47.207+0000][72][info ][gc,start    ] GC(5) Pause Cleanup
[2025-04-09T16:38:47.207+0000][72][info ][gc          ] GC(5) Pause Cleanup 17M->17M(1024M) 0.428ms
[2025-04-09T16:38:47.208+0000][72][info ][gc,cpu      ] GC(5) User=0.01s Sys=0.00s Real=0.00s
[2025-04-09T16:38:47.208+0000][72][info ][safepoint   ] Safepoint "G1PauseCleanup", Time since last: 5684643 ns, Reaching safepoint: 148826 ns, At safepoint: 1112204 ns, Total: 1261030 ns
[2025-04-09T16:38:47.208+0000][72][info ][gc,marking  ] GC(5) Concurrent Clear Claimed Marks
[2025-04-09T16:38:47.209+0000][72][info ][gc,marking  ] GC(5) Concurrent Clear Claimed Marks 0.272ms
[2025-04-09T16:38:47.209+0000][72][info ][gc,marking  ] GC(5) Concurrent Cleanup for Next Mark
[2025-04-09T16:38:47.210+0000][72][info ][gc,marking  ] GC(5) Concurrent Cleanup for Next Mark 1.252ms
[2025-04-09T16:38:47.210+0000][72][info ][gc          ] GC(5) Concurrent Mark Cycle 27.525ms
[2025-04-09T16:38:47.401+0000][72][info ][gc,start    ] GC(6) Pause Young (Prepare Mixed) (G1 Evacuation Pause)
[2025-04-09T16:38:47.402+0000][72][info ][gc,task     ] GC(6) Using 4 workers of 4 for evacuation
[2025-04-09T16:38:47.402+0000][72][debug][gc,age      ] GC(6) Desired survivor size 8388608 bytes, new threshold 15 (max threshold 15)
[2025-04-09T16:38:47.406+0000][72][info ][gc,phases   ] GC(6)   Pre Evacuate Collection Set: 0.09ms
[2025-04-09T16:38:47.406+0000][72][info ][gc,phases   ] GC(6)   Merge Heap Roots: 0.04ms
[2025-04-09T16:38:47.406+0000][72][info ][gc,phases   ] GC(6)   Evacuate Collection Set: 2.58ms
[2025-04-09T16:38:47.407+0000][72][info ][gc,phases   ] GC(6)   Post Evacuate Collection Set: 0.38ms
[2025-04-09T16:38:47.407+0000][72][info ][gc,phases   ] GC(6)   Other: 1.10ms
[2025-04-09T16:38:47.407+0000][72][trace][gc,age      ] GC(6) Age table:
[2025-04-09T16:38:47.407+0000][72][trace][gc,age      ] GC(6) - age   1:    2767312 bytes,    2767312 total
[2025-04-09T16:38:47.408+0000][72][trace][gc,age      ] GC(6) - age   2:     369112 bytes,    3136424 total
[2025-04-09T16:38:47.408+0000][72][trace][gc,age      ] GC(6) - age   3:     549000 bytes,    3685424 total
[2025-04-09T16:38:47.408+0000][72][trace][gc,age      ] GC(6) - age   4:    2107952 bytes,    5793376 total
[2025-04-09T16:38:47.408+0000][72][info ][gc,heap     ] GC(6) Eden regions: 24->0(25)
[2025-04-09T16:38:47.408+0000][72][info ][gc,heap     ] GC(6) Survivor regions: 1->2(4)
[2025-04-09T16:38:47.408+0000][72][info ][gc,heap     ] GC(6) Old regions: 4->4
[2025-04-09T16:38:47.409+0000][72][info ][gc,heap     ] GC(6) Humongous regions: 0->0
[2025-04-09T16:38:47.409+0000][72][info ][gc,metaspace] GC(6) Metaspace: 23452K(24320K)->23452K(24320K) NonClass: 20797K(21312K)->20797K(21312K) Class: 2654K(3008K)->2654K(3008K)
[2025-04-09T16:38:47.409+0000][72][info ][gc          ] GC(6) Pause Young (Prepare Mixed) (G1 Evacuation Pause) 111M->17M(1024M) 7.496ms
[2025-04-09T16:38:47.409+0000][72][info ][gc,cpu      ] GC(6) User=0.02s Sys=0.01s Real=0.00s
[2025-04-09T16:38:47.409+0000][72][info ][safepoint   ] Safepoint "G1CollectForAllocation", Time since last: 193426646 ns, Reaching safepoint: 2622 ns, At safepoint: 7951532 ns, Total: 7954154 ns
[2025-04-09T16:38:47.655+0000][72][info ][gc,start    ] GC(7) Pause Young (Mixed) (G1 Evacuation Pause)
[2025-04-09T16:38:47.655+0000][72][info ][gc,task     ] GC(7) Using 4 workers of 4 for evacuation
[2025-04-09T16:38:47.655+0000][72][debug][gc,age      ] GC(7) Desired survivor size 8388608 bytes, new threshold 15 (max threshold 15)
[2025-04-09T16:38:47.663+0000][72][info ][gc,phases   ] GC(7)   Pre Evacuate Collection Set: 0.12ms
[2025-04-09T16:38:47.663+0000][72][info ][gc,phases   ] GC(7)   Merge Heap Roots: 0.08ms
[2025-04-09T16:38:47.663+0000][72][info ][gc,phases   ] GC(7)   Evacuate Collection Set: 6.25ms
[2025-04-09T16:38:47.663+0000][72][info ][gc,phases   ] GC(7)   Post Evacuate Collection Set: 0.74ms
[2025-04-09T16:38:47.664+0000][72][info ][gc,phases   ] GC(7)   Other: 0.32ms
[2025-04-09T16:38:47.664+0000][72][trace][gc,age      ] GC(7) Age table:
[2025-04-09T16:38:47.664+0000][72][trace][gc,age      ] GC(7) - age   1:    5390944 bytes,    5390944 total
[2025-04-09T16:38:47.664+0000][72][trace][gc,age      ] GC(7) - age   2:    2108200 bytes,    7499144 total
[2025-04-09T16:38:47.664+0000][72][trace][gc,age      ] GC(7) - age   3:     365344 bytes,    7864488 total
[2025-04-09T16:38:47.664+0000][72][trace][gc,age      ] GC(7) - age   4:     549000 bytes,    8413488 total
[2025-04-09T16:38:47.664+0000][72][trace][gc,age      ] GC(7) - age   5:    2107808 bytes,   10521296 total
[2025-04-09T16:38:47.665+0000][72][info ][gc,heap     ] GC(7) Eden regions: 25->0(29)
[2025-04-09T16:38:47.665+0000][72][info ][gc,heap     ] GC(7) Survivor regions: 2->3(4)
[2025-04-09T16:38:47.665+0000][72][info ][gc,heap     ] GC(7) Old regions: 4->3
[2025-04-09T16:38:47.665+0000][72][info ][gc,heap     ] GC(7) Humongous regions: 0->0
[2025-04-09T16:38:47.665+0000][72][info ][gc,metaspace] GC(7) Metaspace: 28762K(29696K)->28762K(29696K) NonClass: 25527K(26048K)->25527K(26048K) Class: 3234K(3648K)->3234K(3648K)
[2025-04-09T16:38:47.665+0000][72][info ][gc          ] GC(7) Pause Young (Mixed) (G1 Evacuation Pause) 117M->22M(1024M) 10.406ms
[2025-04-09T16:38:47.665+0000][72][info ][gc,cpu      ] GC(7) User=0.03s Sys=0.00s Real=0.01s
[2025-04-09T16:38:47.666+0000][72][info ][safepoint   ] Safepoint "G1CollectForAllocation", Time since last: 245435846 ns, Reaching safepoint: 3198 ns, At safepoint: 10689267 ns, Total: 10692465 ns
[2025-04-09T16:38:47.801+0000][72][info ][gc,start    ] GC(8) Pause Young (Normal) (G1 Evacuation Pause)
[2025-04-09T16:38:47.801+0000][72][info ][gc,task     ] GC(8) Using 4 workers of 4 for evacuation
[2025-04-09T16:38:47.801+0000][72][debug][gc,age      ] GC(8) Desired survivor size 8388608 bytes, new threshold 4 (max threshold 15)
[2025-04-09T16:38:47.805+0000][72][info ][gc,phases   ] GC(8)   Pre Evacuate Collection Set: 0.10ms
[2025-04-09T16:38:47.805+0000][72][info ][gc,phases   ] GC(8)   Merge Heap Roots: 0.03ms
[2025-04-09T16:38:47.805+0000][72][info ][gc,phases   ] GC(8)   Evacuate Collection Set: 3.38ms
[2025-04-09T16:38:47.806+0000][72][info ][gc,phases   ] GC(8)   Post Evacuate Collection Set: 0.35ms
[2025-04-09T16:38:47.806+0000][72][info ][gc,phases   ] GC(8)   Other: 0.34ms
[2025-04-09T16:38:47.806+0000][72][trace][gc,age      ] GC(8) Age table:
[2025-04-09T16:38:47.806+0000][72][trace][gc,age      ] GC(8) - age   1:    1249640 bytes,    1249640 total
[2025-04-09T16:38:47.806+0000][72][trace][gc,age      ] GC(8) - age   2:    2668264 bytes,    3917904 total
[2025-04-09T16:38:47.806+0000][72][trace][gc,age      ] GC(8) - age   3:    2105232 bytes,    6023136 total
[2025-04-09T16:38:47.807+0000][72][trace][gc,age      ] GC(8) - age   4:     365344 bytes,    6388480 total
[2025-04-09T16:38:47.807+0000][72][info ][gc,heap     ] GC(8) Eden regions: 29->0(38)
[2025-04-09T16:38:47.807+0000][72][info ][gc,heap     ] GC(8) Survivor regions: 3->2(4)
[2025-04-09T16:38:47.807+0000][72][info ][gc,heap     ] GC(8) Old regions: 3->4
[2025-04-09T16:38:47.807+0000][72][info ][gc,heap     ] GC(8) Humongous regions: 0->0
[2025-04-09T16:38:47.807+0000][72][info ][gc,metaspace] GC(8) Metaspace: 29141K(30144K)->29141K(30144K) NonClass: 25841K(26432K)->25841K(26432K) Class: 3300K(3712K)->3300K(3712K)
[2025-04-09T16:38:47.808+0000][72][info ][gc          ] GC(8) Pause Young (Normal) (G1 Evacuation Pause) 138M->21M(1024M) 7.039ms
[2025-04-09T16:38:47.808+0000][72][info ][gc,cpu      ] GC(8) User=0.01s Sys=0.00s Real=0.00s
[2025-04-09T16:38:47.808+0000][72][info ][safepoint   ] Safepoint "G1CollectForAllocation", Time since last: 134943638 ns, Reaching safepoint: 24333 ns, At safepoint: 7324632 ns, Total: 7348965 ns
[2025-04-09T16:38:48.094+0000][72][info ][gc,start    ] GC(9) Pause Young (Normal) (G1 Evacuation Pause)
[2025-04-09T16:38:48.095+0000][72][info ][gc,task     ] GC(9) Using 4 workers of 4 for evacuation
[2025-04-09T16:38:48.095+0000][72][debug][gc,age      ] GC(9) Desired survivor size 12582912 bytes, new threshold 15 (max threshold 15)
[2025-04-09T16:38:48.099+0000][72][info ][gc,phases   ] GC(9)   Pre Evacuate Collection Set: 0.17ms
[2025-04-09T16:38:48.100+0000][72][info ][gc,phases   ] GC(9)   Merge Heap Roots: 0.05ms
[2025-04-09T16:38:48.100+0000][72][info ][gc,phases   ] GC(9)   Evacuate Collection Set: 2.94ms
[2025-04-09T16:38:48.101+0000][72][info ][gc,phases   ] GC(9)   Post Evacuate Collection Set: 0.45ms
[2025-04-09T16:38:48.101+0000][72][info ][gc,phases   ] GC(9)   Other: 0.84ms
[2025-04-09T16:38:48.102+0000][72][trace][gc,age      ] GC(9) Age table:
[2025-04-09T16:38:48.102+0000][72][trace][gc,age      ] GC(9) - age   1:    2638984 bytes,    2638984 total
[2025-04-09T16:38:48.102+0000][72][trace][gc,age      ] GC(9) - age   2:    1235504 bytes,    3874488 total
[2025-04-09T16:38:48.103+0000][72][trace][gc,age      ] GC(9) - age   3:    2668168 bytes,    6542656 total
[2025-04-09T16:38:48.103+0000][72][trace][gc,age      ] GC(9) - age   4:    2104912 bytes,    8647568 total
[2025-04-09T16:38:48.104+0000][72][trace][gc,age      ] GC(9) - age   5:     365344 bytes,    9012912 total
[2025-04-09T16:38:48.104+0000][72][info ][gc,heap     ] GC(9) Eden regions: 39->0(46)
[2025-04-09T16:38:48.104+0000][72][info ][gc,heap     ] GC(9) Survivor regions: 2->3(6)
[2025-04-09T16:38:48.104+0000][72][info ][gc,heap     ] GC(9) Old regions: 4->4
[2025-04-09T16:38:48.104+0000][72][info ][gc,heap     ] GC(9) Humongous regions: 0->0
[2025-04-09T16:38:48.104+0000][72][info ][gc,metaspace] GC(9) Metaspace: 30143K(31168K)->30143K(31168K) NonClass: 26698K(27264K)->26698K(27264K) Class: 3445K(3904K)->3445K(3904K)
[2025-04-09T16:38:48.105+0000][72][info ][gc          ] GC(9) Pause Young (Normal) (G1 Evacuation Pause) 177M->23M(1024M) 10.429ms
[2025-04-09T16:38:48.105+0000][72][info ][gc,cpu      ] GC(9) User=0.01s Sys=0.00s Real=0.01s
[2025-04-09T16:38:48.105+0000][72][info ][safepoint   ] Safepoint "G1CollectForAllocation", Time since last: 286470760 ns, Reaching safepoint: 3142 ns, At safepoint: 10892773 ns, Total: 10895915 ns
[2025-04-09T16:38:48.318+0000][72][info ][gc,start    ] GC(10) Pause Young (Normal) (G1 Evacuation Pause)
[2025-04-09T16:38:48.319+0000][72][info ][gc,task     ] GC(10) Using 4 workers of 4 for evacuation
[2025-04-09T16:38:48.319+0000][72][debug][gc,age      ] GC(10) Desired survivor size 14680064 bytes, new threshold 15 (max threshold 15)
[2025-04-09T16:38:48.324+0000][72][info ][gc,phases   ] GC(10)   Pre Evacuate Collection Set: 0.13ms
[2025-04-09T16:38:48.325+0000][72][info ][gc,phases   ] GC(10)   Merge Heap Roots: 0.12ms
[2025-04-09T16:38:48.325+0000][72][info ][gc,phases   ] GC(10)   Evacuate Collection Set: 3.82ms
[2025-04-09T16:38:48.325+0000][72][info ][gc,phases   ] GC(10)   Post Evacuate Collection Set: 0.56ms
[2025-04-09T16:38:48.325+0000][72][info ][gc,phases   ] GC(10)   Other: 0.73ms
[2025-04-09T16:38:48.325+0000][72][trace][gc,age      ] GC(10) Age table:
[2025-04-09T16:38:48.326+0000][72][trace][gc,age      ] GC(10) - age   1:    3071848 bytes,    3071848 total
[2025-04-09T16:38:48.326+0000][72][trace][gc,age      ] GC(10) - age   2:    2611176 bytes,    5683024 total
[2025-04-09T16:38:48.326+0000][72][trace][gc,age      ] GC(10) - age   3:    1235152 bytes,    6918176 total
[2025-04-09T16:38:48.326+0000][72][trace][gc,age      ] GC(10) - age   4:    2667880 bytes,    9586056 total
[2025-04-09T16:38:48.326+0000][72][trace][gc,age      ] GC(10) - age   5:    2104760 bytes,   11690816 total
[2025-04-09T16:38:48.326+0000][72][trace][gc,age      ] GC(10) - age   6:     365344 bytes,   12056160 total
[2025-04-09T16:38:48.327+0000][72][info ][gc,heap     ] GC(10) Eden regions: 47->0(58)
[2025-04-09T16:38:48.327+0000][72][info ][gc,heap     ] GC(10) Survivor regions: 3->4(7)
[2025-04-09T16:38:48.327+0000][72][info ][gc,heap     ] GC(10) Old regions: 4->4
[2025-04-09T16:38:48.327+0000][72][info ][gc,heap     ] GC(10) Humongous regions: 0->0
[2025-04-09T16:38:48.327+0000][72][info ][gc,metaspace] GC(10) Metaspace: 30556K(31552K)->30556K(31552K) NonClass: 27065K(27648K)->27065K(27648K) Class: 3491K(3904K)->3491K(3904K)
[2025-04-09T16:38:48.327+0000][72][info ][gc          ] GC(10) Pause Young (Normal) (G1 Evacuation Pause) 211M->26M(1024M) 8.738ms
[2025-04-09T16:38:48.327+0000][72][info ][gc,cpu      ] GC(10) User=0.01s Sys=0.00s Real=0.01s
[2025-04-09T16:38:48.328+0000][72][info ][safepoint   ] Safepoint "G1CollectForAllocation", Time since last: 213249749 ns, Reaching safepoint: 3180 ns, At safepoint: 9060147 ns, Total: 9063327 ns
[2025-04-09T16:38:48.721+0000][72][info ][gc,start    ] GC(11) Pause Young (Concurrent Start) (Metadata GC Threshold)
[2025-04-09T16:38:48.721+0000][72][info ][gc,task     ] GC(11) Using 4 workers of 4 for evacuation
[2025-04-09T16:38:48.721+0000][72][debug][gc,age      ] GC(11) Desired survivor size 16777216 bytes, new threshold 15 (max threshold 15)
[2025-04-09T16:38:48.725+0000][72][info ][gc,phases   ] GC(11)   Pre Evacuate Collection Set: 0.16ms
[2025-04-09T16:38:48.726+0000][72][info ][gc,phases   ] GC(11)   Merge Heap Roots: 0.03ms
[2025-04-09T16:38:48.726+0000][72][info ][gc,phases   ] GC(11)   Evacuate Collection Set: 3.18ms
[2025-04-09T16:38:48.726+0000][72][info ][gc,phases   ] GC(11)   Post Evacuate Collection Set: 0.52ms
[2025-04-09T16:38:48.726+0000][72][info ][gc,phases   ] GC(11)   Other: 0.38ms
[2025-04-09T16:38:48.726+0000][72][trace][gc,age      ] GC(11) Age table:
[2025-04-09T16:38:48.726+0000][72][trace][gc,age      ] GC(11) - age   1:    4354400 bytes,    4354400 total
[2025-04-09T16:38:48.727+0000][72][trace][gc,age      ] GC(11) - age   2:    1986128 bytes,    6340528 total
[2025-04-09T16:38:48.727+0000][72][trace][gc,age      ] GC(11) - age   3:    2608600 bytes,    8949128 total
[2025-04-09T16:38:48.727+0000][72][trace][gc,age      ] GC(11) - age   4:    1231600 bytes,   10180728 total
[2025-04-09T16:38:48.727+0000][72][trace][gc,age      ] GC(11) - age   5:    2667576 bytes,   12848304 total
[2025-04-09T16:38:48.727+0000][72][trace][gc,age      ] GC(11) - age   6:    2103560 bytes,   14951864 total
[2025-04-09T16:38:48.727+0000][72][trace][gc,age      ] GC(11) - age   7:     365344 bytes,   15317208 total
[2025-04-09T16:38:48.727+0000][72][info ][gc,heap     ] GC(11) Eden regions: 57->0(71)
[2025-04-09T16:38:48.728+0000][72][info ][gc,heap     ] GC(11) Survivor regions: 4->5(8)
[2025-04-09T16:38:48.728+0000][72][info ][gc,heap     ] GC(11) Old regions: 4->4
[2025-04-09T16:38:48.728+0000][72][info ][gc,heap     ] GC(11) Humongous regions: 0->0
[2025-04-09T16:38:48.728+0000][72][info ][gc,metaspace] GC(11) Metaspace: 35264K(36288K)->35264K(36288K) NonClass: 31268K(31872K)->31268K(31872K) Class: 3995K(4416K)->3995K(4416K)
[2025-04-09T16:38:48.728+0000][72][info ][gc          ] GC(11) Pause Young (Concurrent Start) (Metadata GC Threshold) 254M->30M(1024M) 7.271ms
[2025-04-09T16:38:48.728+0000][72][info ][gc,cpu      ] GC(11) User=0.01s Sys=0.00s Real=0.00s
[2025-04-09T16:38:48.728+0000][72][info ][gc          ] GC(12) Concurrent Mark Cycle
[2025-04-09T16:38:48.729+0000][72][info ][gc,marking  ] GC(12) Concurrent Scan Root Regions
[2025-04-09T16:38:48.728+0000][72][info ][safepoint   ] Safepoint "CollectForMetadataAllocation", Time since last: 393298716 ns, Reaching safepoint: 2812 ns, At safepoint: 7645327 ns, Total: 7648139 ns
[2025-04-09T16:38:48.732+0000][72][info ][gc,marking  ] GC(12) Concurrent Scan Root Regions 3.137ms
[2025-04-09T16:38:48.732+0000][72][info ][gc,marking  ] GC(12) Concurrent Mark
[2025-04-09T16:38:48.732+0000][72][info ][gc,marking  ] GC(12) Concurrent Mark From Roots
[2025-04-09T16:38:48.733+0000][72][info ][gc,task     ] GC(12) Using 1 workers of 1 for marking
[2025-04-09T16:38:48.734+0000][72][info ][safepoint   ] Safepoint "CollectForMetadataAllocation", Time since last: 5568045 ns, Reaching safepoint: 31983 ns, At safepoint: 36738 ns, Total: 68721 ns
[2025-04-09T16:38:48.740+0000][72][info ][safepoint   ] Safepoint "CollectForMetadataAllocation", Time since last: 5506499 ns, Reaching safepoint: 84283 ns, At safepoint: 50873 ns, Total: 135156 ns
[2025-04-09T16:38:48.743+0000][72][info ][gc,marking  ] GC(12) Concurrent Mark From Roots 11.119ms
[2025-04-09T16:38:48.744+0000][72][info ][gc,marking  ] GC(12) Concurrent Preclean
[2025-04-09T16:38:48.744+0000][72][info ][gc,marking  ] GC(12) Concurrent Preclean 0.240ms
[2025-04-09T16:38:48.745+0000][72][info ][gc,start    ] GC(12) Pause Remark
[2025-04-09T16:38:48.748+0000][72][info ][gc          ] GC(12) Pause Remark 36M->36M(1024M) 3.775ms
[2025-04-09T16:38:48.748+0000][72][info ][gc,cpu      ] GC(12) User=0.01s Sys=0.00s Real=0.00s
[2025-04-09T16:38:48.749+0000][72][info ][safepoint   ] Safepoint "G1PauseRemark", Time since last: 4620693 ns, Reaching safepoint: 137419 ns, At safepoint: 4218430 ns, Total: 4355849 ns
[2025-04-09T16:38:48.749+0000][72][info ][gc,marking  ] GC(12) Concurrent Mark 16.848ms
[2025-04-09T16:38:48.749+0000][72][info ][gc,marking  ] GC(12) Concurrent Rebuild Remembered Sets and Scrub Regions
[2025-04-09T16:38:48.753+0000][72][info ][gc,marking  ] GC(12) Concurrent Rebuild Remembered Sets and Scrub Regions 3.992ms
[2025-04-09T16:38:48.754+0000][72][info ][gc,start    ] GC(12) Pause Cleanup
[2025-04-09T16:38:48.754+0000][72][info ][gc          ] GC(12) Pause Cleanup 36M->36M(1024M) 0.189ms
[2025-04-09T16:38:48.754+0000][72][info ][gc,cpu      ] GC(12) User=0.00s Sys=0.00s Real=0.00s
[2025-04-09T16:38:48.754+0000][72][info ][safepoint   ] Safepoint "G1PauseCleanup", Time since last: 4847418 ns, Reaching safepoint: 85503 ns, At safepoint: 443850 ns, Total: 529353 ns
[2025-04-09T16:38:48.754+0000][72][info ][gc,marking  ] GC(12) Concurrent Clear Claimed Marks
[2025-04-09T16:38:48.755+0000][72][info ][gc,marking  ] GC(12) Concurrent Clear Claimed Marks 0.307ms
[2025-04-09T16:38:48.755+0000][72][info ][gc,marking  ] GC(12) Concurrent Cleanup for Next Mark
[2025-04-09T16:38:48.757+0000][72][info ][gc,marking  ] GC(12) Concurrent Cleanup for Next Mark 1.512ms
[2025-04-09T16:38:48.757+0000][72][info ][gc          ] GC(12) Concurrent Mark Cycle 28.588ms
[2025-04-09T16:38:49.006+0000][72][info ][gc,start    ] GC(13) Pause Young (Normal) (G1 Evacuation Pause)
[2025-04-09T16:38:49.006+0000][72][info ][gc,task     ] GC(13) Using 4 workers of 4 for evacuation
[2025-04-09T16:38:49.007+0000][72][debug][gc,age      ] GC(13) Desired survivor size 20971520 bytes, new threshold 15 (max threshold 15)
[2025-04-09T16:38:49.012+0000][72][info ][gc,phases   ] GC(13)   Pre Evacuate Collection Set: 0.12ms
[2025-04-09T16:38:49.012+0000][72][info ][gc,phases   ] GC(13)   Merge Heap Roots: 0.04ms
[2025-04-09T16:38:49.012+0000][72][info ][gc,phases   ] GC(13)   Evacuate Collection Set: 3.83ms
[2025-04-09T16:38:49.013+0000][72][info ][gc,phases   ] GC(13)   Post Evacuate Collection Set: 0.51ms
[2025-04-09T16:38:49.013+0000][72][info ][gc,phases   ] GC(13)   Other: 0.99ms
[2025-04-09T16:38:49.014+0000][72][trace][gc,age      ] GC(13) Age table:
[2025-04-09T16:38:49.014+0000][72][trace][gc,age      ] GC(13) - age   1:    3267432 bytes,    3267432 total
[2025-04-09T16:38:49.014+0000][72][trace][gc,age      ] GC(13) - age   2:    4296728 bytes,    7564160 total
[2025-04-09T16:38:49.014+0000][72][trace][gc,age      ] GC(13) - age   3:    1985488 bytes,    9549648 total
[2025-04-09T16:38:49.014+0000][72][trace][gc,age      ] GC(13) - age   4:    2608136 bytes,   12157784 total
[2025-04-09T16:38:49.015+0000][72][trace][gc,age      ] GC(13) - age   5:    1231312 bytes,   13389096 total
[2025-04-09T16:38:49.015+0000][72][trace][gc,age      ] GC(13) - age   6:    2667448 bytes,   16056544 total
[2025-04-09T16:38:49.015+0000][72][trace][gc,age      ] GC(13) - age   7:    2103496 bytes,   18160040 total
[2025-04-09T16:38:49.016+0000][72][trace][gc,age      ] GC(13) - age   8:     364784 bytes,   18524824 total
[2025-04-09T16:38:49.016+0000][72][info ][gc,heap     ] GC(13) Eden regions: 70->0(89)
[2025-04-09T16:38:49.016+0000][72][info ][gc,heap     ] GC(13) Survivor regions: 5->5(10)
[2025-04-09T16:38:49.017+0000][72][info ][gc,heap     ] GC(13) Old regions: 4->4
[2025-04-09T16:38:49.018+0000][72][info ][gc,heap     ] GC(13) Humongous regions: 0->0
[2025-04-09T16:38:49.019+0000][72][info ][gc,metaspace] GC(13) Metaspace: 36941K(38080K)->36941K(38080K) NonClass: 32693K(33344K)->32693K(33344K) Class: 4248K(4736K)->4248K(4736K)
[2025-04-09T16:38:49.019+0000][72][info ][gc          ] GC(13) Pause Young (Normal) (G1 Evacuation Pause) 310M->33M(1024M) 13.600ms
[2025-04-09T16:38:49.020+0000][72][info ][gc,cpu      ] GC(13) User=0.02s Sys=0.00s Real=0.02s
[2025-04-09T16:38:49.021+0000][72][info ][safepoint   ] Safepoint "G1CollectForAllocation", Time since last: 251639377 ns, Reaching safepoint: 2568 ns, At safepoint: 15120144 ns, Total: 15122712 ns
[2025-04-09T16:38:49.446+0000][72][info ][gc,start    ] GC(14) Pause Young (Normal) (G1 Evacuation Pause)
[2025-04-09T16:38:49.447+0000][72][info ][gc,task     ] GC(14) Using 4 workers of 4 for evacuation
[2025-04-09T16:38:49.448+0000][72][debug][gc,age      ] GC(14) Desired survivor size 25165824 bytes, new threshold 15 (max threshold 15)
[2025-04-09T16:38:49.457+0000][72][info ][gc,phases   ] GC(14)   Pre Evacuate Collection Set: 0.13ms
[2025-04-09T16:38:49.458+0000][72][info ][gc,phases   ] GC(14)   Merge Heap Roots: 0.03ms
[2025-04-09T16:38:49.458+0000][72][info ][gc,phases   ] GC(14)   Evacuate Collection Set: 7.94ms
[2025-04-09T16:38:49.459+0000][72][info ][gc,phases   ] GC(14)   Post Evacuate Collection Set: 0.76ms
[2025-04-09T16:38:49.459+0000][72][info ][gc,phases   ] GC(14)   Other: 0.99ms
[2025-04-09T16:38:49.460+0000][72][trace][gc,age      ] GC(14) Age table:
[2025-04-09T16:38:49.460+0000][72][trace][gc,age      ] GC(14) - age   1:    7110192 bytes,    7110192 total
[2025-04-09T16:38:49.461+0000][72][trace][gc,age      ] GC(14) - age   2:    3237352 bytes,   10347544 total
[2025-04-09T16:38:49.461+0000][72][trace][gc,age      ] GC(14) - age   3:    4294504 bytes,   14642048 total
[2025-04-09T16:38:49.461+0000][72][trace][gc,age      ] GC(14) - age   4:    1984264 bytes,   16626312 total
[2025-04-09T16:38:49.461+0000][72][trace][gc,age      ] GC(14) - age   5:    2606488 bytes,   19232800 total
[2025-04-09T16:38:49.462+0000][72][trace][gc,age      ] GC(14) - age   6:    1228776 bytes,   20461576 total
[2025-04-09T16:38:49.462+0000][72][trace][gc,age      ] GC(14) - age   7:    2667320 bytes,   23128896 total
[2025-04-09T16:38:49.462+0000][72][trace][gc,age      ] GC(14) - age   8:    2102200 bytes,   25231096 total
[2025-04-09T16:38:49.462+0000][72][trace][gc,age      ] GC(14) - age   9:     359760 bytes,   25590856 total
[2025-04-09T16:38:49.463+0000][72][info ][gc,heap     ] GC(14) Eden regions: 90->0(106)
[2025-04-09T16:38:49.463+0000][72][info ][gc,heap     ] GC(14) Survivor regions: 5->7(12)
[2025-04-09T16:38:49.463+0000][72][info ][gc,heap     ] GC(14) Old regions: 4->4
[2025-04-09T16:38:49.464+0000][72][info ][gc,heap     ] GC(14) Humongous regions: 0->0
[2025-04-09T16:38:49.464+0000][72][info ][gc,metaspace] GC(14) Metaspace: 39322K(40512K)->39322K(40512K) NonClass: 34758K(35456K)->34758K(35456K) Class: 4564K(5056K)->4564K(5056K)
[2025-04-09T16:38:49.465+0000][72][info ][gc          ] GC(14) Pause Young (Normal) (G1 Evacuation Pause) 393M->41M(1024M) 18.044ms
[2025-04-09T16:38:49.465+0000][72][info ][gc,cpu      ] GC(14) User=0.05s Sys=0.00s Real=0.02s
[2025-04-09T16:38:49.465+0000][72][info ][safepoint   ] Safepoint "G1CollectForAllocation", Time since last: 425612119 ns, Reaching safepoint: 3466 ns, At safepoint: 18895040 ns, Total: 18898506 ns
[2025-04-09T16:38:50.490+0000][72][info ][gc,start    ] GC(15) Pause Young (Normal) (G1 Evacuation Pause)
[2025-04-09T16:38:50.490+0000][72][info ][gc,task     ] GC(15) Using 4 workers of 4 for evacuation
[2025-04-09T16:38:50.491+0000][72][debug][gc,age      ] GC(15) Desired survivor size 31457280 bytes, new threshold 15 (max threshold 15)
[2025-04-09T16:38:50.506+0000][72][info ][gc,phases   ] GC(15)   Pre Evacuate Collection Set: 0.17ms
[2025-04-09T16:38:50.507+0000][72][info ][gc,phases   ] GC(15)   Merge Heap Roots: 0.05ms
[2025-04-09T16:38:50.507+0000][72][info ][gc,phases   ] GC(15)   Evacuate Collection Set: 12.13ms
[2025-04-09T16:38:50.507+0000][72][info ][gc,phases   ] GC(15)   Post Evacuate Collection Set: 3.15ms
[2025-04-09T16:38:50.507+0000][72][info ][gc,phases   ] GC(15)   Other: 0.44ms
[2025-04-09T16:38:50.508+0000][72][trace][gc,age      ] GC(15) Age table:
[2025-04-09T16:38:50.508+0000][72][trace][gc,age      ] GC(15) - age   1:    7393872 bytes,    7393872 total
[2025-04-09T16:38:50.508+0000][72][trace][gc,age      ] GC(15) - age   2:    7031608 bytes,   14425480 total
[2025-04-09T16:38:50.508+0000][72][trace][gc,age      ] GC(15) - age   3:    3219200 bytes,   17644680 total
[2025-04-09T16:38:50.508+0000][72][trace][gc,age      ] GC(15) - age   4:    4274552 bytes,   21919232 total
[2025-04-09T16:38:50.508+0000][72][trace][gc,age      ] GC(15) - age   5:    1975096 bytes,   23894328 total
[2025-04-09T16:38:50.509+0000][72][trace][gc,age      ] GC(15) - age   6:    2598080 bytes,   26492408 total
[2025-04-09T16:38:50.509+0000][72][trace][gc,age      ] GC(15) - age   7:    1219144 bytes,   27711552 total
[2025-04-09T16:38:50.509+0000][72][trace][gc,age      ] GC(15) - age   8:    2660488 bytes,   30372040 total
[2025-04-09T16:38:50.509+0000][72][trace][gc,age      ] GC(15) - age   9:    1906784 bytes,   32278824 total
[2025-04-09T16:38:50.510+0000][72][trace][gc,age      ] GC(15) - age  10:     359056 bytes,   32637880 total
[2025-04-09T16:38:50.510+0000][72][info ][gc,heap     ] GC(15) Eden regions: 106->0(130)
[2025-04-09T16:38:50.510+0000][72][info ][gc,heap     ] GC(15) Survivor regions: 7->9(15)
[2025-04-09T16:38:50.510+0000][72][info ][gc,heap     ] GC(15) Old regions: 4->4
[2025-04-09T16:38:50.510+0000][72][info ][gc,heap     ] GC(15) Humongous regions: 0->0
[2025-04-09T16:38:50.510+0000][72][info ][gc,metaspace] GC(15) Metaspace: 45823K(47232K)->45823K(47232K) NonClass: 40310K(41152K)->40310K(41152K) Class: 5513K(6080K)->5513K(6080K)
[2025-04-09T16:38:50.511+0000][72][info ][gc          ] GC(15) Pause Young (Normal) (G1 Evacuation Pause) 465M->50M(1024M) 20.912ms
[2025-04-09T16:38:50.511+0000][72][info ][gc,cpu      ] GC(15) User=0.06s Sys=0.00s Real=0.02s
[2025-04-09T16:38:50.511+0000][72][info ][safepoint   ] Safepoint "G1CollectForAllocation", Time since last: 1024374233 ns, Reaching safepoint: 25761 ns, At safepoint: 21394035 ns, Total: 21419796 ns
[2025-04-09T16:38:51.124+0000][72][info ][gc,start    ] GC(16) Pause Young (Concurrent Start) (Metadata GC Threshold)
[2025-04-09T16:38:51.125+0000][72][info ][gc,task     ] GC(16) Using 4 workers of 4 for evacuation
[2025-04-09T16:38:51.125+0000][72][debug][gc,age      ] GC(16) Desired survivor size 37748736 bytes, new threshold 15 (max threshold 15)
[2025-04-09T16:38:51.137+0000][72][info ][gc,phases   ] GC(16)   Pre Evacuate Collection Set: 0.11ms
[2025-04-09T16:38:51.138+0000][72][info ][gc,phases   ] GC(16)   Merge Heap Roots: 0.07ms
[2025-04-09T16:38:51.138+0000][72][info ][gc,phases   ] GC(16)   Evacuate Collection Set: 10.86ms
[2025-04-09T16:38:51.138+0000][72][info ][gc,phases   ] GC(16)   Post Evacuate Collection Set: 0.99ms
[2025-04-09T16:38:51.138+0000][72][info ][gc,phases   ] GC(16)   Other: 0.57ms
[2025-04-09T16:38:51.139+0000][72][trace][gc,age      ] GC(16) Age table:
[2025-04-09T16:38:51.139+0000][72][trace][gc,age      ] GC(16) - age   1:    3348088 bytes,    3348088 total
[2025-04-09T16:38:51.139+0000][72][trace][gc,age      ] GC(16) - age   2:    7093616 bytes,   10441704 total
[2025-04-09T16:38:51.140+0000][72][trace][gc,age      ] GC(16) - age   3:    7025200 bytes,   17466904 total
[2025-04-09T16:38:51.140+0000][72][trace][gc,age      ] GC(16) - age   4:    3216008 bytes,   20682912 total
[2025-04-09T16:38:51.140+0000][72][trace][gc,age      ] GC(16) - age   5:    4273144 bytes,   24956056 total
[2025-04-09T16:38:51.140+0000][72][trace][gc,age      ] GC(16) - age   6:    1975096 bytes,   26931152 total
[2025-04-09T16:38:51.140+0000][72][trace][gc,age      ] GC(16) - age   7:    2596288 bytes,   29527440 total
[2025-04-09T16:38:51.141+0000][72][trace][gc,age      ] GC(16) - age   8:    1216976 bytes,   30744416 total
[2025-04-09T16:38:51.141+0000][72][trace][gc,age      ] GC(16) - age   9:    2660392 bytes,   33404808 total
[2025-04-09T16:38:51.141+0000][72][trace][gc,age      ] GC(16) - age  10:    1906736 bytes,   35311544 total
[2025-04-09T16:38:51.142+0000][72][trace][gc,age      ] GC(16) - age  11:     358872 bytes,   35670416 total
[2025-04-09T16:38:51.142+0000][72][info ][gc,heap     ] GC(16) Eden regions: 43->0(143)
[2025-04-09T16:38:51.143+0000][72][info ][gc,heap     ] GC(16) Survivor regions: 9->10(18)
[2025-04-09T16:38:51.143+0000][72][info ][gc,heap     ] GC(16) Old regions: 4->4
[2025-04-09T16:38:51.143+0000][72][info ][gc,heap     ] GC(16) Humongous regions: 0->0
[2025-04-09T16:38:51.143+0000][72][info ][gc,metaspace] GC(16) Metaspace: 60263K(62016K)->60263K(62016K) NonClass: 52679K(53696K)->52679K(53696K) Class: 7583K(8320K)->7583K(8320K)
[2025-04-09T16:38:51.143+0000][72][info ][gc          ] GC(16) Pause Young (Concurrent Start) (Metadata GC Threshold) 222M->51M(1024M) 19.160ms
[2025-04-09T16:38:51.144+0000][72][info ][gc,cpu      ] GC(16) User=0.05s Sys=0.00s Real=0.02s
[2025-04-09T16:38:51.144+0000][72][info ][gc          ] GC(17) Concurrent Mark Cycle
[2025-04-09T16:38:51.144+0000][72][info ][safepoint   ] Safepoint "CollectForMetadataAllocation", Time since last: 613080902 ns, Reaching safepoint: 4845 ns, At safepoint: 19706109 ns, Total: 19710954 ns
[2025-04-09T16:38:51.144+0000][72][info ][gc,marking  ] GC(17) Concurrent Scan Root Regions
[2025-04-09T16:38:51.153+0000][72][info ][gc,marking  ] GC(17) Concurrent Scan Root Regions 8.546ms
[2025-04-09T16:38:51.153+0000][72][info ][gc,marking  ] GC(17) Concurrent Mark
[2025-04-09T16:38:51.154+0000][72][info ][gc,marking  ] GC(17) Concurrent Mark From Roots
[2025-04-09T16:38:51.154+0000][72][info ][gc,task     ] GC(17) Using 1 workers of 1 for marking
[2025-04-09T16:38:51.160+0000][72][info ][safepoint   ] Safepoint "CollectForMetadataAllocation", Time since last: 16167952 ns, Reaching safepoint: 85202 ns, At safepoint: 43387 ns, Total: 128589 ns
[2025-04-09T16:38:51.165+0000][72][info ][gc,marking  ] GC(17) Concurrent Mark From Roots 11.494ms
[2025-04-09T16:38:51.166+0000][72][info ][gc,marking  ] GC(17) Concurrent Preclean
[2025-04-09T16:38:51.166+0000][72][info ][gc,marking  ] GC(17) Concurrent Preclean 0.790ms
[2025-04-09T16:38:51.169+0000][72][info ][gc,start    ] GC(17) Pause Remark
[2025-04-09T16:38:51.175+0000][72][info ][gc          ] GC(17) Pause Remark 57M->57M(1024M) 6.231ms
[2025-04-09T16:38:51.177+0000][72][info ][gc,cpu      ] GC(17) User=0.01s Sys=0.00s Real=0.01s
[2025-04-09T16:38:51.179+0000][72][info ][safepoint   ] Safepoint "G1PauseRemark", Time since last: 8753762 ns, Reaching safepoint: 73658 ns, At safepoint: 10059818 ns, Total: 10133476 ns
[2025-04-09T16:38:51.180+0000][72][info ][gc,marking  ] GC(17) Concurrent Mark 26.994ms
[2025-04-09T16:38:51.181+0000][72][info ][gc,marking  ] GC(17) Concurrent Rebuild Remembered Sets and Scrub Regions
[2025-04-09T16:38:51.187+0000][72][info ][gc,marking  ] GC(17) Concurrent Rebuild Remembered Sets and Scrub Regions 6.411ms
[2025-04-09T16:38:51.188+0000][72][info ][gc,start    ] GC(17) Pause Cleanup
[2025-04-09T16:38:51.189+0000][72][info ][gc          ] GC(17) Pause Cleanup 59M->59M(1024M) 0.533ms
[2025-04-09T16:38:51.189+0000][72][info ][gc,cpu      ] GC(17) User=0.00s Sys=0.00s Real=0.00s
[2025-04-09T16:38:51.189+0000][72][info ][safepoint   ] Safepoint "G1PauseCleanup", Time since last: 8810187 ns, Reaching safepoint: 98186 ns, At safepoint: 1321937 ns, Total: 1420123 ns
[2025-04-09T16:38:51.190+0000][72][info ][gc,marking  ] GC(17) Concurrent Clear Claimed Marks
[2025-04-09T16:38:51.190+0000][72][info ][gc,marking  ] GC(17) Concurrent Clear Claimed Marks 0.292ms
[2025-04-09T16:38:51.190+0000][72][info ][gc,marking  ] GC(17) Concurrent Cleanup for Next Mark
[2025-04-09T16:38:51.191+0000][72][info ][gc,marking  ] GC(17) Concurrent Cleanup for Next Mark 1.283ms
[2025-04-09T16:38:51.192+0000][72][info ][gc          ] GC(17) Concurrent Mark Cycle 47.744ms
[2025-04-09T16:38:52.898+0000][72][info ][gc,start    ] GC(18) Pause Young (Normal) (G1 Evacuation Pause)
[2025-04-09T16:38:52.899+0000][72][info ][gc,task     ] GC(18) Using 4 workers of 4 for evacuation
[2025-04-09T16:38:52.899+0000][72][debug][gc,age      ] GC(18) Desired survivor size 41943040 bytes, new threshold 15 (max threshold 15)
[2025-04-09T16:38:52.918+0000][72][info ][gc,phases   ] GC(18)   Pre Evacuate Collection Set: 0.27ms
[2025-04-09T16:38:52.918+0000][72][info ][gc,phases   ] GC(18)   Merge Heap Roots: 0.06ms
[2025-04-09T16:38:52.919+0000][72][info ][gc,phases   ] GC(18)   Evacuate Collection Set: 16.29ms
[2025-04-09T16:38:52.919+0000][72][info ][gc,phases   ] GC(18)   Post Evacuate Collection Set: 1.95ms
[2025-04-09T16:38:52.919+0000][72][info ][gc,phases   ] GC(18)   Other: 0.60ms
[2025-04-09T16:38:52.919+0000][72][trace][gc,age      ] GC(18) Age table:
[2025-04-09T16:38:52.919+0000][72][trace][gc,age      ] GC(18) - age   1:   11166944 bytes,   11166944 total
[2025-04-09T16:38:52.919+0000][72][trace][gc,age      ] GC(18) - age   2:    3094760 bytes,   14261704 total
[2025-04-09T16:38:52.920+0000][72][trace][gc,age      ] GC(18) - age   3:    6872000 bytes,   21133704 total
[2025-04-09T16:38:52.920+0000][72][trace][gc,age      ] GC(18) - age   4:    7015496 bytes,   28149200 total
[2025-04-09T16:38:52.920+0000][72][trace][gc,age      ] GC(18) - age   5:    3213824 bytes,   31363024 total
[2025-04-09T16:38:52.920+0000][72][trace][gc,age      ] GC(18) - age   6:    4263664 bytes,   35626688 total
[2025-04-09T16:38:52.920+0000][72][trace][gc,age      ] GC(18) - age   7:    1971968 bytes,   37598656 total
[2025-04-09T16:38:52.920+0000][72][trace][gc,age      ] GC(18) - age   8:    2589288 bytes,   40187944 total
[2025-04-09T16:38:52.920+0000][72][trace][gc,age      ] GC(18) - age   9:    1210520 bytes,   41398464 total
[2025-04-09T16:38:52.921+0000][72][trace][gc,age      ] GC(18) - age  10:    2642096 bytes,   44040560 total
[2025-04-09T16:38:52.921+0000][72][trace][gc,age      ] GC(18) - age  11:    1900400 bytes,   45940960 total
[2025-04-09T16:38:52.921+0000][72][trace][gc,age      ] GC(18) - age  12:     355960 bytes,   46296920 total
[2025-04-09T16:38:52.921+0000][72][info ][gc,heap     ] GC(18) Eden regions: 143->0(141)
[2025-04-09T16:38:52.921+0000][72][info ][gc,heap     ] GC(18) Survivor regions: 10->12(20)
[2025-04-09T16:38:52.921+0000][72][info ][gc,heap     ] GC(18) Old regions: 4->4
[2025-04-09T16:38:52.922+0000][72][info ][gc,heap     ] GC(18) Humongous regions: 0->0
[2025-04-09T16:38:52.922+0000][72][info ][gc,metaspace] GC(18) Metaspace: 77265K(79296K)->77265K(79296K) NonClass: 66854K(68032K)->66854K(68032K) Class: 10410K(11264K)->10410K(11264K)
[2025-04-09T16:38:52.922+0000][72][info ][gc          ] GC(18) Pause Young (Normal) (G1 Evacuation Pause) 623M->62M(1024M) 23.665ms
[2025-04-09T16:38:52.922+0000][72][info ][gc,cpu      ] GC(18) User=0.07s Sys=0.00s Real=0.03s
[2025-04-09T16:38:52.922+0000][72][info ][safepoint   ] Safepoint "G1CollectForAllocation", Time since last: 1708815410 ns, Reaching safepoint: 5050 ns, At safepoint: 24224650 ns, Total: 24229700 ns
[2025-04-09T16:38:54.673+0000][72][info ][gc,start    ] GC(19) Pause Young (Concurrent Start) (Metadata GC Threshold)
[2025-04-09T16:38:54.674+0000][72][info ][gc,task     ] GC(19) Using 4 workers of 4 for evacuation
[2025-04-09T16:38:54.674+0000][72][debug][gc,age      ] GC(19) Desired survivor size 41943040 bytes, new threshold 10 (max threshold 15)
[2025-04-09T16:38:54.693+0000][72][info ][gc,phases   ] GC(19)   Pre Evacuate Collection Set: 0.12ms
[2025-04-09T16:38:54.694+0000][72][info ][gc,phases   ] GC(19)   Merge Heap Roots: 0.06ms
[2025-04-09T16:38:54.694+0000][72][info ][gc,phases   ] GC(19)   Evacuate Collection Set: 15.88ms
[2025-04-09T16:38:54.694+0000][72][info ][gc,phases   ] GC(19)   Post Evacuate Collection Set: 1.75ms
[2025-04-09T16:38:54.695+0000][72][info ][gc,phases   ] GC(19)   Other: 1.16ms
[2025-04-09T16:38:54.695+0000][72][trace][gc,age      ] GC(19) Age table:
[2025-04-09T16:38:54.695+0000][72][trace][gc,age      ] GC(19) - age   1:    9987928 bytes,    9987928 total
[2025-04-09T16:38:54.695+0000][72][trace][gc,age      ] GC(19) - age   2:   10686032 bytes,   20673960 total
[2025-04-09T16:38:54.696+0000][72][trace][gc,age      ] GC(19) - age   3:    3064368 bytes,   23738328 total
[2025-04-09T16:38:54.696+0000][72][trace][gc,age      ] GC(19) - age   4:    6750224 bytes,   30488552 total
[2025-04-09T16:38:54.696+0000][72][trace][gc,age      ] GC(19) - age   5:    6996944 bytes,   37485496 total
[2025-04-09T16:38:54.696+0000][72][trace][gc,age      ] GC(19) - age   6:    3205496 bytes,   40690992 total
[2025-04-09T16:38:54.697+0000][72][trace][gc,age      ] GC(19) - age   7:    4250304 bytes,   44941296 total
[2025-04-09T16:38:54.697+0000][72][trace][gc,age      ] GC(19) - age   8:    1968704 bytes,   46910000 total
[2025-04-09T16:38:54.697+0000][72][trace][gc,age      ] GC(19) - age   9:    2584112 bytes,   49494112 total
[2025-04-09T16:38:54.698+0000][72][trace][gc,age      ] GC(19) - age  10:    1209352 bytes,   50703464 total
[2025-04-09T16:38:54.698+0000][72][info ][gc,heap     ] GC(19) Eden regions: 106->0(140)
[2025-04-09T16:38:54.698+0000][72][info ][gc,heap     ] GC(19) Survivor regions: 12->13(20)
[2025-04-09T16:38:54.698+0000][72][info ][gc,heap     ] GC(19) Old regions: 4->5
[2025-04-09T16:38:54.698+0000][72][info ][gc,heap     ] GC(19) Humongous regions: 0->0
[2025-04-09T16:38:54.698+0000][72][info ][gc,metaspace] GC(19) Metaspace: 102218K(104320K)->102218K(104320K) NonClass: 88354K(89600K)->88354K(89600K) Class: 13864K(14720K)->13864K(14720K)
[2025-04-09T16:38:54.699+0000][72][info ][gc          ] GC(19) Pause Young (Concurrent Start) (Metadata GC Threshold) 486M->71M(1024M) 25.171ms
[2025-04-09T16:38:54.699+0000][72][info ][gc,cpu      ] GC(19) User=0.07s Sys=0.00s Real=0.02s
[2025-04-09T16:38:54.699+0000][72][info ][gc          ] GC(20) Concurrent Mark Cycle
[2025-04-09T16:38:54.699+0000][72][info ][gc,marking  ] GC(20) Concurrent Scan Root Regions
[2025-04-09T16:38:54.699+0000][72][info ][safepoint   ] Safepoint "CollectForMetadataAllocation", Time since last: 1750973055 ns, Reaching safepoint: 2726 ns, At safepoint: 25472083 ns, Total: 25474809 ns
[2025-04-09T16:38:54.715+0000][72][info ][safepoint   ] Safepoint "CollectForMetadataAllocation", Time since last: 15709703 ns, Reaching safepoint: 4966 ns, At safepoint: 54888 ns, Total: 59854 ns
[2025-04-09T16:38:54.720+0000][72][info ][gc,marking  ] GC(20) Concurrent Scan Root Regions 21.277ms
[2025-04-09T16:38:54.721+0000][72][info ][gc,marking  ] GC(20) Concurrent Mark
[2025-04-09T16:38:54.722+0000][72][info ][gc,marking  ] GC(20) Concurrent Mark From Roots
[2025-04-09T16:38:54.722+0000][72][info ][gc,task     ] GC(20) Using 1 workers of 1 for marking
[2025-04-09T16:38:54.725+0000][72][info ][safepoint   ] Safepoint "CollectForMetadataAllocation", Time since last: 10325788 ns, Reaching safepoint: 65198 ns, At safepoint: 54034 ns, Total: 119232 ns
[2025-04-09T16:38:54.732+0000][72][info ][gc,marking  ] GC(20) Concurrent Mark From Roots 10.330ms
[2025-04-09T16:38:54.732+0000][72][info ][gc,marking  ] GC(20) Concurrent Preclean
[2025-04-09T16:38:54.733+0000][72][info ][gc,marking  ] GC(20) Concurrent Preclean 0.293ms
[2025-04-09T16:38:54.733+0000][72][info ][gc,start    ] GC(20) Pause Remark
[2025-04-09T16:38:54.737+0000][72][info ][gc          ] GC(20) Pause Remark 77M->77M(1024M) 4.021ms
[2025-04-09T16:38:54.738+0000][72][info ][gc,cpu      ] GC(20) User=0.01s Sys=0.00s Real=0.00s
[2025-04-09T16:38:54.738+0000][72][info ][safepoint   ] Safepoint "G1PauseRemark", Time since last: 7758911 ns, Reaching safepoint: 193478 ns, At safepoint: 4791281 ns, Total: 4984759 ns
[2025-04-09T16:38:54.738+0000][72][info ][gc,marking  ] GC(20) Concurrent Mark 17.136ms
[2025-04-09T16:38:54.739+0000][72][info ][gc,marking  ] GC(20) Concurrent Rebuild Remembered Sets and Scrub Regions
[2025-04-09T16:38:54.744+0000][72][info ][gc,marking  ] GC(20) Concurrent Rebuild Remembered Sets and Scrub Regions 5.891ms
[2025-04-09T16:38:54.745+0000][72][info ][gc,start    ] GC(20) Pause Cleanup
[2025-04-09T16:38:54.745+0000][72][info ][gc          ] GC(20) Pause Cleanup 79M->79M(1024M) 0.285ms
[2025-04-09T16:38:54.746+0000][72][info ][gc,cpu      ] GC(20) User=0.00s Sys=0.00s Real=0.00s
[2025-04-09T16:38:54.746+0000][72][info ][safepoint   ] Safepoint "G1PauseCleanup", Time since last: 7119527 ns, Reaching safepoint: 142155 ns, At safepoint: 657051 ns, Total: 799206 ns
[2025-04-09T16:38:54.746+0000][72][info ][gc,marking  ] GC(20) Concurrent Clear Claimed Marks
[2025-04-09T16:38:54.746+0000][72][info ][gc,marking  ] GC(20) Concurrent Clear Claimed Marks 0.372ms
[2025-04-09T16:38:54.747+0000][72][info ][gc,marking  ] GC(20) Concurrent Cleanup for Next Mark
[2025-04-09T16:38:54.748+0000][72][info ][gc,marking  ] GC(20) Concurrent Cleanup for Next Mark 1.407ms
[2025-04-09T16:38:54.748+0000][72][info ][gc          ] GC(20) Concurrent Mark Cycle 49.580ms
[2025-04-09T16:38:59.400+0000][72][info ][gc,start    ] GC(21) Pause Young (Normal) (G1 Evacuation Pause)
[2025-04-09T16:38:59.400+0000][72][info ][gc,task     ] GC(21) Using 4 workers of 4 for evacuation
[2025-04-09T16:38:59.401+0000][72][debug][gc,age      ] GC(21) Desired survivor size 41943040 bytes, new threshold 7 (max threshold 15)
[2025-04-09T16:38:59.430+0000][72][info ][gc,phases   ] GC(21)   Pre Evacuate Collection Set: 0.21ms
[2025-04-09T16:38:59.430+0000][72][info ][gc,phases   ] GC(21)   Merge Heap Roots: 0.10ms
[2025-04-09T16:38:59.432+0000][72][info ][gc,phases   ] GC(21)   Evacuate Collection Set: 26.01ms
[2025-04-09T16:38:59.432+0000][72][info ][gc,phases   ] GC(21)   Post Evacuate Collection Set: 2.79ms
[2025-04-09T16:38:59.433+0000][72][info ][gc,phases   ] GC(21)   Other: 0.55ms
[2025-04-09T16:38:59.433+0000][72][trace][gc,age      ] GC(21) Age table:
[2025-04-09T16:38:59.434+0000][72][trace][gc,age      ] GC(21) - age   1:   20754864 bytes,   20754864 total
[2025-04-09T16:38:59.435+0000][72][trace][gc,age      ] GC(21) - age   2:    9541456 bytes,   30296320 total
[2025-04-09T16:38:59.436+0000][72][trace][gc,age      ] GC(21) - age   3:   10596712 bytes,   40893032 total
[2025-04-09T16:38:59.436+0000][72][trace][gc,age      ] GC(21) - age   4:    3050920 bytes,   43943952 total
[2025-04-09T16:38:59.437+0000][72][trace][gc,age      ] GC(21) - age   5:    6738224 bytes,   50682176 total
[2025-04-09T16:38:59.437+0000][72][trace][gc,age      ] GC(21) - age   6:    6988744 bytes,   57670920 total
[2025-04-09T16:38:59.437+0000][72][trace][gc,age      ] GC(21) - age   7:    3202400 bytes,   60873320 total
[2025-04-09T16:38:59.437+0000][72][info ][gc,heap     ] GC(21) Eden regions: 140->0(137)
[2025-04-09T16:38:59.438+0000][72][info ][gc,heap     ] GC(21) Survivor regions: 13->16(20)
[2025-04-09T16:38:59.438+0000][72][info ][gc,heap     ] GC(21) Old regions: 5->8
[2025-04-09T16:38:59.438+0000][72][info ][gc,heap     ] GC(21) Humongous regions: 0->0
[2025-04-09T16:38:59.438+0000][72][info ][gc,metaspace] GC(21) Metaspace: 143102K(147200K)->143102K(147200K) NonClass: 122724K(124928K)->122724K(124928K) Class: 20377K(22272K)->20377K(22272K)
[2025-04-09T16:38:59.439+0000][72][info ][gc          ] GC(21) Pause Young (Normal) (G1 Evacuation Pause) 631M->93M(1024M) 38.776ms
[2025-04-09T16:38:59.439+0000][72][info ][gc,cpu      ] GC(21) User=0.07s Sys=0.01s Real=0.03s
[2025-04-09T16:38:59.439+0000][72][info ][safepoint   ] Safepoint "G1CollectForAllocation", Time since last: 4654118536 ns, Reaching safepoint: 4933 ns, At safepoint: 39455736 ns, Total: 39460669 ns
[2025-04-09T16:44:08.734+0000][72][info ][gc,heap,exit] Heap
[2025-04-09T16:44:08.734+0000][72][info ][gc,heap,exit]  garbage-first heap   total reserved 1048576K, committed 1048576K, used 426011K [0x00000000c0000000, 0x0000000100000000)
[2025-04-09T16:44:08.735+0000][72][info ][gc,heap,exit]   region size 4096K, 97 young (397312K), 16 survivors (65536K)
[2025-04-09T16:44:08.735+0000][72][info ][gc,heap,exit]  Metaspace       used 148778K, committed 153024K, reserved 1179648K
[2025-04-09T16:44:08.736+0000][72][info ][gc,heap,exit]   class space    used 21076K, committed 22976K, reserved 1048576K
