[2025-04-27T18:59:07.340+0000][73][info][gc,init] CardTable entry size: 512
[2025-04-27T18:59:07.340+0000][73][info][gc     ] Using G1
[2025-04-27T18:59:07.491+0000][73][info][gc,init] Version: 23+37-2369 (release)
[2025-04-27T18:59:07.491+0000][73][info][gc,init] CPUs: 4 total, 4 available
[2025-04-27T18:59:07.491+0000][73][info][gc,init] Memory: 2048M
[2025-04-27T18:59:07.492+0000][73][info][gc,init] Large Page Support: Disabled
[2025-04-27T18:59:07.492+0000][73][info][gc,init] NUMA Support: Disabled
[2025-04-27T18:59:07.492+0000][73][info][gc,init] Compressed Oops: Enabled (32-bit)
[2025-04-27T18:59:07.492+0000][73][info][gc,init] Heap Region Size: 4M
[2025-04-27T18:59:07.497+0000][73][info][gc,init] Heap Min Capacity: 1G
[2025-04-27T18:59:07.497+0000][73][info][gc,init] Heap Initial Capacity: 1G
[2025-04-27T18:59:07.497+0000][73][info][gc,init] Heap Max Capacity: 1G
[2025-04-27T18:59:07.497+0000][73][info][gc,init] Pre-touch: Enabled
[2025-04-27T18:59:07.498+0000][73][info][gc,init] Parallel Workers: 4
[2025-04-27T18:59:07.498+0000][73][info][gc,init] Concurrent Workers: 1
[2025-04-27T18:59:07.498+0000][73][info][gc,init] Concurrent Refinement Workers: 4
[2025-04-27T18:59:07.499+0000][73][info][gc,init] Periodic GC: Disabled
[2025-04-27T18:59:07.526+0000][73][info][gc,metaspace] CDS archive(s) mapped at: [0x00007f81ee000000-0x00007f81eed8e000-0x00007f81eed8e000), size 14213120, SharedBaseAddress: 0x00007f81ee000000, ArchiveRelocationMode: 1.
[2025-04-27T18:59:07.526+0000][73][info][gc,metaspace] Compressed class space mapped at: 0x00007f81ef000000-0x00007f822f000000, reserved size: 1073741824
[2025-04-27T18:59:07.526+0000][73][info][gc,metaspace] Narrow klass base: 0x00007f81ee000000, Narrow klass shift: 0, Narrow klass range: 0x100000000
[2025-04-27T18:59:08.041+0000][73][info][gc,start    ] GC(0) Pause Young (Normal) (G1 Evacuation Pause)
[2025-04-27T18:59:08.041+0000][73][info][gc,task     ] GC(0) Using 4 workers of 4 for evacuation
[2025-04-27T18:59:08.042+0000][73][debug][gc,age      ] GC(0) Desired survivor size 4194304 bytes, new threshold 15 (max threshold 15)
[2025-04-27T18:59:08.045+0000][73][info ][gc,phases   ] GC(0)   Pre Evacuate Collection Set: 0.13ms
[2025-04-27T18:59:08.045+0000][73][info ][gc,phases   ] GC(0)   Merge Heap Roots: 0.06ms
[2025-04-27T18:59:08.046+0000][73][info ][gc,phases   ] GC(0)   Evacuate Collection Set: 2.72ms
[2025-04-27T18:59:08.046+0000][73][info ][gc,phases   ] GC(0)   Post Evacuate Collection Set: 0.32ms
[2025-04-27T18:59:08.046+0000][73][info ][gc,phases   ] GC(0)   Other: 0.40ms
[2025-04-27T18:59:08.046+0000][73][trace][gc,age      ] GC(0) Age table:
[2025-04-27T18:59:08.046+0000][73][trace][gc,age      ] GC(0) - age   1:    4548000 bytes,    4548000 total
[2025-04-27T18:59:08.046+0000][73][info ][gc,heap     ] GC(0) Eden regions: 12->0(10)
[2025-04-27T18:59:08.046+0000][73][info ][gc,heap     ] GC(0) Survivor regions: 0->2(2)
[2025-04-27T18:59:08.047+0000][73][info ][gc,heap     ] GC(0) Old regions: 1->1
[2025-04-27T18:59:08.047+0000][73][info ][gc,heap     ] GC(0) Humongous regions: 0->0
[2025-04-27T18:59:08.047+0000][73][info ][gc,metaspace] GC(0) Metaspace: 7129K(7424K)->7129K(7424K) NonClass: 6273K(6464K)->6273K(6464K) Class: 856K(960K)->856K(960K)
[2025-04-27T18:59:08.047+0000][73][info ][gc          ] GC(0) Pause Young (Normal) (G1 Evacuation Pause) 49M->5M(1024M) 6.046ms
[2025-04-27T18:59:08.047+0000][73][info ][gc,cpu      ] GC(0) User=0.00s Sys=0.01s Real=0.01s
[2025-04-27T18:59:08.048+0000][73][info ][safepoint   ] Safepoint "G1CollectForAllocation", Time since last: 509814757 ns, Reaching safepoint: 1965 ns, At safepoint: 6517109 ns, Total: 6519074 ns
[2025-04-27T18:59:08.391+0000][73][info ][gc,start    ] GC(1) Pause Young (Normal) (G1 Evacuation Pause)
[2025-04-27T18:59:08.392+0000][73][info ][gc,task     ] GC(1) Using 4 workers of 4 for evacuation
[2025-04-27T18:59:08.392+0000][73][debug][gc,age      ] GC(1) Desired survivor size 4194304 bytes, new threshold 1 (max threshold 15)
[2025-04-27T18:59:08.400+0000][73][info ][gc,phases   ] GC(1)   Pre Evacuate Collection Set: 0.18ms
[2025-04-27T18:59:08.402+0000][73][info ][gc,phases   ] GC(1)   Merge Heap Roots: 0.10ms
[2025-04-27T18:59:08.402+0000][73][info ][gc,phases   ] GC(1)   Evacuate Collection Set: 6.61ms
[2025-04-27T18:59:08.402+0000][73][info ][gc,phases   ] GC(1)   Post Evacuate Collection Set: 0.50ms
[2025-04-27T18:59:08.403+0000][73][info ][gc,phases   ] GC(1)   Other: 0.94ms
[2025-04-27T18:59:08.403+0000][73][trace][gc,age      ] GC(1) Age table:
[2025-04-27T18:59:08.404+0000][73][trace][gc,age      ] GC(1) - age   1:    6172968 bytes,    6172968 total
[2025-04-27T18:59:08.404+0000][73][info ][gc,heap     ] GC(1) Eden regions: 10->0(10)
[2025-04-27T18:59:08.404+0000][73][info ][gc,heap     ] GC(1) Survivor regions: 2->2(2)
[2025-04-27T18:59:08.405+0000][73][info ][gc,heap     ] GC(1) Old regions: 1->3
[2025-04-27T18:59:08.405+0000][73][info ][gc,heap     ] GC(1) Humongous regions: 0->0
[2025-04-27T18:59:08.406+0000][73][info ][gc,metaspace] GC(1) Metaspace: 10726K(11008K)->10726K(11008K) NonClass: 9445K(9600K)->9445K(9600K) Class: 1281K(1408K)->1281K(1408K)
[2025-04-27T18:59:08.406+0000][73][info ][gc          ] GC(1) Pause Young (Normal) (G1 Evacuation Pause) 45M->11M(1024M) 15.110ms
[2025-04-27T18:59:08.407+0000][73][info ][gc,cpu      ] GC(1) User=0.03s Sys=0.00s Real=0.01s
[2025-04-27T18:59:08.407+0000][73][info ][safepoint   ] Safepoint "G1CollectForAllocation", Time since last: 343376900 ns, Reaching safepoint: 3543 ns, At safepoint: 16142142 ns, Total: 16145685 ns
[2025-04-27T18:59:08.993+0000][73][info ][gc,start    ] GC(2) Pause Young (Normal) (G1 Evacuation Pause)
[2025-04-27T18:59:08.994+0000][73][info ][gc,task     ] GC(2) Using 4 workers of 4 for evacuation
[2025-04-27T18:59:08.994+0000][73][debug][gc,age      ] GC(2) Desired survivor size 4194304 bytes, new threshold 1 (max threshold 15)
[2025-04-27T18:59:09.000+0000][73][info ][gc,phases   ] GC(2)   Pre Evacuate Collection Set: 0.08ms
[2025-04-27T18:59:09.000+0000][73][info ][gc,phases   ] GC(2)   Merge Heap Roots: 0.03ms
[2025-04-27T18:59:09.000+0000][73][info ][gc,phases   ] GC(2)   Evacuate Collection Set: 4.81ms
[2025-04-27T18:59:09.000+0000][73][info ][gc,phases   ] GC(2)   Post Evacuate Collection Set: 0.41ms
[2025-04-27T18:59:09.000+0000][73][info ][gc,phases   ] GC(2)   Other: 0.59ms
[2025-04-27T18:59:09.000+0000][73][trace][gc,age      ] GC(2) Age table:
[2025-04-27T18:59:09.001+0000][73][trace][gc,age      ] GC(2) - age   1:    2162768 bytes,    2162768 total
[2025-04-27T18:59:09.001+0000][73][info ][gc,heap     ] GC(2) Eden regions: 10->0(15)
[2025-04-27T18:59:09.001+0000][73][info ][gc,heap     ] GC(2) Survivor regions: 2->1(2)
[2025-04-27T18:59:09.001+0000][73][info ][gc,heap     ] GC(2) Old regions: 3->4
[2025-04-27T18:59:09.002+0000][73][info ][gc,heap     ] GC(2) Humongous regions: 0->0
[2025-04-27T18:59:09.002+0000][73][info ][gc,metaspace] GC(2) Metaspace: 18196K(19008K)->18196K(19008K) NonClass: 16120K(16640K)->16120K(16640K) Class: 2075K(2368K)->2075K(2368K)
[2025-04-27T18:59:09.002+0000][73][info ][gc          ] GC(2) Pause Young (Normal) (G1 Evacuation Pause) 51M->14M(1024M) 9.106ms
[2025-04-27T18:59:09.003+0000][73][info ][gc,cpu      ] GC(2) User=0.02s Sys=0.00s Real=0.01s
[2025-04-27T18:59:09.003+0000][73][info ][safepoint   ] Safepoint "G1CollectForAllocation", Time since last: 585814698 ns, Reaching safepoint: 80376 ns, At safepoint: 9903923 ns, Total: 9984299 ns
[2025-04-27T18:59:09.368+0000][73][info ][gc,start    ] GC(3) Pause Young (Normal) (G1 Evacuation Pause)
[2025-04-27T18:59:09.369+0000][73][info ][gc,task     ] GC(3) Using 4 workers of 4 for evacuation
[2025-04-27T18:59:09.369+0000][73][debug][gc,age      ] GC(3) Desired survivor size 6291456 bytes, new threshold 15 (max threshold 15)
[2025-04-27T18:59:09.372+0000][73][info ][gc,phases   ] GC(3)   Pre Evacuate Collection Set: 0.08ms
[2025-04-27T18:59:09.372+0000][73][info ][gc,phases   ] GC(3)   Merge Heap Roots: 0.05ms
[2025-04-27T18:59:09.372+0000][73][info ][gc,phases   ] GC(3)   Evacuate Collection Set: 2.16ms
[2025-04-27T18:59:09.372+0000][73][info ][gc,phases   ] GC(3)   Post Evacuate Collection Set: 0.24ms
[2025-04-27T18:59:09.372+0000][73][info ][gc,phases   ] GC(3)   Other: 0.37ms
[2025-04-27T18:59:09.372+0000][73][trace][gc,age      ] GC(3) Age table:
[2025-04-27T18:59:09.373+0000][73][trace][gc,age      ] GC(3) - age   1:     576880 bytes,     576880 total
[2025-04-27T18:59:09.373+0000][73][trace][gc,age      ] GC(3) - age   2:    2080784 bytes,    2657664 total
[2025-04-27T18:59:09.373+0000][73][info ][gc,heap     ] GC(3) Eden regions: 16->0(18)
[2025-04-27T18:59:09.373+0000][73][info ][gc,heap     ] GC(3) Survivor regions: 1->1(3)
[2025-04-27T18:59:09.373+0000][73][info ][gc,heap     ] GC(3) Old regions: 4->4
[2025-04-27T18:59:09.373+0000][73][info ][gc,heap     ] GC(3) Humongous regions: 0->0
[2025-04-27T18:59:09.374+0000][73][info ][gc,metaspace] GC(3) Metaspace: 18856K(19648K)->18856K(19648K) NonClass: 16708K(17152K)->16708K(17152K) Class: 2148K(2496K)->2148K(2496K)
[2025-04-27T18:59:09.374+0000][73][info ][gc          ] GC(3) Pause Young (Normal) (G1 Evacuation Pause) 78M->14M(1024M) 5.432ms
[2025-04-27T18:59:09.374+0000][73][info ][gc,cpu      ] GC(3) User=0.01s Sys=0.00s Real=0.00s
[2025-04-27T18:59:09.374+0000][73][info ][safepoint   ] Safepoint "G1CollectForAllocation", Time since last: 365452710 ns, Reaching safepoint: 2314 ns, At safepoint: 5798132 ns, Total: 5800446 ns
[2025-04-27T18:59:09.604+0000][73][info ][gc,start    ] GC(4) Pause Young (Concurrent Start) (Metadata GC Threshold)
[2025-04-27T18:59:09.604+0000][73][info ][gc,task     ] GC(4) Using 4 workers of 4 for evacuation
[2025-04-27T18:59:09.605+0000][73][debug][gc,age      ] GC(4) Desired survivor size 6291456 bytes, new threshold 15 (max threshold 15)
[2025-04-27T18:59:09.608+0000][73][info ][gc,phases   ] GC(4)   Pre Evacuate Collection Set: 0.11ms
[2025-04-27T18:59:09.608+0000][73][info ][gc,phases   ] GC(4)   Merge Heap Roots: 0.05ms
[2025-04-27T18:59:09.608+0000][73][info ][gc,phases   ] GC(4)   Evacuate Collection Set: 1.74ms
[2025-04-27T18:59:09.609+0000][73][info ][gc,phases   ] GC(4)   Post Evacuate Collection Set: 0.43ms
[2025-04-27T18:59:09.609+0000][73][info ][gc,phases   ] GC(4)   Other: 1.00ms
[2025-04-27T18:59:09.609+0000][73][trace][gc,age      ] GC(4) Age table:
[2025-04-27T18:59:09.610+0000][73][trace][gc,age      ] GC(4) - age   1:    1191520 bytes,    1191520 total
[2025-04-27T18:59:09.610+0000][73][trace][gc,age      ] GC(4) - age   2:     549728 bytes,    1741248 total
[2025-04-27T18:59:09.611+0000][73][trace][gc,age      ] GC(4) - age   3:    2066800 bytes,    3808048 total
[2025-04-27T18:59:09.611+0000][73][info ][gc,heap     ] GC(4) Eden regions: 9->0(29)
[2025-04-27T18:59:09.611+0000][73][info ][gc,heap     ] GC(4) Survivor regions: 1->1(3)
[2025-04-27T18:59:09.611+0000][73][info ][gc,heap     ] GC(4) Old regions: 4->4
[2025-04-27T18:59:09.611+0000][73][info ][gc,heap     ] GC(4) Humongous regions: 0->0
[2025-04-27T18:59:09.612+0000][73][info ][gc,metaspace] GC(4) Metaspace: 20673K(21504K)->20673K(21504K) NonClass: 18326K(18816K)->18326K(18816K) Class: 2346K(2688K)->2346K(2688K)
[2025-04-27T18:59:09.612+0000][73][info ][gc          ] GC(4) Pause Young (Concurrent Start) (Metadata GC Threshold) 50M->15M(1024M) 7.968ms
[2025-04-27T18:59:09.612+0000][73][info ][gc,cpu      ] GC(4) User=0.01s Sys=0.00s Real=0.01s
[2025-04-27T18:59:09.612+0000][73][info ][safepoint   ] Safepoint "CollectForMetadataAllocation", Time since last: 229525871 ns, Reaching safepoint: 2661 ns, At safepoint: 8444125 ns, Total: 8446786 ns
[2025-04-27T18:59:09.612+0000][73][info ][gc          ] GC(5) Concurrent Mark Cycle
[2025-04-27T18:59:09.618+0000][73][info ][gc,marking  ] GC(5) Concurrent Scan Root Regions
[2025-04-27T18:59:09.619+0000][73][info ][gc,marking  ] GC(5) Concurrent Scan Root Regions 1.667ms
[2025-04-27T18:59:09.619+0000][73][info ][gc,marking  ] GC(5) Concurrent Mark
[2025-04-27T18:59:09.620+0000][73][info ][gc,marking  ] GC(5) Concurrent Mark From Roots
[2025-04-27T18:59:09.620+0000][73][info ][gc,task     ] GC(5) Using 1 workers of 1 for marking
[2025-04-27T18:59:09.629+0000][73][info ][gc,marking  ] GC(5) Concurrent Mark From Roots 9.503ms
[2025-04-27T18:59:09.630+0000][73][info ][gc,marking  ] GC(5) Concurrent Preclean
[2025-04-27T18:59:09.630+0000][73][info ][gc,marking  ] GC(5) Concurrent Preclean 0.505ms
[2025-04-27T18:59:09.631+0000][73][info ][gc,start    ] GC(5) Pause Remark
[2025-04-27T18:59:09.634+0000][73][info ][gc          ] GC(5) Pause Remark 17M->17M(1024M) 3.609ms
[2025-04-27T18:59:09.635+0000][73][info ][gc,cpu      ] GC(5) User=0.01s Sys=0.00s Real=0.00s
[2025-04-27T18:59:09.635+0000][73][info ][safepoint   ] Safepoint "G1PauseRemark", Time since last: 18424862 ns, Reaching safepoint: 85638 ns, At safepoint: 4082566 ns, Total: 4168204 ns
[2025-04-27T18:59:09.635+0000][73][info ][gc,marking  ] GC(5) Concurrent Mark 15.640ms
[2025-04-27T18:59:09.635+0000][73][info ][gc,marking  ] GC(5) Concurrent Rebuild Remembered Sets and Scrub Regions
[2025-04-27T18:59:09.639+0000][73][info ][gc,marking  ] GC(5) Concurrent Rebuild Remembered Sets and Scrub Regions 3.966ms
[2025-04-27T18:59:09.640+0000][73][info ][gc,start    ] GC(5) Pause Cleanup
[2025-04-27T18:59:09.640+0000][73][info ][gc          ] GC(5) Pause Cleanup 17M->17M(1024M) 0.324ms
[2025-04-27T18:59:09.640+0000][73][info ][gc,cpu      ] GC(5) User=0.00s Sys=0.00s Real=0.00s
[2025-04-27T18:59:09.641+0000][73][info ][safepoint   ] Safepoint "G1PauseCleanup", Time since last: 4901861 ns, Reaching safepoint: 80624 ns, At safepoint: 895615 ns, Total: 976239 ns
[2025-04-27T18:59:09.641+0000][73][info ][gc,marking  ] GC(5) Concurrent Clear Claimed Marks
[2025-04-27T18:59:09.642+0000][73][info ][gc,marking  ] GC(5) Concurrent Clear Claimed Marks 0.613ms
[2025-04-27T18:59:09.642+0000][73][info ][gc,marking  ] GC(5) Concurrent Cleanup for Next Mark
[2025-04-27T18:59:09.643+0000][73][info ][gc,marking  ] GC(5) Concurrent Cleanup for Next Mark 1.542ms
[2025-04-27T18:59:09.644+0000][73][info ][gc          ] GC(5) Concurrent Mark Cycle 31.711ms
[2025-04-27T18:59:09.876+0000][73][info ][gc,start    ] GC(6) Pause Young (Prepare Mixed) (G1 Evacuation Pause)
[2025-04-27T18:59:09.876+0000][73][info ][gc,task     ] GC(6) Using 4 workers of 4 for evacuation
[2025-04-27T18:59:09.876+0000][73][debug][gc,age      ] GC(6) Desired survivor size 8388608 bytes, new threshold 15 (max threshold 15)
[2025-04-27T18:59:09.881+0000][73][info ][gc,phases   ] GC(6)   Pre Evacuate Collection Set: 0.13ms
[2025-04-27T18:59:09.881+0000][73][info ][gc,phases   ] GC(6)   Merge Heap Roots: 0.11ms
[2025-04-27T18:59:09.881+0000][73][info ][gc,phases   ] GC(6)   Evacuate Collection Set: 3.62ms
[2025-04-27T18:59:09.881+0000][73][info ][gc,phases   ] GC(6)   Post Evacuate Collection Set: 0.43ms
[2025-04-27T18:59:09.881+0000][73][info ][gc,phases   ] GC(6)   Other: 0.46ms
[2025-04-27T18:59:09.882+0000][73][trace][gc,age      ] GC(6) Age table:
[2025-04-27T18:59:09.882+0000][73][trace][gc,age      ] GC(6) - age   1:    2718744 bytes,    2718744 total
[2025-04-27T18:59:09.882+0000][73][trace][gc,age      ] GC(6) - age   2:     368120 bytes,    3086864 total
[2025-04-27T18:59:09.882+0000][73][trace][gc,age      ] GC(6) - age   3:     549600 bytes,    3636464 total
[2025-04-27T18:59:09.883+0000][73][trace][gc,age      ] GC(6) - age   4:    2064464 bytes,    5700928 total
[2025-04-27T18:59:09.883+0000][73][info ][gc,heap     ] GC(6) Eden regions: 24->0(25)
[2025-04-27T18:59:09.883+0000][73][info ][gc,heap     ] GC(6) Survivor regions: 1->2(4)
[2025-04-27T18:59:09.883+0000][73][info ][gc,heap     ] GC(6) Old regions: 4->4
[2025-04-27T18:59:09.884+0000][73][info ][gc,heap     ] GC(6) Humongous regions: 0->0
[2025-04-27T18:59:09.884+0000][73][info ][gc,metaspace] GC(6) Metaspace: 23399K(24256K)->23399K(24256K) NonClass: 20745K(21248K)->20745K(21248K) Class: 2654K(3008K)->2654K(3008K)
[2025-04-27T18:59:09.884+0000][73][info ][gc          ] GC(6) Pause Young (Prepare Mixed) (G1 Evacuation Pause) 111M->17M(1024M) 8.481ms
[2025-04-27T18:59:09.884+0000][73][info ][gc,cpu      ] GC(6) User=0.01s Sys=0.00s Real=0.01s
[2025-04-27T18:59:09.885+0000][73][info ][safepoint   ] Safepoint "G1CollectForAllocation", Time since last: 234762665 ns, Reaching safepoint: 82917 ns, At safepoint: 9091177 ns, Total: 9174094 ns
[2025-04-27T18:59:10.204+0000][73][info ][gc,start    ] GC(7) Pause Young (Mixed) (G1 Evacuation Pause)
[2025-04-27T18:59:10.205+0000][73][info ][gc,task     ] GC(7) Using 4 workers of 4 for evacuation
[2025-04-27T18:59:10.205+0000][73][debug][gc,age      ] GC(7) Desired survivor size 8388608 bytes, new threshold 15 (max threshold 15)
[2025-04-27T18:59:10.216+0000][73][info ][gc,phases   ] GC(7)   Pre Evacuate Collection Set: 0.17ms
[2025-04-27T18:59:10.216+0000][73][info ][gc,phases   ] GC(7)   Merge Heap Roots: 0.05ms
[2025-04-27T18:59:10.216+0000][73][info ][gc,phases   ] GC(7)   Evacuate Collection Set: 9.30ms
[2025-04-27T18:59:10.216+0000][73][info ][gc,phases   ] GC(7)   Post Evacuate Collection Set: 0.74ms
[2025-04-27T18:59:10.216+0000][73][info ][gc,phases   ] GC(7)   Other: 0.78ms
[2025-04-27T18:59:10.217+0000][73][trace][gc,age      ] GC(7) Age table:
[2025-04-27T18:59:10.217+0000][73][trace][gc,age      ] GC(7) - age   1:    4202672 bytes,    4202672 total
[2025-04-27T18:59:10.217+0000][73][trace][gc,age      ] GC(7) - age   2:    2109728 bytes,    6312400 total
[2025-04-27T18:59:10.217+0000][73][trace][gc,age      ] GC(7) - age   3:     364352 bytes,    6676752 total
[2025-04-27T18:59:10.218+0000][73][trace][gc,age      ] GC(7) - age   4:     549600 bytes,    7226352 total
[2025-04-27T18:59:10.218+0000][73][trace][gc,age      ] GC(7) - age   5:    2064320 bytes,    9290672 total
[2025-04-27T18:59:10.218+0000][73][info ][gc,heap     ] GC(7) Eden regions: 24->0(34)
[2025-04-27T18:59:10.218+0000][73][info ][gc,heap     ] GC(7) Survivor regions: 2->3(4)
[2025-04-27T18:59:10.218+0000][73][info ][gc,heap     ] GC(7) Old regions: 4->3
[2025-04-27T18:59:10.219+0000][73][info ][gc,heap     ] GC(7) Humongous regions: 0->0
[2025-04-27T18:59:10.219+0000][73][info ][gc,metaspace] GC(7) Metaspace: 28686K(29632K)->28686K(29632K) NonClass: 25451K(25984K)->25451K(25984K) Class: 3234K(3648K)->3234K(3648K)
[2025-04-27T18:59:10.220+0000][73][info ][gc          ] GC(7) Pause Young (Mixed) (G1 Evacuation Pause) 113M->21M(1024M) 15.500ms
[2025-04-27T18:59:10.220+0000][73][info ][gc,cpu      ] GC(7) User=0.03s Sys=0.00s Real=0.02s
[2025-04-27T18:59:10.221+0000][73][info ][safepoint   ] Safepoint "G1CollectForAllocation", Time since last: 319575280 ns, Reaching safepoint: 2808 ns, At safepoint: 16322221 ns, Total: 16325029 ns
[2025-04-27T18:59:10.516+0000][73][info ][gc,start    ] GC(8) Pause Young (Normal) (G1 Evacuation Pause)
[2025-04-27T18:59:10.516+0000][73][info ][gc,task     ] GC(8) Using 4 workers of 4 for evacuation
[2025-04-27T18:59:10.517+0000][73][debug][gc,age      ] GC(8) Desired survivor size 10485760 bytes, new threshold 15 (max threshold 15)
[2025-04-27T18:59:10.522+0000][73][info ][gc,phases   ] GC(8)   Pre Evacuate Collection Set: 0.13ms
[2025-04-27T18:59:10.522+0000][73][info ][gc,phases   ] GC(8)   Merge Heap Roots: 0.05ms
[2025-04-27T18:59:10.522+0000][73][info ][gc,phases   ] GC(8)   Evacuate Collection Set: 3.81ms
[2025-04-27T18:59:10.523+0000][73][info ][gc,phases   ] GC(8)   Post Evacuate Collection Set: 1.06ms
[2025-04-27T18:59:10.523+0000][73][info ][gc,phases   ] GC(8)   Other: 0.45ms
[2025-04-27T18:59:10.523+0000][73][trace][gc,age      ] GC(8) Age table:
[2025-04-27T18:59:10.524+0000][73][trace][gc,age      ] GC(8) - age   1:    3456728 bytes,    3456728 total
[2025-04-27T18:59:10.524+0000][73][trace][gc,age      ] GC(8) - age   2:    2667640 bytes,    6124368 total
[2025-04-27T18:59:10.524+0000][73][trace][gc,age      ] GC(8) - age   3:    2106744 bytes,    8231112 total
[2025-04-27T18:59:10.524+0000][73][trace][gc,age      ] GC(8) - age   4:     364352 bytes,    8595464 total
[2025-04-27T18:59:10.524+0000][73][trace][gc,age      ] GC(8) - age   5:     547920 bytes,    9143384 total
[2025-04-27T18:59:10.525+0000][73][trace][gc,age      ] GC(8) - age   6:    2063600 bytes,   11206984 total
[2025-04-27T18:59:10.525+0000][73][info ][gc,heap     ] GC(8) Eden regions: 34->0(36)
[2025-04-27T18:59:10.525+0000][73][info ][gc,heap     ] GC(8) Survivor regions: 3->3(5)
[2025-04-27T18:59:10.525+0000][73][info ][gc,heap     ] GC(8) Old regions: 3->3
[2025-04-27T18:59:10.526+0000][73][info ][gc,heap     ] GC(8) Humongous regions: 0->0
[2025-04-27T18:59:10.526+0000][73][info ][gc,metaspace] GC(8) Metaspace: 29766K(30720K)->29766K(30720K) NonClass: 26355K(26880K)->26355K(26880K) Class: 3410K(3840K)->3410K(3840K)
[2025-04-27T18:59:10.526+0000][73][info ][gc          ] GC(8) Pause Young (Normal) (G1 Evacuation Pause) 157M->23M(1024M) 10.151ms
[2025-04-27T18:59:10.526+0000][73][info ][gc,cpu      ] GC(8) User=0.02s Sys=0.00s Real=0.01s
[2025-04-27T18:59:10.527+0000][73][info ][safepoint   ] Safepoint "G1CollectForAllocation", Time since last: 295500116 ns, Reaching safepoint: 3123 ns, At safepoint: 10941268 ns, Total: 10944391 ns
[2025-04-27T18:59:10.719+0000][73][info ][gc,start    ] GC(9) Pause Young (Normal) (G1 Evacuation Pause)
[2025-04-27T18:59:10.720+0000][73][info ][gc,task     ] GC(9) Using 4 workers of 4 for evacuation
[2025-04-27T18:59:10.720+0000][73][debug][gc,age      ] GC(9) Desired survivor size 10485760 bytes, new threshold 6 (max threshold 15)
[2025-04-27T18:59:10.727+0000][73][info ][gc,phases   ] GC(9)   Pre Evacuate Collection Set: 0.11ms
[2025-04-27T18:59:10.727+0000][73][info ][gc,phases   ] GC(9)   Merge Heap Roots: 0.08ms
[2025-04-27T18:59:10.728+0000][73][info ][gc,phases   ] GC(9)   Evacuate Collection Set: 5.64ms
[2025-04-27T18:59:10.728+0000][73][info ][gc,phases   ] GC(9)   Post Evacuate Collection Set: 0.53ms
[2025-04-27T18:59:10.728+0000][73][info ][gc,phases   ] GC(9)   Other: 0.94ms
[2025-04-27T18:59:10.729+0000][73][trace][gc,age      ] GC(9) Age table:
[2025-04-27T18:59:10.729+0000][73][trace][gc,age      ] GC(9) - age   1:    1879688 bytes,    1879688 total
[2025-04-27T18:59:10.729+0000][73][trace][gc,age      ] GC(9) - age   2:    2661056 bytes,    4540744 total
[2025-04-27T18:59:10.729+0000][73][trace][gc,age      ] GC(9) - age   3:    2667544 bytes,    7208288 total
[2025-04-27T18:59:10.730+0000][73][trace][gc,age      ] GC(9) - age   4:    2106440 bytes,    9314728 total
[2025-04-27T18:59:10.730+0000][73][trace][gc,age      ] GC(9) - age   5:     364352 bytes,    9679080 total
[2025-04-27T18:59:10.730+0000][73][trace][gc,age      ] GC(9) - age   6:     547920 bytes,   10227000 total
[2025-04-27T18:59:10.730+0000][73][info ][gc,heap     ] GC(9) Eden regions: 36->0(47)
[2025-04-27T18:59:10.731+0000][73][info ][gc,heap     ] GC(9) Survivor regions: 3->3(5)
[2025-04-27T18:59:10.731+0000][73][info ][gc,heap     ] GC(9) Old regions: 3->4
[2025-04-27T18:59:10.731+0000][73][info ][gc,heap     ] GC(9) Humongous regions: 0->0
[2025-04-27T18:59:10.732+0000][73][info ][gc,metaspace] GC(9) Metaspace: 30075K(31104K)->30075K(31104K) NonClass: 26629K(27200K)->26629K(27200K) Class: 3446K(3904K)->3446K(3904K)
[2025-04-27T18:59:10.732+0000][73][info ][gc          ] GC(9) Pause Young (Normal) (G1 Evacuation Pause) 167M->24M(1024M) 12.891ms
[2025-04-27T18:59:10.732+0000][73][info ][gc,cpu      ] GC(9) User=0.01s Sys=0.00s Real=0.01s
[2025-04-27T18:59:10.733+0000][73][info ][safepoint   ] Safepoint "G1CollectForAllocation", Time since last: 192042258 ns, Reaching safepoint: 3608 ns, At safepoint: 13881693 ns, Total: 13885301 ns
[2025-04-27T18:59:10.941+0000][73][info ][gc,start    ] GC(10) Pause Young (Normal) (G1 Evacuation Pause)
[2025-04-27T18:59:10.941+0000][73][info ][gc,task     ] GC(10) Using 4 workers of 4 for evacuation
[2025-04-27T18:59:10.941+0000][73][debug][gc,age      ] GC(10) Desired survivor size 14680064 bytes, new threshold 15 (max threshold 15)
[2025-04-27T18:59:10.949+0000][73][info ][gc,phases   ] GC(10)   Pre Evacuate Collection Set: 0.13ms
[2025-04-27T18:59:10.949+0000][73][info ][gc,phases   ] GC(10)   Merge Heap Roots: 0.08ms
[2025-04-27T18:59:10.949+0000][73][info ][gc,phases   ] GC(10)   Evacuate Collection Set: 5.53ms
[2025-04-27T18:59:10.949+0000][73][info ][gc,phases   ] GC(10)   Post Evacuate Collection Set: 0.48ms
[2025-04-27T18:59:10.949+0000][73][info ][gc,phases   ] GC(10)   Other: 1.52ms
[2025-04-27T18:59:10.950+0000][73][trace][gc,age      ] GC(10) Age table:
[2025-04-27T18:59:10.950+0000][73][trace][gc,age      ] GC(10) - age   1:    4065424 bytes,    4065424 total
[2025-04-27T18:59:10.951+0000][73][trace][gc,age      ] GC(10) - age   2:    1384672 bytes,    5450096 total
[2025-04-27T18:59:10.951+0000][73][trace][gc,age      ] GC(10) - age   3:    2660640 bytes,    8110736 total
[2025-04-27T18:59:10.951+0000][73][trace][gc,age      ] GC(10) - age   4:    2667256 bytes,   10777992 total
[2025-04-27T18:59:10.952+0000][73][trace][gc,age      ] GC(10) - age   5:    2106288 bytes,   12884280 total
[2025-04-27T18:59:10.953+0000][73][trace][gc,age      ] GC(10) - age   6:     364352 bytes,   13248632 total
[2025-04-27T18:59:10.953+0000][73][trace][gc,age      ] GC(10) - age   7:     547920 bytes,   13796552 total
[2025-04-27T18:59:10.954+0000][73][info ][gc,heap     ] GC(10) Eden regions: 47->0(56)
[2025-04-27T18:59:10.954+0000][73][info ][gc,heap     ] GC(10) Survivor regions: 3->4(7)
[2025-04-27T18:59:10.954+0000][73][info ][gc,heap     ] GC(10) Old regions: 4->4
[2025-04-27T18:59:10.954+0000][73][info ][gc,heap     ] GC(10) Humongous regions: 0->0
[2025-04-27T18:59:10.954+0000][73][info ][gc,metaspace] GC(10) Metaspace: 30486K(31488K)->30486K(31488K) NonClass: 26995K(27584K)->26995K(27584K) Class: 3491K(3904K)->3491K(3904K)
[2025-04-27T18:59:10.955+0000][73][info ][gc          ] GC(10) Pause Young (Normal) (G1 Evacuation Pause) 212M->28M(1024M) 13.931ms
[2025-04-27T18:59:10.955+0000][73][info ][gc,cpu      ] GC(10) User=0.02s Sys=0.00s Real=0.01s
[2025-04-27T18:59:10.955+0000][73][info ][safepoint   ] Safepoint "G1CollectForAllocation", Time since last: 207955185 ns, Reaching safepoint: 2939 ns, At safepoint: 14630770 ns, Total: 14633709 ns
[2025-04-27T18:59:11.443+0000][73][info ][gc,start    ] GC(11) Pause Young (Concurrent Start) (Metadata GC Threshold)
[2025-04-27T18:59:11.443+0000][73][info ][gc,task     ] GC(11) Using 4 workers of 4 for evacuation
[2025-04-27T18:59:11.443+0000][73][debug][gc,age      ] GC(11) Desired survivor size 16777216 bytes, new threshold 15 (max threshold 15)
[2025-04-27T18:59:11.449+0000][73][info ][gc,phases   ] GC(11)   Pre Evacuate Collection Set: 0.11ms
[2025-04-27T18:59:11.449+0000][73][info ][gc,phases   ] GC(11)   Merge Heap Roots: 0.05ms
[2025-04-27T18:59:11.449+0000][73][info ][gc,phases   ] GC(11)   Evacuate Collection Set: 5.00ms
[2025-04-27T18:59:11.449+0000][73][info ][gc,phases   ] GC(11)   Post Evacuate Collection Set: 0.59ms
[2025-04-27T18:59:11.450+0000][73][info ][gc,phases   ] GC(11)   Other: 0.45ms
[2025-04-27T18:59:11.450+0000][73][trace][gc,age      ] GC(11) Age table:
[2025-04-27T18:59:11.450+0000][73][trace][gc,age      ] GC(11) - age   1:    4383488 bytes,    4383488 total
[2025-04-27T18:59:11.450+0000][73][trace][gc,age      ] GC(11) - age   2:    1787120 bytes,    6170608 total
[2025-04-27T18:59:11.450+0000][73][trace][gc,age      ] GC(11) - age   3:    1384640 bytes,    7555248 total
[2025-04-27T18:59:11.451+0000][73][trace][gc,age      ] GC(11) - age   4:    2654544 bytes,   10209792 total
[2025-04-27T18:59:11.451+0000][73][trace][gc,age      ] GC(11) - age   5:    2666952 bytes,   12876744 total
[2025-04-27T18:59:11.451+0000][73][trace][gc,age      ] GC(11) - age   6:    2105088 bytes,   14981832 total
[2025-04-27T18:59:11.451+0000][73][trace][gc,age      ] GC(11) - age   7:     364352 bytes,   15346184 total
[2025-04-27T18:59:11.452+0000][73][trace][gc,age      ] GC(11) - age   8:     547920 bytes,   15894104 total
[2025-04-27T18:59:11.452+0000][73][info ][gc,heap     ] GC(11) Eden regions: 56->0(69)
[2025-04-27T18:59:11.452+0000][73][info ][gc,heap     ] GC(11) Survivor regions: 4->5(8)
[2025-04-27T18:59:11.452+0000][73][info ][gc,heap     ] GC(11) Old regions: 4->4
[2025-04-27T18:59:11.452+0000][73][info ][gc,heap     ] GC(11) Humongous regions: 0->0
[2025-04-27T18:59:11.452+0000][73][info ][gc,metaspace] GC(11) Metaspace: 34953K(35968K)->34953K(35968K) NonClass: 30990K(31552K)->30990K(31552K) Class: 3963K(4416K)->3963K(4416K)
[2025-04-27T18:59:11.453+0000][73][info ][gc          ] GC(11) Pause Young (Concurrent Start) (Metadata GC Threshold) 250M->30M(1024M) 9.967ms
[2025-04-27T18:59:11.453+0000][73][info ][gc,cpu      ] GC(11) User=0.02s Sys=0.00s Real=0.01s
[2025-04-27T18:59:11.453+0000][73][info ][gc          ] GC(12) Concurrent Mark Cycle
[2025-04-27T18:59:11.453+0000][73][info ][gc,marking  ] GC(12) Concurrent Scan Root Regions
[2025-04-27T18:59:11.453+0000][73][info ][safepoint   ] Safepoint "CollectForMetadataAllocation", Time since last: 487054424 ns, Reaching safepoint: 2513 ns, At safepoint: 10512020 ns, Total: 10514533 ns
[2025-04-27T18:59:11.457+0000][73][info ][gc,marking  ] GC(12) Concurrent Scan Root Regions 3.378ms
[2025-04-27T18:59:11.457+0000][73][info ][gc,marking  ] GC(12) Concurrent Mark
[2025-04-27T18:59:11.457+0000][73][info ][gc,marking  ] GC(12) Concurrent Mark From Roots
[2025-04-27T18:59:11.458+0000][73][info ][gc,task     ] GC(12) Using 1 workers of 1 for marking
[2025-04-27T18:59:11.462+0000][73][info ][safepoint   ] Safepoint "CollectForMetadataAllocation", Time since last: 8593568 ns, Reaching safepoint: 76576 ns, At safepoint: 166473 ns, Total: 243049 ns
[2025-04-27T18:59:11.467+0000][73][info ][safepoint   ] Safepoint "CollectForMetadataAllocation", Time since last: 5417389 ns, Reaching safepoint: 37751 ns, At safepoint: 54207 ns, Total: 91958 ns
[2025-04-27T18:59:11.470+0000][73][info ][gc,marking  ] GC(12) Concurrent Mark From Roots 12.521ms
[2025-04-27T18:59:11.470+0000][73][info ][gc,marking  ] GC(12) Concurrent Preclean
[2025-04-27T18:59:11.470+0000][73][info ][gc,marking  ] GC(12) Concurrent Preclean 0.212ms
[2025-04-27T18:59:11.471+0000][73][info ][gc,start    ] GC(12) Pause Remark
[2025-04-27T18:59:11.474+0000][73][info ][gc          ] GC(12) Pause Remark 36M->36M(1024M) 3.172ms
[2025-04-27T18:59:11.474+0000][73][info ][gc,cpu      ] GC(12) User=0.01s Sys=0.00s Real=0.00s
[2025-04-27T18:59:11.474+0000][73][info ][safepoint   ] Safepoint "G1PauseRemark", Time since last: 3011120 ns, Reaching safepoint: 83955 ns, At safepoint: 3685214 ns, Total: 3769169 ns
[2025-04-27T18:59:11.475+0000][73][info ][gc,marking  ] GC(12) Concurrent Mark 17.503ms
[2025-04-27T18:59:11.475+0000][73][info ][gc,marking  ] GC(12) Concurrent Rebuild Remembered Sets and Scrub Regions
[2025-04-27T18:59:11.480+0000][73][info ][gc,marking  ] GC(12) Concurrent Rebuild Remembered Sets and Scrub Regions 5.068ms
[2025-04-27T18:59:11.480+0000][73][info ][gc,start    ] GC(12) Pause Cleanup
[2025-04-27T18:59:11.480+0000][73][info ][gc          ] GC(12) Pause Cleanup 36M->36M(1024M) 0.172ms
[2025-04-27T18:59:11.481+0000][73][info ][gc,cpu      ] GC(12) User=0.00s Sys=0.00s Real=0.00s
[2025-04-27T18:59:11.481+0000][73][info ][safepoint   ] Safepoint "G1PauseCleanup", Time since last: 5943515 ns, Reaching safepoint: 83952 ns, At safepoint: 612365 ns, Total: 696317 ns
[2025-04-27T18:59:11.481+0000][73][info ][gc,marking  ] GC(12) Concurrent Clear Claimed Marks
[2025-04-27T18:59:11.481+0000][73][info ][gc,marking  ] GC(12) Concurrent Clear Claimed Marks 0.228ms
[2025-04-27T18:59:11.481+0000][73][info ][gc,marking  ] GC(12) Concurrent Cleanup for Next Mark
[2025-04-27T18:59:11.483+0000][73][info ][gc,marking  ] GC(12) Concurrent Cleanup for Next Mark 1.145ms
[2025-04-27T18:59:11.483+0000][73][info ][gc          ] GC(12) Concurrent Mark Cycle 29.964ms
[2025-04-27T18:59:11.784+0000][73][info ][gc,start    ] GC(13) Pause Young (Normal) (G1 Evacuation Pause)
[2025-04-27T18:59:11.784+0000][73][info ][gc,task     ] GC(13) Using 4 workers of 4 for evacuation
[2025-04-27T18:59:11.784+0000][73][debug][gc,age      ] GC(13) Desired survivor size 20971520 bytes, new threshold 15 (max threshold 15)
[2025-04-27T18:59:11.791+0000][73][info ][gc,phases   ] GC(13)   Pre Evacuate Collection Set: 0.12ms
[2025-04-27T18:59:11.791+0000][73][info ][gc,phases   ] GC(13)   Merge Heap Roots: 0.04ms
[2025-04-27T18:59:11.791+0000][73][info ][gc,phases   ] GC(13)   Evacuate Collection Set: 5.08ms
[2025-04-27T18:59:11.792+0000][73][info ][gc,phases   ] GC(13)   Post Evacuate Collection Set: 0.49ms
[2025-04-27T18:59:11.792+0000][73][info ][gc,phases   ] GC(13)   Other: 0.85ms
[2025-04-27T18:59:11.793+0000][73][trace][gc,age      ] GC(13) Age table:
[2025-04-27T18:59:11.793+0000][73][trace][gc,age      ] GC(13) - age   1:    3330480 bytes,    3330480 total
[2025-04-27T18:59:11.793+0000][73][trace][gc,age      ] GC(13) - age   2:    4288512 bytes,    7618992 total
[2025-04-27T18:59:11.794+0000][73][trace][gc,age      ] GC(13) - age   3:    1786480 bytes,    9405472 total
[2025-04-27T18:59:11.794+0000][73][trace][gc,age      ] GC(13) - age   4:    1384208 bytes,   10789680 total
[2025-04-27T18:59:11.795+0000][73][trace][gc,age      ] GC(13) - age   5:    2654224 bytes,   13443904 total
[2025-04-27T18:59:11.795+0000][73][trace][gc,age      ] GC(13) - age   6:    2666824 bytes,   16110728 total
[2025-04-27T18:59:11.795+0000][73][trace][gc,age      ] GC(13) - age   7:    2104992 bytes,   18215720 total
[2025-04-27T18:59:11.795+0000][73][trace][gc,age      ] GC(13) - age   8:     363792 bytes,   18579512 total
[2025-04-27T18:59:11.796+0000][73][trace][gc,age      ] GC(13) - age   9:     547856 bytes,   19127368 total
[2025-04-27T18:59:11.796+0000][73][info ][gc,heap     ] GC(13) Eden regions: 69->0(86)
[2025-04-27T18:59:11.796+0000][73][info ][gc,heap     ] GC(13) Survivor regions: 5->6(10)
[2025-04-27T18:59:11.797+0000][73][info ][gc,heap     ] GC(13) Old regions: 4->4
[2025-04-27T18:59:11.797+0000][73][info ][gc,heap     ] GC(13) Humongous regions: 0->0
[2025-04-27T18:59:11.798+0000][73][info ][gc,metaspace] GC(13) Metaspace: 36891K(38080K)->36891K(38080K) NonClass: 32643K(33344K)->32643K(33344K) Class: 4248K(4736K)->4248K(4736K)
[2025-04-27T18:59:11.798+0000][73][info ][gc          ] GC(13) Pause Young (Normal) (G1 Evacuation Pause) 306M->34M(1024M) 14.343ms
[2025-04-27T18:59:11.798+0000][73][info ][gc,cpu      ] GC(13) User=0.03s Sys=0.00s Real=0.02s
[2025-04-27T18:59:11.799+0000][73][info ][safepoint   ] Safepoint "G1CollectForAllocation", Time since last: 302791679 ns, Reaching safepoint: 2745 ns, At safepoint: 15341903 ns, Total: 15344648 ns
[2025-04-27T18:59:12.301+0000][73][info ][gc,start    ] GC(14) Pause Young (Normal) (G1 Evacuation Pause)
[2025-04-27T18:59:12.301+0000][73][info ][gc,task     ] GC(14) Using 4 workers of 4 for evacuation
[2025-04-27T18:59:12.302+0000][73][debug][gc,age      ] GC(14) Desired survivor size 25165824 bytes, new threshold 15 (max threshold 15)
[2025-04-27T18:59:12.311+0000][73][info ][gc,phases   ] GC(14)   Pre Evacuate Collection Set: 0.12ms
[2025-04-27T18:59:12.311+0000][73][info ][gc,phases   ] GC(14)   Merge Heap Roots: 0.06ms
[2025-04-27T18:59:12.312+0000][73][info ][gc,phases   ] GC(14)   Evacuate Collection Set: 8.10ms
[2025-04-27T18:59:12.312+0000][73][info ][gc,phases   ] GC(14)   Post Evacuate Collection Set: 1.02ms
[2025-04-27T18:59:12.312+0000][73][info ][gc,phases   ] GC(14)   Other: 0.51ms
[2025-04-27T18:59:12.312+0000][73][trace][gc,age      ] GC(14) Age table:
[2025-04-27T18:59:12.313+0000][73][trace][gc,age      ] GC(14) - age   1:    8856832 bytes,    8856832 total
[2025-04-27T18:59:12.313+0000][73][trace][gc,age      ] GC(14) - age   2:    3206336 bytes,   12063168 total
[2025-04-27T18:59:12.313+0000][73][trace][gc,age      ] GC(14) - age   3:    4286352 bytes,   16349520 total
[2025-04-27T18:59:12.313+0000][73][trace][gc,age      ] GC(14) - age   4:    1785384 bytes,   18134904 total
[2025-04-27T18:59:12.314+0000][73][trace][gc,age      ] GC(14) - age   5:    1383424 bytes,   19518328 total
[2025-04-27T18:59:12.314+0000][73][trace][gc,age      ] GC(14) - age   6:    2650504 bytes,   22168832 total
[2025-04-27T18:59:12.314+0000][73][trace][gc,age      ] GC(14) - age   7:    2666728 bytes,   24835560 total
[2025-04-27T18:59:12.314+0000][73][trace][gc,age      ] GC(14) - age   8:    2103728 bytes,   26939288 total
[2025-04-27T18:59:12.314+0000][73][trace][gc,age      ] GC(14) - age   9:     358768 bytes,   27298056 total
[2025-04-27T18:59:12.315+0000][73][trace][gc,age      ] GC(14) - age  10:     546864 bytes,   27844920 total
[2025-04-27T18:59:12.315+0000][73][info ][gc,heap     ] GC(14) Eden regions: 86->0(101)
[2025-04-27T18:59:12.315+0000][73][info ][gc,heap     ] GC(14) Survivor regions: 6->8(12)
[2025-04-27T18:59:12.315+0000][73][info ][gc,heap     ] GC(14) Old regions: 4->4
[2025-04-27T18:59:12.315+0000][73][info ][gc,heap     ] GC(14) Humongous regions: 0->0
[2025-04-27T18:59:12.316+0000][73][info ][gc,metaspace] GC(14) Metaspace: 39251K(40512K)->39251K(40512K) NonClass: 34688K(35456K)->34688K(35456K) Class: 4563K(5056K)->4563K(5056K)
[2025-04-27T18:59:12.316+0000][73][info ][gc          ] GC(14) Pause Young (Normal) (G1 Evacuation Pause) 378M->42M(1024M) 14.768ms
[2025-04-27T18:59:12.316+0000][73][info ][gc,cpu      ] GC(14) User=0.05s Sys=0.00s Real=0.01s
[2025-04-27T18:59:12.316+0000][73][info ][safepoint   ] Safepoint "G1CollectForAllocation", Time since last: 502110957 ns, Reaching safepoint: 3643 ns, At safepoint: 15214625 ns, Total: 15218268 ns
[2025-04-27T18:59:13.341+0000][73][info ][gc,start    ] GC(15) Pause Young (Normal) (G1 Evacuation Pause)
[2025-04-27T18:59:13.341+0000][73][info ][gc,task     ] GC(15) Using 4 workers of 4 for evacuation
[2025-04-27T18:59:13.341+0000][73][debug][gc,age      ] GC(15) Desired survivor size 29360128 bytes, new threshold 15 (max threshold 15)
[2025-04-27T18:59:13.351+0000][73][info ][gc,phases   ] GC(15)   Pre Evacuate Collection Set: 0.22ms
[2025-04-27T18:59:13.351+0000][73][info ][gc,phases   ] GC(15)   Merge Heap Roots: 0.07ms
[2025-04-27T18:59:13.352+0000][73][info ][gc,phases   ] GC(15)   Evacuate Collection Set: 8.21ms
[2025-04-27T18:59:13.352+0000][73][info ][gc,phases   ] GC(15)   Post Evacuate Collection Set: 0.85ms
[2025-04-27T18:59:13.352+0000][73][info ][gc,phases   ] GC(15)   Other: 0.51ms
[2025-04-27T18:59:13.353+0000][73][trace][gc,age      ] GC(15) Age table:
[2025-04-27T18:59:13.353+0000][73][trace][gc,age      ] GC(15) - age   1:    6849736 bytes,    6849736 total
[2025-04-27T18:59:13.353+0000][73][trace][gc,age      ] GC(15) - age   2:    7032248 bytes,   13881984 total
[2025-04-27T18:59:13.354+0000][73][trace][gc,age      ] GC(15) - age   3:    3187920 bytes,   17069904 total
[2025-04-27T18:59:13.354+0000][73][trace][gc,age      ] GC(15) - age   4:    4266400 bytes,   21336304 total
[2025-04-27T18:59:13.354+0000][73][trace][gc,age      ] GC(15) - age   5:    1776928 bytes,   23113232 total
[2025-04-27T18:59:13.354+0000][73][trace][gc,age      ] GC(15) - age   6:    1376504 bytes,   24489736 total
[2025-04-27T18:59:13.354+0000][73][trace][gc,age      ] GC(15) - age   7:    2637904 bytes,   27127640 total
[2025-04-27T18:59:13.355+0000][73][trace][gc,age      ] GC(15) - age   8:    2659896 bytes,   29787536 total
[2025-04-27T18:59:13.355+0000][73][trace][gc,age      ] GC(15) - age   9:    1908280 bytes,   31695816 total
[2025-04-27T18:59:13.355+0000][73][trace][gc,age      ] GC(15) - age  10:     358064 bytes,   32053880 total
[2025-04-27T18:59:13.356+0000][73][trace][gc,age      ] GC(15) - age  11:     543136 bytes,   32597016 total
[2025-04-27T18:59:13.356+0000][73][info ][gc,heap     ] GC(15) Eden regions: 101->0(124)
[2025-04-27T18:59:13.356+0000][73][info ][gc,heap     ] GC(15) Survivor regions: 8->9(14)
[2025-04-27T18:59:13.356+0000][73][info ][gc,heap     ] GC(15) Old regions: 4->4
[2025-04-27T18:59:13.357+0000][73][info ][gc,heap     ] GC(15) Humongous regions: 0->0
[2025-04-27T18:59:13.357+0000][73][info ][gc,metaspace] GC(15) Metaspace: 45725K(47168K)->45725K(47168K) NonClass: 40213K(41088K)->40213K(41088K) Class: 5512K(6080K)->5512K(6080K)
[2025-04-27T18:59:13.358+0000][73][info ][gc          ] GC(15) Pause Young (Normal) (G1 Evacuation Pause) 446M->48M(1024M) 17.028ms
[2025-04-27T18:59:13.358+0000][73][info ][gc,cpu      ] GC(15) User=0.03s Sys=0.00s Real=0.02s
[2025-04-27T18:59:13.358+0000][73][info ][safepoint   ] Safepoint "G1CollectForAllocation", Time since last: 1024263210 ns, Reaching safepoint: 5448 ns, At safepoint: 17769250 ns, Total: 17774698 ns
[2025-04-27T18:59:14.195+0000][73][info ][gc,start    ] GC(16) Pause Young (Concurrent Start) (Metadata GC Threshold)
[2025-04-27T18:59:14.196+0000][73][info ][gc,task     ] GC(16) Using 4 workers of 4 for evacuation
[2025-04-27T18:59:14.197+0000][73][debug][gc,age      ] GC(16) Desired survivor size 35651584 bytes, new threshold 15 (max threshold 15)
[2025-04-27T18:59:14.221+0000][73][info ][gc,phases   ] GC(16)   Pre Evacuate Collection Set: 0.15ms
[2025-04-27T18:59:14.221+0000][73][info ][gc,phases   ] GC(16)   Merge Heap Roots: 0.05ms
[2025-04-27T18:59:14.222+0000][73][info ][gc,phases   ] GC(16)   Evacuate Collection Set: 19.97ms
[2025-04-27T18:59:14.222+0000][73][info ][gc,phases   ] GC(16)   Post Evacuate Collection Set: 3.07ms
[2025-04-27T18:59:14.222+0000][73][info ][gc,phases   ] GC(16)   Other: 1.34ms
[2025-04-27T18:59:14.223+0000][73][trace][gc,age      ] GC(16) Age table:
[2025-04-27T18:59:14.224+0000][73][trace][gc,age      ] GC(16) - age   1:    3562240 bytes,    3562240 total
[2025-04-27T18:59:14.224+0000][73][trace][gc,age      ] GC(16) - age   2:    6737880 bytes,   10300120 total
[2025-04-27T18:59:14.225+0000][73][trace][gc,age      ] GC(16) - age   3:    7026448 bytes,   17326568 total
[2025-04-27T18:59:14.225+0000][73][trace][gc,age      ] GC(16) - age   4:    3185896 bytes,   20512464 total
[2025-04-27T18:59:14.225+0000][73][trace][gc,age      ] GC(16) - age   5:    4264992 bytes,   24777456 total
[2025-04-27T18:59:14.226+0000][73][trace][gc,age      ] GC(16) - age   6:    1776928 bytes,   26554384 total
[2025-04-27T18:59:14.227+0000][73][trace][gc,age      ] GC(16) - age   7:    1375352 bytes,   27929736 total
[2025-04-27T18:59:14.227+0000][73][trace][gc,age      ] GC(16) - age   8:    2635512 bytes,   30565248 total
[2025-04-27T18:59:14.227+0000][73][trace][gc,age      ] GC(16) - age   9:    2659800 bytes,   33225048 total
[2025-04-27T18:59:14.228+0000][73][trace][gc,age      ] GC(16) - age  10:    1908232 bytes,   35133280 total
[2025-04-27T18:59:14.228+0000][73][trace][gc,age      ] GC(16) - age  11:     357848 bytes,   35491128 total
[2025-04-27T18:59:14.228+0000][73][trace][gc,age      ] GC(16) - age  12:     543136 bytes,   36034264 total
[2025-04-27T18:59:14.228+0000][73][info ][gc,heap     ] GC(16) Eden regions: 59->0(143)
[2025-04-27T18:59:14.229+0000][73][info ][gc,heap     ] GC(16) Survivor regions: 9->10(17)
[2025-04-27T18:59:14.229+0000][73][info ][gc,heap     ] GC(16) Old regions: 4->4
[2025-04-27T18:59:14.229+0000][73][info ][gc,heap     ] GC(16) Humongous regions: 0->0
[2025-04-27T18:59:14.229+0000][73][info ][gc,metaspace] GC(16) Metaspace: 59603K(61248K)->59603K(61248K) NonClass: 52148K(53120K)->52148K(53120K) Class: 7454K(8128K)->7454K(8128K)
[2025-04-27T18:59:14.230+0000][73][info ][gc          ] GC(16) Pause Young (Concurrent Start) (Metadata GC Threshold) 282M->53M(1024M) 34.402ms
[2025-04-27T18:59:14.230+0000][73][info ][gc,cpu      ] GC(16) User=0.05s Sys=0.00s Real=0.04s
[2025-04-27T18:59:14.230+0000][73][info ][gc          ] GC(17) Concurrent Mark Cycle
[2025-04-27T18:59:14.231+0000][73][info ][safepoint   ] Safepoint "CollectForMetadataAllocation", Time since last: 837107885 ns, Reaching safepoint: 4307 ns, At safepoint: 35131601 ns, Total: 35135908 ns
[2025-04-27T18:59:14.231+0000][73][info ][gc,marking  ] GC(17) Concurrent Scan Root Regions
[2025-04-27T18:59:14.242+0000][73][info ][gc,marking  ] GC(17) Concurrent Scan Root Regions 11.550ms
[2025-04-27T18:59:14.243+0000][73][info ][gc,marking  ] GC(17) Concurrent Mark
[2025-04-27T18:59:14.243+0000][73][info ][gc,marking  ] GC(17) Concurrent Mark From Roots
[2025-04-27T18:59:14.244+0000][73][info ][gc,task     ] GC(17) Using 1 workers of 1 for marking
[2025-04-27T18:59:14.256+0000][73][info ][gc,marking  ] GC(17) Concurrent Mark From Roots 13.104ms
[2025-04-27T18:59:14.257+0000][73][info ][gc,marking  ] GC(17) Concurrent Preclean
[2025-04-27T18:59:14.257+0000][73][info ][gc,marking  ] GC(17) Concurrent Preclean 0.361ms
[2025-04-27T18:59:14.258+0000][73][info ][gc,start    ] GC(17) Pause Remark
[2025-04-27T18:59:14.265+0000][73][info ][gc          ] GC(17) Pause Remark 57M->57M(1024M) 7.128ms
[2025-04-27T18:59:14.265+0000][73][info ][gc,cpu      ] GC(17) User=0.01s Sys=0.00s Real=0.00s
[2025-04-27T18:59:14.265+0000][73][info ][safepoint   ] Safepoint "G1PauseRemark", Time since last: 26908203 ns, Reaching safepoint: 70956 ns, At safepoint: 7699284 ns, Total: 7770240 ns
[2025-04-27T18:59:14.266+0000][73][info ][gc,marking  ] GC(17) Concurrent Mark 23.268ms
[2025-04-27T18:59:14.266+0000][73][info ][gc,marking  ] GC(17) Concurrent Rebuild Remembered Sets and Scrub Regions
[2025-04-27T18:59:14.281+0000][73][info ][gc,marking  ] GC(17) Concurrent Rebuild Remembered Sets and Scrub Regions 14.591ms
[2025-04-27T18:59:14.281+0000][73][info ][gc,start    ] GC(17) Pause Cleanup
[2025-04-27T18:59:14.281+0000][73][info ][gc          ] GC(17) Pause Cleanup 59M->59M(1024M) 0.258ms
[2025-04-27T18:59:14.282+0000][73][info ][gc,cpu      ] GC(17) User=0.00s Sys=0.00s Real=0.00s
[2025-04-27T18:59:14.282+0000][73][info ][safepoint   ] Safepoint "G1PauseCleanup", Time since last: 15844692 ns, Reaching safepoint: 3590 ns, At safepoint: 951028 ns, Total: 954618 ns
[2025-04-27T18:59:14.283+0000][73][info ][gc,marking  ] GC(17) Concurrent Clear Claimed Marks
[2025-04-27T18:59:14.283+0000][73][info ][gc,marking  ] GC(17) Concurrent Clear Claimed Marks 0.376ms
[2025-04-27T18:59:14.284+0000][73][info ][gc,marking  ] GC(17) Concurrent Cleanup for Next Mark
[2025-04-27T18:59:14.286+0000][73][info ][gc,marking  ] GC(17) Concurrent Cleanup for Next Mark 1.984ms
[2025-04-27T18:59:14.286+0000][73][info ][gc          ] GC(17) Concurrent Mark Cycle 55.551ms
[2025-04-27T18:59:16.389+0000][73][info ][gc,start    ] GC(18) Pause Young (Normal) (G1 Evacuation Pause)
[2025-04-27T18:59:16.390+0000][73][info ][gc,task     ] GC(18) Using 4 workers of 4 for evacuation
[2025-04-27T18:59:16.390+0000][73][debug][gc,age      ] GC(18) Desired survivor size 41943040 bytes, new threshold 15 (max threshold 15)
[2025-04-27T18:59:16.424+0000][73][info ][gc,phases   ] GC(18)   Pre Evacuate Collection Set: 2.05ms
[2025-04-27T18:59:16.424+0000][73][info ][gc,phases   ] GC(18)   Merge Heap Roots: 0.08ms
[2025-04-27T18:59:16.424+0000][73][info ][gc,phases   ] GC(18)   Evacuate Collection Set: 23.85ms
[2025-04-27T18:59:16.425+0000][73][info ][gc,phases   ] GC(18)   Post Evacuate Collection Set: 7.48ms
[2025-04-27T18:59:16.425+0000][73][info ][gc,phases   ] GC(18)   Other: 0.56ms
[2025-04-27T18:59:16.425+0000][73][trace][gc,age      ] GC(18) Age table:
[2025-04-27T18:59:16.425+0000][73][trace][gc,age      ] GC(18) - age   1:   11345184 bytes,   11345184 total
[2025-04-27T18:59:16.425+0000][73][trace][gc,age      ] GC(18) - age   2:    3313704 bytes,   14658888 total
[2025-04-27T18:59:16.425+0000][73][trace][gc,age      ] GC(18) - age   3:    6515000 bytes,   21173888 total
[2025-04-27T18:59:16.425+0000][73][trace][gc,age      ] GC(18) - age   4:    7017032 bytes,   28190920 total
[2025-04-27T18:59:16.426+0000][73][trace][gc,age      ] GC(18) - age   5:    3182808 bytes,   31373728 total
[2025-04-27T18:59:16.426+0000][73][trace][gc,age      ] GC(18) - age   6:    4255480 bytes,   35629208 total
[2025-04-27T18:59:16.426+0000][73][trace][gc,age      ] GC(18) - age   7:    1774608 bytes,   37403816 total
[2025-04-27T18:59:16.426+0000][73][trace][gc,age      ] GC(18) - age   8:    1370472 bytes,   38774288 total
[2025-04-27T18:59:16.426+0000][73][trace][gc,age      ] GC(18) - age   9:    2626608 bytes,   41400896 total
[2025-04-27T18:59:16.426+0000][73][trace][gc,age      ] GC(18) - age  10:    2641472 bytes,   44042368 total
[2025-04-27T18:59:16.426+0000][73][trace][gc,age      ] GC(18) - age  11:    1901928 bytes,   45944296 total
[2025-04-27T18:59:16.427+0000][73][trace][gc,age      ] GC(18) - age  12:     354840 bytes,   46299136 total
[2025-04-27T18:59:16.427+0000][73][trace][gc,age      ] GC(18) - age  13:     541856 bytes,   46840992 total
[2025-04-27T18:59:16.427+0000][73][info ][gc,heap     ] GC(18) Eden regions: 143->0(141)
[2025-04-27T18:59:16.427+0000][73][info ][gc,heap     ] GC(18) Survivor regions: 10->12(20)
[2025-04-27T18:59:16.427+0000][73][info ][gc,heap     ] GC(18) Old regions: 4->4
[2025-04-27T18:59:16.428+0000][73][info ][gc,heap     ] GC(18) Humongous regions: 0->0
[2025-04-27T18:59:16.428+0000][73][info ][gc,metaspace] GC(18) Metaspace: 77201K(79296K)->77201K(79296K) NonClass: 66791K(68032K)->66791K(68032K) Class: 10410K(11264K)->10410K(11264K)
[2025-04-27T18:59:16.428+0000][73][info ][gc          ] GC(18) Pause Young (Normal) (G1 Evacuation Pause) 625M->61M(1024M) 38.971ms
[2025-04-27T18:59:16.428+0000][73][info ][gc,cpu      ] GC(18) User=0.12s Sys=0.00s Real=0.04s
[2025-04-27T18:59:16.428+0000][73][info ][safepoint   ] Safepoint "G1CollectForAllocation", Time since last: 2106820119 ns, Reaching safepoint: 4788 ns, At safepoint: 39323796 ns, Total: 39328584 ns
[2025-04-27T18:59:18.967+0000][73][info ][gc,start    ] GC(19) Pause Young (Concurrent Start) (Metadata GC Threshold)
[2025-04-27T18:59:18.967+0000][73][info ][gc,task     ] GC(19) Using 4 workers of 4 for evacuation
[2025-04-27T18:59:18.968+0000][73][debug][gc,age      ] GC(19) Desired survivor size 41943040 bytes, new threshold 10 (max threshold 15)
[2025-04-27T18:59:19.001+0000][73][info ][gc,phases   ] GC(19)   Pre Evacuate Collection Set: 0.16ms
[2025-04-27T18:59:19.001+0000][73][info ][gc,phases   ] GC(19)   Merge Heap Roots: 0.07ms
[2025-04-27T18:59:19.001+0000][73][info ][gc,phases   ] GC(19)   Evacuate Collection Set: 28.22ms
[2025-04-27T18:59:19.002+0000][73][info ][gc,phases   ] GC(19)   Post Evacuate Collection Set: 3.86ms
[2025-04-27T18:59:19.002+0000][73][info ][gc,phases   ] GC(19)   Other: 0.91ms
[2025-04-27T18:59:19.003+0000][73][trace][gc,age      ] GC(19) Age table:
[2025-04-27T18:59:19.004+0000][73][trace][gc,age      ] GC(19) - age   1:    9744960 bytes,    9744960 total
[2025-04-27T18:59:19.004+0000][73][trace][gc,age      ] GC(19) - age   2:   10862496 bytes,   20607456 total
[2025-04-27T18:59:19.005+0000][73][trace][gc,age      ] GC(19) - age   3:    3287352 bytes,   23894808 total
[2025-04-27T18:59:19.005+0000][73][trace][gc,age      ] GC(19) - age   4:    6393256 bytes,   30288064 total
[2025-04-27T18:59:19.005+0000][73][trace][gc,age      ] GC(19) - age   5:    6998864 bytes,   37286928 total
[2025-04-27T18:59:19.005+0000][73][trace][gc,age      ] GC(19) - age   6:    3174320 bytes,   40461248 total
[2025-04-27T18:59:19.006+0000][73][trace][gc,age      ] GC(19) - age   7:    4243424 bytes,   44704672 total
[2025-04-27T18:59:19.007+0000][73][trace][gc,age      ] GC(19) - age   8:    1771880 bytes,   46476552 total
[2025-04-27T18:59:19.007+0000][73][trace][gc,age      ] GC(19) - age   9:    1368464 bytes,   47845016 total
[2025-04-27T18:59:19.008+0000][73][trace][gc,age      ] GC(19) - age  10:    2625088 bytes,   50470104 total
[2025-04-27T18:59:19.009+0000][73][info ][gc,heap     ] GC(19) Eden regions: 100->0(140)
[2025-04-27T18:59:19.009+0000][73][info ][gc,heap     ] GC(19) Survivor regions: 12->13(20)
[2025-04-27T18:59:19.010+0000][73][info ][gc,heap     ] GC(19) Old regions: 4->5
[2025-04-27T18:59:19.010+0000][73][info ][gc,heap     ] GC(19) Humongous regions: 0->0
[2025-04-27T18:59:19.011+0000][73][info ][gc,metaspace] GC(19) Metaspace: 100399K(102528K)->100399K(102528K) NonClass: 86726K(87936K)->86726K(87936K) Class: 13672K(14592K)->13672K(14592K)
[2025-04-27T18:59:19.011+0000][73][info ][gc          ] GC(19) Pause Young (Concurrent Start) (Metadata GC Threshold) 459M->71M(1024M) 44.079ms
[2025-04-27T18:59:19.012+0000][73][info ][gc,cpu      ] GC(19) User=0.10s Sys=0.00s Real=0.05s
[2025-04-27T18:59:19.012+0000][73][info ][gc          ] GC(20) Concurrent Mark Cycle
[2025-04-27T18:59:19.013+0000][73][info ][gc,marking  ] GC(20) Concurrent Scan Root Regions
[2025-04-27T18:59:19.013+0000][73][info ][safepoint   ] Safepoint "CollectForMetadataAllocation", Time since last: 2538832639 ns, Reaching safepoint: 3330 ns, At safepoint: 45610756 ns, Total: 45614086 ns
[2025-04-27T18:59:19.031+0000][73][info ][gc,marking  ] GC(20) Concurrent Scan Root Regions 17.485ms
[2025-04-27T18:59:19.031+0000][73][info ][gc,marking  ] GC(20) Concurrent Mark
[2025-04-27T18:59:19.031+0000][73][info ][gc,marking  ] GC(20) Concurrent Mark From Roots
[2025-04-27T18:59:19.031+0000][73][info ][gc,task     ] GC(20) Using 1 workers of 1 for marking
[2025-04-27T18:59:19.038+0000][73][info ][safepoint   ] Safepoint "CollectForMetadataAllocation", Time since last: 25225288 ns, Reaching safepoint: 33807 ns, At safepoint: 44194 ns, Total: 78001 ns
[2025-04-27T18:59:19.043+0000][73][info ][gc,marking  ] GC(20) Concurrent Mark From Roots 11.801ms
[2025-04-27T18:59:19.043+0000][73][info ][gc,marking  ] GC(20) Concurrent Preclean
[2025-04-27T18:59:19.044+0000][73][info ][gc,marking  ] GC(20) Concurrent Preclean 0.485ms
[2025-04-27T18:59:19.045+0000][73][info ][gc,start    ] GC(20) Pause Remark
[2025-04-27T18:59:19.050+0000][73][info ][gc          ] GC(20) Pause Remark 79M->79M(1024M) 5.246ms
[2025-04-27T18:59:19.050+0000][73][info ][gc,cpu      ] GC(20) User=0.01s Sys=0.00s Real=0.01s
[2025-04-27T18:59:19.050+0000][73][info ][safepoint   ] Safepoint "G1PauseRemark", Time since last: 6211101 ns, Reaching safepoint: 461828 ns, At safepoint: 5699446 ns, Total: 6161274 ns
[2025-04-27T18:59:19.051+0000][73][info ][gc,marking  ] GC(20) Concurrent Mark 19.685ms
[2025-04-27T18:59:19.051+0000][73][info ][gc,marking  ] GC(20) Concurrent Rebuild Remembered Sets and Scrub Regions
[2025-04-27T18:59:19.056+0000][73][info ][gc,marking  ] GC(20) Concurrent Rebuild Remembered Sets and Scrub Regions 5.062ms
[2025-04-27T18:59:19.056+0000][73][info ][gc,start    ] GC(20) Pause Cleanup
[2025-04-27T18:59:19.056+0000][73][info ][gc          ] GC(20) Pause Cleanup 79M->79M(1024M) 0.170ms
[2025-04-27T18:59:19.057+0000][73][info ][gc,cpu      ] GC(20) User=0.00s Sys=0.00s Real=0.00s
[2025-04-27T18:59:19.057+0000][73][info ][safepoint   ] Safepoint "G1PauseCleanup", Time since last: 5715107 ns, Reaching safepoint: 220200 ns, At safepoint: 928135 ns, Total: 1148335 ns
[2025-04-27T18:59:19.057+0000][73][info ][gc,marking  ] GC(20) Concurrent Clear Claimed Marks
[2025-04-27T18:59:19.058+0000][73][info ][gc,marking  ] GC(20) Concurrent Clear Claimed Marks 0.233ms
[2025-04-27T18:59:19.058+0000][73][info ][gc,marking  ] GC(20) Concurrent Cleanup for Next Mark
[2025-04-27T18:59:19.059+0000][73][info ][gc,marking  ] GC(20) Concurrent Cleanup for Next Mark 1.141ms
[2025-04-27T18:59:19.059+0000][73][info ][gc          ] GC(20) Concurrent Mark Cycle 47.385ms
[2025-04-27T18:59:24.016+0000][73][info ][gc,start    ] GC(21) Pause Young (Normal) (G1 Evacuation Pause)
[2025-04-27T18:59:24.017+0000][73][info ][gc,task     ] GC(21) Using 4 workers of 4 for evacuation
[2025-04-27T18:59:24.017+0000][73][debug][gc,age      ] GC(21) Desired survivor size 41943040 bytes, new threshold 7 (max threshold 15)
[2025-04-27T18:59:24.072+0000][73][info ][gc,phases   ] GC(21)   Pre Evacuate Collection Set: 0.16ms
[2025-04-27T18:59:24.072+0000][73][info ][gc,phases   ] GC(21)   Merge Heap Roots: 0.09ms
[2025-04-27T18:59:24.073+0000][73][info ][gc,phases   ] GC(21)   Evacuate Collection Set: 51.70ms
[2025-04-27T18:59:24.073+0000][73][info ][gc,phases   ] GC(21)   Post Evacuate Collection Set: 3.01ms
[2025-04-27T18:59:24.073+0000][73][info ][gc,phases   ] GC(21)   Other: 0.46ms
[2025-04-27T18:59:24.073+0000][73][trace][gc,age      ] GC(21) Age table:
[2025-04-27T18:59:24.073+0000][73][trace][gc,age      ] GC(21) - age   1:   19845896 bytes,   19845896 total
[2025-04-27T18:59:24.074+0000][73][trace][gc,age      ] GC(21) - age   2:    9330640 bytes,   29176536 total
[2025-04-27T18:59:24.074+0000][73][trace][gc,age      ] GC(21) - age   3:   10764856 bytes,   39941392 total
[2025-04-27T18:59:24.074+0000][73][trace][gc,age      ] GC(21) - age   4:    3274440 bytes,   43215832 total
[2025-04-27T18:59:24.074+0000][73][trace][gc,age      ] GC(21) - age   5:    6380976 bytes,   49596808 total
[2025-04-27T18:59:24.074+0000][73][trace][gc,age      ] GC(21) - age   6:    6991208 bytes,   56588016 total
[2025-04-27T18:59:24.074+0000][73][trace][gc,age      ] GC(21) - age   7:    3171256 bytes,   59759272 total
[2025-04-27T18:59:24.075+0000][73][info ][gc,heap     ] GC(21) Eden regions: 140->0(138)
[2025-04-27T18:59:24.075+0000][73][info ][gc,heap     ] GC(21) Survivor regions: 13->15(20)
[2025-04-27T18:59:24.075+0000][73][info ][gc,heap     ] GC(21) Old regions: 5->8
[2025-04-27T18:59:24.076+0000][73][info ][gc,heap     ] GC(21) Humongous regions: 0->0
[2025-04-27T18:59:24.076+0000][73][info ][gc,metaspace] GC(21) Metaspace: 139555K(143552K)->139555K(143552K) NonClass: 119709K(121920K)->119709K(121920K) Class: 19845K(21632K)->19845K(21632K)
[2025-04-27T18:59:24.076+0000][73][info ][gc          ] GC(21) Pause Young (Normal) (G1 Evacuation Pause) 631M->89M(1024M) 59.555ms
[2025-04-27T18:59:24.076+0000][73][info ][gc,cpu      ] GC(21) User=0.15s Sys=0.01s Real=0.06s
[2025-04-27T18:59:24.076+0000][73][info ][safepoint   ] Safepoint "G1CollectForAllocation", Time since last: 4959022556 ns, Reaching safepoint: 6301 ns, At safepoint: 59925276 ns, Total: 59931577 ns
