[2025-04-09T15:56:22.072+0000][35][info][gc,init] CardTable entry size: 512
[2025-04-09T15:56:22.073+0000][35][info][gc     ] Using G1
[2025-04-09T15:56:22.074+0000][35][info][gc,init] Version: 23+37-2369 (release)
[2025-04-09T15:56:22.074+0000][35][info][gc,init] CPUs: 4 total, 4 available
[2025-04-09T15:56:22.075+0000][35][info][gc,init] Memory: 2048M
[2025-04-09T15:56:22.075+0000][35][info][gc,init] Large Page Support: Disabled
[2025-04-09T15:56:22.075+0000][35][info][gc,init] NUMA Support: Disabled
[2025-04-09T15:56:22.076+0000][35][info][gc,init] Compressed Oops: Enabled (32-bit)
[2025-04-09T15:56:22.076+0000][35][info][gc,init] Heap Region Size: 1M
[2025-04-09T15:56:22.081+0000][35][info][gc,init] Heap Min Capacity: 8M
[2025-04-09T15:56:22.081+0000][35][info][gc,init] Heap Initial Capacity: 32M
[2025-04-09T15:56:22.082+0000][35][info][gc,init] Heap Max Capacity: 512M
[2025-04-09T15:56:22.082+0000][35][info][gc,init] Pre-touch: Disabled
[2025-04-09T15:56:22.082+0000][35][info][gc,init] Parallel Workers: 4
[2025-04-09T15:56:22.083+0000][35][info][gc,init] Concurrent Workers: 1
[2025-04-09T15:56:22.083+0000][35][info][gc,init] Concurrent Refinement Workers: 4
[2025-04-09T15:56:22.084+0000][35][info][gc,init] Periodic GC: Disabled
[2025-04-09T15:56:22.088+0000][35][info][gc,metaspace] CDS archive(s) mapped at: [0x00007f4fc2000000-0x00007f4fc2d8e000-0x00007f4fc2d8e000), size 14213120, SharedBaseAddress: 0x00007f4fc2000000, ArchiveRelocationMode: 1.
[2025-04-09T15:56:22.088+0000][35][info][gc,metaspace] Compressed class space mapped at: 0x00007f4fc3000000-0x00007f5003000000, reserved size: 1073741824
[2025-04-09T15:56:22.089+0000][35][info][gc,metaspace] Narrow klass base: 0x00007f4fc2000000, Narrow klass shift: 0, Narrow klass range: 0x100000000
[2025-04-09T15:56:22.126+0000][35][info][gc,heap,exit] Heap
[2025-04-09T15:56:22.126+0000][35][info][gc,heap,exit]  garbage-first heap   total reserved 524288K, committed 34816K, used 3193K [0x00000000e0000000, 0x0000000100000000)
[2025-04-09T15:56:22.127+0000][35][info][gc,heap,exit]   region size 1024K, 2 young (2048K), 0 survivors (0K)
[2025-04-09T15:56:22.127+0000][35][info][gc,heap,exit]  Metaspace       used 232K, committed 448K, reserved 1114112K
[2025-04-09T15:56:22.128+0000][35][info][gc,heap,exit]   class space    used 9K, committed 128K, reserved 1048576K
