[2025-04-09T15:53:17.025+0000][72][info][gc,init] CardTable entry size: 512
[2025-04-09T15:53:17.030+0000][72][info][gc     ] Using G1
[2025-04-09T15:53:17.105+0000][72][info][gc,init] Version: 23+37-2369 (release)
[2025-04-09T15:53:17.105+0000][72][info][gc,init] CPUs: 4 total, 4 available
[2025-04-09T15:53:17.105+0000][72][info][gc,init] Memory: 2048M
[2025-04-09T15:53:17.106+0000][72][info][gc,init] Large Page Support: Disabled
[2025-04-09T15:53:17.106+0000][72][info][gc,init] NUMA Support: Disabled
[2025-04-09T15:53:17.106+0000][72][info][gc,init] Compressed Oops: Enabled (32-bit)
[2025-04-09T15:53:17.106+0000][72][info][gc,init] Heap Region Size: 4M
[2025-04-09T15:53:17.111+0000][72][info][gc,init] Heap Min Capacity: 1G
[2025-04-09T15:53:17.111+0000][72][info][gc,init] Heap Initial Capacity: 1G
[2025-04-09T15:53:17.111+0000][72][info][gc,init] Heap Max Capacity: 1G
[2025-04-09T15:53:17.112+0000][72][info][gc,init] Pre-touch: Enabled
[2025-04-09T15:53:17.112+0000][72][info][gc,init] Parallel Workers: 4
[2025-04-09T15:53:17.112+0000][72][info][gc,init] Concurrent Workers: 1
[2025-04-09T15:53:17.112+0000][72][info][gc,init] Concurrent Refinement Workers: 4
[2025-04-09T15:53:17.113+0000][72][info][gc,init] Periodic GC: Disabled
[2025-04-09T15:53:17.121+0000][72][info][gc,metaspace] CDS archive(s) mapped at: [0x00007f08e2000000-0x00007f08e2d8e000-0x00007f08e2d8e000), size 14213120, SharedBaseAddress: 0x00007f08e2000000, ArchiveRelocationMode: 1.
[2025-04-09T15:53:17.121+0000][72][info][gc,metaspace] Compressed class space mapped at: 0x00007f08e3000000-0x00007f0923000000, reserved size: 1073741824
[2025-04-09T15:53:17.121+0000][72][info][gc,metaspace] Narrow klass base: 0x00007f08e2000000, Narrow klass shift: 0, Narrow klass range: 0x100000000
[2025-04-09T15:53:17.422+0000][72][info][gc,start    ] GC(0) Pause Young (Normal) (G1 Evacuation Pause)
[2025-04-09T15:53:17.422+0000][72][info][gc,task     ] GC(0) Using 4 workers of 4 for evacuation
[2025-04-09T15:53:17.423+0000][72][debug][gc,age      ] GC(0) Desired survivor size 4194304 bytes, new threshold 15 (max threshold 15)
[2025-04-09T15:53:17.424+0000][72][info ][gc,phases   ] GC(0)   Pre Evacuate Collection Set: 0.09ms
[2025-04-09T15:53:17.425+0000][72][info ][gc,phases   ] GC(0)   Merge Heap Roots: 0.05ms
[2025-04-09T15:53:17.425+0000][72][info ][gc,phases   ] GC(0)   Evacuate Collection Set: 1.26ms
[2025-04-09T15:53:17.425+0000][72][info ][gc,phases   ] GC(0)   Post Evacuate Collection Set: 0.27ms
[2025-04-09T15:53:17.425+0000][72][info ][gc,phases   ] GC(0)   Other: 0.33ms
[2025-04-09T15:53:17.425+0000][72][trace][gc,age      ] GC(0) Age table:
[2025-04-09T15:53:17.425+0000][72][trace][gc,age      ] GC(0) - age   1:    4566848 bytes,    4566848 total
[2025-04-09T15:53:17.426+0000][72][info ][gc,heap     ] GC(0) Eden regions: 12->0(10)
[2025-04-09T15:53:17.426+0000][72][info ][gc,heap     ] GC(0) Survivor regions: 0->2(2)
[2025-04-09T15:53:17.426+0000][72][info ][gc,heap     ] GC(0) Old regions: 1->1
[2025-04-09T15:53:17.426+0000][72][info ][gc,heap     ] GC(0) Humongous regions: 0->0
[2025-04-09T15:53:17.426+0000][72][info ][gc,metaspace] GC(0) Metaspace: 7142K(7424K)->7142K(7424K) NonClass: 6283K(6464K)->6283K(6464K) Class: 859K(960K)->859K(960K)
[2025-04-09T15:53:17.426+0000][72][info ][gc          ] GC(0) Pause Young (Normal) (G1 Evacuation Pause) 49M->5M(1024M) 4.124ms
[2025-04-09T15:53:17.426+0000][72][info ][gc,cpu      ] GC(0) User=0.01s Sys=0.00s Real=0.01s
[2025-04-09T15:53:17.427+0000][72][info ][safepoint   ] Safepoint "G1CollectForAllocation", Time since last: 298229157 ns, Reaching safepoint: 1926 ns, At safepoint: 4407577 ns, Total: 4409503 ns
[2025-04-09T15:53:17.657+0000][72][info ][gc,start    ] GC(1) Pause Young (Normal) (G1 Evacuation Pause)
[2025-04-09T15:53:17.657+0000][72][info ][gc,task     ] GC(1) Using 4 workers of 4 for evacuation
[2025-04-09T15:53:17.657+0000][72][debug][gc,age      ] GC(1) Desired survivor size 4194304 bytes, new threshold 1 (max threshold 15)
[2025-04-09T15:53:17.664+0000][72][info ][gc,phases   ] GC(1)   Pre Evacuate Collection Set: 0.07ms
[2025-04-09T15:53:17.664+0000][72][info ][gc,phases   ] GC(1)   Merge Heap Roots: 0.03ms
[2025-04-09T15:53:17.665+0000][72][info ][gc,phases   ] GC(1)   Evacuate Collection Set: 5.88ms
[2025-04-09T15:53:17.665+0000][72][info ][gc,phases   ] GC(1)   Post Evacuate Collection Set: 0.35ms
[2025-04-09T15:53:17.666+0000][72][info ][gc,phases   ] GC(1)   Other: 0.41ms
[2025-04-09T15:53:17.666+0000][72][trace][gc,age      ] GC(1) Age table:
[2025-04-09T15:53:17.667+0000][72][trace][gc,age      ] GC(1) - age   1:    6116976 bytes,    6116976 total
[2025-04-09T15:53:17.667+0000][72][info ][gc,heap     ] GC(1) Eden regions: 10->0(10)
[2025-04-09T15:53:17.668+0000][72][info ][gc,heap     ] GC(1) Survivor regions: 2->2(2)
[2025-04-09T15:53:17.668+0000][72][info ][gc,heap     ] GC(1) Old regions: 1->3
[2025-04-09T15:53:17.669+0000][72][info ][gc,heap     ] GC(1) Humongous regions: 0->0
[2025-04-09T15:53:17.669+0000][72][info ][gc,metaspace] GC(1) Metaspace: 10695K(11008K)->10695K(11008K) NonClass: 9416K(9600K)->9416K(9600K) Class: 1278K(1408K)->1278K(1408K)
[2025-04-09T15:53:17.670+0000][72][info ][gc          ] GC(1) Pause Young (Normal) (G1 Evacuation Pause) 45M->12M(1024M) 13.107ms
[2025-04-09T15:53:17.670+0000][72][info ][gc,cpu      ] GC(1) User=0.01s Sys=0.01s Real=0.01s
[2025-04-09T15:53:17.670+0000][72][info ][safepoint   ] Safepoint "G1CollectForAllocation", Time since last: 229952615 ns, Reaching safepoint: 2126 ns, At safepoint: 13617695 ns, Total: 13619821 ns
[2025-04-09T15:53:18.050+0000][72][info ][gc,start    ] GC(2) Pause Young (Normal) (G1 Evacuation Pause)
[2025-04-09T15:53:18.050+0000][72][info ][gc,task     ] GC(2) Using 4 workers of 4 for evacuation
[2025-04-09T15:53:18.051+0000][72][debug][gc,age      ] GC(2) Desired survivor size 4194304 bytes, new threshold 1 (max threshold 15)
[2025-04-09T15:53:18.056+0000][72][info ][gc,phases   ] GC(2)   Pre Evacuate Collection Set: 0.18ms
[2025-04-09T15:53:18.056+0000][72][info ][gc,phases   ] GC(2)   Merge Heap Roots: 0.12ms
[2025-04-09T15:53:18.057+0000][72][info ][gc,phases   ] GC(2)   Evacuate Collection Set: 3.92ms
[2025-04-09T15:53:18.057+0000][72][info ][gc,phases   ] GC(2)   Post Evacuate Collection Set: 0.31ms
[2025-04-09T15:53:18.058+0000][72][info ][gc,phases   ] GC(2)   Other: 0.72ms
[2025-04-09T15:53:18.058+0000][72][trace][gc,age      ] GC(2) Age table:
[2025-04-09T15:53:18.059+0000][72][trace][gc,age      ] GC(2) - age   1:    2204976 bytes,    2204976 total
[2025-04-09T15:53:18.059+0000][72][info ][gc,heap     ] GC(2) Eden regions: 10->0(16)
[2025-04-09T15:53:18.059+0000][72][info ][gc,heap     ] GC(2) Survivor regions: 2->1(2)
[2025-04-09T15:53:18.059+0000][72][info ][gc,heap     ] GC(2) Old regions: 3->4
[2025-04-09T15:53:18.060+0000][72][info ][gc,heap     ] GC(2) Humongous regions: 0->0
[2025-04-09T15:53:18.060+0000][72][info ][gc,metaspace] GC(2) Metaspace: 18254K(19072K)->18254K(19072K) NonClass: 16178K(16704K)->16178K(16704K) Class: 2075K(2368K)->2075K(2368K)
[2025-04-09T15:53:18.061+0000][72][info ][gc          ] GC(2) Pause Young (Normal) (G1 Evacuation Pause) 52M->14M(1024M) 10.975ms
[2025-04-09T15:53:18.061+0000][72][info ][gc,cpu      ] GC(2) User=0.03s Sys=0.00s Real=0.01s
[2025-04-09T15:53:18.062+0000][72][info ][safepoint   ] Safepoint "G1CollectForAllocation", Time since last: 379802181 ns, Reaching safepoint: 3794 ns, At safepoint: 11933402 ns, Total: 11937196 ns
[2025-04-09T15:53:18.281+0000][72][info ][gc,start    ] GC(3) Pause Young (Normal) (G1 Evacuation Pause)
[2025-04-09T15:53:18.281+0000][72][info ][gc,task     ] GC(3) Using 4 workers of 4 for evacuation
[2025-04-09T15:53:18.281+0000][72][debug][gc,age      ] GC(3) Desired survivor size 6291456 bytes, new threshold 15 (max threshold 15)
[2025-04-09T15:53:18.284+0000][72][info ][gc,phases   ] GC(3)   Pre Evacuate Collection Set: 0.16ms
[2025-04-09T15:53:18.284+0000][72][info ][gc,phases   ] GC(3)   Merge Heap Roots: 0.03ms
[2025-04-09T15:53:18.284+0000][72][info ][gc,phases   ] GC(3)   Evacuate Collection Set: 1.31ms
[2025-04-09T15:53:18.285+0000][72][info ][gc,phases   ] GC(3)   Post Evacuate Collection Set: 0.30ms
[2025-04-09T15:53:18.285+0000][72][info ][gc,phases   ] GC(3)   Other: 0.62ms
[2025-04-09T15:53:18.286+0000][72][trace][gc,age      ] GC(3) Age table:
[2025-04-09T15:53:18.286+0000][72][trace][gc,age      ] GC(3) - age   1:     624336 bytes,     624336 total
[2025-04-09T15:53:18.287+0000][72][trace][gc,age      ] GC(3) - age   2:    2131120 bytes,    2755456 total
[2025-04-09T15:53:18.287+0000][72][info ][gc,heap     ] GC(3) Eden regions: 16->0(18)
[2025-04-09T15:53:18.288+0000][72][info ][gc,heap     ] GC(3) Survivor regions: 1->1(3)
[2025-04-09T15:53:18.288+0000][72][info ][gc,heap     ] GC(3) Old regions: 4->4
[2025-04-09T15:53:18.289+0000][72][info ][gc,heap     ] GC(3) Humongous regions: 0->0
[2025-04-09T15:53:18.289+0000][72][info ][gc,metaspace] GC(3) Metaspace: 18896K(19712K)->18896K(19712K) NonClass: 16747K(17216K)->16747K(17216K) Class: 2148K(2496K)->2148K(2496K)
[2025-04-09T15:53:18.289+0000][72][info ][gc          ] GC(3) Pause Young (Normal) (G1 Evacuation Pause) 78M->14M(1024M) 8.519ms
[2025-04-09T15:53:18.290+0000][72][info ][gc,cpu      ] GC(3) User=0.02s Sys=0.00s Real=0.01s
[2025-04-09T15:53:18.290+0000][72][info ][safepoint   ] Safepoint "G1CollectForAllocation", Time since last: 219047202 ns, Reaching safepoint: 3547 ns, At safepoint: 9143175 ns, Total: 9146722 ns
[2025-04-09T15:53:18.443+0000][72][info ][gc,start    ] GC(4) Pause Young (Concurrent Start) (Metadata GC Threshold)
[2025-04-09T15:53:18.444+0000][72][info ][gc,task     ] GC(4) Using 4 workers of 4 for evacuation
[2025-04-09T15:53:18.444+0000][72][debug][gc,age      ] GC(4) Desired survivor size 6291456 bytes, new threshold 15 (max threshold 15)
[2025-04-09T15:53:18.446+0000][72][info ][gc,phases   ] GC(4)   Pre Evacuate Collection Set: 0.09ms
[2025-04-09T15:53:18.446+0000][72][info ][gc,phases   ] GC(4)   Merge Heap Roots: 0.02ms
[2025-04-09T15:53:18.447+0000][72][info ][gc,phases   ] GC(4)   Evacuate Collection Set: 1.16ms
[2025-04-09T15:53:18.447+0000][72][info ][gc,phases   ] GC(4)   Post Evacuate Collection Set: 0.41ms
[2025-04-09T15:53:18.447+0000][72][info ][gc,phases   ] GC(4)   Other: 0.81ms
[2025-04-09T15:53:18.447+0000][72][trace][gc,age      ] GC(4) Age table:
[2025-04-09T15:53:18.448+0000][72][trace][gc,age      ] GC(4) - age   1:    1190360 bytes,    1190360 total
[2025-04-09T15:53:18.448+0000][72][trace][gc,age      ] GC(4) - age   2:     550600 bytes,    1740960 total
[2025-04-09T15:53:18.448+0000][72][trace][gc,age      ] GC(4) - age   3:    2117136 bytes,    3858096 total
[2025-04-09T15:53:18.448+0000][72][info ][gc,heap     ] GC(4) Eden regions: 9->0(29)
[2025-04-09T15:53:18.448+0000][72][info ][gc,heap     ] GC(4) Survivor regions: 1->1(3)
[2025-04-09T15:53:18.449+0000][72][info ][gc,heap     ] GC(4) Old regions: 4->4
[2025-04-09T15:53:18.449+0000][72][info ][gc,heap     ] GC(4) Humongous regions: 0->0
[2025-04-09T15:53:18.449+0000][72][info ][gc,metaspace] GC(4) Metaspace: 20712K(21504K)->20712K(21504K) NonClass: 18365K(18816K)->18365K(18816K) Class: 2346K(2688K)->2346K(2688K)
[2025-04-09T15:53:18.449+0000][72][info ][gc          ] GC(4) Pause Young (Concurrent Start) (Metadata GC Threshold) 50M->15M(1024M) 5.942ms
[2025-04-09T15:53:18.449+0000][72][info ][gc,cpu      ] GC(4) User=0.01s Sys=0.00s Real=0.01s
[2025-04-09T15:53:18.449+0000][72][info ][gc          ] GC(5) Concurrent Mark Cycle
[2025-04-09T15:53:18.450+0000][72][info ][gc,marking  ] GC(5) Concurrent Scan Root Regions
[2025-04-09T15:53:18.449+0000][72][info ][safepoint   ] Safepoint "CollectForMetadataAllocation", Time since last: 153161091 ns, Reaching safepoint: 2384 ns, At safepoint: 6276667 ns, Total: 6279051 ns
[2025-04-09T15:53:18.451+0000][72][info ][gc,marking  ] GC(5) Concurrent Scan Root Regions 1.632ms
[2025-04-09T15:53:18.452+0000][72][info ][gc,marking  ] GC(5) Concurrent Mark
[2025-04-09T15:53:18.452+0000][72][info ][gc,marking  ] GC(5) Concurrent Mark From Roots
[2025-04-09T15:53:18.452+0000][72][info ][gc,task     ] GC(5) Using 1 workers of 1 for marking
[2025-04-09T15:53:18.460+0000][72][info ][safepoint   ] Safepoint "CollectForMetadataAllocation", Time since last: 10155405 ns, Reaching safepoint: 92288 ns, At safepoint: 44653 ns, Total: 136941 ns
[2025-04-09T15:53:18.470+0000][72][info ][gc,marking  ] GC(5) Concurrent Mark From Roots 18.265ms
[2025-04-09T15:53:18.471+0000][72][info ][gc,marking  ] GC(5) Concurrent Preclean
[2025-04-09T15:53:18.470+0000][72][info ][safepoint   ] Safepoint "CollectForMetadataAllocation", Time since last: 10468508 ns, Reaching safepoint: 3030 ns, At safepoint: 32411 ns, Total: 35441 ns
[2025-04-09T15:53:18.471+0000][72][info ][gc,marking  ] GC(5) Concurrent Preclean 0.314ms
[2025-04-09T15:53:18.472+0000][72][info ][gc,start    ] GC(5) Pause Remark
[2025-04-09T15:53:18.475+0000][72][info ][gc          ] GC(5) Pause Remark 19M->19M(1024M) 3.367ms
[2025-04-09T15:53:18.476+0000][72][info ][gc,cpu      ] GC(5) User=0.01s Sys=0.00s Real=0.01s
[2025-04-09T15:53:18.476+0000][72][info ][safepoint   ] Safepoint "G1PauseRemark", Time since last: 1417114 ns, Reaching safepoint: 70088 ns, At safepoint: 4232412 ns, Total: 4302500 ns
[2025-04-09T15:53:18.476+0000][72][info ][gc,marking  ] GC(5) Concurrent Mark 24.531ms
[2025-04-09T15:53:18.477+0000][72][info ][gc,marking  ] GC(5) Concurrent Rebuild Remembered Sets and Scrub Regions
[2025-04-09T15:53:18.481+0000][72][info ][gc,marking  ] GC(5) Concurrent Rebuild Remembered Sets and Scrub Regions 4.010ms
[2025-04-09T15:53:18.482+0000][72][info ][gc,start    ] GC(5) Pause Cleanup
[2025-04-09T15:53:18.482+0000][72][info ][gc          ] GC(5) Pause Cleanup 19M->19M(1024M) 0.644ms
[2025-04-09T15:53:18.483+0000][72][info ][gc,cpu      ] GC(5) User=0.01s Sys=0.00s Real=0.00s
[2025-04-09T15:53:18.483+0000][72][info ][safepoint   ] Safepoint "G1PauseCleanup", Time since last: 5478113 ns, Reaching safepoint: 73838 ns, At safepoint: 1302413 ns, Total: 1376251 ns
[2025-04-09T15:53:18.483+0000][72][info ][gc,marking  ] GC(5) Concurrent Clear Claimed Marks
[2025-04-09T15:53:18.484+0000][72][info ][gc,marking  ] GC(5) Concurrent Clear Claimed Marks 0.250ms
[2025-04-09T15:53:18.484+0000][72][info ][gc,marking  ] GC(5) Concurrent Cleanup for Next Mark
[2025-04-09T15:53:18.485+0000][72][info ][gc,marking  ] GC(5) Concurrent Cleanup for Next Mark 1.322ms
[2025-04-09T15:53:18.485+0000][72][info ][gc          ] GC(5) Concurrent Mark Cycle 36.137ms
[2025-04-09T15:53:18.632+0000][72][info ][gc,start    ] GC(6) Pause Young (Prepare Mixed) (G1 Evacuation Pause)
[2025-04-09T15:53:18.632+0000][72][info ][gc,task     ] GC(6) Using 4 workers of 4 for evacuation
[2025-04-09T15:53:18.632+0000][72][debug][gc,age      ] GC(6) Desired survivor size 8388608 bytes, new threshold 15 (max threshold 15)
[2025-04-09T15:53:18.635+0000][72][info ][gc,phases   ] GC(6)   Pre Evacuate Collection Set: 0.07ms
[2025-04-09T15:53:18.635+0000][72][info ][gc,phases   ] GC(6)   Merge Heap Roots: 0.05ms
[2025-04-09T15:53:18.636+0000][72][info ][gc,phases   ] GC(6)   Evacuate Collection Set: 2.11ms
[2025-04-09T15:53:18.636+0000][72][info ][gc,phases   ] GC(6)   Post Evacuate Collection Set: 0.34ms
[2025-04-09T15:53:18.636+0000][72][info ][gc,phases   ] GC(6)   Other: 0.53ms
[2025-04-09T15:53:18.636+0000][72][trace][gc,age      ] GC(6) Age table:
[2025-04-09T15:53:18.636+0000][72][trace][gc,age      ] GC(6) - age   1:    2677464 bytes,    2677464 total
[2025-04-09T15:53:18.636+0000][72][trace][gc,age      ] GC(6) - age   2:     366960 bytes,    3044424 total
[2025-04-09T15:53:18.637+0000][72][trace][gc,age      ] GC(6) - age   3:     550472 bytes,    3594896 total
[2025-04-09T15:53:18.637+0000][72][trace][gc,age      ] GC(6) - age   4:    2114144 bytes,    5709040 total
[2025-04-09T15:53:18.637+0000][72][info ][gc,heap     ] GC(6) Eden regions: 24->0(25)
[2025-04-09T15:53:18.637+0000][72][info ][gc,heap     ] GC(6) Survivor regions: 1->2(4)
[2025-04-09T15:53:18.637+0000][72][info ][gc,heap     ] GC(6) Old regions: 4->4
[2025-04-09T15:53:18.637+0000][72][info ][gc,heap     ] GC(6) Humongous regions: 0->0
[2025-04-09T15:53:18.638+0000][72][info ][gc,metaspace] GC(6) Metaspace: 23445K(24320K)->23445K(24320K) NonClass: 20790K(21312K)->20790K(21312K) Class: 2654K(3008K)->2654K(3008K)
[2025-04-09T15:53:18.638+0000][72][info ][gc          ] GC(6) Pause Young (Prepare Mixed) (G1 Evacuation Pause) 111M->17M(1024M) 6.237ms
[2025-04-09T15:53:18.638+0000][72][info ][gc,cpu      ] GC(6) User=0.02s Sys=0.00s Real=0.01s
[2025-04-09T15:53:18.638+0000][72][info ][safepoint   ] Safepoint "G1CollectForAllocation", Time since last: 148611780 ns, Reaching safepoint: 89659 ns, At safepoint: 6571310 ns, Total: 6660969 ns
[2025-04-09T15:53:18.838+0000][72][info ][gc,start    ] GC(7) Pause Young (Mixed) (G1 Evacuation Pause)
[2025-04-09T15:53:18.839+0000][72][info ][gc,task     ] GC(7) Using 4 workers of 4 for evacuation
[2025-04-09T15:53:18.839+0000][72][debug][gc,age      ] GC(7) Desired survivor size 8388608 bytes, new threshold 15 (max threshold 15)
[2025-04-09T15:53:18.847+0000][72][info ][gc,phases   ] GC(7)   Pre Evacuate Collection Set: 0.16ms
[2025-04-09T15:53:18.847+0000][72][info ][gc,phases   ] GC(7)   Merge Heap Roots: 0.08ms
[2025-04-09T15:53:18.847+0000][72][info ][gc,phases   ] GC(7)   Evacuate Collection Set: 6.51ms
[2025-04-09T15:53:18.847+0000][72][info ][gc,phases   ] GC(7)   Post Evacuate Collection Set: 0.53ms
[2025-04-09T15:53:18.848+0000][72][info ][gc,phases   ] GC(7)   Other: 0.75ms
[2025-04-09T15:53:18.848+0000][72][trace][gc,age      ] GC(7) Age table:
[2025-04-09T15:53:18.848+0000][72][trace][gc,age      ] GC(7) - age   1:    4747992 bytes,    4747992 total
[2025-04-09T15:53:18.848+0000][72][trace][gc,age      ] GC(7) - age   2:    2107952 bytes,    6855944 total
[2025-04-09T15:53:18.849+0000][72][trace][gc,age      ] GC(7) - age   3:     363192 bytes,    7219136 total
[2025-04-09T15:53:18.849+0000][72][trace][gc,age      ] GC(7) - age   4:     550472 bytes,    7769608 total
[2025-04-09T15:53:18.850+0000][72][trace][gc,age      ] GC(7) - age   5:    2114000 bytes,    9883608 total
[2025-04-09T15:53:18.850+0000][72][info ][gc,heap     ] GC(7) Eden regions: 24->0(34)
[2025-04-09T15:53:18.851+0000][72][info ][gc,heap     ] GC(7) Survivor regions: 2->3(4)
[2025-04-09T15:53:18.852+0000][72][info ][gc,heap     ] GC(7) Old regions: 4->3
[2025-04-09T15:53:18.853+0000][72][info ][gc,heap     ] GC(7) Humongous regions: 0->0
[2025-04-09T15:53:18.854+0000][72][info ][gc,metaspace] GC(7) Metaspace: 28766K(29760K)->28766K(29760K) NonClass: 25531K(26112K)->25531K(26112K) Class: 3234K(3648K)->3234K(3648K)
[2025-04-09T15:53:18.855+0000][72][info ][gc          ] GC(7) Pause Young (Mixed) (G1 Evacuation Pause) 113M->21M(1024M) 16.788ms
[2025-04-09T15:53:18.855+0000][72][info ][gc,cpu      ] GC(7) User=0.02s Sys=0.00s Real=0.02s
[2025-04-09T15:53:18.855+0000][72][info ][safepoint   ] Safepoint "G1CollectForAllocation", Time since last: 199631228 ns, Reaching safepoint: 2359 ns, At safepoint: 17624855 ns, Total: 17627214 ns
[2025-04-09T15:53:19.040+0000][72][info ][gc,start    ] GC(8) Pause Young (Normal) (G1 Evacuation Pause)
[2025-04-09T15:53:19.040+0000][72][info ][gc,task     ] GC(8) Using 4 workers of 4 for evacuation
[2025-04-09T15:53:19.040+0000][72][debug][gc,age      ] GC(8) Desired survivor size 10485760 bytes, new threshold 15 (max threshold 15)
[2025-04-09T15:53:19.045+0000][72][info ][gc,phases   ] GC(8)   Pre Evacuate Collection Set: 0.09ms
[2025-04-09T15:53:19.045+0000][72][info ][gc,phases   ] GC(8)   Merge Heap Roots: 0.03ms
[2025-04-09T15:53:19.047+0000][72][info ][gc,phases   ] GC(8)   Evacuate Collection Set: 3.21ms
[2025-04-09T15:53:19.047+0000][72][info ][gc,phases   ] GC(8)   Post Evacuate Collection Set: 0.56ms
[2025-04-09T15:53:19.047+0000][72][info ][gc,phases   ] GC(8)   Other: 0.86ms
[2025-04-09T15:53:19.048+0000][72][trace][gc,age      ] GC(8) Age table:
[2025-04-09T15:53:19.048+0000][72][trace][gc,age      ] GC(8) - age   1:    3866416 bytes,    3866416 total
[2025-04-09T15:53:19.048+0000][72][trace][gc,age      ] GC(8) - age   2:    2669256 bytes,    6535672 total
[2025-04-09T15:53:19.048+0000][72][trace][gc,age      ] GC(8) - age   3:    2104968 bytes,    8640640 total
[2025-04-09T15:53:19.049+0000][72][trace][gc,age      ] GC(8) - age   4:     363192 bytes,    9003832 total
[2025-04-09T15:53:19.049+0000][72][trace][gc,age      ] GC(8) - age   5:     548728 bytes,    9552560 total
[2025-04-09T15:53:19.049+0000][72][trace][gc,age      ] GC(8) - age   6:    2113184 bytes,   11665744 total
[2025-04-09T15:53:19.049+0000][72][info ][gc,heap     ] GC(8) Eden regions: 34->0(35)
[2025-04-09T15:53:19.049+0000][72][info ][gc,heap     ] GC(8) Survivor regions: 3->4(5)
[2025-04-09T15:53:19.049+0000][72][info ][gc,heap     ] GC(8) Old regions: 3->3
[2025-04-09T15:53:19.050+0000][72][info ][gc,heap     ] GC(8) Humongous regions: 0->0
[2025-04-09T15:53:19.050+0000][72][info ][gc,metaspace] GC(8) Metaspace: 29840K(30848K)->29840K(30848K) NonClass: 26430K(27008K)->26430K(27008K) Class: 3410K(3840K)->3410K(3840K)
[2025-04-09T15:53:19.050+0000][72][info ][gc          ] GC(8) Pause Young (Normal) (G1 Evacuation Pause) 157M->24M(1024M) 10.456ms
[2025-04-09T15:53:19.050+0000][72][info ][gc,cpu      ] GC(8) User=0.02s Sys=0.01s Real=0.01s
[2025-04-09T15:53:19.050+0000][72][info ][safepoint   ] Safepoint "G1CollectForAllocation", Time since last: 184143292 ns, Reaching safepoint: 2467 ns, At safepoint: 10898109 ns, Total: 10900576 ns
[2025-04-09T15:53:19.164+0000][72][info ][gc,start    ] GC(9) Pause Young (Normal) (G1 Evacuation Pause)
[2025-04-09T15:53:19.164+0000][72][info ][gc,task     ] GC(9) Using 4 workers of 4 for evacuation
[2025-04-09T15:53:19.164+0000][72][debug][gc,age      ] GC(9) Desired survivor size 10485760 bytes, new threshold 6 (max threshold 15)
[2025-04-09T15:53:19.169+0000][72][info ][gc,phases   ] GC(9)   Pre Evacuate Collection Set: 0.11ms
[2025-04-09T15:53:19.169+0000][72][info ][gc,phases   ] GC(9)   Merge Heap Roots: 0.03ms
[2025-04-09T15:53:19.169+0000][72][info ][gc,phases   ] GC(9)   Evacuate Collection Set: 3.37ms
[2025-04-09T15:53:19.169+0000][72][info ][gc,phases   ] GC(9)   Post Evacuate Collection Set: 0.36ms
[2025-04-09T15:53:19.170+0000][72][info ][gc,phases   ] GC(9)   Other: 0.57ms
[2025-04-09T15:53:19.170+0000][72][trace][gc,age      ] GC(9) Age table:
[2025-04-09T15:53:19.170+0000][72][trace][gc,age      ] GC(9) - age   1:    1386904 bytes,    1386904 total
[2025-04-09T15:53:19.171+0000][72][trace][gc,age      ] GC(9) - age   2:    2661512 bytes,    4048416 total
[2025-04-09T15:53:19.171+0000][72][trace][gc,age      ] GC(9) - age   3:    2669192 bytes,    6717608 total
[2025-04-09T15:53:19.171+0000][72][trace][gc,age      ] GC(9) - age   4:    2104600 bytes,    8822208 total
[2025-04-09T15:53:19.172+0000][72][trace][gc,age      ] GC(9) - age   5:     363192 bytes,    9185400 total
[2025-04-09T15:53:19.172+0000][72][trace][gc,age      ] GC(9) - age   6:     548728 bytes,    9734128 total
[2025-04-09T15:53:19.172+0000][72][info ][gc,heap     ] GC(9) Eden regions: 35->0(49)
[2025-04-09T15:53:19.172+0000][72][info ][gc,heap     ] GC(9) Survivor regions: 4->3(5)
[2025-04-09T15:53:19.173+0000][72][info ][gc,heap     ] GC(9) Old regions: 3->4
[2025-04-09T15:53:19.173+0000][72][info ][gc,heap     ] GC(9) Humongous regions: 0->0
[2025-04-09T15:53:19.173+0000][72][info ][gc,metaspace] GC(9) Metaspace: 30153K(31232K)->30153K(31232K) NonClass: 26708K(27328K)->26708K(27328K) Class: 3444K(3904K)->3444K(3904K)
[2025-04-09T15:53:19.174+0000][72][info ][gc          ] GC(9) Pause Young (Normal) (G1 Evacuation Pause) 164M->23M(1024M) 9.887ms
[2025-04-09T15:53:19.174+0000][72][info ][gc,cpu      ] GC(9) User=0.02s Sys=0.00s Real=0.01s
[2025-04-09T15:53:19.174+0000][72][info ][safepoint   ] Safepoint "G1CollectForAllocation", Time since last: 113280577 ns, Reaching safepoint: 2604 ns, At safepoint: 10449248 ns, Total: 10451852 ns
[2025-04-09T15:53:19.313+0000][72][info ][gc,start    ] GC(10) Pause Young (Normal) (G1 Evacuation Pause)
[2025-04-09T15:53:19.314+0000][72][info ][gc,task     ] GC(10) Using 4 workers of 4 for evacuation
[2025-04-09T15:53:19.314+0000][72][debug][gc,age      ] GC(10) Desired survivor size 14680064 bytes, new threshold 15 (max threshold 15)
[2025-04-09T15:53:19.317+0000][72][info ][gc,phases   ] GC(10)   Pre Evacuate Collection Set: 0.08ms
[2025-04-09T15:53:19.317+0000][72][info ][gc,phases   ] GC(10)   Merge Heap Roots: 0.04ms
[2025-04-09T15:53:19.318+0000][72][info ][gc,phases   ] GC(10)   Evacuate Collection Set: 2.31ms
[2025-04-09T15:53:19.318+0000][72][info ][gc,phases   ] GC(10)   Post Evacuate Collection Set: 0.37ms
[2025-04-09T15:53:19.318+0000][72][info ][gc,phases   ] GC(10)   Other: 0.52ms
[2025-04-09T15:53:19.318+0000][72][trace][gc,age      ] GC(10) Age table:
[2025-04-09T15:53:19.318+0000][72][trace][gc,age      ] GC(10) - age   1:    2637280 bytes,    2637280 total
[2025-04-09T15:53:19.319+0000][72][trace][gc,age      ] GC(10) - age   2:    1377672 bytes,    4014952 total
[2025-04-09T15:53:19.319+0000][72][trace][gc,age      ] GC(10) - age   3:    2661064 bytes,    6676016 total
[2025-04-09T15:53:19.319+0000][72][trace][gc,age      ] GC(10) - age   4:    2668872 bytes,    9344888 total
[2025-04-09T15:53:19.319+0000][72][trace][gc,age      ] GC(10) - age   5:    2104416 bytes,   11449304 total
[2025-04-09T15:53:19.319+0000][72][trace][gc,age      ] GC(10) - age   6:     363192 bytes,   11812496 total
[2025-04-09T15:53:19.319+0000][72][trace][gc,age      ] GC(10) - age   7:     548728 bytes,   12361224 total
[2025-04-09T15:53:19.320+0000][72][info ][gc,heap     ] GC(10) Eden regions: 49->0(57)
[2025-04-09T15:53:19.320+0000][72][info ][gc,heap     ] GC(10) Survivor regions: 3->4(7)
[2025-04-09T15:53:19.320+0000][72][info ][gc,heap     ] GC(10) Old regions: 4->4
[2025-04-09T15:53:19.320+0000][72][info ][gc,heap     ] GC(10) Humongous regions: 0->0
[2025-04-09T15:53:19.320+0000][72][info ][gc,metaspace] GC(10) Metaspace: 30682K(31744K)->30682K(31744K) NonClass: 27170K(27776K)->27170K(27776K) Class: 3512K(3968K)->3512K(3968K)
[2025-04-09T15:53:19.320+0000][72][info ][gc          ] GC(10) Pause Young (Normal) (G1 Evacuation Pause) 219M->27M(1024M) 6.852ms
[2025-04-09T15:53:19.320+0000][72][info ][gc,cpu      ] GC(10) User=0.02s Sys=0.00s Real=0.01s
[2025-04-09T15:53:19.321+0000][72][info ][safepoint   ] Safepoint "G1CollectForAllocation", Time since last: 139249235 ns, Reaching safepoint: 2598 ns, At safepoint: 7814378 ns, Total: 7816976 ns
[2025-04-09T15:53:19.671+0000][72][info ][gc,start    ] GC(11) Pause Young (Concurrent Start) (Metadata GC Threshold)
[2025-04-09T15:53:19.671+0000][72][info ][gc,task     ] GC(11) Using 4 workers of 4 for evacuation
[2025-04-09T15:53:19.671+0000][72][debug][gc,age      ] GC(11) Desired survivor size 16777216 bytes, new threshold 15 (max threshold 15)
[2025-04-09T15:53:19.676+0000][72][info ][gc,phases   ] GC(11)   Pre Evacuate Collection Set: 0.10ms
[2025-04-09T15:53:19.676+0000][72][info ][gc,phases   ] GC(11)   Merge Heap Roots: 0.04ms
[2025-04-09T15:53:19.677+0000][72][info ][gc,phases   ] GC(11)   Evacuate Collection Set: 3.98ms
[2025-04-09T15:53:19.677+0000][72][info ][gc,phases   ] GC(11)   Post Evacuate Collection Set: 0.51ms
[2025-04-09T15:53:19.677+0000][72][info ][gc,phases   ] GC(11)   Other: 0.36ms
[2025-04-09T15:53:19.677+0000][72][trace][gc,age      ] GC(11) Age table:
[2025-04-09T15:53:19.677+0000][72][trace][gc,age      ] GC(11) - age   1:    4308576 bytes,    4308576 total
[2025-04-09T15:53:19.678+0000][72][trace][gc,age      ] GC(11) - age   2:    1849600 bytes,    6158176 total
[2025-04-09T15:53:19.678+0000][72][trace][gc,age      ] GC(11) - age   3:    1377640 bytes,    7535816 total
[2025-04-09T15:53:19.678+0000][72][trace][gc,age      ] GC(11) - age   4:    2654968 bytes,   10190784 total
[2025-04-09T15:53:19.678+0000][72][trace][gc,age      ] GC(11) - age   5:    2668568 bytes,   12859352 total
[2025-04-09T15:53:19.678+0000][72][trace][gc,age      ] GC(11) - age   6:    2103216 bytes,   14962568 total
[2025-04-09T15:53:19.679+0000][72][trace][gc,age      ] GC(11) - age   7:     363192 bytes,   15325760 total
[2025-04-09T15:53:19.679+0000][72][trace][gc,age      ] GC(11) - age   8:     548728 bytes,   15874488 total
[2025-04-09T15:53:19.679+0000][72][info ][gc,heap     ] GC(11) Eden regions: 56->0(72)
[2025-04-09T15:53:19.679+0000][72][info ][gc,heap     ] GC(11) Survivor regions: 4->5(8)
[2025-04-09T15:53:19.679+0000][72][info ][gc,heap     ] GC(11) Old regions: 4->4
[2025-04-09T15:53:19.680+0000][72][info ][gc,heap     ] GC(11) Humongous regions: 0->0
[2025-04-09T15:53:19.680+0000][72][info ][gc,metaspace] GC(11) Metaspace: 35932K(36928K)->35932K(36928K) NonClass: 31840K(32448K)->31840K(32448K) Class: 4091K(4480K)->4091K(4480K)
[2025-04-09T15:53:19.680+0000][72][info ][gc          ] GC(11) Pause Young (Concurrent Start) (Metadata GC Threshold) 249M->30M(1024M) 9.017ms
[2025-04-09T15:53:19.680+0000][72][info ][gc,cpu      ] GC(11) User=0.01s Sys=0.00s Real=0.01s
[2025-04-09T15:53:19.680+0000][72][info ][gc          ] GC(12) Concurrent Mark Cycle
[2025-04-09T15:53:19.680+0000][72][info ][gc,marking  ] GC(12) Concurrent Scan Root Regions
[2025-04-09T15:53:19.680+0000][72][info ][safepoint   ] Safepoint "CollectForMetadataAllocation", Time since last: 349624485 ns, Reaching safepoint: 2384 ns, At safepoint: 9328679 ns, Total: 9331063 ns
[2025-04-09T15:53:19.684+0000][72][info ][gc,marking  ] GC(12) Concurrent Scan Root Regions 4.177ms
[2025-04-09T15:53:19.685+0000][72][info ][gc,marking  ] GC(12) Concurrent Mark
[2025-04-09T15:53:19.685+0000][72][info ][gc,marking  ] GC(12) Concurrent Mark From Roots
[2025-04-09T15:53:19.685+0000][72][info ][gc,task     ] GC(12) Using 1 workers of 1 for marking
[2025-04-09T15:53:19.688+0000][72][info ][safepoint   ] Safepoint "CollectForMetadataAllocation", Time since last: 7250040 ns, Reaching safepoint: 45720 ns, At safepoint: 34246 ns, Total: 79966 ns
[2025-04-09T15:53:19.697+0000][72][info ][gc,marking  ] GC(12) Concurrent Mark From Roots 11.428ms
[2025-04-09T15:53:19.697+0000][72][info ][gc,marking  ] GC(12) Concurrent Preclean
[2025-04-09T15:53:19.697+0000][72][info ][gc,marking  ] GC(12) Concurrent Preclean 0.198ms
[2025-04-09T15:53:19.697+0000][72][info ][gc,start    ] GC(12) Pause Remark
[2025-04-09T15:53:19.700+0000][72][info ][gc          ] GC(12) Pause Remark 34M->34M(1024M) 2.591ms
[2025-04-09T15:53:19.700+0000][72][info ][gc,cpu      ] GC(12) User=0.01s Sys=0.00s Real=0.00s
[2025-04-09T15:53:19.700+0000][72][info ][safepoint   ] Safepoint "G1PauseRemark", Time since last: 9837526 ns, Reaching safepoint: 68246 ns, At safepoint: 3050413 ns, Total: 3118659 ns
[2025-04-09T15:53:19.701+0000][72][info ][gc,marking  ] GC(12) Concurrent Mark 15.710ms
[2025-04-09T15:53:19.701+0000][72][info ][gc,marking  ] GC(12) Concurrent Rebuild Remembered Sets and Scrub Regions
[2025-04-09T15:53:19.705+0000][72][info ][gc,marking  ] GC(12) Concurrent Rebuild Remembered Sets and Scrub Regions 4.164ms
[2025-04-09T15:53:19.706+0000][72][info ][gc,start    ] GC(12) Pause Cleanup
[2025-04-09T15:53:19.706+0000][72][info ][gc          ] GC(12) Pause Cleanup 34M->34M(1024M) 0.167ms
[2025-04-09T15:53:19.706+0000][72][info ][gc,cpu      ] GC(12) User=0.00s Sys=0.00s Real=0.00s
[2025-04-09T15:53:19.706+0000][72][info ][safepoint   ] Safepoint "G1PauseCleanup", Time since last: 4949673 ns, Reaching safepoint: 83817 ns, At safepoint: 435761 ns, Total: 519578 ns
[2025-04-09T15:53:19.706+0000][72][info ][gc,marking  ] GC(12) Concurrent Clear Claimed Marks
[2025-04-09T15:53:19.706+0000][72][info ][gc,marking  ] GC(12) Concurrent Clear Claimed Marks 0.302ms
[2025-04-09T15:53:19.707+0000][72][info ][gc,marking  ] GC(12) Concurrent Cleanup for Next Mark
[2025-04-09T15:53:19.708+0000][72][info ][gc,marking  ] GC(12) Concurrent Cleanup for Next Mark 1.240ms
[2025-04-09T15:53:19.708+0000][72][info ][gc          ] GC(12) Concurrent Mark Cycle 28.097ms
[2025-04-09T15:53:19.897+0000][72][info ][gc,start    ] GC(13) Pause Young (Normal) (G1 Evacuation Pause)
[2025-04-09T15:53:19.898+0000][72][info ][gc,task     ] GC(13) Using 4 workers of 4 for evacuation
[2025-04-09T15:53:19.898+0000][72][debug][gc,age      ] GC(13) Desired survivor size 20971520 bytes, new threshold 15 (max threshold 15)
[2025-04-09T15:53:19.903+0000][72][info ][gc,phases   ] GC(13)   Pre Evacuate Collection Set: 0.07ms
[2025-04-09T15:53:19.903+0000][72][info ][gc,phases   ] GC(13)   Merge Heap Roots: 0.03ms
[2025-04-09T15:53:19.904+0000][72][info ][gc,phases   ] GC(13)   Evacuate Collection Set: 4.09ms
[2025-04-09T15:53:19.904+0000][72][info ][gc,phases   ] GC(13)   Post Evacuate Collection Set: 0.60ms
[2025-04-09T15:53:19.904+0000][72][info ][gc,phases   ] GC(13)   Other: 0.43ms
[2025-04-09T15:53:19.905+0000][72][trace][gc,age      ] GC(13) Age table:
[2025-04-09T15:53:19.905+0000][72][trace][gc,age      ] GC(13) - age   1:    3528632 bytes,    3528632 total
[2025-04-09T15:53:19.905+0000][72][trace][gc,age      ] GC(13) - age   2:    4283616 bytes,    7812248 total
[2025-04-09T15:53:19.905+0000][72][trace][gc,age      ] GC(13) - age   3:    1848960 bytes,    9661208 total
[2025-04-09T15:53:19.906+0000][72][trace][gc,age      ] GC(13) - age   4:    1377208 bytes,   11038416 total
[2025-04-09T15:53:19.906+0000][72][trace][gc,age      ] GC(13) - age   5:    2654680 bytes,   13693096 total
[2025-04-09T15:53:19.906+0000][72][trace][gc,age      ] GC(13) - age   6:    2668440 bytes,   16361536 total
[2025-04-09T15:53:19.906+0000][72][trace][gc,age      ] GC(13) - age   7:    2103120 bytes,   18464656 total
[2025-04-09T15:53:19.906+0000][72][trace][gc,age      ] GC(13) - age   8:     362632 bytes,   18827288 total
[2025-04-09T15:53:19.907+0000][72][trace][gc,age      ] GC(13) - age   9:     548728 bytes,   19376016 total
[2025-04-09T15:53:19.907+0000][72][info ][gc,heap     ] GC(13) Eden regions: 71->0(88)
[2025-04-09T15:53:19.907+0000][72][info ][gc,heap     ] GC(13) Survivor regions: 5->5(10)
[2025-04-09T15:53:19.907+0000][72][info ][gc,heap     ] GC(13) Old regions: 4->4
[2025-04-09T15:53:19.907+0000][72][info ][gc,heap     ] GC(13) Humongous regions: 0->0
[2025-04-09T15:53:19.907+0000][72][info ][gc,metaspace] GC(13) Metaspace: 36959K(38144K)->36959K(38144K) NonClass: 32713K(33408K)->32713K(33408K) Class: 4246K(4736K)->4246K(4736K)
[2025-04-09T15:53:19.907+0000][72][info ][gc          ] GC(13) Pause Young (Normal) (G1 Evacuation Pause) 314M->33M(1024M) 9.975ms
[2025-04-09T15:53:19.907+0000][72][info ][gc,cpu      ] GC(13) User=0.02s Sys=0.00s Real=0.01s
[2025-04-09T15:53:19.908+0000][72][info ][safepoint   ] Safepoint "G1CollectForAllocation", Time since last: 191455168 ns, Reaching safepoint: 2808 ns, At safepoint: 10211857 ns, Total: 10214665 ns
[2025-04-09T15:53:20.214+0000][72][info ][gc,start    ] GC(14) Pause Young (Normal) (G1 Evacuation Pause)
[2025-04-09T15:53:20.215+0000][72][info ][gc,task     ] GC(14) Using 4 workers of 4 for evacuation
[2025-04-09T15:53:20.215+0000][72][debug][gc,age      ] GC(14) Desired survivor size 25165824 bytes, new threshold 15 (max threshold 15)
[2025-04-09T15:53:20.225+0000][72][info ][gc,phases   ] GC(14)   Pre Evacuate Collection Set: 0.22ms
[2025-04-09T15:53:20.226+0000][72][info ][gc,phases   ] GC(14)   Merge Heap Roots: 0.04ms
[2025-04-09T15:53:20.226+0000][72][info ][gc,phases   ] GC(14)   Evacuate Collection Set: 7.77ms
[2025-04-09T15:53:20.227+0000][72][info ][gc,phases   ] GC(14)   Post Evacuate Collection Set: 0.75ms
[2025-04-09T15:53:20.227+0000][72][info ][gc,phases   ] GC(14)   Other: 1.39ms
[2025-04-09T15:53:20.227+0000][72][trace][gc,age      ] GC(14) Age table:
[2025-04-09T15:53:20.227+0000][72][trace][gc,age      ] GC(14) - age   1:    6809240 bytes,    6809240 total
[2025-04-09T15:53:20.228+0000][72][trace][gc,age      ] GC(14) - age   2:    3486552 bytes,   10295792 total
[2025-04-09T15:53:20.228+0000][72][trace][gc,age      ] GC(14) - age   3:    4281424 bytes,   14577216 total
[2025-04-09T15:53:20.228+0000][72][trace][gc,age      ] GC(14) - age   4:    1847864 bytes,   16425080 total
[2025-04-09T15:53:20.229+0000][72][trace][gc,age      ] GC(14) - age   5:    1376424 bytes,   17801504 total
[2025-04-09T15:53:20.229+0000][72][trace][gc,age      ] GC(14) - age   6:    2650992 bytes,   20452496 total
[2025-04-09T15:53:20.229+0000][72][trace][gc,age      ] GC(14) - age   7:    2668344 bytes,   23120840 total
[2025-04-09T15:53:20.230+0000][72][trace][gc,age      ] GC(14) - age   8:    2101920 bytes,   25222760 total
[2025-04-09T15:53:20.230+0000][72][trace][gc,age      ] GC(14) - age   9:     357608 bytes,   25580368 total
[2025-04-09T15:53:20.230+0000][72][trace][gc,age      ] GC(14) - age  10:     547704 bytes,   26128072 total
[2025-04-09T15:53:20.231+0000][72][info ][gc,heap     ] GC(14) Eden regions: 88->0(106)
[2025-04-09T15:53:20.231+0000][72][info ][gc,heap     ] GC(14) Survivor regions: 5->7(12)
[2025-04-09T15:53:20.231+0000][72][info ][gc,heap     ] GC(14) Old regions: 4->4
[2025-04-09T15:53:20.232+0000][72][info ][gc,heap     ] GC(14) Humongous regions: 0->0
[2025-04-09T15:53:20.232+0000][72][info ][gc,metaspace] GC(14) Metaspace: 39325K(40576K)->39325K(40576K) NonClass: 34761K(35520K)->34761K(35520K) Class: 4564K(5056K)->4564K(5056K)
[2025-04-09T15:53:20.233+0000][72][info ][gc          ] GC(14) Pause Young (Normal) (G1 Evacuation Pause) 385M->41M(1024M) 18.497ms
[2025-04-09T15:53:20.233+0000][72][info ][gc,cpu      ] GC(14) User=0.04s Sys=0.00s Real=0.02s
[2025-04-09T15:53:20.234+0000][72][info ][safepoint   ] Safepoint "G1CollectForAllocation", Time since last: 306509317 ns, Reaching safepoint: 3578 ns, At safepoint: 19429981 ns, Total: 19433559 ns
[2025-04-09T15:53:21.024+0000][72][info ][gc,start    ] GC(15) Pause Young (Normal) (G1 Evacuation Pause)
[2025-04-09T15:53:21.024+0000][72][info ][gc,task     ] GC(15) Using 4 workers of 4 for evacuation
[2025-04-09T15:53:21.025+0000][72][debug][gc,age      ] GC(15) Desired survivor size 31457280 bytes, new threshold 15 (max threshold 15)
[2025-04-09T15:53:21.036+0000][72][info ][gc,phases   ] GC(15)   Pre Evacuate Collection Set: 0.09ms
[2025-04-09T15:53:21.036+0000][72][info ][gc,phases   ] GC(15)   Merge Heap Roots: 0.04ms
[2025-04-09T15:53:21.037+0000][72][info ][gc,phases   ] GC(15)   Evacuate Collection Set: 9.34ms
[2025-04-09T15:53:21.037+0000][72][info ][gc,phases   ] GC(15)   Post Evacuate Collection Set: 1.00ms
[2025-04-09T15:53:21.038+0000][72][info ][gc,phases   ] GC(15)   Other: 0.90ms
[2025-04-09T15:53:21.038+0000][72][trace][gc,age      ] GC(15) Age table:
[2025-04-09T15:53:21.039+0000][72][trace][gc,age      ] GC(15) - age   1:    7229600 bytes,    7229600 total
[2025-04-09T15:53:21.039+0000][72][trace][gc,age      ] GC(15) - age   2:    6725392 bytes,   13954992 total
[2025-04-09T15:53:21.039+0000][72][trace][gc,age      ] GC(15) - age   3:    3468136 bytes,   17423128 total
[2025-04-09T15:53:21.040+0000][72][trace][gc,age      ] GC(15) - age   4:    4262344 bytes,   21685472 total
[2025-04-09T15:53:21.040+0000][72][trace][gc,age      ] GC(15) - age   5:    1837968 bytes,   23523440 total
[2025-04-09T15:53:21.041+0000][72][trace][gc,age      ] GC(15) - age   6:    1370072 bytes,   24893512 total
[2025-04-09T15:53:21.041+0000][72][trace][gc,age      ] GC(15) - age   7:    2638328 bytes,   27531840 total
[2025-04-09T15:53:21.041+0000][72][trace][gc,age      ] GC(15) - age   8:    2661512 bytes,   30193352 total
[2025-04-09T15:53:21.042+0000][72][trace][gc,age      ] GC(15) - age   9:    1906472 bytes,   32099824 total
[2025-04-09T15:53:21.042+0000][72][trace][gc,age      ] GC(15) - age  10:     356904 bytes,   32456728 total
[2025-04-09T15:53:21.042+0000][72][trace][gc,age      ] GC(15) - age  11:     543976 bytes,   33000704 total
[2025-04-09T15:53:21.043+0000][72][info ][gc,heap     ] GC(15) Eden regions: 106->0(132)
[2025-04-09T15:53:21.043+0000][72][info ][gc,heap     ] GC(15) Survivor regions: 7->9(15)
[2025-04-09T15:53:21.043+0000][72][info ][gc,heap     ] GC(15) Old regions: 4->4
[2025-04-09T15:53:21.043+0000][72][info ][gc,heap     ] GC(15) Humongous regions: 0->0
[2025-04-09T15:53:21.044+0000][72][info ][gc,metaspace] GC(15) Metaspace: 45825K(47168K)->45825K(47168K) NonClass: 40314K(41152K)->40314K(41152K) Class: 5511K(6016K)->5511K(6016K)
[2025-04-09T15:53:21.044+0000][72][info ][gc          ] GC(15) Pause Young (Normal) (G1 Evacuation Pause) 465M->47M(1024M) 20.029ms
[2025-04-09T15:53:21.044+0000][72][info ][gc,cpu      ] GC(15) User=0.07s Sys=0.00s Real=0.02s
[2025-04-09T15:53:21.044+0000][72][info ][safepoint   ] Safepoint "G1CollectForAllocation", Time since last: 790208273 ns, Reaching safepoint: 3245 ns, At safepoint: 20668386 ns, Total: 20671631 ns
[2025-04-09T15:53:21.651+0000][72][info ][gc,start    ] GC(16) Pause Young (Concurrent Start) (Metadata GC Threshold)
[2025-04-09T15:53:21.651+0000][72][info ][gc,task     ] GC(16) Using 4 workers of 4 for evacuation
[2025-04-09T15:53:21.651+0000][72][debug][gc,age      ] GC(16) Desired survivor size 37748736 bytes, new threshold 15 (max threshold 15)
[2025-04-09T15:53:21.660+0000][72][info ][gc,phases   ] GC(16)   Pre Evacuate Collection Set: 0.08ms
[2025-04-09T15:53:21.661+0000][72][info ][gc,phases   ] GC(16)   Merge Heap Roots: 0.03ms
[2025-04-09T15:53:21.661+0000][72][info ][gc,phases   ] GC(16)   Evacuate Collection Set: 7.96ms
[2025-04-09T15:53:21.661+0000][72][info ][gc,phases   ] GC(16)   Post Evacuate Collection Set: 0.89ms
[2025-04-09T15:53:21.661+0000][72][info ][gc,phases   ] GC(16)   Other: 0.65ms
[2025-04-09T15:53:21.661+0000][72][trace][gc,age      ] GC(16) Age table:
[2025-04-09T15:53:21.662+0000][72][trace][gc,age      ] GC(16) - age   1:    3556008 bytes,    3556008 total
[2025-04-09T15:53:21.662+0000][72][trace][gc,age      ] GC(16) - age   2:    7078704 bytes,   10634712 total
[2025-04-09T15:53:21.662+0000][72][trace][gc,age      ] GC(16) - age   3:    6718984 bytes,   17353696 total
[2025-04-09T15:53:21.662+0000][72][trace][gc,age      ] GC(16) - age   4:    3464688 bytes,   20818384 total
[2025-04-09T15:53:21.662+0000][72][trace][gc,age      ] GC(16) - age   5:    4258520 bytes,   25076904 total
[2025-04-09T15:53:21.662+0000][72][trace][gc,age      ] GC(16) - age   6:    1837968 bytes,   26914872 total
[2025-04-09T15:53:21.663+0000][72][trace][gc,age      ] GC(16) - age   7:    1368664 bytes,   28283536 total
[2025-04-09T15:53:21.663+0000][72][trace][gc,age      ] GC(16) - age   8:    2634496 bytes,   30918032 total
[2025-04-09T15:53:21.663+0000][72][trace][gc,age      ] GC(16) - age   9:    2661416 bytes,   33579448 total
[2025-04-09T15:53:21.663+0000][72][trace][gc,age      ] GC(16) - age  10:    1906424 bytes,   35485872 total
[2025-04-09T15:53:21.663+0000][72][trace][gc,age      ] GC(16) - age  11:     356688 bytes,   35842560 total
[2025-04-09T15:53:21.663+0000][72][trace][gc,age      ] GC(16) - age  12:     543976 bytes,   36386536 total
[2025-04-09T15:53:21.664+0000][72][info ][gc,heap     ] GC(16) Eden regions: 45->0(143)
[2025-04-09T15:53:21.664+0000][72][info ][gc,heap     ] GC(16) Survivor regions: 9->10(18)
[2025-04-09T15:53:21.664+0000][72][info ][gc,heap     ] GC(16) Old regions: 4->4
[2025-04-09T15:53:21.664+0000][72][info ][gc,heap     ] GC(16) Humongous regions: 0->0
[2025-04-09T15:53:21.664+0000][72][info ][gc,metaspace] GC(16) Metaspace: 61020K(62656K)->61020K(62656K) NonClass: 53309K(54272K)->53309K(54272K) Class: 7711K(8384K)->7711K(8384K)
[2025-04-09T15:53:21.665+0000][72][info ][gc          ] GC(16) Pause Young (Concurrent Start) (Metadata GC Threshold) 225M->51M(1024M) 14.093ms
[2025-04-09T15:53:21.665+0000][72][info ][gc,cpu      ] GC(16) User=0.04s Sys=0.00s Real=0.02s
[2025-04-09T15:53:21.665+0000][72][info ][gc          ] GC(17) Concurrent Mark Cycle
[2025-04-09T15:53:21.665+0000][72][info ][gc,marking  ] GC(17) Concurrent Scan Root Regions
[2025-04-09T15:53:21.672+0000][72][info ][gc,marking  ] GC(17) Concurrent Scan Root Regions 6.893ms
[2025-04-09T15:53:21.673+0000][72][info ][gc,marking  ] GC(17) Concurrent Mark
[2025-04-09T15:53:21.673+0000][72][info ][gc,marking  ] GC(17) Concurrent Mark From Roots
[2025-04-09T15:53:21.673+0000][72][info ][gc,task     ] GC(17) Using 1 workers of 1 for marking
[2025-04-09T15:53:21.665+0000][72][info ][safepoint   ] Safepoint "CollectForMetadataAllocation", Time since last: 606069384 ns, Reaching safepoint: 2829 ns, At safepoint: 14585347 ns, Total: 14588176 ns
[2025-04-09T15:53:21.681+0000][72][info ][safepoint   ] Safepoint "CollectForMetadataAllocation", Time since last: 15721693 ns, Reaching safepoint: 43266 ns, At safepoint: 32090 ns, Total: 75356 ns
[2025-04-09T15:53:21.684+0000][72][info ][gc,marking  ] GC(17) Concurrent Mark From Roots 11.383ms
[2025-04-09T15:53:21.685+0000][72][info ][gc,marking  ] GC(17) Concurrent Preclean
[2025-04-09T15:53:21.685+0000][72][info ][gc,marking  ] GC(17) Concurrent Preclean 0.276ms
[2025-04-09T15:53:21.685+0000][72][info ][gc,start    ] GC(17) Pause Remark
[2025-04-09T15:53:21.689+0000][72][info ][gc          ] GC(17) Pause Remark 55M->55M(1024M) 3.257ms
[2025-04-09T15:53:21.689+0000][72][info ][gc,cpu      ] GC(17) User=0.01s Sys=0.00s Real=0.00s
[2025-04-09T15:53:21.689+0000][72][info ][safepoint   ] Safepoint "G1PauseRemark", Time since last: 4358919 ns, Reaching safepoint: 79783 ns, At safepoint: 3861508 ns, Total: 3941291 ns
[2025-04-09T15:53:21.690+0000][72][info ][gc,marking  ] GC(17) Concurrent Mark 16.824ms
[2025-04-09T15:53:21.690+0000][72][info ][gc,marking  ] GC(17) Concurrent Rebuild Remembered Sets and Scrub Regions
[2025-04-09T15:53:21.694+0000][72][info ][gc,marking  ] GC(17) Concurrent Rebuild Remembered Sets and Scrub Regions 3.712ms
[2025-04-09T15:53:21.694+0000][72][info ][gc,start    ] GC(17) Pause Cleanup
[2025-04-09T15:53:21.694+0000][72][info ][gc          ] GC(17) Pause Cleanup 55M->55M(1024M) 0.501ms
[2025-04-09T15:53:21.695+0000][72][info ][gc,cpu      ] GC(17) User=0.01s Sys=0.00s Real=0.01s
[2025-04-09T15:53:21.695+0000][72][info ][safepoint   ] Safepoint "G1PauseCleanup", Time since last: 4703289 ns, Reaching safepoint: 85114 ns, At safepoint: 1055675 ns, Total: 1140789 ns
[2025-04-09T15:53:21.695+0000][72][info ][gc,marking  ] GC(17) Concurrent Clear Claimed Marks
[2025-04-09T15:53:21.696+0000][72][info ][gc,marking  ] GC(17) Concurrent Clear Claimed Marks 0.354ms
[2025-04-09T15:53:21.696+0000][72][info ][gc,marking  ] GC(17) Concurrent Cleanup for Next Mark
[2025-04-09T15:53:21.697+0000][72][info ][gc,marking  ] GC(17) Concurrent Cleanup for Next Mark 1.284ms
[2025-04-09T15:53:21.698+0000][72][info ][gc          ] GC(17) Concurrent Mark Cycle 32.865ms
[2025-04-09T15:53:23.085+0000][72][info ][gc,start    ] GC(18) Pause Young (Normal) (G1 Evacuation Pause)
[2025-04-09T15:53:23.086+0000][72][info ][gc,task     ] GC(18) Using 4 workers of 4 for evacuation
[2025-04-09T15:53:23.086+0000][72][debug][gc,age      ] GC(18) Desired survivor size 41943040 bytes, new threshold 15 (max threshold 15)
[2025-04-09T15:53:23.112+0000][72][info ][gc,phases   ] GC(18)   Pre Evacuate Collection Set: 0.10ms
[2025-04-09T15:53:23.112+0000][72][info ][gc,phases   ] GC(18)   Merge Heap Roots: 0.04ms
[2025-04-09T15:53:23.113+0000][72][info ][gc,phases   ] GC(18)   Evacuate Collection Set: 18.01ms
[2025-04-09T15:53:23.113+0000][72][info ][gc,phases   ] GC(18)   Post Evacuate Collection Set: 6.37ms
[2025-04-09T15:53:23.113+0000][72][info ][gc,phases   ] GC(18)   Other: 1.22ms
[2025-04-09T15:53:23.114+0000][72][trace][gc,age      ] GC(18) Age table:
[2025-04-09T15:53:23.114+0000][72][trace][gc,age      ] GC(18) - age   1:   10984840 bytes,   10984840 total
[2025-04-09T15:53:23.115+0000][72][trace][gc,age      ] GC(18) - age   2:    3280104 bytes,   14264944 total
[2025-04-09T15:53:23.115+0000][72][trace][gc,age      ] GC(18) - age   3:    6859320 bytes,   21124264 total
[2025-04-09T15:53:23.115+0000][72][trace][gc,age      ] GC(18) - age   4:    6709600 bytes,   27833864 total
[2025-04-09T15:53:23.116+0000][72][trace][gc,age      ] GC(18) - age   5:    3463056 bytes,   31296920 total
[2025-04-09T15:53:23.116+0000][72][trace][gc,age      ] GC(18) - age   6:    4253144 bytes,   35550064 total
[2025-04-09T15:53:23.116+0000][72][trace][gc,age      ] GC(18) - age   7:    1833184 bytes,   37383248 total
[2025-04-09T15:53:23.117+0000][72][trace][gc,age      ] GC(18) - age   8:    1364720 bytes,   38747968 total
[2025-04-09T15:53:23.117+0000][72][trace][gc,age      ] GC(18) - age   9:    2627032 bytes,   41375000 total
[2025-04-09T15:53:23.117+0000][72][trace][gc,age      ] GC(18) - age  10:    2643088 bytes,   44018088 total
[2025-04-09T15:53:23.118+0000][72][trace][gc,age      ] GC(18) - age  11:    1900184 bytes,   45918272 total
[2025-04-09T15:53:23.118+0000][72][trace][gc,age      ] GC(18) - age  12:     353744 bytes,   46272016 total
[2025-04-09T15:53:23.118+0000][72][trace][gc,age      ] GC(18) - age  13:     542696 bytes,   46814712 total
[2025-04-09T15:53:23.119+0000][72][info ][gc,heap     ] GC(18) Eden regions: 143->0(141)
[2025-04-09T15:53:23.119+0000][72][info ][gc,heap     ] GC(18) Survivor regions: 10->12(20)
[2025-04-09T15:53:23.119+0000][72][info ][gc,heap     ] GC(18) Old regions: 4->4
[2025-04-09T15:53:23.120+0000][72][info ][gc,heap     ] GC(18) Humongous regions: 0->0
[2025-04-09T15:53:23.120+0000][72][info ][gc,metaspace] GC(18) Metaspace: 77258K(79232K)->77258K(79232K) NonClass: 66848K(68032K)->66848K(68032K) Class: 10409K(11200K)->10409K(11200K)
[2025-04-09T15:53:23.120+0000][72][info ][gc          ] GC(18) Pause Young (Normal) (G1 Evacuation Pause) 623M->61M(1024M) 35.121ms
[2025-04-09T15:53:23.120+0000][72][info ][gc,cpu      ] GC(18) User=0.09s Sys=0.01s Real=0.03s
[2025-04-09T15:53:23.121+0000][72][info ][safepoint   ] Safepoint "G1CollectForAllocation", Time since last: 1390116475 ns, Reaching safepoint: 3015 ns, At safepoint: 35567161 ns, Total: 35570176 ns
[2025-04-09T15:53:24.807+0000][72][info ][gc,start    ] GC(19) Pause Young (Concurrent Start) (Metadata GC Threshold)
[2025-04-09T15:53:24.807+0000][72][info ][gc,task     ] GC(19) Using 4 workers of 4 for evacuation
[2025-04-09T15:53:24.807+0000][72][debug][gc,age      ] GC(19) Desired survivor size 41943040 bytes, new threshold 10 (max threshold 15)
[2025-04-09T15:53:24.826+0000][72][info ][gc,phases   ] GC(19)   Pre Evacuate Collection Set: 0.10ms
[2025-04-09T15:53:24.826+0000][72][info ][gc,phases   ] GC(19)   Merge Heap Roots: 0.04ms
[2025-04-09T15:53:24.826+0000][72][info ][gc,phases   ] GC(19)   Evacuate Collection Set: 16.74ms
[2025-04-09T15:53:24.826+0000][72][info ][gc,phases   ] GC(19)   Post Evacuate Collection Set: 1.61ms
[2025-04-09T15:53:24.827+0000][72][info ][gc,phases   ] GC(19)   Other: 0.29ms
[2025-04-09T15:53:24.827+0000][72][trace][gc,age      ] GC(19) Age table:
[2025-04-09T15:53:24.827+0000][72][trace][gc,age      ] GC(19) - age   1:   10091336 bytes,   10091336 total
[2025-04-09T15:53:24.827+0000][72][trace][gc,age      ] GC(19) - age   2:   10526624 bytes,   20617960 total
[2025-04-09T15:53:24.827+0000][72][trace][gc,age      ] GC(19) - age   3:    3248768 bytes,   23866728 total
[2025-04-09T15:53:24.828+0000][72][trace][gc,age      ] GC(19) - age   4:    6737480 bytes,   30604208 total
[2025-04-09T15:53:24.828+0000][72][trace][gc,age      ] GC(19) - age   5:    6689848 bytes,   37294056 total
[2025-04-09T15:53:24.828+0000][72][trace][gc,age      ] GC(19) - age   6:    3457088 bytes,   40751144 total
[2025-04-09T15:53:24.828+0000][72][trace][gc,age      ] GC(19) - age   7:    4236912 bytes,   44988056 total
[2025-04-09T15:53:24.828+0000][72][trace][gc,age      ] GC(19) - age   8:    1828912 bytes,   46816968 total
[2025-04-09T15:53:24.828+0000][72][trace][gc,age      ] GC(19) - age   9:    1361736 bytes,   48178704 total
[2025-04-09T15:53:24.829+0000][72][trace][gc,age      ] GC(19) - age  10:    2623672 bytes,   50802376 total
[2025-04-09T15:53:24.829+0000][72][info ][gc,heap     ] GC(19) Eden regions: 111->0(140)
[2025-04-09T15:53:24.829+0000][72][info ][gc,heap     ] GC(19) Survivor regions: 12->13(20)
[2025-04-09T15:53:24.829+0000][72][info ][gc,heap     ] GC(19) Old regions: 4->5
[2025-04-09T15:53:24.829+0000][72][info ][gc,heap     ] GC(19) Humongous regions: 0->0
[2025-04-09T15:53:24.829+0000][72][info ][gc,metaspace] GC(19) Metaspace: 103171K(105408K)->103171K(105408K) NonClass: 89209K(90496K)->89209K(90496K) Class: 13961K(14912K)->13961K(14912K)
[2025-04-09T15:53:24.829+0000][72][info ][gc          ] GC(19) Pause Young (Concurrent Start) (Metadata GC Threshold) 503M->71M(1024M) 22.591ms
[2025-04-09T15:53:24.829+0000][72][info ][gc,cpu      ] GC(19) User=0.07s Sys=0.00s Real=0.02s
[2025-04-09T15:53:24.829+0000][72][info ][gc          ] GC(20) Concurrent Mark Cycle
[2025-04-09T15:53:24.830+0000][72][info ][safepoint   ] Safepoint "CollectForMetadataAllocation", Time since last: 1685839510 ns, Reaching safepoint: 2783 ns, At safepoint: 22996581 ns, Total: 22999364 ns
[2025-04-09T15:53:24.830+0000][72][info ][gc,marking  ] GC(20) Concurrent Scan Root Regions
[2025-04-09T15:53:24.844+0000][72][info ][safepoint   ] Safepoint "CollectForMetadataAllocation", Time since last: 14436100 ns, Reaching safepoint: 2456 ns, At safepoint: 28985 ns, Total: 31441 ns
[2025-04-09T15:53:24.845+0000][72][info ][gc,marking  ] GC(20) Concurrent Scan Root Regions 15.082ms
[2025-04-09T15:53:24.845+0000][72][info ][gc,marking  ] GC(20) Concurrent Mark
[2025-04-09T15:53:24.845+0000][72][info ][gc,marking  ] GC(20) Concurrent Mark From Roots
[2025-04-09T15:53:24.846+0000][72][info ][gc,task     ] GC(20) Using 1 workers of 1 for marking
[2025-04-09T15:53:24.855+0000][72][info ][safepoint   ] Safepoint "CollectForMetadataAllocation", Time since last: 10622895 ns, Reaching safepoint: 38112 ns, At safepoint: 49400 ns, Total: 87512 ns
[2025-04-09T15:53:24.856+0000][72][info ][gc,marking  ] GC(20) Concurrent Mark From Roots 10.746ms
[2025-04-09T15:53:24.857+0000][72][info ][gc,marking  ] GC(20) Concurrent Preclean
[2025-04-09T15:53:24.857+0000][72][info ][gc,marking  ] GC(20) Concurrent Preclean 0.320ms
[2025-04-09T15:53:24.857+0000][72][info ][gc,start    ] GC(20) Pause Remark
[2025-04-09T15:53:24.863+0000][72][info ][gc          ] GC(20) Pause Remark 82M->82M(1024M) 5.116ms
[2025-04-09T15:53:24.863+0000][72][info ][gc,cpu      ] GC(20) User=0.01s Sys=0.01s Real=0.00s
[2025-04-09T15:53:24.863+0000][72][info ][safepoint   ] Safepoint "G1PauseRemark", Time since last: 2510847 ns, Reaching safepoint: 129376 ns, At safepoint: 5642034 ns, Total: 5771410 ns
[2025-04-09T15:53:24.863+0000][72][info ][gc,marking  ] GC(20) Concurrent Mark 18.188ms
[2025-04-09T15:53:24.864+0000][72][info ][gc,marking  ] GC(20) Concurrent Rebuild Remembered Sets and Scrub Regions
[2025-04-09T15:53:24.869+0000][72][info ][gc,marking  ] GC(20) Concurrent Rebuild Remembered Sets and Scrub Regions 5.654ms
[2025-04-09T15:53:24.870+0000][72][info ][gc,start    ] GC(20) Pause Cleanup
[2025-04-09T15:53:24.870+0000][72][info ][gc          ] GC(20) Pause Cleanup 83M->83M(1024M) 0.153ms
[2025-04-09T15:53:24.870+0000][72][info ][gc,cpu      ] GC(20) User=0.00s Sys=0.00s Real=0.00s
[2025-04-09T15:53:24.870+0000][72][info ][safepoint   ] Safepoint "G1PauseCleanup", Time since last: 6396408 ns, Reaching safepoint: 80957 ns, At safepoint: 403229 ns, Total: 484186 ns
[2025-04-09T15:53:24.870+0000][72][info ][gc,marking  ] GC(20) Concurrent Clear Claimed Marks
[2025-04-09T15:53:24.870+0000][72][info ][gc,marking  ] GC(20) Concurrent Clear Claimed Marks 0.209ms
[2025-04-09T15:53:24.870+0000][72][info ][gc,marking  ] GC(20) Concurrent Cleanup for Next Mark
[2025-04-09T15:53:24.872+0000][72][info ][gc,marking  ] GC(20) Concurrent Cleanup for Next Mark 1.214ms
[2025-04-09T15:53:24.872+0000][72][info ][gc          ] GC(20) Concurrent Mark Cycle 42.346ms
[2025-04-09T15:53:30.696+0000][72][info ][gc,start    ] GC(21) Pause Young (Normal) (G1 Evacuation Pause)
[2025-04-09T15:53:30.697+0000][72][info ][gc,task     ] GC(21) Using 4 workers of 4 for evacuation
[2025-04-09T15:53:30.698+0000][72][debug][gc,age      ] GC(21) Desired survivor size 41943040 bytes, new threshold 7 (max threshold 15)
[2025-04-09T15:53:30.723+0000][72][info ][gc,phases   ] GC(21)   Pre Evacuate Collection Set: 0.19ms
[2025-04-09T15:53:30.724+0000][72][info ][gc,phases   ] GC(21)   Merge Heap Roots: 0.09ms
[2025-04-09T15:53:30.724+0000][72][info ][gc,phases   ] GC(21)   Evacuate Collection Set: 21.80ms
[2025-04-09T15:53:30.725+0000][72][info ][gc,phases   ] GC(21)   Post Evacuate Collection Set: 2.53ms
[2025-04-09T15:53:30.725+0000][72][info ][gc,phases   ] GC(21)   Other: 1.05ms
[2025-04-09T15:53:30.726+0000][72][trace][gc,age      ] GC(21) Age table:
[2025-04-09T15:53:30.726+0000][72][trace][gc,age      ] GC(21) - age   1:   20183640 bytes,   20183640 total
[2025-04-09T15:53:30.726+0000][72][trace][gc,age      ] GC(21) - age   2:    9658312 bytes,   29841952 total
[2025-04-09T15:53:30.727+0000][72][trace][gc,age      ] GC(21) - age   3:   10440504 bytes,   40282456 total
[2025-04-09T15:53:30.727+0000][72][trace][gc,age      ] GC(21) - age   4:    3234440 bytes,   43516896 total
[2025-04-09T15:53:30.729+0000][72][trace][gc,age      ] GC(21) - age   5:    6725592 bytes,   50242488 total
[2025-04-09T15:53:30.729+0000][72][trace][gc,age      ] GC(21) - age   6:    6683072 bytes,   56925560 total
[2025-04-09T15:53:30.729+0000][72][trace][gc,age      ] GC(21) - age   7:    3454456 bytes,   60380016 total
[2025-04-09T15:53:30.729+0000][72][info ][gc,heap     ] GC(21) Eden regions: 140->0(138)
[2025-04-09T15:53:30.730+0000][72][info ][gc,heap     ] GC(21) Survivor regions: 13->15(20)
[2025-04-09T15:53:30.730+0000][72][info ][gc,heap     ] GC(21) Old regions: 5->8
[2025-04-09T15:53:30.730+0000][72][info ][gc,heap     ] GC(21) Humongous regions: 0->0
[2025-04-09T15:53:30.730+0000][72][info ][gc,metaspace] GC(21) Metaspace: 142859K(147008K)->142859K(147008K) NonClass: 122527K(124800K)->122527K(124800K) Class: 20331K(22208K)->20331K(22208K)
[2025-04-09T15:53:30.731+0000][72][info ][gc          ] GC(21) Pause Young (Normal) (G1 Evacuation Pause) 631M->89M(1024M) 34.617ms
[2025-04-09T15:53:30.731+0000][72][info ][gc,cpu      ] GC(21) User=0.10s Sys=0.00s Real=0.03s
[2025-04-09T15:53:30.731+0000][72][info ][safepoint   ] Safepoint "G1CollectForAllocation", Time since last: 5825983923 ns, Reaching safepoint: 25079 ns, At safepoint: 35190987 ns, Total: 35216066 ns
[2025-04-09T15:56:08.310+0000][72][info ][gc,heap,exit] Heap
[2025-04-09T15:56:08.311+0000][72][info ][gc,heap,exit]  garbage-first heap   total reserved 1048576K, committed 1048576K, used 274443K [0x00000000c0000000, 0x0000000100000000)
[2025-04-09T15:56:08.312+0000][72][info ][gc,heap,exit]   region size 4096K, 60 young (245760K), 15 survivors (61440K)
[2025-04-09T15:56:08.313+0000][72][info ][gc,heap,exit]  Metaspace       used 147373K, committed 151616K, reserved 1179648K
[2025-04-09T15:56:08.313+0000][72][info ][gc,heap,exit]   class space    used 21025K, committed 22976K, reserved 1048576K
