[2025-04-09T16:08:00.142+0000][72][info][gc,init] CardTable entry size: 512
[2025-04-09T16:08:00.143+0000][72][info][gc     ] Using G1
[2025-04-09T16:08:00.255+0000][72][info][gc,init] Version: 23+37-2369 (release)
[2025-04-09T16:08:00.255+0000][72][info][gc,init] CPUs: 4 total, 4 available
[2025-04-09T16:08:00.255+0000][72][info][gc,init] Memory: 2048M
[2025-04-09T16:08:00.256+0000][72][info][gc,init] Large Page Support: Disabled
[2025-04-09T16:08:00.256+0000][72][info][gc,init] NUMA Support: Disabled
[2025-04-09T16:08:00.256+0000][72][info][gc,init] Compressed Oops: Enabled (32-bit)
[2025-04-09T16:08:00.256+0000][72][info][gc,init] Heap Region Size: 4M
[2025-04-09T16:08:00.261+0000][72][info][gc,init] Heap Min Capacity: 1G
[2025-04-09T16:08:00.262+0000][72][info][gc,init] Heap Initial Capacity: 1G
[2025-04-09T16:08:00.262+0000][72][info][gc,init] Heap Max Capacity: 1G
[2025-04-09T16:08:00.262+0000][72][info][gc,init] Pre-touch: Enabled
[2025-04-09T16:08:00.262+0000][72][info][gc,init] Parallel Workers: 4
[2025-04-09T16:08:00.263+0000][72][info][gc,init] Concurrent Workers: 1
[2025-04-09T16:08:00.263+0000][72][info][gc,init] Concurrent Refinement Workers: 4
[2025-04-09T16:08:00.263+0000][72][info][gc,init] Periodic GC: Disabled
[2025-04-09T16:08:00.269+0000][72][info][gc,metaspace] CDS archive(s) mapped at: [0x00007f69ae000000-0x00007f69aed8e000-0x00007f69aed8e000), size 14213120, SharedBaseAddress: 0x00007f69ae000000, ArchiveRelocationMode: 1.
[2025-04-09T16:08:00.269+0000][72][info][gc,metaspace] Compressed class space mapped at: 0x00007f69af000000-0x00007f69ef000000, reserved size: 1073741824
[2025-04-09T16:08:00.269+0000][72][info][gc,metaspace] Narrow klass base: 0x00007f69ae000000, Narrow klass shift: 0, Narrow klass range: 0x100000000
[2025-04-09T16:08:00.577+0000][72][info][gc,start    ] GC(0) Pause Young (Normal) (G1 Evacuation Pause)
[2025-04-09T16:08:00.578+0000][72][info][gc,task     ] GC(0) Using 4 workers of 4 for evacuation
[2025-04-09T16:08:00.578+0000][72][debug][gc,age      ] GC(0) Desired survivor size 4194304 bytes, new threshold 15 (max threshold 15)
[2025-04-09T16:08:00.580+0000][72][info ][gc,phases   ] GC(0)   Pre Evacuate Collection Set: 0.12ms
[2025-04-09T16:08:00.581+0000][72][info ][gc,phases   ] GC(0)   Merge Heap Roots: 0.04ms
[2025-04-09T16:08:00.581+0000][72][info ][gc,phases   ] GC(0)   Evacuate Collection Set: 1.45ms
[2025-04-09T16:08:00.581+0000][72][info ][gc,phases   ] GC(0)   Post Evacuate Collection Set: 0.27ms
[2025-04-09T16:08:00.581+0000][72][info ][gc,phases   ] GC(0)   Other: 0.65ms
[2025-04-09T16:08:00.581+0000][72][trace][gc,age      ] GC(0) Age table:
[2025-04-09T16:08:00.582+0000][72][trace][gc,age      ] GC(0) - age   1:    4567256 bytes,    4567256 total
[2025-04-09T16:08:00.582+0000][72][info ][gc,heap     ] GC(0) Eden regions: 12->0(10)
[2025-04-09T16:08:00.582+0000][72][info ][gc,heap     ] GC(0) Survivor regions: 0->2(2)
[2025-04-09T16:08:00.582+0000][72][info ][gc,heap     ] GC(0) Old regions: 1->1
[2025-04-09T16:08:00.583+0000][72][info ][gc,heap     ] GC(0) Humongous regions: 0->0
[2025-04-09T16:08:00.583+0000][72][info ][gc,metaspace] GC(0) Metaspace: 7150K(7424K)->7150K(7424K) NonClass: 6290K(6464K)->6290K(6464K) Class: 859K(960K)->859K(960K)
[2025-04-09T16:08:00.583+0000][72][info ][gc          ] GC(0) Pause Young (Normal) (G1 Evacuation Pause) 49M->5M(1024M) 5.766ms
[2025-04-09T16:08:00.583+0000][72][info ][gc,cpu      ] GC(0) User=0.01s Sys=0.01s Real=0.01s
[2025-04-09T16:08:00.584+0000][72][info ][safepoint   ] Safepoint "G1CollectForAllocation", Time since last: 304959032 ns, Reaching safepoint: 78799 ns, At safepoint: 6917378 ns, Total: 6996177 ns
[2025-04-09T16:08:00.888+0000][72][info ][gc,start    ] GC(1) Pause Young (Normal) (G1 Evacuation Pause)
[2025-04-09T16:08:00.889+0000][72][info ][gc,task     ] GC(1) Using 4 workers of 4 for evacuation
[2025-04-09T16:08:00.889+0000][72][debug][gc,age      ] GC(1) Desired survivor size 4194304 bytes, new threshold 1 (max threshold 15)
[2025-04-09T16:08:00.895+0000][72][info ][gc,phases   ] GC(1)   Pre Evacuate Collection Set: 0.11ms
[2025-04-09T16:08:00.896+0000][72][info ][gc,phases   ] GC(1)   Merge Heap Roots: 0.03ms
[2025-04-09T16:08:00.896+0000][72][info ][gc,phases   ] GC(1)   Evacuate Collection Set: 4.70ms
[2025-04-09T16:08:00.896+0000][72][info ][gc,phases   ] GC(1)   Post Evacuate Collection Set: 0.66ms
[2025-04-09T16:08:00.897+0000][72][info ][gc,phases   ] GC(1)   Other: 0.61ms
[2025-04-09T16:08:00.897+0000][72][trace][gc,age      ] GC(1) Age table:
[2025-04-09T16:08:00.897+0000][72][trace][gc,age      ] GC(1) - age   1:    6157536 bytes,    6157536 total
[2025-04-09T16:08:00.897+0000][72][info ][gc,heap     ] GC(1) Eden regions: 10->0(10)
[2025-04-09T16:08:00.898+0000][72][info ][gc,heap     ] GC(1) Survivor regions: 2->2(2)
[2025-04-09T16:08:00.898+0000][72][info ][gc,heap     ] GC(1) Old regions: 1->3
[2025-04-09T16:08:00.898+0000][72][info ][gc,heap     ] GC(1) Humongous regions: 0->0
[2025-04-09T16:08:00.898+0000][72][info ][gc,metaspace] GC(1) Metaspace: 10757K(11072K)->10757K(11072K) NonClass: 9475K(9664K)->9475K(9664K) Class: 1281K(1408K)->1281K(1408K)
[2025-04-09T16:08:00.899+0000][72][info ][gc          ] GC(1) Pause Young (Normal) (G1 Evacuation Pause) 45M->11M(1024M) 10.526ms
[2025-04-09T16:08:00.899+0000][72][info ][gc,cpu      ] GC(1) User=0.01s Sys=0.00s Real=0.01s
[2025-04-09T16:08:00.899+0000][72][info ][safepoint   ] Safepoint "G1CollectForAllocation", Time since last: 304122774 ns, Reaching safepoint: 77261 ns, At safepoint: 11132587 ns, Total: 11209848 ns
[2025-04-09T16:08:01.399+0000][72][info ][gc,start    ] GC(2) Pause Young (Normal) (G1 Evacuation Pause)
[2025-04-09T16:08:01.399+0000][72][info ][gc,task     ] GC(2) Using 4 workers of 4 for evacuation
[2025-04-09T16:08:01.400+0000][72][debug][gc,age      ] GC(2) Desired survivor size 4194304 bytes, new threshold 1 (max threshold 15)
[2025-04-09T16:08:01.404+0000][72][info ][gc,phases   ] GC(2)   Pre Evacuate Collection Set: 0.09ms
[2025-04-09T16:08:01.404+0000][72][info ][gc,phases   ] GC(2)   Merge Heap Roots: 0.03ms
[2025-04-09T16:08:01.404+0000][72][info ][gc,phases   ] GC(2)   Evacuate Collection Set: 3.21ms
[2025-04-09T16:08:01.405+0000][72][info ][gc,phases   ] GC(2)   Post Evacuate Collection Set: 0.34ms
[2025-04-09T16:08:01.405+0000][72][info ][gc,phases   ] GC(2)   Other: 0.45ms
[2025-04-09T16:08:01.405+0000][72][trace][gc,age      ] GC(2) Age table:
[2025-04-09T16:08:01.405+0000][72][trace][gc,age      ] GC(2) - age   1:    2194088 bytes,    2194088 total
[2025-04-09T16:08:01.405+0000][72][info ][gc,heap     ] GC(2) Eden regions: 10->0(16)
[2025-04-09T16:08:01.406+0000][72][info ][gc,heap     ] GC(2) Survivor regions: 2->1(2)
[2025-04-09T16:08:01.406+0000][72][info ][gc,heap     ] GC(2) Old regions: 3->4
[2025-04-09T16:08:01.406+0000][72][info ][gc,heap     ] GC(2) Humongous regions: 0->0
[2025-04-09T16:08:01.406+0000][72][info ][gc,metaspace] GC(2) Metaspace: 18289K(19072K)->18289K(19072K) NonClass: 16213K(16704K)->16213K(16704K) Class: 2075K(2368K)->2075K(2368K)
[2025-04-09T16:08:01.406+0000][72][info ][gc          ] GC(2) Pause Young (Normal) (G1 Evacuation Pause) 51M->14M(1024M) 7.115ms
[2025-04-09T16:08:01.406+0000][72][info ][gc,cpu      ] GC(2) User=0.02s Sys=0.00s Real=0.01s
[2025-04-09T16:08:01.407+0000][72][info ][safepoint   ] Safepoint "G1CollectForAllocation", Time since last: 499692288 ns, Reaching safepoint: 2472 ns, At safepoint: 7465742 ns, Total: 7468214 ns
[2025-04-09T16:08:01.617+0000][72][info ][gc,start    ] GC(3) Pause Young (Normal) (G1 Evacuation Pause)
[2025-04-09T16:08:01.618+0000][72][info ][gc,task     ] GC(3) Using 4 workers of 4 for evacuation
[2025-04-09T16:08:01.618+0000][72][debug][gc,age      ] GC(3) Desired survivor size 6291456 bytes, new threshold 15 (max threshold 15)
[2025-04-09T16:08:01.620+0000][72][info ][gc,phases   ] GC(3)   Pre Evacuate Collection Set: 0.17ms
[2025-04-09T16:08:01.621+0000][72][info ][gc,phases   ] GC(3)   Merge Heap Roots: 0.03ms
[2025-04-09T16:08:01.621+0000][72][info ][gc,phases   ] GC(3)   Evacuate Collection Set: 1.19ms
[2025-04-09T16:08:01.621+0000][72][info ][gc,phases   ] GC(3)   Post Evacuate Collection Set: 0.24ms
[2025-04-09T16:08:01.622+0000][72][info ][gc,phases   ] GC(3)   Other: 0.83ms
[2025-04-09T16:08:01.622+0000][72][trace][gc,age      ] GC(3) Age table:
[2025-04-09T16:08:01.623+0000][72][trace][gc,age      ] GC(3) - age   1:     607016 bytes,     607016 total
[2025-04-09T16:08:01.623+0000][72][trace][gc,age      ] GC(3) - age   2:    2091440 bytes,    2698456 total
[2025-04-09T16:08:01.624+0000][72][info ][gc,heap     ] GC(3) Eden regions: 16->0(18)
[2025-04-09T16:08:01.624+0000][72][info ][gc,heap     ] GC(3) Survivor regions: 1->1(3)
[2025-04-09T16:08:01.624+0000][72][info ][gc,heap     ] GC(3) Old regions: 4->4
[2025-04-09T16:08:01.625+0000][72][info ][gc,heap     ] GC(3) Humongous regions: 0->0
[2025-04-09T16:08:01.625+0000][72][info ][gc,metaspace] GC(3) Metaspace: 18915K(19712K)->18915K(19712K) NonClass: 16766K(17216K)->16766K(17216K) Class: 2148K(2496K)->2148K(2496K)
[2025-04-09T16:08:01.625+0000][72][info ][gc          ] GC(3) Pause Young (Normal) (G1 Evacuation Pause) 78M->15M(1024M) 7.956ms
[2025-04-09T16:08:01.626+0000][72][info ][gc,cpu      ] GC(3) User=0.01s Sys=0.00s Real=0.01s
[2025-04-09T16:08:01.626+0000][72][info ][safepoint   ] Safepoint "G1CollectForAllocation", Time since last: 210861253 ns, Reaching safepoint: 2549 ns, At safepoint: 8558042 ns, Total: 8560591 ns
[2025-04-09T16:08:01.762+0000][72][info ][gc,start    ] GC(4) Pause Young (Concurrent Start) (Metadata GC Threshold)
[2025-04-09T16:08:01.763+0000][72][info ][gc,task     ] GC(4) Using 4 workers of 4 for evacuation
[2025-04-09T16:08:01.764+0000][72][debug][gc,age      ] GC(4) Desired survivor size 6291456 bytes, new threshold 15 (max threshold 15)
[2025-04-09T16:08:01.767+0000][72][info ][gc,phases   ] GC(4)   Pre Evacuate Collection Set: 0.16ms
[2025-04-09T16:08:01.768+0000][72][info ][gc,phases   ] GC(4)   Merge Heap Roots: 0.03ms
[2025-04-09T16:08:01.768+0000][72][info ][gc,phases   ] GC(4)   Evacuate Collection Set: 2.01ms
[2025-04-09T16:08:01.769+0000][72][info ][gc,phases   ] GC(4)   Post Evacuate Collection Set: 0.90ms
[2025-04-09T16:08:01.769+0000][72][info ][gc,phases   ] GC(4)   Other: 1.47ms
[2025-04-09T16:08:01.770+0000][72][trace][gc,age      ] GC(4) Age table:
[2025-04-09T16:08:01.770+0000][72][trace][gc,age      ] GC(4) - age   1:    1152208 bytes,    1152208 total
[2025-04-09T16:08:01.771+0000][72][trace][gc,age      ] GC(4) - age   2:     549504 bytes,    1701712 total
[2025-04-09T16:08:01.771+0000][72][trace][gc,age      ] GC(4) - age   3:    2077456 bytes,    3779168 total
[2025-04-09T16:08:01.771+0000][72][info ][gc,heap     ] GC(4) Eden regions: 9->0(29)
[2025-04-09T16:08:01.771+0000][72][info ][gc,heap     ] GC(4) Survivor regions: 1->1(3)
[2025-04-09T16:08:01.773+0000][72][info ][gc,heap     ] GC(4) Old regions: 4->5
[2025-04-09T16:08:01.773+0000][72][info ][gc,heap     ] GC(4) Humongous regions: 0->0
[2025-04-09T16:08:01.774+0000][72][info ][gc,metaspace] GC(4) Metaspace: 20681K(21504K)->20681K(21504K) NonClass: 18338K(18816K)->18338K(18816K) Class: 2342K(2688K)->2342K(2688K)
[2025-04-09T16:08:01.774+0000][72][info ][gc          ] GC(4) Pause Young (Concurrent Start) (Metadata GC Threshold) (Evacuation Failure: Pinned) 49M->18M(1024M) 11.584ms
[2025-04-09T16:08:01.774+0000][72][info ][gc          ] GC(5) Concurrent Mark Cycle
[2025-04-09T16:08:01.775+0000][72][info ][gc,marking  ] GC(5) Concurrent Scan Root Regions
[2025-04-09T16:08:01.774+0000][72][info ][gc,cpu      ] GC(4) User=0.03s Sys=0.01s Real=0.02s
[2025-04-09T16:08:01.775+0000][72][info ][safepoint   ] Safepoint "CollectForMetadataAllocation", Time since last: 136220346 ns, Reaching safepoint: 2214 ns, At safepoint: 13030811 ns, Total: 13033025 ns
[2025-04-09T16:08:01.776+0000][72][info ][gc,marking  ] GC(5) Concurrent Scan Root Regions 1.706ms
[2025-04-09T16:08:01.780+0000][72][info ][gc,marking  ] GC(5) Concurrent Mark
[2025-04-09T16:08:01.781+0000][72][info ][gc,marking  ] GC(5) Concurrent Mark From Roots
[2025-04-09T16:08:01.781+0000][72][info ][gc,task     ] GC(5) Using 1 workers of 1 for marking
[2025-04-09T16:08:01.790+0000][72][info ][safepoint   ] Safepoint "CollectForMetadataAllocation", Time since last: 14220707 ns, Reaching safepoint: 10454 ns, At safepoint: 55122 ns, Total: 65576 ns
[2025-04-09T16:08:01.790+0000][72][info ][gc,marking  ] GC(5) Concurrent Mark From Roots 9.471ms
[2025-04-09T16:08:01.791+0000][72][info ][gc,marking  ] GC(5) Concurrent Preclean
[2025-04-09T16:08:01.791+0000][72][info ][gc,marking  ] GC(5) Concurrent Preclean 0.367ms
[2025-04-09T16:08:01.791+0000][72][info ][gc,start    ] GC(5) Pause Remark
[2025-04-09T16:08:01.796+0000][72][info ][gc          ] GC(5) Pause Remark 21M->21M(1024M) 4.877ms
[2025-04-09T16:08:01.797+0000][72][info ][gc,cpu      ] GC(5) User=0.03s Sys=0.00s Real=0.01s
[2025-04-09T16:08:01.797+0000][72][info ][safepoint   ] Safepoint "G1PauseRemark", Time since last: 1716864 ns, Reaching safepoint: 74611 ns, At safepoint: 5623373 ns, Total: 5697984 ns
[2025-04-09T16:08:01.797+0000][72][info ][gc,marking  ] GC(5) Concurrent Mark 17.336ms
[2025-04-09T16:08:01.798+0000][72][info ][gc,marking  ] GC(5) Concurrent Rebuild Remembered Sets and Scrub Regions
[2025-04-09T16:08:01.802+0000][72][info ][gc,marking  ] GC(5) Concurrent Rebuild Remembered Sets and Scrub Regions 4.021ms
[2025-04-09T16:08:01.802+0000][72][info ][gc,start    ] GC(5) Pause Cleanup
[2025-04-09T16:08:01.803+0000][72][info ][gc          ] GC(5) Pause Cleanup 21M->21M(1024M) 0.387ms
[2025-04-09T16:08:01.803+0000][72][info ][gc,cpu      ] GC(5) User=0.01s Sys=0.00s Real=0.00s
[2025-04-09T16:08:01.804+0000][72][info ][safepoint   ] Safepoint "G1PauseCleanup", Time since last: 5054429 ns, Reaching safepoint: 318501 ns, At safepoint: 1284313 ns, Total: 1602814 ns
[2025-04-09T16:08:01.804+0000][72][info ][gc,marking  ] GC(5) Concurrent Clear Claimed Marks
[2025-04-09T16:08:01.805+0000][72][info ][gc,marking  ] GC(5) Concurrent Clear Claimed Marks 0.522ms
[2025-04-09T16:08:01.805+0000][72][info ][gc,marking  ] GC(5) Concurrent Cleanup for Next Mark
[2025-04-09T16:08:01.806+0000][72][info ][gc,marking  ] GC(5) Concurrent Cleanup for Next Mark 1.400ms
[2025-04-09T16:08:01.807+0000][72][info ][gc          ] GC(5) Concurrent Mark Cycle 32.557ms
[2025-04-09T16:08:02.037+0000][72][info ][gc,start    ] GC(6) Pause Young (Prepare Mixed) (G1 Evacuation Pause)
[2025-04-09T16:08:02.038+0000][72][info ][gc,task     ] GC(6) Using 4 workers of 4 for evacuation
[2025-04-09T16:08:02.038+0000][72][debug][gc,age      ] GC(6) Desired survivor size 8388608 bytes, new threshold 15 (max threshold 15)
[2025-04-09T16:08:02.043+0000][72][info ][gc,phases   ] GC(6)   Pre Evacuate Collection Set: 0.16ms
[2025-04-09T16:08:02.043+0000][72][info ][gc,phases   ] GC(6)   Merge Heap Roots: 0.04ms
[2025-04-09T16:08:02.044+0000][72][info ][gc,phases   ] GC(6)   Evacuate Collection Set: 3.14ms
[2025-04-09T16:08:02.044+0000][72][info ][gc,phases   ] GC(6)   Post Evacuate Collection Set: 0.51ms
[2025-04-09T16:08:02.045+0000][72][info ][gc,phases   ] GC(6)   Other: 0.89ms
[2025-04-09T16:08:02.045+0000][72][trace][gc,age      ] GC(6) Age table:
[2025-04-09T16:08:02.046+0000][72][trace][gc,age      ] GC(6) - age   1:    2645984 bytes,    2645984 total
[2025-04-09T16:08:02.046+0000][72][trace][gc,age      ] GC(6) - age   2:     340504 bytes,    2986488 total
[2025-04-09T16:08:02.047+0000][72][trace][gc,age      ] GC(6) - age   3:     549376 bytes,    3535864 total
[2025-04-09T16:08:02.047+0000][72][trace][gc,age      ] GC(6) - age   4:    2074560 bytes,    5610424 total
[2025-04-09T16:08:02.048+0000][72][info ][gc,heap     ] GC(6) Eden regions: 24->0(25)
[2025-04-09T16:08:02.048+0000][72][info ][gc,heap     ] GC(6) Survivor regions: 1->2(4)
[2025-04-09T16:08:02.049+0000][72][info ][gc,heap     ] GC(6) Old regions: 5->4
[2025-04-09T16:08:02.049+0000][72][info ][gc,heap     ] GC(6) Humongous regions: 0->0
[2025-04-09T16:08:02.050+0000][72][info ][gc,metaspace] GC(6) Metaspace: 23460K(24320K)->23460K(24320K) NonClass: 20805K(21312K)->20805K(21312K) Class: 2654K(3008K)->2654K(3008K)
[2025-04-09T16:08:02.050+0000][72][info ][gc          ] GC(6) Pause Young (Prepare Mixed) (G1 Evacuation Pause) 114M->17M(1024M) 13.196ms
[2025-04-09T16:08:02.051+0000][72][info ][gc,cpu      ] GC(6) User=0.02s Sys=0.00s Real=0.01s
[2025-04-09T16:08:02.052+0000][72][info ][safepoint   ] Safepoint "G1CollectForAllocation", Time since last: 233484147 ns, Reaching safepoint: 84730 ns, At safepoint: 14446988 ns, Total: 14531718 ns
[2025-04-09T16:08:02.342+0000][72][info ][gc,start    ] GC(7) Pause Young (Mixed) (G1 Evacuation Pause)
[2025-04-09T16:08:02.344+0000][72][info ][gc,task     ] GC(7) Using 4 workers of 4 for evacuation
[2025-04-09T16:08:02.344+0000][72][debug][gc,age      ] GC(7) Desired survivor size 8388608 bytes, new threshold 15 (max threshold 15)
[2025-04-09T16:08:02.350+0000][72][info ][gc,phases   ] GC(7)   Pre Evacuate Collection Set: 0.13ms
[2025-04-09T16:08:02.350+0000][72][info ][gc,phases   ] GC(7)   Merge Heap Roots: 0.07ms
[2025-04-09T16:08:02.351+0000][72][info ][gc,phases   ] GC(7)   Evacuate Collection Set: 4.55ms
[2025-04-09T16:08:02.351+0000][72][info ][gc,phases   ] GC(7)   Post Evacuate Collection Set: 0.98ms
[2025-04-09T16:08:02.351+0000][72][info ][gc,phases   ] GC(7)   Other: 0.55ms
[2025-04-09T16:08:02.352+0000][72][trace][gc,age      ] GC(7) Age table:
[2025-04-09T16:08:02.352+0000][72][trace][gc,age      ] GC(7) - age   1:    4555592 bytes,    4555592 total
[2025-04-09T16:08:02.352+0000][72][trace][gc,age      ] GC(7) - age   2:    2116560 bytes,    6672152 total
[2025-04-09T16:08:02.353+0000][72][trace][gc,age      ] GC(7) - age   3:     336736 bytes,    7008888 total
[2025-04-09T16:08:02.353+0000][72][trace][gc,age      ] GC(7) - age   4:     549376 bytes,    7558264 total
[2025-04-09T16:08:02.353+0000][72][trace][gc,age      ] GC(7) - age   5:    2074416 bytes,    9632680 total
[2025-04-09T16:08:02.353+0000][72][info ][gc,heap     ] GC(7) Eden regions: 24->0(34)
[2025-04-09T16:08:02.353+0000][72][info ][gc,heap     ] GC(7) Survivor regions: 2->3(4)
[2025-04-09T16:08:02.354+0000][72][info ][gc,heap     ] GC(7) Old regions: 4->4
[2025-04-09T16:08:02.354+0000][72][info ][gc,heap     ] GC(7) Humongous regions: 0->0
[2025-04-09T16:08:02.354+0000][72][info ][gc,metaspace] GC(7) Metaspace: 28750K(29696K)->28750K(29696K) NonClass: 25515K(26048K)->25515K(26048K) Class: 3234K(3648K)->3234K(3648K)
[2025-04-09T16:08:02.354+0000][72][info ][gc          ] GC(7) Pause Young (Mixed) (G1 Evacuation Pause) 113M->21M(1024M) 11.618ms
[2025-04-09T16:08:02.354+0000][72][info ][gc,cpu      ] GC(7) User=0.01s Sys=0.00s Real=0.01s
[2025-04-09T16:08:02.354+0000][72][info ][safepoint   ] Safepoint "G1CollectForAllocation", Time since last: 290652798 ns, Reaching safepoint: 85816 ns, At safepoint: 12078546 ns, Total: 12164362 ns
[2025-04-09T16:08:02.595+0000][72][info ][gc,start    ] GC(8) Pause Young (Normal) (G1 Evacuation Pause)
[2025-04-09T16:08:02.595+0000][72][info ][gc,task     ] GC(8) Using 4 workers of 4 for evacuation
[2025-04-09T16:08:02.596+0000][72][debug][gc,age      ] GC(8) Desired survivor size 10485760 bytes, new threshold 15 (max threshold 15)
[2025-04-09T16:08:02.601+0000][72][info ][gc,phases   ] GC(8)   Pre Evacuate Collection Set: 0.14ms
[2025-04-09T16:08:02.601+0000][72][info ][gc,phases   ] GC(8)   Merge Heap Roots: 0.05ms
[2025-04-09T16:08:02.602+0000][72][info ][gc,phases   ] GC(8)   Evacuate Collection Set: 3.44ms
[2025-04-09T16:08:02.603+0000][72][info ][gc,phases   ] GC(8)   Post Evacuate Collection Set: 0.37ms
[2025-04-09T16:08:02.603+0000][72][info ][gc,phases   ] GC(8)   Other: 1.70ms
[2025-04-09T16:08:02.603+0000][72][trace][gc,age      ] GC(8) Age table:
[2025-04-09T16:08:02.603+0000][72][trace][gc,age      ] GC(8) - age   1:    3669016 bytes,    3669016 total
[2025-04-09T16:08:02.604+0000][72][trace][gc,age      ] GC(8) - age   2:    2669128 bytes,    6338144 total
[2025-04-09T16:08:02.604+0000][72][trace][gc,age      ] GC(8) - age   3:    2113512 bytes,    8451656 total
[2025-04-09T16:08:02.604+0000][72][trace][gc,age      ] GC(8) - age   4:     336736 bytes,    8788392 total
[2025-04-09T16:08:02.604+0000][72][trace][gc,age      ] GC(8) - age   5:     547696 bytes,    9336088 total
[2025-04-09T16:08:02.604+0000][72][trace][gc,age      ] GC(8) - age   6:    2073600 bytes,   11409688 total
[2025-04-09T16:08:02.604+0000][72][info ][gc,heap     ] GC(8) Eden regions: 34->0(36)
[2025-04-09T16:08:02.604+0000][72][info ][gc,heap     ] GC(8) Survivor regions: 3->3(5)
[2025-04-09T16:08:02.605+0000][72][info ][gc,heap     ] GC(8) Old regions: 4->4
[2025-04-09T16:08:02.605+0000][72][info ][gc,heap     ] GC(8) Humongous regions: 0->0
[2025-04-09T16:08:02.605+0000][72][info ][gc,metaspace] GC(8) Metaspace: 29807K(30784K)->29807K(30784K) NonClass: 26397K(26944K)->26397K(26944K) Class: 3410K(3840K)->3410K(3840K)
[2025-04-09T16:08:02.605+0000][72][info ][gc          ] GC(8) Pause Young (Normal) (G1 Evacuation Pause) 157M->23M(1024M) 9.855ms
[2025-04-09T16:08:02.605+0000][72][info ][gc,cpu      ] GC(8) User=0.01s Sys=0.01s Real=0.01s
[2025-04-09T16:08:02.605+0000][72][info ][safepoint   ] Safepoint "G1CollectForAllocation", Time since last: 240668627 ns, Reaching safepoint: 2617 ns, At safepoint: 10221249 ns, Total: 10223866 ns
[2025-04-09T16:08:02.749+0000][72][info ][gc,start    ] GC(9) Pause Young (Normal) (G1 Evacuation Pause)
[2025-04-09T16:08:02.749+0000][72][info ][gc,task     ] GC(9) Using 4 workers of 4 for evacuation
[2025-04-09T16:08:02.749+0000][72][debug][gc,age      ] GC(9) Desired survivor size 10485760 bytes, new threshold 6 (max threshold 15)
[2025-04-09T16:08:02.754+0000][72][info ][gc,phases   ] GC(9)   Pre Evacuate Collection Set: 0.21ms
[2025-04-09T16:08:02.754+0000][72][info ][gc,phases   ] GC(9)   Merge Heap Roots: 0.05ms
[2025-04-09T16:08:02.755+0000][72][info ][gc,phases   ] GC(9)   Evacuate Collection Set: 3.24ms
[2025-04-09T16:08:02.756+0000][72][info ][gc,phases   ] GC(9)   Post Evacuate Collection Set: 0.37ms
[2025-04-09T16:08:02.757+0000][72][info ][gc,phases   ] GC(9)   Other: 1.31ms
[2025-04-09T16:08:02.757+0000][72][trace][gc,age      ] GC(9) Age table:
[2025-04-09T16:08:02.759+0000][72][trace][gc,age      ] GC(9) - age   1:    2163552 bytes,    2163552 total
[2025-04-09T16:08:02.759+0000][72][trace][gc,age      ] GC(9) - age   2:    2661312 bytes,    4824864 total
[2025-04-09T16:08:02.760+0000][72][trace][gc,age      ] GC(9) - age   3:    2669064 bytes,    7493928 total
[2025-04-09T16:08:02.761+0000][72][trace][gc,age      ] GC(9) - age   4:    2113208 bytes,    9607136 total
[2025-04-09T16:08:02.761+0000][72][trace][gc,age      ] GC(9) - age   5:     336736 bytes,    9943872 total
[2025-04-09T16:08:02.761+0000][72][trace][gc,age      ] GC(9) - age   6:     547696 bytes,   10491568 total
[2025-04-09T16:08:02.761+0000][72][info ][gc,heap     ] GC(9) Eden regions: 36->0(48)
[2025-04-09T16:08:02.761+0000][72][info ][gc,heap     ] GC(9) Survivor regions: 3->3(5)
[2025-04-09T16:08:02.762+0000][72][info ][gc,heap     ] GC(9) Old regions: 4->4
[2025-04-09T16:08:02.762+0000][72][info ][gc,heap     ] GC(9) Humongous regions: 0->0
[2025-04-09T16:08:02.762+0000][72][info ][gc,metaspace] GC(9) Metaspace: 30134K(31168K)->30134K(31168K) NonClass: 26688K(27264K)->26688K(27264K) Class: 3445K(3904K)->3445K(3904K)
[2025-04-09T16:08:02.762+0000][72][info ][gc          ] GC(9) Pause Young (Normal) (G1 Evacuation Pause) 167M->25M(1024M) 13.486ms
[2025-04-09T16:08:02.762+0000][72][info ][gc,cpu      ] GC(9) User=0.02s Sys=0.00s Real=0.02s
[2025-04-09T16:08:02.763+0000][72][info ][safepoint   ] Safepoint "G1CollectForAllocation", Time since last: 143307855 ns, Reaching safepoint: 2566 ns, At safepoint: 13971784 ns, Total: 13974350 ns
[2025-04-09T16:08:02.954+0000][72][info ][gc,start    ] GC(10) Pause Young (Normal) (G1 Evacuation Pause)
[2025-04-09T16:08:02.954+0000][72][info ][gc,task     ] GC(10) Using 4 workers of 4 for evacuation
[2025-04-09T16:08:02.955+0000][72][debug][gc,age      ] GC(10) Desired survivor size 14680064 bytes, new threshold 15 (max threshold 15)
[2025-04-09T16:08:02.958+0000][72][info ][gc,phases   ] GC(10)   Pre Evacuate Collection Set: 0.09ms
[2025-04-09T16:08:02.958+0000][72][info ][gc,phases   ] GC(10)   Merge Heap Roots: 0.05ms
[2025-04-09T16:08:02.959+0000][72][info ][gc,phases   ] GC(10)   Evacuate Collection Set: 2.47ms
[2025-04-09T16:08:02.959+0000][72][info ][gc,phases   ] GC(10)   Post Evacuate Collection Set: 0.37ms
[2025-04-09T16:08:02.960+0000][72][info ][gc,phases   ] GC(10)   Other: 0.85ms
[2025-04-09T16:08:02.960+0000][72][trace][gc,age      ] GC(10) Age table:
[2025-04-09T16:08:02.960+0000][72][trace][gc,age      ] GC(10) - age   1:    2359712 bytes,    2359712 total
[2025-04-09T16:08:02.961+0000][72][trace][gc,age      ] GC(10) - age   2:    1384648 bytes,    3744360 total
[2025-04-09T16:08:02.961+0000][72][trace][gc,age      ] GC(10) - age   3:    2660896 bytes,    6405256 total
[2025-04-09T16:08:02.961+0000][72][trace][gc,age      ] GC(10) - age   4:    2668744 bytes,    9074000 total
[2025-04-09T16:08:02.961+0000][72][trace][gc,age      ] GC(10) - age   5:    2113056 bytes,   11187056 total
[2025-04-09T16:08:02.961+0000][72][trace][gc,age      ] GC(10) - age   6:     336736 bytes,   11523792 total
[2025-04-09T16:08:02.962+0000][72][trace][gc,age      ] GC(10) - age   7:     547696 bytes,   12071488 total
[2025-04-09T16:08:02.962+0000][72][info ][gc,heap     ] GC(10) Eden regions: 48->0(58)
[2025-04-09T16:08:02.962+0000][72][info ][gc,heap     ] GC(10) Survivor regions: 3->4(7)
[2025-04-09T16:08:02.962+0000][72][info ][gc,heap     ] GC(10) Old regions: 4->4
[2025-04-09T16:08:02.962+0000][72][info ][gc,heap     ] GC(10) Humongous regions: 0->0
[2025-04-09T16:08:02.962+0000][72][info ][gc,metaspace] GC(10) Metaspace: 30654K(31680K)->30654K(31680K) NonClass: 27142K(27712K)->27142K(27712K) Class: 3512K(3968K)->3512K(3968K)
[2025-04-09T16:08:02.963+0000][72][info ][gc          ] GC(10) Pause Young (Normal) (G1 Evacuation Pause) 217M->27M(1024M) 8.864ms
[2025-04-09T16:08:02.963+0000][72][info ][gc,cpu      ] GC(10) User=0.01s Sys=0.00s Real=0.01s
[2025-04-09T16:08:02.963+0000][72][info ][safepoint   ] Safepoint "G1CollectForAllocation", Time since last: 191202391 ns, Reaching safepoint: 2603 ns, At safepoint: 9116875 ns, Total: 9119478 ns
[2025-04-09T16:08:03.386+0000][72][info ][gc,start    ] GC(11) Pause Young (Concurrent Start) (Metadata GC Threshold)
[2025-04-09T16:08:03.386+0000][72][info ][gc,task     ] GC(11) Using 4 workers of 4 for evacuation
[2025-04-09T16:08:03.386+0000][72][debug][gc,age      ] GC(11) Desired survivor size 16777216 bytes, new threshold 15 (max threshold 15)
[2025-04-09T16:08:03.391+0000][72][info ][gc,phases   ] GC(11)   Pre Evacuate Collection Set: 0.12ms
[2025-04-09T16:08:03.391+0000][72][info ][gc,phases   ] GC(11)   Merge Heap Roots: 0.04ms
[2025-04-09T16:08:03.392+0000][72][info ][gc,phases   ] GC(11)   Evacuate Collection Set: 3.60ms
[2025-04-09T16:08:03.392+0000][72][info ][gc,phases   ] GC(11)   Post Evacuate Collection Set: 0.36ms
[2025-04-09T16:08:03.392+0000][72][info ][gc,phases   ] GC(11)   Other: 0.60ms
[2025-04-09T16:08:03.392+0000][72][trace][gc,age      ] GC(11) Age table:
[2025-04-09T16:08:03.392+0000][72][trace][gc,age      ] GC(11) - age   1:    4282376 bytes,    4282376 total
[2025-04-09T16:08:03.393+0000][72][trace][gc,age      ] GC(11) - age   2:    1842504 bytes,    6124880 total
[2025-04-09T16:08:03.393+0000][72][trace][gc,age      ] GC(11) - age   3:    1384616 bytes,    7509496 total
[2025-04-09T16:08:03.394+0000][72][trace][gc,age      ] GC(11) - age   4:    2654800 bytes,   10164296 total
[2025-04-09T16:08:03.396+0000][72][trace][gc,age      ] GC(11) - age   5:    2668440 bytes,   12832736 total
[2025-04-09T16:08:03.396+0000][72][trace][gc,age      ] GC(11) - age   6:    2111856 bytes,   14944592 total
[2025-04-09T16:08:03.396+0000][72][trace][gc,age      ] GC(11) - age   7:     336736 bytes,   15281328 total
[2025-04-09T16:08:03.396+0000][72][trace][gc,age      ] GC(11) - age   8:     547696 bytes,   15829024 total
[2025-04-09T16:08:03.397+0000][72][info ][gc,heap     ] GC(11) Eden regions: 55->0(72)
[2025-04-09T16:08:03.397+0000][72][info ][gc,heap     ] GC(11) Survivor regions: 4->5(8)
[2025-04-09T16:08:03.397+0000][72][info ][gc,heap     ] GC(11) Old regions: 4->4
[2025-04-09T16:08:03.397+0000][72][info ][gc,heap     ] GC(11) Humongous regions: 0->0
[2025-04-09T16:08:03.397+0000][72][info ][gc,metaspace] GC(11) Metaspace: 35480K(36480K)->35480K(36480K) NonClass: 31458K(32064K)->31458K(32064K) Class: 4022K(4416K)->4022K(4416K)
[2025-04-09T16:08:03.397+0000][72][info ][gc          ] GC(11) Pause Young (Concurrent Start) (Metadata GC Threshold) 247M->31M(1024M) 11.477ms
[2025-04-09T16:08:03.398+0000][72][info ][gc,cpu      ] GC(11) User=0.03s Sys=0.00s Real=0.01s
[2025-04-09T16:08:03.398+0000][72][info ][gc          ] GC(12) Concurrent Mark Cycle
[2025-04-09T16:08:03.398+0000][72][info ][gc,marking  ] GC(12) Concurrent Scan Root Regions
[2025-04-09T16:08:03.398+0000][72][info ][safepoint   ] Safepoint "CollectForMetadataAllocation", Time since last: 422949322 ns, Reaching safepoint: 2256 ns, At safepoint: 11854716 ns, Total: 11856972 ns
[2025-04-09T16:08:03.401+0000][72][info ][gc,marking  ] GC(12) Concurrent Scan Root Regions 3.363ms
[2025-04-09T16:08:03.402+0000][72][info ][gc,marking  ] GC(12) Concurrent Mark
[2025-04-09T16:08:03.402+0000][72][info ][gc,marking  ] GC(12) Concurrent Mark From Roots
[2025-04-09T16:08:03.402+0000][72][info ][gc,task     ] GC(12) Using 1 workers of 1 for marking
[2025-04-09T16:08:03.410+0000][72][info ][safepoint   ] Safepoint "CollectForMetadataAllocation", Time since last: 12311770 ns, Reaching safepoint: 66661 ns, At safepoint: 47690 ns, Total: 114351 ns
[2025-04-09T16:08:03.413+0000][72][info ][gc,marking  ] GC(12) Concurrent Mark From Roots 10.676ms
[2025-04-09T16:08:03.413+0000][72][info ][gc,marking  ] GC(12) Concurrent Preclean
[2025-04-09T16:08:03.413+0000][72][info ][gc,marking  ] GC(12) Concurrent Preclean 0.252ms
[2025-04-09T16:08:03.413+0000][72][info ][gc,start    ] GC(12) Pause Remark
[2025-04-09T16:08:03.417+0000][72][info ][gc          ] GC(12) Pause Remark 35M->35M(1024M) 3.212ms
[2025-04-09T16:08:03.417+0000][72][info ][gc,cpu      ] GC(12) User=0.01s Sys=0.00s Real=0.00s
[2025-04-09T16:08:03.417+0000][72][info ][safepoint   ] Safepoint "G1PauseRemark", Time since last: 3186840 ns, Reaching safepoint: 68182 ns, At safepoint: 3826742 ns, Total: 3894924 ns
[2025-04-09T16:08:03.418+0000][72][info ][gc,marking  ] GC(12) Concurrent Mark 16.115ms
[2025-04-09T16:08:03.418+0000][72][info ][gc,marking  ] GC(12) Concurrent Rebuild Remembered Sets and Scrub Regions
[2025-04-09T16:08:03.423+0000][72][info ][gc,marking  ] GC(12) Concurrent Rebuild Remembered Sets and Scrub Regions 5.270ms
[2025-04-09T16:08:03.424+0000][72][info ][gc,start    ] GC(12) Pause Cleanup
[2025-04-09T16:08:03.424+0000][72][info ][gc          ] GC(12) Pause Cleanup 35M->35M(1024M) 0.471ms
[2025-04-09T16:08:03.425+0000][72][info ][gc,cpu      ] GC(12) User=0.00s Sys=0.00s Real=0.00s
[2025-04-09T16:08:03.425+0000][72][info ][safepoint   ] Safepoint "G1PauseCleanup", Time since last: 6549160 ns, Reaching safepoint: 122456 ns, At safepoint: 1234125 ns, Total: 1356581 ns
[2025-04-09T16:08:03.426+0000][72][info ][gc,marking  ] GC(12) Concurrent Clear Claimed Marks
[2025-04-09T16:08:03.426+0000][72][info ][gc,marking  ] GC(12) Concurrent Clear Claimed Marks 0.434ms
[2025-04-09T16:08:03.426+0000][72][info ][gc,marking  ] GC(12) Concurrent Cleanup for Next Mark
[2025-04-09T16:08:03.427+0000][72][info ][gc,marking  ] GC(12) Concurrent Cleanup for Next Mark 1.211ms
[2025-04-09T16:08:03.428+0000][72][info ][gc          ] GC(12) Concurrent Mark Cycle 30.073ms
[2025-04-09T16:08:03.650+0000][72][info ][gc,start    ] GC(13) Pause Young (Prepare Mixed) (G1 Evacuation Pause)
[2025-04-09T16:08:03.650+0000][72][info ][gc,task     ] GC(13) Using 4 workers of 4 for evacuation
[2025-04-09T16:08:03.651+0000][72][debug][gc,age      ] GC(13) Desired survivor size 18874368 bytes, new threshold 15 (max threshold 15)
[2025-04-09T16:08:03.655+0000][72][info ][gc,phases   ] GC(13)   Pre Evacuate Collection Set: 0.12ms
[2025-04-09T16:08:03.656+0000][72][info ][gc,phases   ] GC(13)   Merge Heap Roots: 0.04ms
[2025-04-09T16:08:03.656+0000][72][info ][gc,phases   ] GC(13)   Evacuate Collection Set: 4.06ms
[2025-04-09T16:08:03.656+0000][72][info ][gc,phases   ] GC(13)   Post Evacuate Collection Set: 0.49ms
[2025-04-09T16:08:03.657+0000][72][info ][gc,phases   ] GC(13)   Other: 0.45ms
[2025-04-09T16:08:03.657+0000][72][trace][gc,age      ] GC(13) Age table:
[2025-04-09T16:08:03.657+0000][72][trace][gc,age      ] GC(13) - age   1:    4806184 bytes,    4806184 total
[2025-04-09T16:08:03.657+0000][72][trace][gc,age      ] GC(13) - age   2:    4254472 bytes,    9060656 total
[2025-04-09T16:08:03.658+0000][72][trace][gc,age      ] GC(13) - age   3:    1841864 bytes,   10902520 total
[2025-04-09T16:08:03.658+0000][72][trace][gc,age      ] GC(13) - age   4:    1384184 bytes,   12286704 total
[2025-04-09T16:08:03.658+0000][72][trace][gc,age      ] GC(13) - age   5:    2654512 bytes,   14941216 total
[2025-04-09T16:08:03.658+0000][72][trace][gc,age      ] GC(13) - age   6:    2668344 bytes,   17609560 total
[2025-04-09T16:08:03.659+0000][72][trace][gc,age      ] GC(13) - age   7:    2111792 bytes,   19721352 total
[2025-04-09T16:08:03.659+0000][72][trace][gc,age      ] GC(13) - age   8:     336176 bytes,   20057528 total
[2025-04-09T16:08:03.660+0000][72][trace][gc,age      ] GC(13) - age   9:     547632 bytes,   20605160 total
[2025-04-09T16:08:03.660+0000][72][info ][gc,heap     ] GC(13) Eden regions: 65->0(83)
[2025-04-09T16:08:03.660+0000][72][info ][gc,heap     ] GC(13) Survivor regions: 5->6(9)
[2025-04-09T16:08:03.660+0000][72][info ][gc,heap     ] GC(13) Old regions: 4->4
[2025-04-09T16:08:03.660+0000][72][info ][gc,heap     ] GC(13) Humongous regions: 0->0
[2025-04-09T16:08:03.661+0000][72][info ][gc,metaspace] GC(13) Metaspace: 36920K(38080K)->36920K(38080K) NonClass: 32674K(33344K)->32674K(33344K) Class: 4246K(4736K)->4246K(4736K)
[2025-04-09T16:08:03.661+0000][72][info ][gc          ] GC(13) Pause Young (Prepare Mixed) (G1 Evacuation Pause) 291M->36M(1024M) 10.885ms
[2025-04-09T16:08:03.661+0000][72][info ][gc,cpu      ] GC(13) User=0.02s Sys=0.00s Real=0.01s
[2025-04-09T16:08:03.661+0000][72][info ][safepoint   ] Safepoint "G1CollectForAllocation", Time since last: 224762057 ns, Reaching safepoint: 3509 ns, At safepoint: 11367725 ns, Total: 11371234 ns
[2025-04-09T16:08:03.980+0000][72][info ][gc,start    ] GC(14) Pause Young (Mixed) (G1 Evacuation Pause)
[2025-04-09T16:08:03.980+0000][72][info ][gc,task     ] GC(14) Using 4 workers of 4 for evacuation
[2025-04-09T16:08:03.980+0000][72][debug][gc,age      ] GC(14) Desired survivor size 23068672 bytes, new threshold 15 (max threshold 15)
[2025-04-09T16:08:03.989+0000][72][info ][gc,phases   ] GC(14)   Pre Evacuate Collection Set: 0.14ms
[2025-04-09T16:08:03.990+0000][72][info ][gc,phases   ] GC(14)   Merge Heap Roots: 0.09ms
[2025-04-09T16:08:03.990+0000][72][info ][gc,phases   ] GC(14)   Evacuate Collection Set: 6.79ms
[2025-04-09T16:08:03.991+0000][72][info ][gc,phases   ] GC(14)   Post Evacuate Collection Set: 0.87ms
[2025-04-09T16:08:03.991+0000][72][info ][gc,phases   ] GC(14)   Other: 1.10ms
[2025-04-09T16:08:03.991+0000][72][trace][gc,age      ] GC(14) Age table:
[2025-04-09T16:08:03.991+0000][72][trace][gc,age      ] GC(14) - age   1:    8863208 bytes,    8863208 total
[2025-04-09T16:08:03.992+0000][72][trace][gc,age      ] GC(14) - age   2:    3156888 bytes,   12020096 total
[2025-04-09T16:08:03.992+0000][72][trace][gc,age      ] GC(14) - age   3:    4252280 bytes,   16272376 total
[2025-04-09T16:08:03.992+0000][72][trace][gc,age      ] GC(14) - age   4:    1840736 bytes,   18113112 total
[2025-04-09T16:08:03.992+0000][72][trace][gc,age      ] GC(14) - age   5:    1383432 bytes,   19496544 total
[2025-04-09T16:08:03.993+0000][72][trace][gc,age      ] GC(14) - age   6:    2650792 bytes,   22147336 total
[2025-04-09T16:08:03.994+0000][72][trace][gc,age      ] GC(14) - age   7:    2668280 bytes,   24815616 total
[2025-04-09T16:08:03.994+0000][72][trace][gc,age      ] GC(14) - age   8:    2109872 bytes,   26925488 total
[2025-04-09T16:08:03.995+0000][72][trace][gc,age      ] GC(14) - age   9:     331888 bytes,   27257376 total
[2025-04-09T16:08:03.995+0000][72][trace][gc,age      ] GC(14) - age  10:     546608 bytes,   27803984 total
[2025-04-09T16:08:03.996+0000][72][info ][gc,heap     ] GC(14) Eden regions: 81->0(90)
[2025-04-09T16:08:03.996+0000][72][info ][gc,heap     ] GC(14) Survivor regions: 6->8(11)
[2025-04-09T16:08:03.997+0000][72][info ][gc,heap     ] GC(14) Old regions: 4->4
[2025-04-09T16:08:03.997+0000][72][info ][gc,heap     ] GC(14) Humongous regions: 0->0
[2025-04-09T16:08:03.998+0000][72][info ][gc,metaspace] GC(14) Metaspace: 39244K(40448K)->39244K(40448K) NonClass: 34688K(35392K)->34688K(35392K) Class: 4555K(5056K)->4555K(5056K)
[2025-04-09T16:08:03.998+0000][72][info ][gc          ] GC(14) Pause Young (Mixed) (G1 Evacuation Pause) 360M->43M(1024M) 18.446ms
[2025-04-09T16:08:03.999+0000][72][info ][gc,cpu      ] GC(14) User=0.04s Sys=0.00s Real=0.02s
[2025-04-09T16:08:03.999+0000][72][info ][safepoint   ] Safepoint "G1CollectForAllocation", Time since last: 318261552 ns, Reaching safepoint: 2922 ns, At safepoint: 19575604 ns, Total: 19578526 ns
[2025-04-09T16:08:04.412+0000][72][info ][gc,start    ] GC(15) Pause Young (Normal) (G1 Evacuation Pause)
[2025-04-09T16:08:04.412+0000][72][info ][gc,task     ] GC(15) Using 4 workers of 4 for evacuation
[2025-04-09T16:08:04.412+0000][72][debug][gc,age      ] GC(15) Desired survivor size 27262976 bytes, new threshold 10 (max threshold 15)
[2025-04-09T16:08:04.418+0000][72][info ][gc,phases   ] GC(15)   Pre Evacuate Collection Set: 0.08ms
[2025-04-09T16:08:04.419+0000][72][info ][gc,phases   ] GC(15)   Merge Heap Roots: 0.03ms
[2025-04-09T16:08:04.419+0000][72][info ][gc,phases   ] GC(15)   Evacuate Collection Set: 4.80ms
[2025-04-09T16:08:04.419+0000][72][info ][gc,phases   ] GC(15)   Post Evacuate Collection Set: 0.67ms
[2025-04-09T16:08:04.419+0000][72][info ][gc,phases   ] GC(15)   Other: 0.56ms
[2025-04-09T16:08:04.420+0000][72][trace][gc,age      ] GC(15) Age table:
[2025-04-09T16:08:04.420+0000][72][trace][gc,age      ] GC(15) - age   1:    4810688 bytes,    4810688 total
[2025-04-09T16:08:04.420+0000][72][trace][gc,age      ] GC(15) - age   2:    7028256 bytes,   11838944 total
[2025-04-09T16:08:04.421+0000][72][trace][gc,age      ] GC(15) - age   3:    3143312 bytes,   14982256 total
[2025-04-09T16:08:04.421+0000][72][trace][gc,age      ] GC(15) - age   4:    4238368 bytes,   19220624 total
[2025-04-09T16:08:04.421+0000][72][trace][gc,age      ] GC(15) - age   5:    1832760 bytes,   21053384 total
[2025-04-09T16:08:04.421+0000][72][trace][gc,age      ] GC(15) - age   6:    1376896 bytes,   22430280 total
[2025-04-09T16:08:04.422+0000][72][trace][gc,age      ] GC(15) - age   7:    2644928 bytes,   25075208 total
[2025-04-09T16:08:04.422+0000][72][trace][gc,age      ] GC(15) - age   8:    2663368 bytes,   27738576 total
[2025-04-09T16:08:04.422+0000][72][trace][gc,age      ] GC(15) - age   9:    1918912 bytes,   29657488 total
[2025-04-09T16:08:04.422+0000][72][trace][gc,age      ] GC(15) - age  10:     331280 bytes,   29988768 total
[2025-04-09T16:08:04.422+0000][72][info ][gc,heap     ] GC(15) Eden regions: 90->0(114)
[2025-04-09T16:08:04.422+0000][72][info ][gc,heap     ] GC(15) Survivor regions: 8->8(13)
[2025-04-09T16:08:04.422+0000][72][info ][gc,heap     ] GC(15) Old regions: 4->4
[2025-04-09T16:08:04.423+0000][72][info ][gc,heap     ] GC(15) Humongous regions: 0->0
[2025-04-09T16:08:04.423+0000][72][info ][gc,metaspace] GC(15) Metaspace: 41895K(43264K)->41895K(43264K) NonClass: 36914K(37760K)->36914K(37760K) Class: 4980K(5504K)->4980K(5504K)
[2025-04-09T16:08:04.423+0000][72][info ][gc          ] GC(15) Pause Young (Normal) (G1 Evacuation Pause) 403M->46M(1024M) 11.228ms
[2025-04-09T16:08:04.423+0000][72][info ][gc,cpu      ] GC(15) User=0.03s Sys=0.00s Real=0.02s
[2025-04-09T16:08:04.423+0000][72][info ][safepoint   ] Safepoint "G1CollectForAllocation", Time since last: 412558440 ns, Reaching safepoint: 1958 ns, At safepoint: 11553545 ns, Total: 11555503 ns
[2025-04-09T16:08:05.419+0000][72][info ][gc,start    ] GC(16) Pause Young (Concurrent Start) (Metadata GC Threshold)
[2025-04-09T16:08:05.420+0000][72][info ][gc,task     ] GC(16) Using 4 workers of 4 for evacuation
[2025-04-09T16:08:05.420+0000][72][debug][gc,age      ] GC(16) Desired survivor size 33554432 bytes, new threshold 15 (max threshold 15)
[2025-04-09T16:08:05.438+0000][72][info ][gc,phases   ] GC(16)   Pre Evacuate Collection Set: 0.17ms
[2025-04-09T16:08:05.438+0000][72][info ][gc,phases   ] GC(16)   Merge Heap Roots: 0.05ms
[2025-04-09T16:08:05.439+0000][72][info ][gc,phases   ] GC(16)   Evacuate Collection Set: 16.26ms
[2025-04-09T16:08:05.439+0000][72][info ][gc,phases   ] GC(16)   Post Evacuate Collection Set: 0.88ms
[2025-04-09T16:08:05.439+0000][72][info ][gc,phases   ] GC(16)   Other: 0.63ms
[2025-04-09T16:08:05.439+0000][72][trace][gc,age      ] GC(16) Age table:
[2025-04-09T16:08:05.439+0000][72][trace][gc,age      ] GC(16) - age   1:    5843840 bytes,    5843840 total
[2025-04-09T16:08:05.440+0000][72][trace][gc,age      ] GC(16) - age   2:    4756328 bytes,   10600168 total
[2025-04-09T16:08:05.440+0000][72][trace][gc,age      ] GC(16) - age   3:    6997552 bytes,   17597720 total
[2025-04-09T16:08:05.440+0000][72][trace][gc,age      ] GC(16) - age   4:    3135936 bytes,   20733656 total
[2025-04-09T16:08:05.440+0000][72][trace][gc,age      ] GC(16) - age   5:    4231504 bytes,   24965160 total
[2025-04-09T16:08:05.440+0000][72][trace][gc,age      ] GC(16) - age   6:    1831312 bytes,   26796472 total
[2025-04-09T16:08:05.440+0000][72][trace][gc,age      ] GC(16) - age   7:    1375360 bytes,   28171832 total
[2025-04-09T16:08:05.441+0000][72][trace][gc,age      ] GC(16) - age   8:    2635768 bytes,   30807600 total
[2025-04-09T16:08:05.441+0000][72][trace][gc,age      ] GC(16) - age   9:    2661160 bytes,   33468760 total
[2025-04-09T16:08:05.441+0000][72][trace][gc,age      ] GC(16) - age  10:    1914056 bytes,   35382816 total
[2025-04-09T16:08:05.441+0000][72][trace][gc,age      ] GC(16) - age  11:     330616 bytes,   35713432 total
[2025-04-09T16:08:05.441+0000][72][info ][gc,heap     ] GC(16) Eden regions: 79->0(143)
[2025-04-09T16:08:05.442+0000][72][info ][gc,heap     ] GC(16) Survivor regions: 8->10(16)
[2025-04-09T16:08:05.442+0000][72][info ][gc,heap     ] GC(16) Old regions: 4->4
[2025-04-09T16:08:05.442+0000][72][info ][gc,heap     ] GC(16) Humongous regions: 0->0
[2025-04-09T16:08:05.442+0000][72][info ][gc,metaspace] GC(16) Metaspace: 59914K(61568K)->59914K(61568K) NonClass: 52396K(53440K)->52396K(53440K) Class: 7518K(8128K)->7518K(8128K)
[2025-04-09T16:08:05.442+0000][72][info ][gc          ] GC(16) Pause Young (Concurrent Start) (Metadata GC Threshold) 360M->54M(1024M) 22.808ms
[2025-04-09T16:08:05.442+0000][72][info ][gc,cpu      ] GC(16) User=0.09s Sys=0.00s Real=0.03s
[2025-04-09T16:08:05.442+0000][72][info ][gc          ] GC(17) Concurrent Mark Cycle
[2025-04-09T16:08:05.443+0000][72][info ][gc,marking  ] GC(17) Concurrent Scan Root Regions
[2025-04-09T16:08:05.450+0000][72][info ][gc,marking  ] GC(17) Concurrent Scan Root Regions 6.765ms
[2025-04-09T16:08:05.450+0000][72][info ][gc,marking  ] GC(17) Concurrent Mark
[2025-04-09T16:08:05.450+0000][72][info ][gc,marking  ] GC(17) Concurrent Mark From Roots
[2025-04-09T16:08:05.450+0000][72][info ][gc,task     ] GC(17) Using 1 workers of 1 for marking
[2025-04-09T16:08:05.443+0000][72][info ][safepoint   ] Safepoint "CollectForMetadataAllocation", Time since last: 996130571 ns, Reaching safepoint: 2721 ns, At safepoint: 23264444 ns, Total: 23267165 ns
[2025-04-09T16:08:05.462+0000][72][info ][gc,marking  ] GC(17) Concurrent Mark From Roots 11.371ms
[2025-04-09T16:08:05.462+0000][72][info ][gc,marking  ] GC(17) Concurrent Preclean
[2025-04-09T16:08:05.462+0000][72][info ][gc,marking  ] GC(17) Concurrent Preclean 0.378ms
[2025-04-09T16:08:05.463+0000][72][info ][gc,start    ] GC(17) Pause Remark
[2025-04-09T16:08:05.466+0000][72][info ][gc          ] GC(17) Pause Remark 58M->58M(1024M) 3.711ms
[2025-04-09T16:08:05.467+0000][72][info ][gc,cpu      ] GC(17) User=0.01s Sys=0.01s Real=0.00s
[2025-04-09T16:08:05.467+0000][72][info ][safepoint   ] Safepoint "G1PauseRemark", Time since last: 19889043 ns, Reaching safepoint: 68851 ns, At safepoint: 4444290 ns, Total: 4513141 ns
[2025-04-09T16:08:05.467+0000][72][info ][gc,marking  ] GC(17) Concurrent Mark 17.416ms
[2025-04-09T16:08:05.467+0000][72][info ][gc,marking  ] GC(17) Concurrent Rebuild Remembered Sets and Scrub Regions
[2025-04-09T16:08:05.471+0000][72][info ][gc,marking  ] GC(17) Concurrent Rebuild Remembered Sets and Scrub Regions 3.932ms
[2025-04-09T16:08:05.472+0000][72][info ][gc,start    ] GC(17) Pause Cleanup
[2025-04-09T16:08:05.472+0000][72][info ][gc          ] GC(17) Pause Cleanup 60M->60M(1024M) 0.232ms
[2025-04-09T16:08:05.472+0000][72][info ][gc,cpu      ] GC(17) User=0.00s Sys=0.00s Real=0.00s
[2025-04-09T16:08:05.472+0000][72][info ][safepoint   ] Safepoint "G1PauseCleanup", Time since last: 4556542 ns, Reaching safepoint: 69213 ns, At safepoint: 790892 ns, Total: 860105 ns
[2025-04-09T16:08:05.473+0000][72][info ][gc,marking  ] GC(17) Concurrent Clear Claimed Marks
[2025-04-09T16:08:05.473+0000][72][info ][gc,marking  ] GC(17) Concurrent Clear Claimed Marks 0.289ms
[2025-04-09T16:08:05.473+0000][72][info ][gc,marking  ] GC(17) Concurrent Cleanup for Next Mark
[2025-04-09T16:08:05.475+0000][72][info ][gc,marking  ] GC(17) Concurrent Cleanup for Next Mark 1.346ms
[2025-04-09T16:08:05.475+0000][72][info ][gc          ] GC(17) Concurrent Mark Cycle 32.528ms
[2025-04-09T16:08:07.176+0000][72][info ][gc,start    ] GC(18) Pause Young (Normal) (G1 Evacuation Pause)
[2025-04-09T16:08:07.176+0000][72][info ][gc,task     ] GC(18) Using 4 workers of 4 for evacuation
[2025-04-09T16:08:07.177+0000][72][debug][gc,age      ] GC(18) Desired survivor size 41943040 bytes, new threshold 15 (max threshold 15)
[2025-04-09T16:08:07.192+0000][72][info ][gc,phases   ] GC(18)   Pre Evacuate Collection Set: 0.10ms
[2025-04-09T16:08:07.193+0000][72][info ][gc,phases   ] GC(18)   Merge Heap Roots: 0.05ms
[2025-04-09T16:08:07.193+0000][72][info ][gc,phases   ] GC(18)   Evacuate Collection Set: 14.17ms
[2025-04-09T16:08:07.193+0000][72][info ][gc,phases   ] GC(18)   Post Evacuate Collection Set: 1.41ms
[2025-04-09T16:08:07.193+0000][72][info ][gc,phases   ] GC(18)   Other: 0.58ms
[2025-04-09T16:08:07.194+0000][72][trace][gc,age      ] GC(18) Age table:
[2025-04-09T16:08:07.194+0000][72][trace][gc,age      ] GC(18) - age   1:   11171000 bytes,   11171000 total
[2025-04-09T16:08:07.194+0000][72][trace][gc,age      ] GC(18) - age   2:    5489888 bytes,   16660888 total
[2025-04-09T16:08:07.194+0000][72][trace][gc,age      ] GC(18) - age   3:    4578352 bytes,   21239240 total
[2025-04-09T16:08:07.195+0000][72][trace][gc,age      ] GC(18) - age   4:    6988712 bytes,   28227952 total
[2025-04-09T16:08:07.195+0000][72][trace][gc,age      ] GC(18) - age   5:    3133232 bytes,   31361184 total
[2025-04-09T16:08:07.195+0000][72][trace][gc,age      ] GC(18) - age   6:    4223840 bytes,   35585024 total
[2025-04-09T16:08:07.195+0000][72][trace][gc,age      ] GC(18) - age   7:    1827400 bytes,   37412424 total
[2025-04-09T16:08:07.195+0000][72][trace][gc,age      ] GC(18) - age   8:    1370480 bytes,   38782904 total
[2025-04-09T16:08:07.196+0000][72][trace][gc,age      ] GC(18) - age   9:    2626704 bytes,   41409608 total
[2025-04-09T16:08:07.196+0000][72][trace][gc,age      ] GC(18) - age  10:    2642928 bytes,   44052536 total
[2025-04-09T16:08:07.196+0000][72][trace][gc,age      ] GC(18) - age  11:    1907432 bytes,   45959968 total
[2025-04-09T16:08:07.196+0000][72][trace][gc,age      ] GC(18) - age  12:     328312 bytes,   46288280 total
[2025-04-09T16:08:07.196+0000][72][info ][gc,heap     ] GC(18) Eden regions: 143->0(141)
[2025-04-09T16:08:07.197+0000][72][info ][gc,heap     ] GC(18) Survivor regions: 10->12(20)
[2025-04-09T16:08:07.197+0000][72][info ][gc,heap     ] GC(18) Old regions: 4->4
[2025-04-09T16:08:07.197+0000][72][info ][gc,heap     ] GC(18) Humongous regions: 0->0
[2025-04-09T16:08:07.197+0000][72][info ][gc,metaspace] GC(18) Metaspace: 77239K(79232K)->77239K(79232K) NonClass: 66829K(68032K)->66829K(68032K) Class: 10409K(11200K)->10409K(11200K)
[2025-04-09T16:08:07.197+0000][72][info ][gc          ] GC(18) Pause Young (Normal) (G1 Evacuation Pause) 626M->61M(1024M) 21.426ms
[2025-04-09T16:08:07.197+0000][72][info ][gc,cpu      ] GC(18) User=0.07s Sys=0.00s Real=0.02s
[2025-04-09T16:08:07.198+0000][72][info ][safepoint   ] Safepoint "G1CollectForAllocation", Time since last: 1703176956 ns, Reaching safepoint: 3909 ns, At safepoint: 21951395 ns, Total: 21955304 ns
[2025-04-09T16:08:08.957+0000][72][info ][gc,start    ] GC(19) Pause Young (Concurrent Start) (Metadata GC Threshold)
[2025-04-09T16:08:08.958+0000][72][info ][gc,task     ] GC(19) Using 4 workers of 4 for evacuation
[2025-04-09T16:08:08.958+0000][72][debug][gc,age      ] GC(19) Desired survivor size 41943040 bytes, new threshold 10 (max threshold 15)
[2025-04-09T16:08:08.978+0000][72][info ][gc,phases   ] GC(19)   Pre Evacuate Collection Set: 0.22ms
[2025-04-09T16:08:08.979+0000][72][info ][gc,phases   ] GC(19)   Merge Heap Roots: 0.06ms
[2025-04-09T16:08:08.979+0000][72][info ][gc,phases   ] GC(19)   Evacuate Collection Set: 18.67ms
[2025-04-09T16:08:08.979+0000][72][info ][gc,phases   ] GC(19)   Post Evacuate Collection Set: 1.50ms
[2025-04-09T16:08:08.979+0000][72][info ][gc,phases   ] GC(19)   Other: 0.36ms
[2025-04-09T16:08:08.979+0000][72][trace][gc,age      ] GC(19) Age table:
[2025-04-09T16:08:08.980+0000][72][trace][gc,age      ] GC(19) - age   1:    9856248 bytes,    9856248 total
[2025-04-09T16:08:08.980+0000][72][trace][gc,age      ] GC(19) - age   2:   10746016 bytes,   20602264 total
[2025-04-09T16:08:08.980+0000][72][trace][gc,age      ] GC(19) - age   3:    5287104 bytes,   25889368 total
[2025-04-09T16:08:08.980+0000][72][trace][gc,age      ] GC(19) - age   4:    4556208 bytes,   30445576 total
[2025-04-09T16:08:08.980+0000][72][trace][gc,age      ] GC(19) - age   5:    6971648 bytes,   37417224 total
[2025-04-09T16:08:08.980+0000][72][trace][gc,age      ] GC(19) - age   6:    3127376 bytes,   40544600 total
[2025-04-09T16:08:08.980+0000][72][trace][gc,age      ] GC(19) - age   7:    4209408 bytes,   44754008 total
[2025-04-09T16:08:08.981+0000][72][trace][gc,age      ] GC(19) - age   8:    1824384 bytes,   46578392 total
[2025-04-09T16:08:08.981+0000][72][trace][gc,age      ] GC(19) - age   9:    1368472 bytes,   47946864 total
[2025-04-09T16:08:08.981+0000][72][trace][gc,age      ] GC(19) - age  10:    2624448 bytes,   50571312 total
[2025-04-09T16:08:08.981+0000][72][info ][gc,heap     ] GC(19) Eden regions: 104->0(140)
[2025-04-09T16:08:08.981+0000][72][info ][gc,heap     ] GC(19) Survivor regions: 12->13(20)
[2025-04-09T16:08:08.981+0000][72][info ][gc,heap     ] GC(19) Old regions: 4->5
[2025-04-09T16:08:08.981+0000][72][info ][gc,heap     ] GC(19) Humongous regions: 0->0
[2025-04-09T16:08:08.981+0000][72][info ][gc,metaspace] GC(19) Metaspace: 101030K(103168K)->101030K(103168K) NonClass: 87271K(88512K)->87271K(88512K) Class: 13759K(14656K)->13759K(14656K)
[2025-04-09T16:08:08.981+0000][72][info ][gc          ] GC(19) Pause Young (Concurrent Start) (Metadata GC Threshold) 475M->71M(1024M) 23.901ms
[2025-04-09T16:08:08.981+0000][72][info ][gc,cpu      ] GC(19) User=0.09s Sys=0.00s Real=0.02s
[2025-04-09T16:08:08.981+0000][72][info ][gc          ] GC(20) Concurrent Mark Cycle
[2025-04-09T16:08:08.982+0000][72][info ][gc,marking  ] GC(20) Concurrent Scan Root Regions
[2025-04-09T16:08:08.982+0000][72][info ][safepoint   ] Safepoint "CollectForMetadataAllocation", Time since last: 1759716247 ns, Reaching safepoint: 3503 ns, At safepoint: 24195974 ns, Total: 24199477 ns
[2025-04-09T16:08:08.992+0000][72][info ][safepoint   ] Safepoint "CollectForMetadataAllocation", Time since last: 10613121 ns, Reaching safepoint: 102009 ns, At safepoint: 60842 ns, Total: 162851 ns
[2025-04-09T16:08:09.001+0000][72][info ][gc,marking  ] GC(20) Concurrent Scan Root Regions 19.232ms
[2025-04-09T16:08:09.001+0000][72][info ][gc,marking  ] GC(20) Concurrent Mark
[2025-04-09T16:08:09.002+0000][72][info ][gc,marking  ] GC(20) Concurrent Mark From Roots
[2025-04-09T16:08:09.002+0000][72][info ][gc,task     ] GC(20) Using 1 workers of 1 for marking
[2025-04-09T16:08:09.004+0000][72][info ][safepoint   ] Safepoint "CollectForMetadataAllocation", Time since last: 11947528 ns, Reaching safepoint: 15390 ns, At safepoint: 83582 ns, Total: 98972 ns
[2025-04-09T16:08:09.013+0000][72][info ][gc,marking  ] GC(20) Concurrent Mark From Roots 10.893ms
[2025-04-09T16:08:09.013+0000][72][info ][gc,marking  ] GC(20) Concurrent Preclean
[2025-04-09T16:08:09.013+0000][72][info ][gc,marking  ] GC(20) Concurrent Preclean 0.229ms
[2025-04-09T16:08:09.013+0000][72][info ][gc,start    ] GC(20) Pause Remark
[2025-04-09T16:08:09.018+0000][72][info ][gc          ] GC(20) Pause Remark 81M->81M(1024M) 4.056ms
[2025-04-09T16:08:09.018+0000][72][info ][gc,cpu      ] GC(20) User=0.01s Sys=0.00s Real=0.00s
[2025-04-09T16:08:09.018+0000][72][info ][safepoint   ] Safepoint "G1PauseRemark", Time since last: 9027379 ns, Reaching safepoint: 69760 ns, At safepoint: 4521509 ns, Total: 4591269 ns
[2025-04-09T16:08:09.018+0000][72][info ][gc,marking  ] GC(20) Concurrent Mark 16.915ms
[2025-04-09T16:08:09.019+0000][72][info ][gc,marking  ] GC(20) Concurrent Rebuild Remembered Sets and Scrub Regions
[2025-04-09T16:08:09.027+0000][72][info ][gc,marking  ] GC(20) Concurrent Rebuild Remembered Sets and Scrub Regions 8.293ms
[2025-04-09T16:08:09.027+0000][72][info ][gc,start    ] GC(20) Pause Cleanup
[2025-04-09T16:08:09.028+0000][72][info ][gc          ] GC(20) Pause Cleanup 83M->83M(1024M) 0.258ms
[2025-04-09T16:08:09.028+0000][72][info ][gc,cpu      ] GC(20) User=0.00s Sys=0.00s Real=0.00s
[2025-04-09T16:08:09.028+0000][72][info ][safepoint   ] Safepoint "G1PauseCleanup", Time since last: 9229113 ns, Reaching safepoint: 156429 ns, At safepoint: 858211 ns, Total: 1014640 ns
[2025-04-09T16:08:09.029+0000][72][info ][gc,marking  ] GC(20) Concurrent Clear Claimed Marks
[2025-04-09T16:08:09.029+0000][72][info ][gc,marking  ] GC(20) Concurrent Clear Claimed Marks 0.267ms
[2025-04-09T16:08:09.029+0000][72][info ][gc,marking  ] GC(20) Concurrent Cleanup for Next Mark
[2025-04-09T16:08:09.030+0000][72][info ][gc,marking  ] GC(20) Concurrent Cleanup for Next Mark 1.436ms
[2025-04-09T16:08:09.031+0000][72][info ][gc          ] GC(20) Concurrent Mark Cycle 49.365ms
[2025-04-09T16:08:16.036+0000][72][info ][gc,start    ] GC(21) Pause Young (Normal) (G1 Evacuation Pause)
[2025-04-09T16:08:16.036+0000][72][info ][gc,task     ] GC(21) Using 4 workers of 4 for evacuation
[2025-04-09T16:08:16.037+0000][72][debug][gc,age      ] GC(21) Desired survivor size 41943040 bytes, new threshold 7 (max threshold 15)
[2025-04-09T16:08:16.095+0000][72][info ][gc,phases   ] GC(21)   Pre Evacuate Collection Set: 0.27ms
[2025-04-09T16:08:16.095+0000][72][info ][gc,phases   ] GC(21)   Merge Heap Roots: 0.20ms
[2025-04-09T16:08:16.095+0000][72][info ][gc,phases   ] GC(21)   Evacuate Collection Set: 54.65ms
[2025-04-09T16:08:16.096+0000][72][info ][gc,phases   ] GC(21)   Post Evacuate Collection Set: 2.51ms
[2025-04-09T16:08:16.096+0000][72][info ][gc,phases   ] GC(21)   Other: 0.64ms
[2025-04-09T16:08:16.096+0000][72][trace][gc,age      ] GC(21) Age table:
[2025-04-09T16:08:16.097+0000][72][trace][gc,age      ] GC(21) - age   1:   20335608 bytes,   20335608 total
[2025-04-09T16:08:16.097+0000][72][trace][gc,age      ] GC(21) - age   2:    9417656 bytes,   29753264 total
[2025-04-09T16:08:16.097+0000][72][trace][gc,age      ] GC(21) - age   3:   10656152 bytes,   40409416 total
[2025-04-09T16:08:16.098+0000][72][trace][gc,age      ] GC(21) - age   4:    5268520 bytes,   45677936 total
[2025-04-09T16:08:16.098+0000][72][trace][gc,age      ] GC(21) - age   5:    4549864 bytes,   50227800 total
[2025-04-09T16:08:16.099+0000][72][trace][gc,age      ] GC(21) - age   6:    6965528 bytes,   57193328 total
[2025-04-09T16:08:16.099+0000][72][trace][gc,age      ] GC(21) - age   7:    3124344 bytes,   60317672 total
[2025-04-09T16:08:16.099+0000][72][info ][gc,heap     ] GC(21) Eden regions: 140->0(137)
[2025-04-09T16:08:16.099+0000][72][info ][gc,heap     ] GC(21) Survivor regions: 13->16(20)
[2025-04-09T16:08:16.100+0000][72][info ][gc,heap     ] GC(21) Old regions: 5->8
[2025-04-09T16:08:16.100+0000][72][info ][gc,heap     ] GC(21) Humongous regions: 0->0
[2025-04-09T16:08:16.100+0000][72][info ][gc,metaspace] GC(21) Metaspace: 143019K(147136K)->143019K(147136K) NonClass: 122658K(124928K)->122658K(124928K) Class: 20360K(22208K)->20360K(22208K)
[2025-04-09T16:08:16.100+0000][72][info ][gc          ] GC(21) Pause Young (Normal) (G1 Evacuation Pause) 631M->91M(1024M) 64.720ms
[2025-04-09T16:08:16.101+0000][72][info ][gc,cpu      ] GC(21) User=0.22s Sys=0.00s Real=0.06s
[2025-04-09T16:08:16.101+0000][72][info ][safepoint   ] Safepoint "G1CollectForAllocation", Time since last: 4365148705 ns, Reaching safepoint: 9548 ns, At safepoint: 65366794 ns, Total: 65376342 ns
[2025-04-09T16:17:53.391+0000][72][info ][gc,start    ] GC(22) Pause Young (Normal) (G1 Evacuation Pause)
[2025-04-09T16:17:53.393+0000][72][info ][gc,task     ] GC(22) Using 4 workers of 4 for evacuation
[2025-04-09T16:17:53.394+0000][72][debug][gc,age      ] GC(22) Desired survivor size 41943040 bytes, new threshold 4 (max threshold 15)
[2025-04-09T16:17:53.426+0000][72][info ][gc,phases   ] GC(22)   Pre Evacuate Collection Set: 1.02ms
[2025-04-09T16:17:53.427+0000][72][info ][gc,phases   ] GC(22)   Merge Heap Roots: 0.09ms
[2025-04-09T16:17:53.427+0000][72][info ][gc,phases   ] GC(22)   Evacuate Collection Set: 26.71ms
[2025-04-09T16:17:53.428+0000][72][info ][gc,phases   ] GC(22)   Post Evacuate Collection Set: 2.88ms
[2025-04-09T16:17:53.428+0000][72][info ][gc,phases   ] GC(22)   Other: 3.04ms
[2025-04-09T16:17:53.428+0000][72][trace][gc,age      ] GC(22) Age table:
[2025-04-09T16:17:53.428+0000][72][trace][gc,age      ] GC(22) - age   1:    2444136 bytes,    2444136 total
[2025-04-09T16:17:53.429+0000][72][trace][gc,age      ] GC(22) - age   2:   19372592 bytes,   21816728 total
[2025-04-09T16:17:53.429+0000][72][trace][gc,age      ] GC(22) - age   3:    9414776 bytes,   31231504 total
[2025-04-09T16:17:53.430+0000][72][trace][gc,age      ] GC(22) - age   4:   10655784 bytes,   41887288 total
[2025-04-09T16:17:53.430+0000][72][info ][gc,heap     ] GC(22) Eden regions: 137->0(142)
[2025-04-09T16:17:53.430+0000][72][info ][gc,heap     ] GC(22) Survivor regions: 16->11(20)
[2025-04-09T16:17:53.430+0000][72][info ][gc,heap     ] GC(22) Old regions: 8->13
[2025-04-09T16:17:53.431+0000][72][info ][gc,heap     ] GC(22) Humongous regions: 0->0
[2025-04-09T16:17:53.431+0000][72][info ][gc,metaspace] GC(22) Metaspace: 149113K(153344K)->149113K(153344K) NonClass: 128052K(130368K)->128052K(130368K) Class: 21061K(22976K)->21061K(22976K)
[2025-04-09T16:17:53.431+0000][72][info ][gc          ] GC(22) Pause Young (Normal) (G1 Evacuation Pause) 639M->93M(1024M) 39.853ms
[2025-04-09T16:17:53.431+0000][72][info ][gc,cpu      ] GC(22) User=0.12s Sys=0.00s Real=0.04s
[2025-04-09T16:17:53.432+0000][72][info ][safepoint   ] Safepoint "G1CollectForAllocation", Time since last: 532788170560 ns, Reaching safepoint: 143774 ns, At safepoint: 40890521 ns, Total: 41034295 ns
[2025-04-09T16:20:34.026+0000][72][info ][gc,heap,exit] Heap
[2025-04-09T16:20:34.027+0000][72][info ][gc,heap,exit]  garbage-first heap   total reserved 1048576K, committed 1048576K, used 257547K [0x00000000c0000000, 0x0000000100000000)
[2025-04-09T16:20:34.028+0000][72][info ][gc,heap,exit]   region size 4096K, 51 young (208896K), 11 survivors (45056K)
[2025-04-09T16:20:34.029+0000][72][info ][gc,heap,exit]  Metaspace       used 149648K, committed 153920K, reserved 1179648K
[2025-04-09T16:20:34.030+0000][72][info ][gc,heap,exit]   class space    used 21157K, committed 23040K, reserved 1048576K
